============================= test session starts =============================
platform win32 -- Python 3.12.0, pytest-9.0.2, pluggy-1.6.0 -- C:\Users\andre\AppData\Local\Programs\Python\Python312\python.exe
cachedir: .pytest_cache
rootdir: C:\code\bjj_journal
plugins: anyio-4.12.1
collecting ... collected 90 items

tests/test_analytics.py::TestDashboard::test_dashboard_empty ERROR       [  1%]
tests/test_analytics.py::TestDashboard::test_dashboard_with_entries ERROR [  2%]
tests/test_analytics.py::TestDashboard::test_dashboard_period_filter ERROR [  3%]
tests/test_analytics.py::TestDashboard::test_dashboard_unauthenticated FAILED [  4%]
tests/test_analytics.py::TestDashboard::test_dashboard_session_types ERROR [  5%]
tests/test_analytics.py::TestDashboard::test_dashboard_isolated_between_users ERROR [  6%]
tests/test_auth.py::TestRegister::test_register_success FAILED           [  7%]
tests/test_auth.py::TestRegister::test_register_duplicate_username FAILED [  8%]
tests/test_auth.py::TestLogin::test_login_success FAILED                 [ 10%]
tests/test_auth.py::TestLogin::test_login_wrong_password FAILED          [ 11%]
tests/test_auth.py::TestLogin::test_login_nonexistent_user FAILED        [ 12%]
tests/test_auth.py::TestChangePassword::test_change_password_success ERROR [ 13%]
tests/test_auth.py::TestChangePassword::test_change_password_wrong_old ERROR [ 14%]
tests/test_auth.py::TestChangePassword::test_change_password_unauthenticated FAILED [ 15%]
tests/test_entries.py::TestCreateEntry::test_create_entry ERROR          [ 16%]
tests/test_entries.py::TestCreateEntry::test_create_entry_unauthenticated FAILED [ 17%]
tests/test_entries.py::TestGetEntries::test_get_entries_empty ERROR      [ 18%]
tests/test_entries.py::TestGetEntries::test_get_entries_returns_own ERROR [ 20%]
tests/test_entries.py::TestGetEntries::test_entries_isolated_between_users ERROR [ 21%]
tests/test_entries.py::TestGetSingleEntry::test_get_entry_by_id ERROR    [ 22%]
tests/test_entries.py::TestGetSingleEntry::test_get_entry_not_found ERROR [ 23%]
tests/test_entries.py::TestGetSingleEntry::test_cannot_get_other_users_entry ERROR [ 24%]
tests/test_entries.py::TestUpdateEntry::test_update_entry ERROR          [ 25%]
tests/test_entries.py::TestUpdateEntry::test_update_nonexistent_entry ERROR [ 26%]
tests/test_entries.py::TestDeleteEntry::test_delete_entry ERROR          [ 27%]
tests/test_entries.py::TestDeleteEntry::test_delete_nonexistent_entry ERROR [ 28%]
tests/test_entries.py::TestDeleteEntry::test_cannot_delete_other_users_entry ERROR [ 30%]
tests/test_goals.py::TestCreateGoal::test_create_goal ERROR              [ 31%]
tests/test_goals.py::TestCreateGoal::test_create_goal_deactivates_previous ERROR [ 32%]
tests/test_goals.py::TestCreateGoal::test_create_goal_unauthenticated FAILED [ 33%]
tests/test_goals.py::TestGetGoal::test_get_current_goal ERROR            [ 34%]
tests/test_goals.py::TestGetGoal::test_get_current_goal_none ERROR       [ 35%]
tests/test_goals.py::TestGetGoal::test_get_goal_history ERROR            [ 36%]
tests/test_goals.py::TestStreaks::test_get_streak_no_goal ERROR          [ 37%]
tests/test_goals.py::TestStreaks::test_get_streak_with_goal ERROR        [ 38%]
tests/test_goals.py::TestStreaks::test_streak_tracks_sessions ERROR      [ 40%]
tests/test_goals.py::TestQuestions::test_get_questions FAILED            [ 41%]
tests/test_injuries.py::TestCreateInjury::test_create_injury ERROR       [ 42%]
tests/test_injuries.py::TestCreateInjury::test_create_injury_unauthenticated FAILED [ 43%]
tests/test_injuries.py::TestGetInjuries::test_get_all_injuries ERROR     [ 44%]
tests/test_injuries.py::TestGetInjuries::test_get_active_injuries ERROR  [ 45%]
tests/test_injuries.py::TestGetInjuries::test_injuries_isolated_between_users ERROR [ 46%]
tests/test_injuries.py::TestGetSingleInjury::test_get_injury_by_id ERROR [ 47%]
tests/test_injuries.py::TestGetSingleInjury::test_get_injury_not_found ERROR [ 48%]
tests/test_injuries.py::TestUpdateInjury::test_update_injury ERROR       [ 50%]
tests/test_injuries.py::TestUpdateInjury::test_update_nonexistent ERROR  [ 51%]
tests/test_injuries.py::TestDeleteInjury::test_delete_injury ERROR       [ 52%]
tests/test_injuries.py::TestDeleteInjury::test_delete_nonexistent ERROR  [ 53%]
tests/test_profile.py::TestProfile::test_get_profile_not_found ERROR     [ 54%]
tests/test_profile.py::TestProfile::test_create_profile ERROR            [ 55%]
tests/test_profile.py::TestProfile::test_create_duplicate_profile ERROR  [ 56%]
tests/test_profile.py::TestProfile::test_update_profile ERROR            [ 57%]
tests/test_profile.py::TestProfile::test_update_creates_if_missing ERROR [ 58%]
tests/test_profile.py::TestProfile::test_profile_exists_false ERROR      [ 60%]
tests/test_profile.py::TestProfile::test_profile_exists_true ERROR       [ 61%]
tests/test_profile.py::TestProfile::test_profile_unauthenticated FAILED  [ 62%]
tests/test_recommendations.py::TestDataGates::test_all_gates_fail_with_no_data PASSED [ 63%]
tests/test_recommendations.py::TestDataGates::test_position_gate_requires_10_sessions_and_3_positions PASSED [ 64%]
tests/test_recommendations.py::TestDataGates::test_position_gate_fails_with_few_positions PASSED [ 65%]
tests/test_recommendations.py::TestDataGates::test_position_gate_fails_with_few_sessions PASSED [ 66%]
tests/test_recommendations.py::TestDataGates::test_submission_gate_requires_submissions_exist PASSED [ 67%]
tests/test_recommendations.py::TestDataGates::test_submission_gate_fails_without_submissions PASSED [ 68%]
tests/test_recommendations.py::TestDataGates::test_intensity_gate_requires_5_recent_sessions PASSED [ 70%]
tests/test_recommendations.py::TestDataGates::test_intensity_gate_fails_with_old_sessions PASSED [ 71%]
tests/test_recommendations.py::TestStaleWindow::test_high_frequency_gets_short_window PASSED [ 72%]
tests/test_recommendations.py::TestStaleWindow::test_medium_frequency_gets_default_window PASSED [ 73%]
tests/test_recommendations.py::TestStaleWindow::test_low_frequency_gets_long_window PASSED [ 74%]
tests/test_recommendations.py::TestStaleWindow::test_no_entries_gets_long_window PASSED [ 75%]
tests/test_recommendations.py::TestPositionRecommendations::test_stale_position_fires_when_trained_3_plus_times PASSED [ 76%]
tests/test_recommendations.py::TestPositionRecommendations::test_stale_position_ignored_if_trained_less_than_3_times PASSED [ 77%]
tests/test_recommendations.py::TestPositionRecommendations::test_stale_position_not_fired_if_recent PASSED [ 78%]
tests/test_recommendations.py::TestPositionRecommendations::test_limited_skill_diversity_fires_at_5_sessions PASSED [ 80%]
tests/test_recommendations.py::TestPositionRecommendations::test_limited_skill_diversity_does_not_fire_at_4_sessions PASSED [ 81%]
tests/test_recommendations.py::TestPositionRecommendations::test_no_guard_passing_fires PASSED [ 82%]
tests/test_recommendations.py::TestPositionRecommendations::test_guard_passing_imbalance_fires PASSED [ 83%]
tests/test_recommendations.py::TestSubmissionRecommendations::test_low_frequency_fires_at_15_sessions PASSED [ 84%]
tests/test_recommendations.py::TestSubmissionRecommendations::test_low_frequency_does_not_fire_at_14_sessions PASSED [ 85%]
tests/test_recommendations.py::TestSubmissionRecommendations::test_low_frequency_does_not_fire_when_above_20_percent PASSED [ 86%]
tests/test_recommendations.py::TestSubmissionRecommendations::test_no_submissions_from_position_fires_at_6 PASSED [ 87%]
tests/test_recommendations.py::TestSubmissionRecommendations::test_no_submissions_from_position_does_not_fire_at_5 PASSED [ 88%]
tests/test_recommendations.py::TestSubmissionRecommendations::test_clears_when_submission_logged PASSED [ 90%]
tests/test_recommendations.py::TestIntensityRecommendations::test_high_intensity_fires PASSED [ 91%]
tests/test_recommendations.py::TestIntensityRecommendations::test_high_intensity_is_high_priority_when_injured PASSED [ 92%]
tests/test_recommendations.py::TestIntensityRecommendations::test_high_intensity_is_medium_priority_when_healthy PASSED [ 93%]
tests/test_recommendations.py::TestIntensityRecommendations::test_low_intensity_fires PASSED [ 94%]
tests/test_recommendations.py::TestIntensityRecommendations::test_low_intensity_does_not_fire_with_few_sessions PASSED [ 95%]
tests/test_recommendations.py::TestIntensityRecommendations::test_rising_trend_fires PASSED [ 96%]
tests/test_recommendations.py::TestIntensityRecommendations::test_rising_trend_does_not_fire_if_last_below_7 PASSED [ 97%]
tests/test_recommendations.py::TestIntensityRecommendations::test_high_load_while_injured_fires PASSED [ 98%]
tests/test_recommendations.py::TestIntensityRecommendations::test_no_recs_with_empty_rpe PASSED [100%]

=================================== ERRORS ====================================
____________ ERROR at setup of TestDashboard.test_dashboard_empty _____________
C:\Users\andre\AppData\Local\Programs\Python\Python312\Lib\site-packages\sqlalchemy\engine\base.py:1967: in _exec_single_context
    self.dialect.do_execute(
C:\Users\andre\AppData\Local\Programs\Python\Python312\Lib\site-packages\sqlalchemy\engine\default.py:952: in do_execute
    cursor.execute(statement, parameters)
E   sqlite3.OperationalError: no such table: users

The above exception was the direct cause of the following exception:
tests\conftest.py:59: in auth_headers
    client.post("/auth/register", json={"username": "testuser", "password": "testpass"})
C:\Users\andre\AppData\Local\Programs\Python\Python312\Lib\site-packages\starlette\testclient.py:546: in post
    return super().post(
C:\Users\andre\AppData\Local\Programs\Python\Python312\Lib\site-packages\httpx\_client.py:1144: in post
    return self.request(
C:\Users\andre\AppData\Local\Programs\Python\Python312\Lib\site-packages\starlette\testclient.py:445: in request
    return super().request(
C:\Users\andre\AppData\Local\Programs\Python\Python312\Lib\site-packages\httpx\_client.py:825: in request
    return self.send(request, auth=auth, follow_redirects=follow_redirects)
           ^^^^^^^^^^^^^^^^^^^^^^^^^^^^^^^^^^^^^^^^^^^^^^^^^^^^^^^^^^^^^^^^
C:\Users\andre\AppData\Local\Programs\Python\Python312\Lib\site-packages\httpx\_client.py:914: in send
    response = self._send_handling_auth(
C:\Users\andre\AppData\Local\Programs\Python\Python312\Lib\site-packages\httpx\_client.py:942: in _send_handling_auth
    response = self._send_handling_redirects(
C:\Users\andre\AppData\Local\Programs\Python\Python312\Lib\site-packages\httpx\_client.py:979: in _send_handling_redirects
    response = self._send_single_request(request)
               ^^^^^^^^^^^^^^^^^^^^^^^^^^^^^^^^^^
C:\Users\andre\AppData\Local\Programs\Python\Python312\Lib\site-packages\httpx\_client.py:1014: in _send_single_request
    response = transport.handle_request(request)
               ^^^^^^^^^^^^^^^^^^^^^^^^^^^^^^^^^
C:\Users\andre\AppData\Local\Programs\Python\Python312\Lib\site-packages\starlette\testclient.py:348: in handle_request
    raise exc
C:\Users\andre\AppData\Local\Programs\Python\Python312\Lib\site-packages\starlette\testclient.py:345: in handle_request
    portal.call(self.app, scope, receive, send)
C:\Users\andre\AppData\Local\Programs\Python\Python312\Lib\site-packages\anyio\from_thread.py:334: in call
    return cast(T_Retval, self.start_task_soon(func, *args).result())
                          ^^^^^^^^^^^^^^^^^^^^^^^^^^^^^^^^^^^^^^^^^^
C:\Users\andre\AppData\Local\Programs\Python\Python312\Lib\concurrent\futures\_base.py:456: in result
    return self.__get_result()
           ^^^^^^^^^^^^^^^^^^^
C:\Users\andre\AppData\Local\Programs\Python\Python312\Lib\concurrent\futures\_base.py:401: in __get_result
    raise self._exception
C:\Users\andre\AppData\Local\Programs\Python\Python312\Lib\site-packages\anyio\from_thread.py:259: in _call_func
    retval = await retval_or_awaitable
             ^^^^^^^^^^^^^^^^^^^^^^^^^
C:\Users\andre\AppData\Local\Programs\Python\Python312\Lib\site-packages\fastapi\applications.py:1135: in __call__
    await super().__call__(scope, receive, send)
C:\Users\andre\AppData\Local\Programs\Python\Python312\Lib\site-packages\starlette\applications.py:107: in __call__
    await self.middleware_stack(scope, receive, send)
C:\Users\andre\AppData\Local\Programs\Python\Python312\Lib\site-packages\starlette\middleware\errors.py:186: in __call__
    raise exc
C:\Users\andre\AppData\Local\Programs\Python\Python312\Lib\site-packages\starlette\middleware\errors.py:164: in __call__
    await self.app(scope, receive, _send)
C:\Users\andre\AppData\Local\Programs\Python\Python312\Lib\site-packages\starlette\middleware\cors.py:85: in __call__
    await self.app(scope, receive, send)
C:\Users\andre\AppData\Local\Programs\Python\Python312\Lib\site-packages\starlette\middleware\exceptions.py:63: in __call__
    await wrap_app_handling_exceptions(self.app, conn)(scope, receive, send)
C:\Users\andre\AppData\Local\Programs\Python\Python312\Lib\site-packages\starlette\_exception_handler.py:53: in wrapped_app
    raise exc
C:\Users\andre\AppData\Local\Programs\Python\Python312\Lib\site-packages\starlette\_exception_handler.py:42: in wrapped_app
    await app(scope, receive, sender)
C:\Users\andre\AppData\Local\Programs\Python\Python312\Lib\site-packages\fastapi\middleware\asyncexitstack.py:18: in __call__
    await self.app(scope, receive, send)
C:\Users\andre\AppData\Local\Programs\Python\Python312\Lib\site-packages\starlette\routing.py:716: in __call__
    await self.middleware_stack(scope, receive, send)
C:\Users\andre\AppData\Local\Programs\Python\Python312\Lib\site-packages\starlette\routing.py:736: in app
    await route.handle(scope, receive, send)
C:\Users\andre\AppData\Local\Programs\Python\Python312\Lib\site-packages\starlette\routing.py:290: in handle
    await self.app(scope, receive, send)
C:\Users\andre\AppData\Local\Programs\Python\Python312\Lib\site-packages\fastapi\routing.py:115: in app
    await wrap_app_handling_exceptions(app, request)(scope, receive, send)
C:\Users\andre\AppData\Local\Programs\Python\Python312\Lib\site-packages\starlette\_exception_handler.py:53: in wrapped_app
    raise exc
C:\Users\andre\AppData\Local\Programs\Python\Python312\Lib\site-packages\starlette\_exception_handler.py:42: in wrapped_app
    await app(scope, receive, sender)
C:\Users\andre\AppData\Local\Programs\Python\Python312\Lib\site-packages\fastapi\routing.py:101: in app
    response = await f(request)
               ^^^^^^^^^^^^^^^^
C:\Users\andre\AppData\Local\Programs\Python\Python312\Lib\site-packages\fastapi\routing.py:355: in app
    raw_response = await run_endpoint_function(
C:\Users\andre\AppData\Local\Programs\Python\Python312\Lib\site-packages\fastapi\routing.py:245: in run_endpoint_function
    return await run_in_threadpool(dependant.call, **values)
           ^^^^^^^^^^^^^^^^^^^^^^^^^^^^^^^^^^^^^^^^^^^^^^^^^
C:\Users\andre\AppData\Local\Programs\Python\Python312\Lib\site-packages\starlette\concurrency.py:32: in run_in_threadpool
    return await anyio.to_thread.run_sync(func)
           ^^^^^^^^^^^^^^^^^^^^^^^^^^^^^^^^^^^^
C:\Users\andre\AppData\Local\Programs\Python\Python312\Lib\site-packages\anyio\to_thread.py:63: in run_sync
    return await get_async_backend().run_sync_in_worker_thread(
C:\Users\andre\AppData\Local\Programs\Python\Python312\Lib\site-packages\anyio\_backends\_asyncio.py:2502: in run_sync_in_worker_thread
    return await future
           ^^^^^^^^^^^^
C:\Users\andre\AppData\Local\Programs\Python\Python312\Lib\site-packages\anyio\_backends\_asyncio.py:986: in run
    result = context.run(func, *args)
             ^^^^^^^^^^^^^^^^^^^^^^^^
app\routers\auth.py:22: in register_user
    db_user = db.query(User).filter(User.username == user.username).first()
              ^^^^^^^^^^^^^^^^^^^^^^^^^^^^^^^^^^^^^^^^^^^^^^^^^^^^^^^^^^^^^
C:\Users\andre\AppData\Local\Programs\Python\Python312\Lib\site-packages\sqlalchemy\orm\query.py:2759: in first
    return self.limit(1)._iter().first()  # type: ignore
           ^^^^^^^^^^^^^^^^^^^^^
C:\Users\andre\AppData\Local\Programs\Python\Python312\Lib\site-packages\sqlalchemy\orm\query.py:2857: in _iter
    result: Union[ScalarResult[_T], Result[_T]] = self.session.execute(
C:\Users\andre\AppData\Local\Programs\Python\Python312\Lib\site-packages\sqlalchemy\orm\session.py:2351: in execute
    return self._execute_internal(
C:\Users\andre\AppData\Local\Programs\Python\Python312\Lib\site-packages\sqlalchemy\orm\session.py:2249: in _execute_internal
    result: Result[Any] = compile_state_cls.orm_execute_statement(
C:\Users\andre\AppData\Local\Programs\Python\Python312\Lib\site-packages\sqlalchemy\orm\context.py:306: in orm_execute_statement
    result = conn.execute(
C:\Users\andre\AppData\Local\Programs\Python\Python312\Lib\site-packages\sqlalchemy\engine\base.py:1419: in execute
    return meth(
C:\Users\andre\AppData\Local\Programs\Python\Python312\Lib\site-packages\sqlalchemy\sql\elements.py:527: in _execute_on_connection
    return connection._execute_clauseelement(
C:\Users\andre\AppData\Local\Programs\Python\Python312\Lib\site-packages\sqlalchemy\engine\base.py:1641: in _execute_clauseelement
    ret = self._execute_context(
C:\Users\andre\AppData\Local\Programs\Python\Python312\Lib\site-packages\sqlalchemy\engine\base.py:1846: in _execute_context
    return self._exec_single_context(
C:\Users\andre\AppData\Local\Programs\Python\Python312\Lib\site-packages\sqlalchemy\engine\base.py:1986: in _exec_single_context
    self._handle_dbapi_exception(
C:\Users\andre\AppData\Local\Programs\Python\Python312\Lib\site-packages\sqlalchemy\engine\base.py:2363: in _handle_dbapi_exception
    raise sqlalchemy_exception.with_traceback(exc_info[2]) from e
C:\Users\andre\AppData\Local\Programs\Python\Python312\Lib\site-packages\sqlalchemy\engine\base.py:1967: in _exec_single_context
    self.dialect.do_execute(
C:\Users\andre\AppData\Local\Programs\Python\Python312\Lib\site-packages\sqlalchemy\engine\default.py:952: in do_execute
    cursor.execute(statement, parameters)
E   sqlalchemy.exc.OperationalError: (sqlite3.OperationalError) no such table: users
E   [SQL: SELECT users.id AS users_id, users.username AS users_username, users.hashed_password AS users_hashed_password, users.created_at AS users_created_at 
E   FROM users 
E   WHERE users.username = ?
E    LIMIT ? OFFSET ?]
E   [parameters: ('testuser', 1, 0)]
E   (Background on this error at: https://sqlalche.me/e/20/e3q8)
_________ ERROR at setup of TestDashboard.test_dashboard_with_entries _________
C:\Users\andre\AppData\Local\Programs\Python\Python312\Lib\site-packages\sqlalchemy\engine\base.py:1967: in _exec_single_context
    self.dialect.do_execute(
C:\Users\andre\AppData\Local\Programs\Python\Python312\Lib\site-packages\sqlalchemy\engine\default.py:952: in do_execute
    cursor.execute(statement, parameters)
E   sqlite3.OperationalError: no such table: users

The above exception was the direct cause of the following exception:
tests\conftest.py:59: in auth_headers
    client.post("/auth/register", json={"username": "testuser", "password": "testpass"})
C:\Users\andre\AppData\Local\Programs\Python\Python312\Lib\site-packages\starlette\testclient.py:546: in post
    return super().post(
C:\Users\andre\AppData\Local\Programs\Python\Python312\Lib\site-packages\httpx\_client.py:1144: in post
    return self.request(
C:\Users\andre\AppData\Local\Programs\Python\Python312\Lib\site-packages\starlette\testclient.py:445: in request
    return super().request(
C:\Users\andre\AppData\Local\Programs\Python\Python312\Lib\site-packages\httpx\_client.py:825: in request
    return self.send(request, auth=auth, follow_redirects=follow_redirects)
           ^^^^^^^^^^^^^^^^^^^^^^^^^^^^^^^^^^^^^^^^^^^^^^^^^^^^^^^^^^^^^^^^
C:\Users\andre\AppData\Local\Programs\Python\Python312\Lib\site-packages\httpx\_client.py:914: in send
    response = self._send_handling_auth(
C:\Users\andre\AppData\Local\Programs\Python\Python312\Lib\site-packages\httpx\_client.py:942: in _send_handling_auth
    response = self._send_handling_redirects(
C:\Users\andre\AppData\Local\Programs\Python\Python312\Lib\site-packages\httpx\_client.py:979: in _send_handling_redirects
    response = self._send_single_request(request)
               ^^^^^^^^^^^^^^^^^^^^^^^^^^^^^^^^^^
C:\Users\andre\AppData\Local\Programs\Python\Python312\Lib\site-packages\httpx\_client.py:1014: in _send_single_request
    response = transport.handle_request(request)
               ^^^^^^^^^^^^^^^^^^^^^^^^^^^^^^^^^
C:\Users\andre\AppData\Local\Programs\Python\Python312\Lib\site-packages\starlette\testclient.py:348: in handle_request
    raise exc
C:\Users\andre\AppData\Local\Programs\Python\Python312\Lib\site-packages\starlette\testclient.py:345: in handle_request
    portal.call(self.app, scope, receive, send)
C:\Users\andre\AppData\Local\Programs\Python\Python312\Lib\site-packages\anyio\from_thread.py:334: in call
    return cast(T_Retval, self.start_task_soon(func, *args).result())
                          ^^^^^^^^^^^^^^^^^^^^^^^^^^^^^^^^^^^^^^^^^^
C:\Users\andre\AppData\Local\Programs\Python\Python312\Lib\concurrent\futures\_base.py:456: in result
    return self.__get_result()
           ^^^^^^^^^^^^^^^^^^^
C:\Users\andre\AppData\Local\Programs\Python\Python312\Lib\concurrent\futures\_base.py:401: in __get_result
    raise self._exception
C:\Users\andre\AppData\Local\Programs\Python\Python312\Lib\site-packages\anyio\from_thread.py:259: in _call_func
    retval = await retval_or_awaitable
             ^^^^^^^^^^^^^^^^^^^^^^^^^
C:\Users\andre\AppData\Local\Programs\Python\Python312\Lib\site-packages\fastapi\applications.py:1135: in __call__
    await super().__call__(scope, receive, send)
C:\Users\andre\AppData\Local\Programs\Python\Python312\Lib\site-packages\starlette\applications.py:107: in __call__
    await self.middleware_stack(scope, receive, send)
C:\Users\andre\AppData\Local\Programs\Python\Python312\Lib\site-packages\starlette\middleware\errors.py:186: in __call__
    raise exc
C:\Users\andre\AppData\Local\Programs\Python\Python312\Lib\site-packages\starlette\middleware\errors.py:164: in __call__
    await self.app(scope, receive, _send)
C:\Users\andre\AppData\Local\Programs\Python\Python312\Lib\site-packages\starlette\middleware\cors.py:85: in __call__
    await self.app(scope, receive, send)
C:\Users\andre\AppData\Local\Programs\Python\Python312\Lib\site-packages\starlette\middleware\exceptions.py:63: in __call__
    await wrap_app_handling_exceptions(self.app, conn)(scope, receive, send)
C:\Users\andre\AppData\Local\Programs\Python\Python312\Lib\site-packages\starlette\_exception_handler.py:53: in wrapped_app
    raise exc
C:\Users\andre\AppData\Local\Programs\Python\Python312\Lib\site-packages\starlette\_exception_handler.py:42: in wrapped_app
    await app(scope, receive, sender)
C:\Users\andre\AppData\Local\Programs\Python\Python312\Lib\site-packages\fastapi\middleware\asyncexitstack.py:18: in __call__
    await self.app(scope, receive, send)
C:\Users\andre\AppData\Local\Programs\Python\Python312\Lib\site-packages\starlette\routing.py:716: in __call__
    await self.middleware_stack(scope, receive, send)
C:\Users\andre\AppData\Local\Programs\Python\Python312\Lib\site-packages\starlette\routing.py:736: in app
    await route.handle(scope, receive, send)
C:\Users\andre\AppData\Local\Programs\Python\Python312\Lib\site-packages\starlette\routing.py:290: in handle
    await self.app(scope, receive, send)
C:\Users\andre\AppData\Local\Programs\Python\Python312\Lib\site-packages\fastapi\routing.py:115: in app
    await wrap_app_handling_exceptions(app, request)(scope, receive, send)
C:\Users\andre\AppData\Local\Programs\Python\Python312\Lib\site-packages\starlette\_exception_handler.py:53: in wrapped_app
    raise exc
C:\Users\andre\AppData\Local\Programs\Python\Python312\Lib\site-packages\starlette\_exception_handler.py:42: in wrapped_app
    await app(scope, receive, sender)
C:\Users\andre\AppData\Local\Programs\Python\Python312\Lib\site-packages\fastapi\routing.py:101: in app
    response = await f(request)
               ^^^^^^^^^^^^^^^^
C:\Users\andre\AppData\Local\Programs\Python\Python312\Lib\site-packages\fastapi\routing.py:355: in app
    raw_response = await run_endpoint_function(
C:\Users\andre\AppData\Local\Programs\Python\Python312\Lib\site-packages\fastapi\routing.py:245: in run_endpoint_function
    return await run_in_threadpool(dependant.call, **values)
           ^^^^^^^^^^^^^^^^^^^^^^^^^^^^^^^^^^^^^^^^^^^^^^^^^
C:\Users\andre\AppData\Local\Programs\Python\Python312\Lib\site-packages\starlette\concurrency.py:32: in run_in_threadpool
    return await anyio.to_thread.run_sync(func)
           ^^^^^^^^^^^^^^^^^^^^^^^^^^^^^^^^^^^^
C:\Users\andre\AppData\Local\Programs\Python\Python312\Lib\site-packages\anyio\to_thread.py:63: in run_sync
    return await get_async_backend().run_sync_in_worker_thread(
C:\Users\andre\AppData\Local\Programs\Python\Python312\Lib\site-packages\anyio\_backends\_asyncio.py:2502: in run_sync_in_worker_thread
    return await future
           ^^^^^^^^^^^^
C:\Users\andre\AppData\Local\Programs\Python\Python312\Lib\site-packages\anyio\_backends\_asyncio.py:986: in run
    result = context.run(func, *args)
             ^^^^^^^^^^^^^^^^^^^^^^^^
app\routers\auth.py:22: in register_user
    db_user = db.query(User).filter(User.username == user.username).first()
              ^^^^^^^^^^^^^^^^^^^^^^^^^^^^^^^^^^^^^^^^^^^^^^^^^^^^^^^^^^^^^
C:\Users\andre\AppData\Local\Programs\Python\Python312\Lib\site-packages\sqlalchemy\orm\query.py:2759: in first
    return self.limit(1)._iter().first()  # type: ignore
           ^^^^^^^^^^^^^^^^^^^^^
C:\Users\andre\AppData\Local\Programs\Python\Python312\Lib\site-packages\sqlalchemy\orm\query.py:2857: in _iter
    result: Union[ScalarResult[_T], Result[_T]] = self.session.execute(
C:\Users\andre\AppData\Local\Programs\Python\Python312\Lib\site-packages\sqlalchemy\orm\session.py:2351: in execute
    return self._execute_internal(
C:\Users\andre\AppData\Local\Programs\Python\Python312\Lib\site-packages\sqlalchemy\orm\session.py:2249: in _execute_internal
    result: Result[Any] = compile_state_cls.orm_execute_statement(
C:\Users\andre\AppData\Local\Programs\Python\Python312\Lib\site-packages\sqlalchemy\orm\context.py:306: in orm_execute_statement
    result = conn.execute(
C:\Users\andre\AppData\Local\Programs\Python\Python312\Lib\site-packages\sqlalchemy\engine\base.py:1419: in execute
    return meth(
C:\Users\andre\AppData\Local\Programs\Python\Python312\Lib\site-packages\sqlalchemy\sql\elements.py:527: in _execute_on_connection
    return connection._execute_clauseelement(
C:\Users\andre\AppData\Local\Programs\Python\Python312\Lib\site-packages\sqlalchemy\engine\base.py:1641: in _execute_clauseelement
    ret = self._execute_context(
C:\Users\andre\AppData\Local\Programs\Python\Python312\Lib\site-packages\sqlalchemy\engine\base.py:1846: in _execute_context
    return self._exec_single_context(
C:\Users\andre\AppData\Local\Programs\Python\Python312\Lib\site-packages\sqlalchemy\engine\base.py:1986: in _exec_single_context
    self._handle_dbapi_exception(
C:\Users\andre\AppData\Local\Programs\Python\Python312\Lib\site-packages\sqlalchemy\engine\base.py:2363: in _handle_dbapi_exception
    raise sqlalchemy_exception.with_traceback(exc_info[2]) from e
C:\Users\andre\AppData\Local\Programs\Python\Python312\Lib\site-packages\sqlalchemy\engine\base.py:1967: in _exec_single_context
    self.dialect.do_execute(
C:\Users\andre\AppData\Local\Programs\Python\Python312\Lib\site-packages\sqlalchemy\engine\default.py:952: in do_execute
    cursor.execute(statement, parameters)
E   sqlalchemy.exc.OperationalError: (sqlite3.OperationalError) no such table: users
E   [SQL: SELECT users.id AS users_id, users.username AS users_username, users.hashed_password AS users_hashed_password, users.created_at AS users_created_at 
E   FROM users 
E   WHERE users.username = ?
E    LIMIT ? OFFSET ?]
E   [parameters: ('testuser', 1, 0)]
E   (Background on this error at: https://sqlalche.me/e/20/e3q8)
________ ERROR at setup of TestDashboard.test_dashboard_period_filter _________
C:\Users\andre\AppData\Local\Programs\Python\Python312\Lib\site-packages\sqlalchemy\engine\base.py:1967: in _exec_single_context
    self.dialect.do_execute(
C:\Users\andre\AppData\Local\Programs\Python\Python312\Lib\site-packages\sqlalchemy\engine\default.py:952: in do_execute
    cursor.execute(statement, parameters)
E   sqlite3.OperationalError: no such table: users

The above exception was the direct cause of the following exception:
tests\conftest.py:59: in auth_headers
    client.post("/auth/register", json={"username": "testuser", "password": "testpass"})
C:\Users\andre\AppData\Local\Programs\Python\Python312\Lib\site-packages\starlette\testclient.py:546: in post
    return super().post(
C:\Users\andre\AppData\Local\Programs\Python\Python312\Lib\site-packages\httpx\_client.py:1144: in post
    return self.request(
C:\Users\andre\AppData\Local\Programs\Python\Python312\Lib\site-packages\starlette\testclient.py:445: in request
    return super().request(
C:\Users\andre\AppData\Local\Programs\Python\Python312\Lib\site-packages\httpx\_client.py:825: in request
    return self.send(request, auth=auth, follow_redirects=follow_redirects)
           ^^^^^^^^^^^^^^^^^^^^^^^^^^^^^^^^^^^^^^^^^^^^^^^^^^^^^^^^^^^^^^^^
C:\Users\andre\AppData\Local\Programs\Python\Python312\Lib\site-packages\httpx\_client.py:914: in send
    response = self._send_handling_auth(
C:\Users\andre\AppData\Local\Programs\Python\Python312\Lib\site-packages\httpx\_client.py:942: in _send_handling_auth
    response = self._send_handling_redirects(
C:\Users\andre\AppData\Local\Programs\Python\Python312\Lib\site-packages\httpx\_client.py:979: in _send_handling_redirects
    response = self._send_single_request(request)
               ^^^^^^^^^^^^^^^^^^^^^^^^^^^^^^^^^^
C:\Users\andre\AppData\Local\Programs\Python\Python312\Lib\site-packages\httpx\_client.py:1014: in _send_single_request
    response = transport.handle_request(request)
               ^^^^^^^^^^^^^^^^^^^^^^^^^^^^^^^^^
C:\Users\andre\AppData\Local\Programs\Python\Python312\Lib\site-packages\starlette\testclient.py:348: in handle_request
    raise exc
C:\Users\andre\AppData\Local\Programs\Python\Python312\Lib\site-packages\starlette\testclient.py:345: in handle_request
    portal.call(self.app, scope, receive, send)
C:\Users\andre\AppData\Local\Programs\Python\Python312\Lib\site-packages\anyio\from_thread.py:334: in call
    return cast(T_Retval, self.start_task_soon(func, *args).result())
                          ^^^^^^^^^^^^^^^^^^^^^^^^^^^^^^^^^^^^^^^^^^
C:\Users\andre\AppData\Local\Programs\Python\Python312\Lib\concurrent\futures\_base.py:456: in result
    return self.__get_result()
           ^^^^^^^^^^^^^^^^^^^
C:\Users\andre\AppData\Local\Programs\Python\Python312\Lib\concurrent\futures\_base.py:401: in __get_result
    raise self._exception
C:\Users\andre\AppData\Local\Programs\Python\Python312\Lib\site-packages\anyio\from_thread.py:259: in _call_func
    retval = await retval_or_awaitable
             ^^^^^^^^^^^^^^^^^^^^^^^^^
C:\Users\andre\AppData\Local\Programs\Python\Python312\Lib\site-packages\fastapi\applications.py:1135: in __call__
    await super().__call__(scope, receive, send)
C:\Users\andre\AppData\Local\Programs\Python\Python312\Lib\site-packages\starlette\applications.py:107: in __call__
    await self.middleware_stack(scope, receive, send)
C:\Users\andre\AppData\Local\Programs\Python\Python312\Lib\site-packages\starlette\middleware\errors.py:186: in __call__
    raise exc
C:\Users\andre\AppData\Local\Programs\Python\Python312\Lib\site-packages\starlette\middleware\errors.py:164: in __call__
    await self.app(scope, receive, _send)
C:\Users\andre\AppData\Local\Programs\Python\Python312\Lib\site-packages\starlette\middleware\cors.py:85: in __call__
    await self.app(scope, receive, send)
C:\Users\andre\AppData\Local\Programs\Python\Python312\Lib\site-packages\starlette\middleware\exceptions.py:63: in __call__
    await wrap_app_handling_exceptions(self.app, conn)(scope, receive, send)
C:\Users\andre\AppData\Local\Programs\Python\Python312\Lib\site-packages\starlette\_exception_handler.py:53: in wrapped_app
    raise exc
C:\Users\andre\AppData\Local\Programs\Python\Python312\Lib\site-packages\starlette\_exception_handler.py:42: in wrapped_app
    await app(scope, receive, sender)
C:\Users\andre\AppData\Local\Programs\Python\Python312\Lib\site-packages\fastapi\middleware\asyncexitstack.py:18: in __call__
    await self.app(scope, receive, send)
C:\Users\andre\AppData\Local\Programs\Python\Python312\Lib\site-packages\starlette\routing.py:716: in __call__
    await self.middleware_stack(scope, receive, send)
C:\Users\andre\AppData\Local\Programs\Python\Python312\Lib\site-packages\starlette\routing.py:736: in app
    await route.handle(scope, receive, send)
C:\Users\andre\AppData\Local\Programs\Python\Python312\Lib\site-packages\starlette\routing.py:290: in handle
    await self.app(scope, receive, send)
C:\Users\andre\AppData\Local\Programs\Python\Python312\Lib\site-packages\fastapi\routing.py:115: in app
    await wrap_app_handling_exceptions(app, request)(scope, receive, send)
C:\Users\andre\AppData\Local\Programs\Python\Python312\Lib\site-packages\starlette\_exception_handler.py:53: in wrapped_app
    raise exc
C:\Users\andre\AppData\Local\Programs\Python\Python312\Lib\site-packages\starlette\_exception_handler.py:42: in wrapped_app
    await app(scope, receive, sender)
C:\Users\andre\AppData\Local\Programs\Python\Python312\Lib\site-packages\fastapi\routing.py:101: in app
    response = await f(request)
               ^^^^^^^^^^^^^^^^
C:\Users\andre\AppData\Local\Programs\Python\Python312\Lib\site-packages\fastapi\routing.py:355: in app
    raw_response = await run_endpoint_function(
C:\Users\andre\AppData\Local\Programs\Python\Python312\Lib\site-packages\fastapi\routing.py:245: in run_endpoint_function
    return await run_in_threadpool(dependant.call, **values)
           ^^^^^^^^^^^^^^^^^^^^^^^^^^^^^^^^^^^^^^^^^^^^^^^^^
C:\Users\andre\AppData\Local\Programs\Python\Python312\Lib\site-packages\starlette\concurrency.py:32: in run_in_threadpool
    return await anyio.to_thread.run_sync(func)
           ^^^^^^^^^^^^^^^^^^^^^^^^^^^^^^^^^^^^
C:\Users\andre\AppData\Local\Programs\Python\Python312\Lib\site-packages\anyio\to_thread.py:63: in run_sync
    return await get_async_backend().run_sync_in_worker_thread(
C:\Users\andre\AppData\Local\Programs\Python\Python312\Lib\site-packages\anyio\_backends\_asyncio.py:2502: in run_sync_in_worker_thread
    return await future
           ^^^^^^^^^^^^
C:\Users\andre\AppData\Local\Programs\Python\Python312\Lib\site-packages\anyio\_backends\_asyncio.py:986: in run
    result = context.run(func, *args)
             ^^^^^^^^^^^^^^^^^^^^^^^^
app\routers\auth.py:22: in register_user
    db_user = db.query(User).filter(User.username == user.username).first()
              ^^^^^^^^^^^^^^^^^^^^^^^^^^^^^^^^^^^^^^^^^^^^^^^^^^^^^^^^^^^^^
C:\Users\andre\AppData\Local\Programs\Python\Python312\Lib\site-packages\sqlalchemy\orm\query.py:2759: in first
    return self.limit(1)._iter().first()  # type: ignore
           ^^^^^^^^^^^^^^^^^^^^^
C:\Users\andre\AppData\Local\Programs\Python\Python312\Lib\site-packages\sqlalchemy\orm\query.py:2857: in _iter
    result: Union[ScalarResult[_T], Result[_T]] = self.session.execute(
C:\Users\andre\AppData\Local\Programs\Python\Python312\Lib\site-packages\sqlalchemy\orm\session.py:2351: in execute
    return self._execute_internal(
C:\Users\andre\AppData\Local\Programs\Python\Python312\Lib\site-packages\sqlalchemy\orm\session.py:2249: in _execute_internal
    result: Result[Any] = compile_state_cls.orm_execute_statement(
C:\Users\andre\AppData\Local\Programs\Python\Python312\Lib\site-packages\sqlalchemy\orm\context.py:306: in orm_execute_statement
    result = conn.execute(
C:\Users\andre\AppData\Local\Programs\Python\Python312\Lib\site-packages\sqlalchemy\engine\base.py:1419: in execute
    return meth(
C:\Users\andre\AppData\Local\Programs\Python\Python312\Lib\site-packages\sqlalchemy\sql\elements.py:527: in _execute_on_connection
    return connection._execute_clauseelement(
C:\Users\andre\AppData\Local\Programs\Python\Python312\Lib\site-packages\sqlalchemy\engine\base.py:1641: in _execute_clauseelement
    ret = self._execute_context(
C:\Users\andre\AppData\Local\Programs\Python\Python312\Lib\site-packages\sqlalchemy\engine\base.py:1846: in _execute_context
    return self._exec_single_context(
C:\Users\andre\AppData\Local\Programs\Python\Python312\Lib\site-packages\sqlalchemy\engine\base.py:1986: in _exec_single_context
    self._handle_dbapi_exception(
C:\Users\andre\AppData\Local\Programs\Python\Python312\Lib\site-packages\sqlalchemy\engine\base.py:2363: in _handle_dbapi_exception
    raise sqlalchemy_exception.with_traceback(exc_info[2]) from e
C:\Users\andre\AppData\Local\Programs\Python\Python312\Lib\site-packages\sqlalchemy\engine\base.py:1967: in _exec_single_context
    self.dialect.do_execute(
C:\Users\andre\AppData\Local\Programs\Python\Python312\Lib\site-packages\sqlalchemy\engine\default.py:952: in do_execute
    cursor.execute(statement, parameters)
E   sqlalchemy.exc.OperationalError: (sqlite3.OperationalError) no such table: users
E   [SQL: SELECT users.id AS users_id, users.username AS users_username, users.hashed_password AS users_hashed_password, users.created_at AS users_created_at 
E   FROM users 
E   WHERE users.username = ?
E    LIMIT ? OFFSET ?]
E   [parameters: ('testuser', 1, 0)]
E   (Background on this error at: https://sqlalche.me/e/20/e3q8)
________ ERROR at setup of TestDashboard.test_dashboard_session_types _________
C:\Users\andre\AppData\Local\Programs\Python\Python312\Lib\site-packages\sqlalchemy\engine\base.py:1967: in _exec_single_context
    self.dialect.do_execute(
C:\Users\andre\AppData\Local\Programs\Python\Python312\Lib\site-packages\sqlalchemy\engine\default.py:952: in do_execute
    cursor.execute(statement, parameters)
E   sqlite3.OperationalError: no such table: users

The above exception was the direct cause of the following exception:
tests\conftest.py:59: in auth_headers
    client.post("/auth/register", json={"username": "testuser", "password": "testpass"})
C:\Users\andre\AppData\Local\Programs\Python\Python312\Lib\site-packages\starlette\testclient.py:546: in post
    return super().post(
C:\Users\andre\AppData\Local\Programs\Python\Python312\Lib\site-packages\httpx\_client.py:1144: in post
    return self.request(
C:\Users\andre\AppData\Local\Programs\Python\Python312\Lib\site-packages\starlette\testclient.py:445: in request
    return super().request(
C:\Users\andre\AppData\Local\Programs\Python\Python312\Lib\site-packages\httpx\_client.py:825: in request
    return self.send(request, auth=auth, follow_redirects=follow_redirects)
           ^^^^^^^^^^^^^^^^^^^^^^^^^^^^^^^^^^^^^^^^^^^^^^^^^^^^^^^^^^^^^^^^
C:\Users\andre\AppData\Local\Programs\Python\Python312\Lib\site-packages\httpx\_client.py:914: in send
    response = self._send_handling_auth(
C:\Users\andre\AppData\Local\Programs\Python\Python312\Lib\site-packages\httpx\_client.py:942: in _send_handling_auth
    response = self._send_handling_redirects(
C:\Users\andre\AppData\Local\Programs\Python\Python312\Lib\site-packages\httpx\_client.py:979: in _send_handling_redirects
    response = self._send_single_request(request)
               ^^^^^^^^^^^^^^^^^^^^^^^^^^^^^^^^^^
C:\Users\andre\AppData\Local\Programs\Python\Python312\Lib\site-packages\httpx\_client.py:1014: in _send_single_request
    response = transport.handle_request(request)
               ^^^^^^^^^^^^^^^^^^^^^^^^^^^^^^^^^
C:\Users\andre\AppData\Local\Programs\Python\Python312\Lib\site-packages\starlette\testclient.py:348: in handle_request
    raise exc
C:\Users\andre\AppData\Local\Programs\Python\Python312\Lib\site-packages\starlette\testclient.py:345: in handle_request
    portal.call(self.app, scope, receive, send)
C:\Users\andre\AppData\Local\Programs\Python\Python312\Lib\site-packages\anyio\from_thread.py:334: in call
    return cast(T_Retval, self.start_task_soon(func, *args).result())
                          ^^^^^^^^^^^^^^^^^^^^^^^^^^^^^^^^^^^^^^^^^^
C:\Users\andre\AppData\Local\Programs\Python\Python312\Lib\concurrent\futures\_base.py:456: in result
    return self.__get_result()
           ^^^^^^^^^^^^^^^^^^^
C:\Users\andre\AppData\Local\Programs\Python\Python312\Lib\concurrent\futures\_base.py:401: in __get_result
    raise self._exception
C:\Users\andre\AppData\Local\Programs\Python\Python312\Lib\site-packages\anyio\from_thread.py:259: in _call_func
    retval = await retval_or_awaitable
             ^^^^^^^^^^^^^^^^^^^^^^^^^
C:\Users\andre\AppData\Local\Programs\Python\Python312\Lib\site-packages\fastapi\applications.py:1135: in __call__
    await super().__call__(scope, receive, send)
C:\Users\andre\AppData\Local\Programs\Python\Python312\Lib\site-packages\starlette\applications.py:107: in __call__
    await self.middleware_stack(scope, receive, send)
C:\Users\andre\AppData\Local\Programs\Python\Python312\Lib\site-packages\starlette\middleware\errors.py:186: in __call__
    raise exc
C:\Users\andre\AppData\Local\Programs\Python\Python312\Lib\site-packages\starlette\middleware\errors.py:164: in __call__
    await self.app(scope, receive, _send)
C:\Users\andre\AppData\Local\Programs\Python\Python312\Lib\site-packages\starlette\middleware\cors.py:85: in __call__
    await self.app(scope, receive, send)
C:\Users\andre\AppData\Local\Programs\Python\Python312\Lib\site-packages\starlette\middleware\exceptions.py:63: in __call__
    await wrap_app_handling_exceptions(self.app, conn)(scope, receive, send)
C:\Users\andre\AppData\Local\Programs\Python\Python312\Lib\site-packages\starlette\_exception_handler.py:53: in wrapped_app
    raise exc
C:\Users\andre\AppData\Local\Programs\Python\Python312\Lib\site-packages\starlette\_exception_handler.py:42: in wrapped_app
    await app(scope, receive, sender)
C:\Users\andre\AppData\Local\Programs\Python\Python312\Lib\site-packages\fastapi\middleware\asyncexitstack.py:18: in __call__
    await self.app(scope, receive, send)
C:\Users\andre\AppData\Local\Programs\Python\Python312\Lib\site-packages\starlette\routing.py:716: in __call__
    await self.middleware_stack(scope, receive, send)
C:\Users\andre\AppData\Local\Programs\Python\Python312\Lib\site-packages\starlette\routing.py:736: in app
    await route.handle(scope, receive, send)
C:\Users\andre\AppData\Local\Programs\Python\Python312\Lib\site-packages\starlette\routing.py:290: in handle
    await self.app(scope, receive, send)
C:\Users\andre\AppData\Local\Programs\Python\Python312\Lib\site-packages\fastapi\routing.py:115: in app
    await wrap_app_handling_exceptions(app, request)(scope, receive, send)
C:\Users\andre\AppData\Local\Programs\Python\Python312\Lib\site-packages\starlette\_exception_handler.py:53: in wrapped_app
    raise exc
C:\Users\andre\AppData\Local\Programs\Python\Python312\Lib\site-packages\starlette\_exception_handler.py:42: in wrapped_app
    await app(scope, receive, sender)
C:\Users\andre\AppData\Local\Programs\Python\Python312\Lib\site-packages\fastapi\routing.py:101: in app
    response = await f(request)
               ^^^^^^^^^^^^^^^^
C:\Users\andre\AppData\Local\Programs\Python\Python312\Lib\site-packages\fastapi\routing.py:355: in app
    raw_response = await run_endpoint_function(
C:\Users\andre\AppData\Local\Programs\Python\Python312\Lib\site-packages\fastapi\routing.py:245: in run_endpoint_function
    return await run_in_threadpool(dependant.call, **values)
           ^^^^^^^^^^^^^^^^^^^^^^^^^^^^^^^^^^^^^^^^^^^^^^^^^
C:\Users\andre\AppData\Local\Programs\Python\Python312\Lib\site-packages\starlette\concurrency.py:32: in run_in_threadpool
    return await anyio.to_thread.run_sync(func)
           ^^^^^^^^^^^^^^^^^^^^^^^^^^^^^^^^^^^^
C:\Users\andre\AppData\Local\Programs\Python\Python312\Lib\site-packages\anyio\to_thread.py:63: in run_sync
    return await get_async_backend().run_sync_in_worker_thread(
C:\Users\andre\AppData\Local\Programs\Python\Python312\Lib\site-packages\anyio\_backends\_asyncio.py:2502: in run_sync_in_worker_thread
    return await future
           ^^^^^^^^^^^^
C:\Users\andre\AppData\Local\Programs\Python\Python312\Lib\site-packages\anyio\_backends\_asyncio.py:986: in run
    result = context.run(func, *args)
             ^^^^^^^^^^^^^^^^^^^^^^^^
app\routers\auth.py:22: in register_user
    db_user = db.query(User).filter(User.username == user.username).first()
              ^^^^^^^^^^^^^^^^^^^^^^^^^^^^^^^^^^^^^^^^^^^^^^^^^^^^^^^^^^^^^
C:\Users\andre\AppData\Local\Programs\Python\Python312\Lib\site-packages\sqlalchemy\orm\query.py:2759: in first
    return self.limit(1)._iter().first()  # type: ignore
           ^^^^^^^^^^^^^^^^^^^^^
C:\Users\andre\AppData\Local\Programs\Python\Python312\Lib\site-packages\sqlalchemy\orm\query.py:2857: in _iter
    result: Union[ScalarResult[_T], Result[_T]] = self.session.execute(
C:\Users\andre\AppData\Local\Programs\Python\Python312\Lib\site-packages\sqlalchemy\orm\session.py:2351: in execute
    return self._execute_internal(
C:\Users\andre\AppData\Local\Programs\Python\Python312\Lib\site-packages\sqlalchemy\orm\session.py:2249: in _execute_internal
    result: Result[Any] = compile_state_cls.orm_execute_statement(
C:\Users\andre\AppData\Local\Programs\Python\Python312\Lib\site-packages\sqlalchemy\orm\context.py:306: in orm_execute_statement
    result = conn.execute(
C:\Users\andre\AppData\Local\Programs\Python\Python312\Lib\site-packages\sqlalchemy\engine\base.py:1419: in execute
    return meth(
C:\Users\andre\AppData\Local\Programs\Python\Python312\Lib\site-packages\sqlalchemy\sql\elements.py:527: in _execute_on_connection
    return connection._execute_clauseelement(
C:\Users\andre\AppData\Local\Programs\Python\Python312\Lib\site-packages\sqlalchemy\engine\base.py:1641: in _execute_clauseelement
    ret = self._execute_context(
C:\Users\andre\AppData\Local\Programs\Python\Python312\Lib\site-packages\sqlalchemy\engine\base.py:1846: in _execute_context
    return self._exec_single_context(
C:\Users\andre\AppData\Local\Programs\Python\Python312\Lib\site-packages\sqlalchemy\engine\base.py:1986: in _exec_single_context
    self._handle_dbapi_exception(
C:\Users\andre\AppData\Local\Programs\Python\Python312\Lib\site-packages\sqlalchemy\engine\base.py:2363: in _handle_dbapi_exception
    raise sqlalchemy_exception.with_traceback(exc_info[2]) from e
C:\Users\andre\AppData\Local\Programs\Python\Python312\Lib\site-packages\sqlalchemy\engine\base.py:1967: in _exec_single_context
    self.dialect.do_execute(
C:\Users\andre\AppData\Local\Programs\Python\Python312\Lib\site-packages\sqlalchemy\engine\default.py:952: in do_execute
    cursor.execute(statement, parameters)
E   sqlalchemy.exc.OperationalError: (sqlite3.OperationalError) no such table: users
E   [SQL: SELECT users.id AS users_id, users.username AS users_username, users.hashed_password AS users_hashed_password, users.created_at AS users_created_at 
E   FROM users 
E   WHERE users.username = ?
E    LIMIT ? OFFSET ?]
E   [parameters: ('testuser', 1, 0)]
E   (Background on this error at: https://sqlalche.me/e/20/e3q8)
____ ERROR at setup of TestDashboard.test_dashboard_isolated_between_users ____
C:\Users\andre\AppData\Local\Programs\Python\Python312\Lib\site-packages\sqlalchemy\engine\base.py:1967: in _exec_single_context
    self.dialect.do_execute(
C:\Users\andre\AppData\Local\Programs\Python\Python312\Lib\site-packages\sqlalchemy\engine\default.py:952: in do_execute
    cursor.execute(statement, parameters)
E   sqlite3.OperationalError: no such table: users

The above exception was the direct cause of the following exception:
tests\conftest.py:59: in auth_headers
    client.post("/auth/register", json={"username": "testuser", "password": "testpass"})
C:\Users\andre\AppData\Local\Programs\Python\Python312\Lib\site-packages\starlette\testclient.py:546: in post
    return super().post(
C:\Users\andre\AppData\Local\Programs\Python\Python312\Lib\site-packages\httpx\_client.py:1144: in post
    return self.request(
C:\Users\andre\AppData\Local\Programs\Python\Python312\Lib\site-packages\starlette\testclient.py:445: in request
    return super().request(
C:\Users\andre\AppData\Local\Programs\Python\Python312\Lib\site-packages\httpx\_client.py:825: in request
    return self.send(request, auth=auth, follow_redirects=follow_redirects)
           ^^^^^^^^^^^^^^^^^^^^^^^^^^^^^^^^^^^^^^^^^^^^^^^^^^^^^^^^^^^^^^^^
C:\Users\andre\AppData\Local\Programs\Python\Python312\Lib\site-packages\httpx\_client.py:914: in send
    response = self._send_handling_auth(
C:\Users\andre\AppData\Local\Programs\Python\Python312\Lib\site-packages\httpx\_client.py:942: in _send_handling_auth
    response = self._send_handling_redirects(
C:\Users\andre\AppData\Local\Programs\Python\Python312\Lib\site-packages\httpx\_client.py:979: in _send_handling_redirects
    response = self._send_single_request(request)
               ^^^^^^^^^^^^^^^^^^^^^^^^^^^^^^^^^^
C:\Users\andre\AppData\Local\Programs\Python\Python312\Lib\site-packages\httpx\_client.py:1014: in _send_single_request
    response = transport.handle_request(request)
               ^^^^^^^^^^^^^^^^^^^^^^^^^^^^^^^^^
C:\Users\andre\AppData\Local\Programs\Python\Python312\Lib\site-packages\starlette\testclient.py:348: in handle_request
    raise exc
C:\Users\andre\AppData\Local\Programs\Python\Python312\Lib\site-packages\starlette\testclient.py:345: in handle_request
    portal.call(self.app, scope, receive, send)
C:\Users\andre\AppData\Local\Programs\Python\Python312\Lib\site-packages\anyio\from_thread.py:334: in call
    return cast(T_Retval, self.start_task_soon(func, *args).result())
                          ^^^^^^^^^^^^^^^^^^^^^^^^^^^^^^^^^^^^^^^^^^
C:\Users\andre\AppData\Local\Programs\Python\Python312\Lib\concurrent\futures\_base.py:456: in result
    return self.__get_result()
           ^^^^^^^^^^^^^^^^^^^
C:\Users\andre\AppData\Local\Programs\Python\Python312\Lib\concurrent\futures\_base.py:401: in __get_result
    raise self._exception
C:\Users\andre\AppData\Local\Programs\Python\Python312\Lib\site-packages\anyio\from_thread.py:259: in _call_func
    retval = await retval_or_awaitable
             ^^^^^^^^^^^^^^^^^^^^^^^^^
C:\Users\andre\AppData\Local\Programs\Python\Python312\Lib\site-packages\fastapi\applications.py:1135: in __call__
    await super().__call__(scope, receive, send)
C:\Users\andre\AppData\Local\Programs\Python\Python312\Lib\site-packages\starlette\applications.py:107: in __call__
    await self.middleware_stack(scope, receive, send)
C:\Users\andre\AppData\Local\Programs\Python\Python312\Lib\site-packages\starlette\middleware\errors.py:186: in __call__
    raise exc
C:\Users\andre\AppData\Local\Programs\Python\Python312\Lib\site-packages\starlette\middleware\errors.py:164: in __call__
    await self.app(scope, receive, _send)
C:\Users\andre\AppData\Local\Programs\Python\Python312\Lib\site-packages\starlette\middleware\cors.py:85: in __call__
    await self.app(scope, receive, send)
C:\Users\andre\AppData\Local\Programs\Python\Python312\Lib\site-packages\starlette\middleware\exceptions.py:63: in __call__
    await wrap_app_handling_exceptions(self.app, conn)(scope, receive, send)
C:\Users\andre\AppData\Local\Programs\Python\Python312\Lib\site-packages\starlette\_exception_handler.py:53: in wrapped_app
    raise exc
C:\Users\andre\AppData\Local\Programs\Python\Python312\Lib\site-packages\starlette\_exception_handler.py:42: in wrapped_app
    await app(scope, receive, sender)
C:\Users\andre\AppData\Local\Programs\Python\Python312\Lib\site-packages\fastapi\middleware\asyncexitstack.py:18: in __call__
    await self.app(scope, receive, send)
C:\Users\andre\AppData\Local\Programs\Python\Python312\Lib\site-packages\starlette\routing.py:716: in __call__
    await self.middleware_stack(scope, receive, send)
C:\Users\andre\AppData\Local\Programs\Python\Python312\Lib\site-packages\starlette\routing.py:736: in app
    await route.handle(scope, receive, send)
C:\Users\andre\AppData\Local\Programs\Python\Python312\Lib\site-packages\starlette\routing.py:290: in handle
    await self.app(scope, receive, send)
C:\Users\andre\AppData\Local\Programs\Python\Python312\Lib\site-packages\fastapi\routing.py:115: in app
    await wrap_app_handling_exceptions(app, request)(scope, receive, send)
C:\Users\andre\AppData\Local\Programs\Python\Python312\Lib\site-packages\starlette\_exception_handler.py:53: in wrapped_app
    raise exc
C:\Users\andre\AppData\Local\Programs\Python\Python312\Lib\site-packages\starlette\_exception_handler.py:42: in wrapped_app
    await app(scope, receive, sender)
C:\Users\andre\AppData\Local\Programs\Python\Python312\Lib\site-packages\fastapi\routing.py:101: in app
    response = await f(request)
               ^^^^^^^^^^^^^^^^
C:\Users\andre\AppData\Local\Programs\Python\Python312\Lib\site-packages\fastapi\routing.py:355: in app
    raw_response = await run_endpoint_function(
C:\Users\andre\AppData\Local\Programs\Python\Python312\Lib\site-packages\fastapi\routing.py:245: in run_endpoint_function
    return await run_in_threadpool(dependant.call, **values)
           ^^^^^^^^^^^^^^^^^^^^^^^^^^^^^^^^^^^^^^^^^^^^^^^^^
C:\Users\andre\AppData\Local\Programs\Python\Python312\Lib\site-packages\starlette\concurrency.py:32: in run_in_threadpool
    return await anyio.to_thread.run_sync(func)
           ^^^^^^^^^^^^^^^^^^^^^^^^^^^^^^^^^^^^
C:\Users\andre\AppData\Local\Programs\Python\Python312\Lib\site-packages\anyio\to_thread.py:63: in run_sync
    return await get_async_backend().run_sync_in_worker_thread(
C:\Users\andre\AppData\Local\Programs\Python\Python312\Lib\site-packages\anyio\_backends\_asyncio.py:2502: in run_sync_in_worker_thread
    return await future
           ^^^^^^^^^^^^
C:\Users\andre\AppData\Local\Programs\Python\Python312\Lib\site-packages\anyio\_backends\_asyncio.py:986: in run
    result = context.run(func, *args)
             ^^^^^^^^^^^^^^^^^^^^^^^^
app\routers\auth.py:22: in register_user
    db_user = db.query(User).filter(User.username == user.username).first()
              ^^^^^^^^^^^^^^^^^^^^^^^^^^^^^^^^^^^^^^^^^^^^^^^^^^^^^^^^^^^^^
C:\Users\andre\AppData\Local\Programs\Python\Python312\Lib\site-packages\sqlalchemy\orm\query.py:2759: in first
    return self.limit(1)._iter().first()  # type: ignore
           ^^^^^^^^^^^^^^^^^^^^^
C:\Users\andre\AppData\Local\Programs\Python\Python312\Lib\site-packages\sqlalchemy\orm\query.py:2857: in _iter
    result: Union[ScalarResult[_T], Result[_T]] = self.session.execute(
C:\Users\andre\AppData\Local\Programs\Python\Python312\Lib\site-packages\sqlalchemy\orm\session.py:2351: in execute
    return self._execute_internal(
C:\Users\andre\AppData\Local\Programs\Python\Python312\Lib\site-packages\sqlalchemy\orm\session.py:2249: in _execute_internal
    result: Result[Any] = compile_state_cls.orm_execute_statement(
C:\Users\andre\AppData\Local\Programs\Python\Python312\Lib\site-packages\sqlalchemy\orm\context.py:306: in orm_execute_statement
    result = conn.execute(
C:\Users\andre\AppData\Local\Programs\Python\Python312\Lib\site-packages\sqlalchemy\engine\base.py:1419: in execute
    return meth(
C:\Users\andre\AppData\Local\Programs\Python\Python312\Lib\site-packages\sqlalchemy\sql\elements.py:527: in _execute_on_connection
    return connection._execute_clauseelement(
C:\Users\andre\AppData\Local\Programs\Python\Python312\Lib\site-packages\sqlalchemy\engine\base.py:1641: in _execute_clauseelement
    ret = self._execute_context(
C:\Users\andre\AppData\Local\Programs\Python\Python312\Lib\site-packages\sqlalchemy\engine\base.py:1846: in _execute_context
    return self._exec_single_context(
C:\Users\andre\AppData\Local\Programs\Python\Python312\Lib\site-packages\sqlalchemy\engine\base.py:1986: in _exec_single_context
    self._handle_dbapi_exception(
C:\Users\andre\AppData\Local\Programs\Python\Python312\Lib\site-packages\sqlalchemy\engine\base.py:2363: in _handle_dbapi_exception
    raise sqlalchemy_exception.with_traceback(exc_info[2]) from e
C:\Users\andre\AppData\Local\Programs\Python\Python312\Lib\site-packages\sqlalchemy\engine\base.py:1967: in _exec_single_context
    self.dialect.do_execute(
C:\Users\andre\AppData\Local\Programs\Python\Python312\Lib\site-packages\sqlalchemy\engine\default.py:952: in do_execute
    cursor.execute(statement, parameters)
E   sqlalchemy.exc.OperationalError: (sqlite3.OperationalError) no such table: users
E   [SQL: SELECT users.id AS users_id, users.username AS users_username, users.hashed_password AS users_hashed_password, users.created_at AS users_created_at 
E   FROM users 
E   WHERE users.username = ?
E    LIMIT ? OFFSET ?]
E   [parameters: ('testuser', 1, 0)]
E   (Background on this error at: https://sqlalche.me/e/20/e3q8)
______ ERROR at setup of TestChangePassword.test_change_password_success ______
C:\Users\andre\AppData\Local\Programs\Python\Python312\Lib\site-packages\sqlalchemy\engine\base.py:1967: in _exec_single_context
    self.dialect.do_execute(
C:\Users\andre\AppData\Local\Programs\Python\Python312\Lib\site-packages\sqlalchemy\engine\default.py:952: in do_execute
    cursor.execute(statement, parameters)
E   sqlite3.OperationalError: no such table: users

The above exception was the direct cause of the following exception:
tests\conftest.py:59: in auth_headers
    client.post("/auth/register", json={"username": "testuser", "password": "testpass"})
C:\Users\andre\AppData\Local\Programs\Python\Python312\Lib\site-packages\starlette\testclient.py:546: in post
    return super().post(
C:\Users\andre\AppData\Local\Programs\Python\Python312\Lib\site-packages\httpx\_client.py:1144: in post
    return self.request(
C:\Users\andre\AppData\Local\Programs\Python\Python312\Lib\site-packages\starlette\testclient.py:445: in request
    return super().request(
C:\Users\andre\AppData\Local\Programs\Python\Python312\Lib\site-packages\httpx\_client.py:825: in request
    return self.send(request, auth=auth, follow_redirects=follow_redirects)
           ^^^^^^^^^^^^^^^^^^^^^^^^^^^^^^^^^^^^^^^^^^^^^^^^^^^^^^^^^^^^^^^^
C:\Users\andre\AppData\Local\Programs\Python\Python312\Lib\site-packages\httpx\_client.py:914: in send
    response = self._send_handling_auth(
C:\Users\andre\AppData\Local\Programs\Python\Python312\Lib\site-packages\httpx\_client.py:942: in _send_handling_auth
    response = self._send_handling_redirects(
C:\Users\andre\AppData\Local\Programs\Python\Python312\Lib\site-packages\httpx\_client.py:979: in _send_handling_redirects
    response = self._send_single_request(request)
               ^^^^^^^^^^^^^^^^^^^^^^^^^^^^^^^^^^
C:\Users\andre\AppData\Local\Programs\Python\Python312\Lib\site-packages\httpx\_client.py:1014: in _send_single_request
    response = transport.handle_request(request)
               ^^^^^^^^^^^^^^^^^^^^^^^^^^^^^^^^^
C:\Users\andre\AppData\Local\Programs\Python\Python312\Lib\site-packages\starlette\testclient.py:348: in handle_request
    raise exc
C:\Users\andre\AppData\Local\Programs\Python\Python312\Lib\site-packages\starlette\testclient.py:345: in handle_request
    portal.call(self.app, scope, receive, send)
C:\Users\andre\AppData\Local\Programs\Python\Python312\Lib\site-packages\anyio\from_thread.py:334: in call
    return cast(T_Retval, self.start_task_soon(func, *args).result())
                          ^^^^^^^^^^^^^^^^^^^^^^^^^^^^^^^^^^^^^^^^^^
C:\Users\andre\AppData\Local\Programs\Python\Python312\Lib\concurrent\futures\_base.py:456: in result
    return self.__get_result()
           ^^^^^^^^^^^^^^^^^^^
C:\Users\andre\AppData\Local\Programs\Python\Python312\Lib\concurrent\futures\_base.py:401: in __get_result
    raise self._exception
C:\Users\andre\AppData\Local\Programs\Python\Python312\Lib\site-packages\anyio\from_thread.py:259: in _call_func
    retval = await retval_or_awaitable
             ^^^^^^^^^^^^^^^^^^^^^^^^^
C:\Users\andre\AppData\Local\Programs\Python\Python312\Lib\site-packages\fastapi\applications.py:1135: in __call__
    await super().__call__(scope, receive, send)
C:\Users\andre\AppData\Local\Programs\Python\Python312\Lib\site-packages\starlette\applications.py:107: in __call__
    await self.middleware_stack(scope, receive, send)
C:\Users\andre\AppData\Local\Programs\Python\Python312\Lib\site-packages\starlette\middleware\errors.py:186: in __call__
    raise exc
C:\Users\andre\AppData\Local\Programs\Python\Python312\Lib\site-packages\starlette\middleware\errors.py:164: in __call__
    await self.app(scope, receive, _send)
C:\Users\andre\AppData\Local\Programs\Python\Python312\Lib\site-packages\starlette\middleware\cors.py:85: in __call__
    await self.app(scope, receive, send)
C:\Users\andre\AppData\Local\Programs\Python\Python312\Lib\site-packages\starlette\middleware\exceptions.py:63: in __call__
    await wrap_app_handling_exceptions(self.app, conn)(scope, receive, send)
C:\Users\andre\AppData\Local\Programs\Python\Python312\Lib\site-packages\starlette\_exception_handler.py:53: in wrapped_app
    raise exc
C:\Users\andre\AppData\Local\Programs\Python\Python312\Lib\site-packages\starlette\_exception_handler.py:42: in wrapped_app
    await app(scope, receive, sender)
C:\Users\andre\AppData\Local\Programs\Python\Python312\Lib\site-packages\fastapi\middleware\asyncexitstack.py:18: in __call__
    await self.app(scope, receive, send)
C:\Users\andre\AppData\Local\Programs\Python\Python312\Lib\site-packages\starlette\routing.py:716: in __call__
    await self.middleware_stack(scope, receive, send)
C:\Users\andre\AppData\Local\Programs\Python\Python312\Lib\site-packages\starlette\routing.py:736: in app
    await route.handle(scope, receive, send)
C:\Users\andre\AppData\Local\Programs\Python\Python312\Lib\site-packages\starlette\routing.py:290: in handle
    await self.app(scope, receive, send)
C:\Users\andre\AppData\Local\Programs\Python\Python312\Lib\site-packages\fastapi\routing.py:115: in app
    await wrap_app_handling_exceptions(app, request)(scope, receive, send)
C:\Users\andre\AppData\Local\Programs\Python\Python312\Lib\site-packages\starlette\_exception_handler.py:53: in wrapped_app
    raise exc
C:\Users\andre\AppData\Local\Programs\Python\Python312\Lib\site-packages\starlette\_exception_handler.py:42: in wrapped_app
    await app(scope, receive, sender)
C:\Users\andre\AppData\Local\Programs\Python\Python312\Lib\site-packages\fastapi\routing.py:101: in app
    response = await f(request)
               ^^^^^^^^^^^^^^^^
C:\Users\andre\AppData\Local\Programs\Python\Python312\Lib\site-packages\fastapi\routing.py:355: in app
    raw_response = await run_endpoint_function(
C:\Users\andre\AppData\Local\Programs\Python\Python312\Lib\site-packages\fastapi\routing.py:245: in run_endpoint_function
    return await run_in_threadpool(dependant.call, **values)
           ^^^^^^^^^^^^^^^^^^^^^^^^^^^^^^^^^^^^^^^^^^^^^^^^^
C:\Users\andre\AppData\Local\Programs\Python\Python312\Lib\site-packages\starlette\concurrency.py:32: in run_in_threadpool
    return await anyio.to_thread.run_sync(func)
           ^^^^^^^^^^^^^^^^^^^^^^^^^^^^^^^^^^^^
C:\Users\andre\AppData\Local\Programs\Python\Python312\Lib\site-packages\anyio\to_thread.py:63: in run_sync
    return await get_async_backend().run_sync_in_worker_thread(
C:\Users\andre\AppData\Local\Programs\Python\Python312\Lib\site-packages\anyio\_backends\_asyncio.py:2502: in run_sync_in_worker_thread
    return await future
           ^^^^^^^^^^^^
C:\Users\andre\AppData\Local\Programs\Python\Python312\Lib\site-packages\anyio\_backends\_asyncio.py:986: in run
    result = context.run(func, *args)
             ^^^^^^^^^^^^^^^^^^^^^^^^
app\routers\auth.py:22: in register_user
    db_user = db.query(User).filter(User.username == user.username).first()
              ^^^^^^^^^^^^^^^^^^^^^^^^^^^^^^^^^^^^^^^^^^^^^^^^^^^^^^^^^^^^^
C:\Users\andre\AppData\Local\Programs\Python\Python312\Lib\site-packages\sqlalchemy\orm\query.py:2759: in first
    return self.limit(1)._iter().first()  # type: ignore
           ^^^^^^^^^^^^^^^^^^^^^
C:\Users\andre\AppData\Local\Programs\Python\Python312\Lib\site-packages\sqlalchemy\orm\query.py:2857: in _iter
    result: Union[ScalarResult[_T], Result[_T]] = self.session.execute(
C:\Users\andre\AppData\Local\Programs\Python\Python312\Lib\site-packages\sqlalchemy\orm\session.py:2351: in execute
    return self._execute_internal(
C:\Users\andre\AppData\Local\Programs\Python\Python312\Lib\site-packages\sqlalchemy\orm\session.py:2249: in _execute_internal
    result: Result[Any] = compile_state_cls.orm_execute_statement(
C:\Users\andre\AppData\Local\Programs\Python\Python312\Lib\site-packages\sqlalchemy\orm\context.py:306: in orm_execute_statement
    result = conn.execute(
C:\Users\andre\AppData\Local\Programs\Python\Python312\Lib\site-packages\sqlalchemy\engine\base.py:1419: in execute
    return meth(
C:\Users\andre\AppData\Local\Programs\Python\Python312\Lib\site-packages\sqlalchemy\sql\elements.py:527: in _execute_on_connection
    return connection._execute_clauseelement(
C:\Users\andre\AppData\Local\Programs\Python\Python312\Lib\site-packages\sqlalchemy\engine\base.py:1641: in _execute_clauseelement
    ret = self._execute_context(
C:\Users\andre\AppData\Local\Programs\Python\Python312\Lib\site-packages\sqlalchemy\engine\base.py:1846: in _execute_context
    return self._exec_single_context(
C:\Users\andre\AppData\Local\Programs\Python\Python312\Lib\site-packages\sqlalchemy\engine\base.py:1986: in _exec_single_context
    self._handle_dbapi_exception(
C:\Users\andre\AppData\Local\Programs\Python\Python312\Lib\site-packages\sqlalchemy\engine\base.py:2363: in _handle_dbapi_exception
    raise sqlalchemy_exception.with_traceback(exc_info[2]) from e
C:\Users\andre\AppData\Local\Programs\Python\Python312\Lib\site-packages\sqlalchemy\engine\base.py:1967: in _exec_single_context
    self.dialect.do_execute(
C:\Users\andre\AppData\Local\Programs\Python\Python312\Lib\site-packages\sqlalchemy\engine\default.py:952: in do_execute
    cursor.execute(statement, parameters)
E   sqlalchemy.exc.OperationalError: (sqlite3.OperationalError) no such table: users
E   [SQL: SELECT users.id AS users_id, users.username AS users_username, users.hashed_password AS users_hashed_password, users.created_at AS users_created_at 
E   FROM users 
E   WHERE users.username = ?
E    LIMIT ? OFFSET ?]
E   [parameters: ('testuser', 1, 0)]
E   (Background on this error at: https://sqlalche.me/e/20/e3q8)
_____ ERROR at setup of TestChangePassword.test_change_password_wrong_old _____
C:\Users\andre\AppData\Local\Programs\Python\Python312\Lib\site-packages\sqlalchemy\engine\base.py:1967: in _exec_single_context
    self.dialect.do_execute(
C:\Users\andre\AppData\Local\Programs\Python\Python312\Lib\site-packages\sqlalchemy\engine\default.py:952: in do_execute
    cursor.execute(statement, parameters)
E   sqlite3.OperationalError: no such table: users

The above exception was the direct cause of the following exception:
tests\conftest.py:59: in auth_headers
    client.post("/auth/register", json={"username": "testuser", "password": "testpass"})
C:\Users\andre\AppData\Local\Programs\Python\Python312\Lib\site-packages\starlette\testclient.py:546: in post
    return super().post(
C:\Users\andre\AppData\Local\Programs\Python\Python312\Lib\site-packages\httpx\_client.py:1144: in post
    return self.request(
C:\Users\andre\AppData\Local\Programs\Python\Python312\Lib\site-packages\starlette\testclient.py:445: in request
    return super().request(
C:\Users\andre\AppData\Local\Programs\Python\Python312\Lib\site-packages\httpx\_client.py:825: in request
    return self.send(request, auth=auth, follow_redirects=follow_redirects)
           ^^^^^^^^^^^^^^^^^^^^^^^^^^^^^^^^^^^^^^^^^^^^^^^^^^^^^^^^^^^^^^^^
C:\Users\andre\AppData\Local\Programs\Python\Python312\Lib\site-packages\httpx\_client.py:914: in send
    response = self._send_handling_auth(
C:\Users\andre\AppData\Local\Programs\Python\Python312\Lib\site-packages\httpx\_client.py:942: in _send_handling_auth
    response = self._send_handling_redirects(
C:\Users\andre\AppData\Local\Programs\Python\Python312\Lib\site-packages\httpx\_client.py:979: in _send_handling_redirects
    response = self._send_single_request(request)
               ^^^^^^^^^^^^^^^^^^^^^^^^^^^^^^^^^^
C:\Users\andre\AppData\Local\Programs\Python\Python312\Lib\site-packages\httpx\_client.py:1014: in _send_single_request
    response = transport.handle_request(request)
               ^^^^^^^^^^^^^^^^^^^^^^^^^^^^^^^^^
C:\Users\andre\AppData\Local\Programs\Python\Python312\Lib\site-packages\starlette\testclient.py:348: in handle_request
    raise exc
C:\Users\andre\AppData\Local\Programs\Python\Python312\Lib\site-packages\starlette\testclient.py:345: in handle_request
    portal.call(self.app, scope, receive, send)
C:\Users\andre\AppData\Local\Programs\Python\Python312\Lib\site-packages\anyio\from_thread.py:334: in call
    return cast(T_Retval, self.start_task_soon(func, *args).result())
                          ^^^^^^^^^^^^^^^^^^^^^^^^^^^^^^^^^^^^^^^^^^
C:\Users\andre\AppData\Local\Programs\Python\Python312\Lib\concurrent\futures\_base.py:456: in result
    return self.__get_result()
           ^^^^^^^^^^^^^^^^^^^
C:\Users\andre\AppData\Local\Programs\Python\Python312\Lib\concurrent\futures\_base.py:401: in __get_result
    raise self._exception
C:\Users\andre\AppData\Local\Programs\Python\Python312\Lib\site-packages\anyio\from_thread.py:259: in _call_func
    retval = await retval_or_awaitable
             ^^^^^^^^^^^^^^^^^^^^^^^^^
C:\Users\andre\AppData\Local\Programs\Python\Python312\Lib\site-packages\fastapi\applications.py:1135: in __call__
    await super().__call__(scope, receive, send)
C:\Users\andre\AppData\Local\Programs\Python\Python312\Lib\site-packages\starlette\applications.py:107: in __call__
    await self.middleware_stack(scope, receive, send)
C:\Users\andre\AppData\Local\Programs\Python\Python312\Lib\site-packages\starlette\middleware\errors.py:186: in __call__
    raise exc
C:\Users\andre\AppData\Local\Programs\Python\Python312\Lib\site-packages\starlette\middleware\errors.py:164: in __call__
    await self.app(scope, receive, _send)
C:\Users\andre\AppData\Local\Programs\Python\Python312\Lib\site-packages\starlette\middleware\cors.py:85: in __call__
    await self.app(scope, receive, send)
C:\Users\andre\AppData\Local\Programs\Python\Python312\Lib\site-packages\starlette\middleware\exceptions.py:63: in __call__
    await wrap_app_handling_exceptions(self.app, conn)(scope, receive, send)
C:\Users\andre\AppData\Local\Programs\Python\Python312\Lib\site-packages\starlette\_exception_handler.py:53: in wrapped_app
    raise exc
C:\Users\andre\AppData\Local\Programs\Python\Python312\Lib\site-packages\starlette\_exception_handler.py:42: in wrapped_app
    await app(scope, receive, sender)
C:\Users\andre\AppData\Local\Programs\Python\Python312\Lib\site-packages\fastapi\middleware\asyncexitstack.py:18: in __call__
    await self.app(scope, receive, send)
C:\Users\andre\AppData\Local\Programs\Python\Python312\Lib\site-packages\starlette\routing.py:716: in __call__
    await self.middleware_stack(scope, receive, send)
C:\Users\andre\AppData\Local\Programs\Python\Python312\Lib\site-packages\starlette\routing.py:736: in app
    await route.handle(scope, receive, send)
C:\Users\andre\AppData\Local\Programs\Python\Python312\Lib\site-packages\starlette\routing.py:290: in handle
    await self.app(scope, receive, send)
C:\Users\andre\AppData\Local\Programs\Python\Python312\Lib\site-packages\fastapi\routing.py:115: in app
    await wrap_app_handling_exceptions(app, request)(scope, receive, send)
C:\Users\andre\AppData\Local\Programs\Python\Python312\Lib\site-packages\starlette\_exception_handler.py:53: in wrapped_app
    raise exc
C:\Users\andre\AppData\Local\Programs\Python\Python312\Lib\site-packages\starlette\_exception_handler.py:42: in wrapped_app
    await app(scope, receive, sender)
C:\Users\andre\AppData\Local\Programs\Python\Python312\Lib\site-packages\fastapi\routing.py:101: in app
    response = await f(request)
               ^^^^^^^^^^^^^^^^
C:\Users\andre\AppData\Local\Programs\Python\Python312\Lib\site-packages\fastapi\routing.py:355: in app
    raw_response = await run_endpoint_function(
C:\Users\andre\AppData\Local\Programs\Python\Python312\Lib\site-packages\fastapi\routing.py:245: in run_endpoint_function
    return await run_in_threadpool(dependant.call, **values)
           ^^^^^^^^^^^^^^^^^^^^^^^^^^^^^^^^^^^^^^^^^^^^^^^^^
C:\Users\andre\AppData\Local\Programs\Python\Python312\Lib\site-packages\starlette\concurrency.py:32: in run_in_threadpool
    return await anyio.to_thread.run_sync(func)
           ^^^^^^^^^^^^^^^^^^^^^^^^^^^^^^^^^^^^
C:\Users\andre\AppData\Local\Programs\Python\Python312\Lib\site-packages\anyio\to_thread.py:63: in run_sync
    return await get_async_backend().run_sync_in_worker_thread(
C:\Users\andre\AppData\Local\Programs\Python\Python312\Lib\site-packages\anyio\_backends\_asyncio.py:2502: in run_sync_in_worker_thread
    return await future
           ^^^^^^^^^^^^
C:\Users\andre\AppData\Local\Programs\Python\Python312\Lib\site-packages\anyio\_backends\_asyncio.py:986: in run
    result = context.run(func, *args)
             ^^^^^^^^^^^^^^^^^^^^^^^^
app\routers\auth.py:22: in register_user
    db_user = db.query(User).filter(User.username == user.username).first()
              ^^^^^^^^^^^^^^^^^^^^^^^^^^^^^^^^^^^^^^^^^^^^^^^^^^^^^^^^^^^^^
C:\Users\andre\AppData\Local\Programs\Python\Python312\Lib\site-packages\sqlalchemy\orm\query.py:2759: in first
    return self.limit(1)._iter().first()  # type: ignore
           ^^^^^^^^^^^^^^^^^^^^^
C:\Users\andre\AppData\Local\Programs\Python\Python312\Lib\site-packages\sqlalchemy\orm\query.py:2857: in _iter
    result: Union[ScalarResult[_T], Result[_T]] = self.session.execute(
C:\Users\andre\AppData\Local\Programs\Python\Python312\Lib\site-packages\sqlalchemy\orm\session.py:2351: in execute
    return self._execute_internal(
C:\Users\andre\AppData\Local\Programs\Python\Python312\Lib\site-packages\sqlalchemy\orm\session.py:2249: in _execute_internal
    result: Result[Any] = compile_state_cls.orm_execute_statement(
C:\Users\andre\AppData\Local\Programs\Python\Python312\Lib\site-packages\sqlalchemy\orm\context.py:306: in orm_execute_statement
    result = conn.execute(
C:\Users\andre\AppData\Local\Programs\Python\Python312\Lib\site-packages\sqlalchemy\engine\base.py:1419: in execute
    return meth(
C:\Users\andre\AppData\Local\Programs\Python\Python312\Lib\site-packages\sqlalchemy\sql\elements.py:527: in _execute_on_connection
    return connection._execute_clauseelement(
C:\Users\andre\AppData\Local\Programs\Python\Python312\Lib\site-packages\sqlalchemy\engine\base.py:1641: in _execute_clauseelement
    ret = self._execute_context(
C:\Users\andre\AppData\Local\Programs\Python\Python312\Lib\site-packages\sqlalchemy\engine\base.py:1846: in _execute_context
    return self._exec_single_context(
C:\Users\andre\AppData\Local\Programs\Python\Python312\Lib\site-packages\sqlalchemy\engine\base.py:1986: in _exec_single_context
    self._handle_dbapi_exception(
C:\Users\andre\AppData\Local\Programs\Python\Python312\Lib\site-packages\sqlalchemy\engine\base.py:2363: in _handle_dbapi_exception
    raise sqlalchemy_exception.with_traceback(exc_info[2]) from e
C:\Users\andre\AppData\Local\Programs\Python\Python312\Lib\site-packages\sqlalchemy\engine\base.py:1967: in _exec_single_context
    self.dialect.do_execute(
C:\Users\andre\AppData\Local\Programs\Python\Python312\Lib\site-packages\sqlalchemy\engine\default.py:952: in do_execute
    cursor.execute(statement, parameters)
E   sqlalchemy.exc.OperationalError: (sqlite3.OperationalError) no such table: users
E   [SQL: SELECT users.id AS users_id, users.username AS users_username, users.hashed_password AS users_hashed_password, users.created_at AS users_created_at 
E   FROM users 
E   WHERE users.username = ?
E    LIMIT ? OFFSET ?]
E   [parameters: ('testuser', 1, 0)]
E   (Background on this error at: https://sqlalche.me/e/20/e3q8)
_____________ ERROR at setup of TestCreateEntry.test_create_entry _____________
C:\Users\andre\AppData\Local\Programs\Python\Python312\Lib\site-packages\sqlalchemy\engine\base.py:1967: in _exec_single_context
    self.dialect.do_execute(
C:\Users\andre\AppData\Local\Programs\Python\Python312\Lib\site-packages\sqlalchemy\engine\default.py:952: in do_execute
    cursor.execute(statement, parameters)
E   sqlite3.OperationalError: no such table: users

The above exception was the direct cause of the following exception:
tests\conftest.py:59: in auth_headers
    client.post("/auth/register", json={"username": "testuser", "password": "testpass"})
C:\Users\andre\AppData\Local\Programs\Python\Python312\Lib\site-packages\starlette\testclient.py:546: in post
    return super().post(
C:\Users\andre\AppData\Local\Programs\Python\Python312\Lib\site-packages\httpx\_client.py:1144: in post
    return self.request(
C:\Users\andre\AppData\Local\Programs\Python\Python312\Lib\site-packages\starlette\testclient.py:445: in request
    return super().request(
C:\Users\andre\AppData\Local\Programs\Python\Python312\Lib\site-packages\httpx\_client.py:825: in request
    return self.send(request, auth=auth, follow_redirects=follow_redirects)
           ^^^^^^^^^^^^^^^^^^^^^^^^^^^^^^^^^^^^^^^^^^^^^^^^^^^^^^^^^^^^^^^^
C:\Users\andre\AppData\Local\Programs\Python\Python312\Lib\site-packages\httpx\_client.py:914: in send
    response = self._send_handling_auth(
C:\Users\andre\AppData\Local\Programs\Python\Python312\Lib\site-packages\httpx\_client.py:942: in _send_handling_auth
    response = self._send_handling_redirects(
C:\Users\andre\AppData\Local\Programs\Python\Python312\Lib\site-packages\httpx\_client.py:979: in _send_handling_redirects
    response = self._send_single_request(request)
               ^^^^^^^^^^^^^^^^^^^^^^^^^^^^^^^^^^
C:\Users\andre\AppData\Local\Programs\Python\Python312\Lib\site-packages\httpx\_client.py:1014: in _send_single_request
    response = transport.handle_request(request)
               ^^^^^^^^^^^^^^^^^^^^^^^^^^^^^^^^^
C:\Users\andre\AppData\Local\Programs\Python\Python312\Lib\site-packages\starlette\testclient.py:348: in handle_request
    raise exc
C:\Users\andre\AppData\Local\Programs\Python\Python312\Lib\site-packages\starlette\testclient.py:345: in handle_request
    portal.call(self.app, scope, receive, send)
C:\Users\andre\AppData\Local\Programs\Python\Python312\Lib\site-packages\anyio\from_thread.py:334: in call
    return cast(T_Retval, self.start_task_soon(func, *args).result())
                          ^^^^^^^^^^^^^^^^^^^^^^^^^^^^^^^^^^^^^^^^^^
C:\Users\andre\AppData\Local\Programs\Python\Python312\Lib\concurrent\futures\_base.py:456: in result
    return self.__get_result()
           ^^^^^^^^^^^^^^^^^^^
C:\Users\andre\AppData\Local\Programs\Python\Python312\Lib\concurrent\futures\_base.py:401: in __get_result
    raise self._exception
C:\Users\andre\AppData\Local\Programs\Python\Python312\Lib\site-packages\anyio\from_thread.py:259: in _call_func
    retval = await retval_or_awaitable
             ^^^^^^^^^^^^^^^^^^^^^^^^^
C:\Users\andre\AppData\Local\Programs\Python\Python312\Lib\site-packages\fastapi\applications.py:1135: in __call__
    await super().__call__(scope, receive, send)
C:\Users\andre\AppData\Local\Programs\Python\Python312\Lib\site-packages\starlette\applications.py:107: in __call__
    await self.middleware_stack(scope, receive, send)
C:\Users\andre\AppData\Local\Programs\Python\Python312\Lib\site-packages\starlette\middleware\errors.py:186: in __call__
    raise exc
C:\Users\andre\AppData\Local\Programs\Python\Python312\Lib\site-packages\starlette\middleware\errors.py:164: in __call__
    await self.app(scope, receive, _send)
C:\Users\andre\AppData\Local\Programs\Python\Python312\Lib\site-packages\starlette\middleware\cors.py:85: in __call__
    await self.app(scope, receive, send)
C:\Users\andre\AppData\Local\Programs\Python\Python312\Lib\site-packages\starlette\middleware\exceptions.py:63: in __call__
    await wrap_app_handling_exceptions(self.app, conn)(scope, receive, send)
C:\Users\andre\AppData\Local\Programs\Python\Python312\Lib\site-packages\starlette\_exception_handler.py:53: in wrapped_app
    raise exc
C:\Users\andre\AppData\Local\Programs\Python\Python312\Lib\site-packages\starlette\_exception_handler.py:42: in wrapped_app
    await app(scope, receive, sender)
C:\Users\andre\AppData\Local\Programs\Python\Python312\Lib\site-packages\fastapi\middleware\asyncexitstack.py:18: in __call__
    await self.app(scope, receive, send)
C:\Users\andre\AppData\Local\Programs\Python\Python312\Lib\site-packages\starlette\routing.py:716: in __call__
    await self.middleware_stack(scope, receive, send)
C:\Users\andre\AppData\Local\Programs\Python\Python312\Lib\site-packages\starlette\routing.py:736: in app
    await route.handle(scope, receive, send)
C:\Users\andre\AppData\Local\Programs\Python\Python312\Lib\site-packages\starlette\routing.py:290: in handle
    await self.app(scope, receive, send)
C:\Users\andre\AppData\Local\Programs\Python\Python312\Lib\site-packages\fastapi\routing.py:115: in app
    await wrap_app_handling_exceptions(app, request)(scope, receive, send)
C:\Users\andre\AppData\Local\Programs\Python\Python312\Lib\site-packages\starlette\_exception_handler.py:53: in wrapped_app
    raise exc
C:\Users\andre\AppData\Local\Programs\Python\Python312\Lib\site-packages\starlette\_exception_handler.py:42: in wrapped_app
    await app(scope, receive, sender)
C:\Users\andre\AppData\Local\Programs\Python\Python312\Lib\site-packages\fastapi\routing.py:101: in app
    response = await f(request)
               ^^^^^^^^^^^^^^^^
C:\Users\andre\AppData\Local\Programs\Python\Python312\Lib\site-packages\fastapi\routing.py:355: in app
    raw_response = await run_endpoint_function(
C:\Users\andre\AppData\Local\Programs\Python\Python312\Lib\site-packages\fastapi\routing.py:245: in run_endpoint_function
    return await run_in_threadpool(dependant.call, **values)
           ^^^^^^^^^^^^^^^^^^^^^^^^^^^^^^^^^^^^^^^^^^^^^^^^^
C:\Users\andre\AppData\Local\Programs\Python\Python312\Lib\site-packages\starlette\concurrency.py:32: in run_in_threadpool
    return await anyio.to_thread.run_sync(func)
           ^^^^^^^^^^^^^^^^^^^^^^^^^^^^^^^^^^^^
C:\Users\andre\AppData\Local\Programs\Python\Python312\Lib\site-packages\anyio\to_thread.py:63: in run_sync
    return await get_async_backend().run_sync_in_worker_thread(
C:\Users\andre\AppData\Local\Programs\Python\Python312\Lib\site-packages\anyio\_backends\_asyncio.py:2502: in run_sync_in_worker_thread
    return await future
           ^^^^^^^^^^^^
C:\Users\andre\AppData\Local\Programs\Python\Python312\Lib\site-packages\anyio\_backends\_asyncio.py:986: in run
    result = context.run(func, *args)
             ^^^^^^^^^^^^^^^^^^^^^^^^
app\routers\auth.py:22: in register_user
    db_user = db.query(User).filter(User.username == user.username).first()
              ^^^^^^^^^^^^^^^^^^^^^^^^^^^^^^^^^^^^^^^^^^^^^^^^^^^^^^^^^^^^^
C:\Users\andre\AppData\Local\Programs\Python\Python312\Lib\site-packages\sqlalchemy\orm\query.py:2759: in first
    return self.limit(1)._iter().first()  # type: ignore
           ^^^^^^^^^^^^^^^^^^^^^
C:\Users\andre\AppData\Local\Programs\Python\Python312\Lib\site-packages\sqlalchemy\orm\query.py:2857: in _iter
    result: Union[ScalarResult[_T], Result[_T]] = self.session.execute(
C:\Users\andre\AppData\Local\Programs\Python\Python312\Lib\site-packages\sqlalchemy\orm\session.py:2351: in execute
    return self._execute_internal(
C:\Users\andre\AppData\Local\Programs\Python\Python312\Lib\site-packages\sqlalchemy\orm\session.py:2249: in _execute_internal
    result: Result[Any] = compile_state_cls.orm_execute_statement(
C:\Users\andre\AppData\Local\Programs\Python\Python312\Lib\site-packages\sqlalchemy\orm\context.py:306: in orm_execute_statement
    result = conn.execute(
C:\Users\andre\AppData\Local\Programs\Python\Python312\Lib\site-packages\sqlalchemy\engine\base.py:1419: in execute
    return meth(
C:\Users\andre\AppData\Local\Programs\Python\Python312\Lib\site-packages\sqlalchemy\sql\elements.py:527: in _execute_on_connection
    return connection._execute_clauseelement(
C:\Users\andre\AppData\Local\Programs\Python\Python312\Lib\site-packages\sqlalchemy\engine\base.py:1641: in _execute_clauseelement
    ret = self._execute_context(
C:\Users\andre\AppData\Local\Programs\Python\Python312\Lib\site-packages\sqlalchemy\engine\base.py:1846: in _execute_context
    return self._exec_single_context(
C:\Users\andre\AppData\Local\Programs\Python\Python312\Lib\site-packages\sqlalchemy\engine\base.py:1986: in _exec_single_context
    self._handle_dbapi_exception(
C:\Users\andre\AppData\Local\Programs\Python\Python312\Lib\site-packages\sqlalchemy\engine\base.py:2363: in _handle_dbapi_exception
    raise sqlalchemy_exception.with_traceback(exc_info[2]) from e
C:\Users\andre\AppData\Local\Programs\Python\Python312\Lib\site-packages\sqlalchemy\engine\base.py:1967: in _exec_single_context
    self.dialect.do_execute(
C:\Users\andre\AppData\Local\Programs\Python\Python312\Lib\site-packages\sqlalchemy\engine\default.py:952: in do_execute
    cursor.execute(statement, parameters)
E   sqlalchemy.exc.OperationalError: (sqlite3.OperationalError) no such table: users
E   [SQL: SELECT users.id AS users_id, users.username AS users_username, users.hashed_password AS users_hashed_password, users.created_at AS users_created_at 
E   FROM users 
E   WHERE users.username = ?
E    LIMIT ? OFFSET ?]
E   [parameters: ('testuser', 1, 0)]
E   (Background on this error at: https://sqlalche.me/e/20/e3q8)
___________ ERROR at setup of TestGetEntries.test_get_entries_empty ___________
C:\Users\andre\AppData\Local\Programs\Python\Python312\Lib\site-packages\sqlalchemy\engine\base.py:1967: in _exec_single_context
    self.dialect.do_execute(
C:\Users\andre\AppData\Local\Programs\Python\Python312\Lib\site-packages\sqlalchemy\engine\default.py:952: in do_execute
    cursor.execute(statement, parameters)
E   sqlite3.OperationalError: no such table: users

The above exception was the direct cause of the following exception:
tests\conftest.py:59: in auth_headers
    client.post("/auth/register", json={"username": "testuser", "password": "testpass"})
C:\Users\andre\AppData\Local\Programs\Python\Python312\Lib\site-packages\starlette\testclient.py:546: in post
    return super().post(
C:\Users\andre\AppData\Local\Programs\Python\Python312\Lib\site-packages\httpx\_client.py:1144: in post
    return self.request(
C:\Users\andre\AppData\Local\Programs\Python\Python312\Lib\site-packages\starlette\testclient.py:445: in request
    return super().request(
C:\Users\andre\AppData\Local\Programs\Python\Python312\Lib\site-packages\httpx\_client.py:825: in request
    return self.send(request, auth=auth, follow_redirects=follow_redirects)
           ^^^^^^^^^^^^^^^^^^^^^^^^^^^^^^^^^^^^^^^^^^^^^^^^^^^^^^^^^^^^^^^^
C:\Users\andre\AppData\Local\Programs\Python\Python312\Lib\site-packages\httpx\_client.py:914: in send
    response = self._send_handling_auth(
C:\Users\andre\AppData\Local\Programs\Python\Python312\Lib\site-packages\httpx\_client.py:942: in _send_handling_auth
    response = self._send_handling_redirects(
C:\Users\andre\AppData\Local\Programs\Python\Python312\Lib\site-packages\httpx\_client.py:979: in _send_handling_redirects
    response = self._send_single_request(request)
               ^^^^^^^^^^^^^^^^^^^^^^^^^^^^^^^^^^
C:\Users\andre\AppData\Local\Programs\Python\Python312\Lib\site-packages\httpx\_client.py:1014: in _send_single_request
    response = transport.handle_request(request)
               ^^^^^^^^^^^^^^^^^^^^^^^^^^^^^^^^^
C:\Users\andre\AppData\Local\Programs\Python\Python312\Lib\site-packages\starlette\testclient.py:348: in handle_request
    raise exc
C:\Users\andre\AppData\Local\Programs\Python\Python312\Lib\site-packages\starlette\testclient.py:345: in handle_request
    portal.call(self.app, scope, receive, send)
C:\Users\andre\AppData\Local\Programs\Python\Python312\Lib\site-packages\anyio\from_thread.py:334: in call
    return cast(T_Retval, self.start_task_soon(func, *args).result())
                          ^^^^^^^^^^^^^^^^^^^^^^^^^^^^^^^^^^^^^^^^^^
C:\Users\andre\AppData\Local\Programs\Python\Python312\Lib\concurrent\futures\_base.py:456: in result
    return self.__get_result()
           ^^^^^^^^^^^^^^^^^^^
C:\Users\andre\AppData\Local\Programs\Python\Python312\Lib\concurrent\futures\_base.py:401: in __get_result
    raise self._exception
C:\Users\andre\AppData\Local\Programs\Python\Python312\Lib\site-packages\anyio\from_thread.py:259: in _call_func
    retval = await retval_or_awaitable
             ^^^^^^^^^^^^^^^^^^^^^^^^^
C:\Users\andre\AppData\Local\Programs\Python\Python312\Lib\site-packages\fastapi\applications.py:1135: in __call__
    await super().__call__(scope, receive, send)
C:\Users\andre\AppData\Local\Programs\Python\Python312\Lib\site-packages\starlette\applications.py:107: in __call__
    await self.middleware_stack(scope, receive, send)
C:\Users\andre\AppData\Local\Programs\Python\Python312\Lib\site-packages\starlette\middleware\errors.py:186: in __call__
    raise exc
C:\Users\andre\AppData\Local\Programs\Python\Python312\Lib\site-packages\starlette\middleware\errors.py:164: in __call__
    await self.app(scope, receive, _send)
C:\Users\andre\AppData\Local\Programs\Python\Python312\Lib\site-packages\starlette\middleware\cors.py:85: in __call__
    await self.app(scope, receive, send)
C:\Users\andre\AppData\Local\Programs\Python\Python312\Lib\site-packages\starlette\middleware\exceptions.py:63: in __call__
    await wrap_app_handling_exceptions(self.app, conn)(scope, receive, send)
C:\Users\andre\AppData\Local\Programs\Python\Python312\Lib\site-packages\starlette\_exception_handler.py:53: in wrapped_app
    raise exc
C:\Users\andre\AppData\Local\Programs\Python\Python312\Lib\site-packages\starlette\_exception_handler.py:42: in wrapped_app
    await app(scope, receive, sender)
C:\Users\andre\AppData\Local\Programs\Python\Python312\Lib\site-packages\fastapi\middleware\asyncexitstack.py:18: in __call__
    await self.app(scope, receive, send)
C:\Users\andre\AppData\Local\Programs\Python\Python312\Lib\site-packages\starlette\routing.py:716: in __call__
    await self.middleware_stack(scope, receive, send)
C:\Users\andre\AppData\Local\Programs\Python\Python312\Lib\site-packages\starlette\routing.py:736: in app
    await route.handle(scope, receive, send)
C:\Users\andre\AppData\Local\Programs\Python\Python312\Lib\site-packages\starlette\routing.py:290: in handle
    await self.app(scope, receive, send)
C:\Users\andre\AppData\Local\Programs\Python\Python312\Lib\site-packages\fastapi\routing.py:115: in app
    await wrap_app_handling_exceptions(app, request)(scope, receive, send)
C:\Users\andre\AppData\Local\Programs\Python\Python312\Lib\site-packages\starlette\_exception_handler.py:53: in wrapped_app
    raise exc
C:\Users\andre\AppData\Local\Programs\Python\Python312\Lib\site-packages\starlette\_exception_handler.py:42: in wrapped_app
    await app(scope, receive, sender)
C:\Users\andre\AppData\Local\Programs\Python\Python312\Lib\site-packages\fastapi\routing.py:101: in app
    response = await f(request)
               ^^^^^^^^^^^^^^^^
C:\Users\andre\AppData\Local\Programs\Python\Python312\Lib\site-packages\fastapi\routing.py:355: in app
    raw_response = await run_endpoint_function(
C:\Users\andre\AppData\Local\Programs\Python\Python312\Lib\site-packages\fastapi\routing.py:245: in run_endpoint_function
    return await run_in_threadpool(dependant.call, **values)
           ^^^^^^^^^^^^^^^^^^^^^^^^^^^^^^^^^^^^^^^^^^^^^^^^^
C:\Users\andre\AppData\Local\Programs\Python\Python312\Lib\site-packages\starlette\concurrency.py:32: in run_in_threadpool
    return await anyio.to_thread.run_sync(func)
           ^^^^^^^^^^^^^^^^^^^^^^^^^^^^^^^^^^^^
C:\Users\andre\AppData\Local\Programs\Python\Python312\Lib\site-packages\anyio\to_thread.py:63: in run_sync
    return await get_async_backend().run_sync_in_worker_thread(
C:\Users\andre\AppData\Local\Programs\Python\Python312\Lib\site-packages\anyio\_backends\_asyncio.py:2502: in run_sync_in_worker_thread
    return await future
           ^^^^^^^^^^^^
C:\Users\andre\AppData\Local\Programs\Python\Python312\Lib\site-packages\anyio\_backends\_asyncio.py:986: in run
    result = context.run(func, *args)
             ^^^^^^^^^^^^^^^^^^^^^^^^
app\routers\auth.py:22: in register_user
    db_user = db.query(User).filter(User.username == user.username).first()
              ^^^^^^^^^^^^^^^^^^^^^^^^^^^^^^^^^^^^^^^^^^^^^^^^^^^^^^^^^^^^^
C:\Users\andre\AppData\Local\Programs\Python\Python312\Lib\site-packages\sqlalchemy\orm\query.py:2759: in first
    return self.limit(1)._iter().first()  # type: ignore
           ^^^^^^^^^^^^^^^^^^^^^
C:\Users\andre\AppData\Local\Programs\Python\Python312\Lib\site-packages\sqlalchemy\orm\query.py:2857: in _iter
    result: Union[ScalarResult[_T], Result[_T]] = self.session.execute(
C:\Users\andre\AppData\Local\Programs\Python\Python312\Lib\site-packages\sqlalchemy\orm\session.py:2351: in execute
    return self._execute_internal(
C:\Users\andre\AppData\Local\Programs\Python\Python312\Lib\site-packages\sqlalchemy\orm\session.py:2249: in _execute_internal
    result: Result[Any] = compile_state_cls.orm_execute_statement(
C:\Users\andre\AppData\Local\Programs\Python\Python312\Lib\site-packages\sqlalchemy\orm\context.py:306: in orm_execute_statement
    result = conn.execute(
C:\Users\andre\AppData\Local\Programs\Python\Python312\Lib\site-packages\sqlalchemy\engine\base.py:1419: in execute
    return meth(
C:\Users\andre\AppData\Local\Programs\Python\Python312\Lib\site-packages\sqlalchemy\sql\elements.py:527: in _execute_on_connection
    return connection._execute_clauseelement(
C:\Users\andre\AppData\Local\Programs\Python\Python312\Lib\site-packages\sqlalchemy\engine\base.py:1641: in _execute_clauseelement
    ret = self._execute_context(
C:\Users\andre\AppData\Local\Programs\Python\Python312\Lib\site-packages\sqlalchemy\engine\base.py:1846: in _execute_context
    return self._exec_single_context(
C:\Users\andre\AppData\Local\Programs\Python\Python312\Lib\site-packages\sqlalchemy\engine\base.py:1986: in _exec_single_context
    self._handle_dbapi_exception(
C:\Users\andre\AppData\Local\Programs\Python\Python312\Lib\site-packages\sqlalchemy\engine\base.py:2363: in _handle_dbapi_exception
    raise sqlalchemy_exception.with_traceback(exc_info[2]) from e
C:\Users\andre\AppData\Local\Programs\Python\Python312\Lib\site-packages\sqlalchemy\engine\base.py:1967: in _exec_single_context
    self.dialect.do_execute(
C:\Users\andre\AppData\Local\Programs\Python\Python312\Lib\site-packages\sqlalchemy\engine\default.py:952: in do_execute
    cursor.execute(statement, parameters)
E   sqlalchemy.exc.OperationalError: (sqlite3.OperationalError) no such table: users
E   [SQL: SELECT users.id AS users_id, users.username AS users_username, users.hashed_password AS users_hashed_password, users.created_at AS users_created_at 
E   FROM users 
E   WHERE users.username = ?
E    LIMIT ? OFFSET ?]
E   [parameters: ('testuser', 1, 0)]
E   (Background on this error at: https://sqlalche.me/e/20/e3q8)
________ ERROR at setup of TestGetEntries.test_get_entries_returns_own ________
C:\Users\andre\AppData\Local\Programs\Python\Python312\Lib\site-packages\sqlalchemy\engine\base.py:1967: in _exec_single_context
    self.dialect.do_execute(
C:\Users\andre\AppData\Local\Programs\Python\Python312\Lib\site-packages\sqlalchemy\engine\default.py:952: in do_execute
    cursor.execute(statement, parameters)
E   sqlite3.OperationalError: no such table: users

The above exception was the direct cause of the following exception:
tests\conftest.py:59: in auth_headers
    client.post("/auth/register", json={"username": "testuser", "password": "testpass"})
C:\Users\andre\AppData\Local\Programs\Python\Python312\Lib\site-packages\starlette\testclient.py:546: in post
    return super().post(
C:\Users\andre\AppData\Local\Programs\Python\Python312\Lib\site-packages\httpx\_client.py:1144: in post
    return self.request(
C:\Users\andre\AppData\Local\Programs\Python\Python312\Lib\site-packages\starlette\testclient.py:445: in request
    return super().request(
C:\Users\andre\AppData\Local\Programs\Python\Python312\Lib\site-packages\httpx\_client.py:825: in request
    return self.send(request, auth=auth, follow_redirects=follow_redirects)
           ^^^^^^^^^^^^^^^^^^^^^^^^^^^^^^^^^^^^^^^^^^^^^^^^^^^^^^^^^^^^^^^^
C:\Users\andre\AppData\Local\Programs\Python\Python312\Lib\site-packages\httpx\_client.py:914: in send
    response = self._send_handling_auth(
C:\Users\andre\AppData\Local\Programs\Python\Python312\Lib\site-packages\httpx\_client.py:942: in _send_handling_auth
    response = self._send_handling_redirects(
C:\Users\andre\AppData\Local\Programs\Python\Python312\Lib\site-packages\httpx\_client.py:979: in _send_handling_redirects
    response = self._send_single_request(request)
               ^^^^^^^^^^^^^^^^^^^^^^^^^^^^^^^^^^
C:\Users\andre\AppData\Local\Programs\Python\Python312\Lib\site-packages\httpx\_client.py:1014: in _send_single_request
    response = transport.handle_request(request)
               ^^^^^^^^^^^^^^^^^^^^^^^^^^^^^^^^^
C:\Users\andre\AppData\Local\Programs\Python\Python312\Lib\site-packages\starlette\testclient.py:348: in handle_request
    raise exc
C:\Users\andre\AppData\Local\Programs\Python\Python312\Lib\site-packages\starlette\testclient.py:345: in handle_request
    portal.call(self.app, scope, receive, send)
C:\Users\andre\AppData\Local\Programs\Python\Python312\Lib\site-packages\anyio\from_thread.py:334: in call
    return cast(T_Retval, self.start_task_soon(func, *args).result())
                          ^^^^^^^^^^^^^^^^^^^^^^^^^^^^^^^^^^^^^^^^^^
C:\Users\andre\AppData\Local\Programs\Python\Python312\Lib\concurrent\futures\_base.py:456: in result
    return self.__get_result()
           ^^^^^^^^^^^^^^^^^^^
C:\Users\andre\AppData\Local\Programs\Python\Python312\Lib\concurrent\futures\_base.py:401: in __get_result
    raise self._exception
C:\Users\andre\AppData\Local\Programs\Python\Python312\Lib\site-packages\anyio\from_thread.py:259: in _call_func
    retval = await retval_or_awaitable
             ^^^^^^^^^^^^^^^^^^^^^^^^^
C:\Users\andre\AppData\Local\Programs\Python\Python312\Lib\site-packages\fastapi\applications.py:1135: in __call__
    await super().__call__(scope, receive, send)
C:\Users\andre\AppData\Local\Programs\Python\Python312\Lib\site-packages\starlette\applications.py:107: in __call__
    await self.middleware_stack(scope, receive, send)
C:\Users\andre\AppData\Local\Programs\Python\Python312\Lib\site-packages\starlette\middleware\errors.py:186: in __call__
    raise exc
C:\Users\andre\AppData\Local\Programs\Python\Python312\Lib\site-packages\starlette\middleware\errors.py:164: in __call__
    await self.app(scope, receive, _send)
C:\Users\andre\AppData\Local\Programs\Python\Python312\Lib\site-packages\starlette\middleware\cors.py:85: in __call__
    await self.app(scope, receive, send)
C:\Users\andre\AppData\Local\Programs\Python\Python312\Lib\site-packages\starlette\middleware\exceptions.py:63: in __call__
    await wrap_app_handling_exceptions(self.app, conn)(scope, receive, send)
C:\Users\andre\AppData\Local\Programs\Python\Python312\Lib\site-packages\starlette\_exception_handler.py:53: in wrapped_app
    raise exc
C:\Users\andre\AppData\Local\Programs\Python\Python312\Lib\site-packages\starlette\_exception_handler.py:42: in wrapped_app
    await app(scope, receive, sender)
C:\Users\andre\AppData\Local\Programs\Python\Python312\Lib\site-packages\fastapi\middleware\asyncexitstack.py:18: in __call__
    await self.app(scope, receive, send)
C:\Users\andre\AppData\Local\Programs\Python\Python312\Lib\site-packages\starlette\routing.py:716: in __call__
    await self.middleware_stack(scope, receive, send)
C:\Users\andre\AppData\Local\Programs\Python\Python312\Lib\site-packages\starlette\routing.py:736: in app
    await route.handle(scope, receive, send)
C:\Users\andre\AppData\Local\Programs\Python\Python312\Lib\site-packages\starlette\routing.py:290: in handle
    await self.app(scope, receive, send)
C:\Users\andre\AppData\Local\Programs\Python\Python312\Lib\site-packages\fastapi\routing.py:115: in app
    await wrap_app_handling_exceptions(app, request)(scope, receive, send)
C:\Users\andre\AppData\Local\Programs\Python\Python312\Lib\site-packages\starlette\_exception_handler.py:53: in wrapped_app
    raise exc
C:\Users\andre\AppData\Local\Programs\Python\Python312\Lib\site-packages\starlette\_exception_handler.py:42: in wrapped_app
    await app(scope, receive, sender)
C:\Users\andre\AppData\Local\Programs\Python\Python312\Lib\site-packages\fastapi\routing.py:101: in app
    response = await f(request)
               ^^^^^^^^^^^^^^^^
C:\Users\andre\AppData\Local\Programs\Python\Python312\Lib\site-packages\fastapi\routing.py:355: in app
    raw_response = await run_endpoint_function(
C:\Users\andre\AppData\Local\Programs\Python\Python312\Lib\site-packages\fastapi\routing.py:245: in run_endpoint_function
    return await run_in_threadpool(dependant.call, **values)
           ^^^^^^^^^^^^^^^^^^^^^^^^^^^^^^^^^^^^^^^^^^^^^^^^^
C:\Users\andre\AppData\Local\Programs\Python\Python312\Lib\site-packages\starlette\concurrency.py:32: in run_in_threadpool
    return await anyio.to_thread.run_sync(func)
           ^^^^^^^^^^^^^^^^^^^^^^^^^^^^^^^^^^^^
C:\Users\andre\AppData\Local\Programs\Python\Python312\Lib\site-packages\anyio\to_thread.py:63: in run_sync
    return await get_async_backend().run_sync_in_worker_thread(
C:\Users\andre\AppData\Local\Programs\Python\Python312\Lib\site-packages\anyio\_backends\_asyncio.py:2502: in run_sync_in_worker_thread
    return await future
           ^^^^^^^^^^^^
C:\Users\andre\AppData\Local\Programs\Python\Python312\Lib\site-packages\anyio\_backends\_asyncio.py:986: in run
    result = context.run(func, *args)
             ^^^^^^^^^^^^^^^^^^^^^^^^
app\routers\auth.py:22: in register_user
    db_user = db.query(User).filter(User.username == user.username).first()
              ^^^^^^^^^^^^^^^^^^^^^^^^^^^^^^^^^^^^^^^^^^^^^^^^^^^^^^^^^^^^^
C:\Users\andre\AppData\Local\Programs\Python\Python312\Lib\site-packages\sqlalchemy\orm\query.py:2759: in first
    return self.limit(1)._iter().first()  # type: ignore
           ^^^^^^^^^^^^^^^^^^^^^
C:\Users\andre\AppData\Local\Programs\Python\Python312\Lib\site-packages\sqlalchemy\orm\query.py:2857: in _iter
    result: Union[ScalarResult[_T], Result[_T]] = self.session.execute(
C:\Users\andre\AppData\Local\Programs\Python\Python312\Lib\site-packages\sqlalchemy\orm\session.py:2351: in execute
    return self._execute_internal(
C:\Users\andre\AppData\Local\Programs\Python\Python312\Lib\site-packages\sqlalchemy\orm\session.py:2249: in _execute_internal
    result: Result[Any] = compile_state_cls.orm_execute_statement(
C:\Users\andre\AppData\Local\Programs\Python\Python312\Lib\site-packages\sqlalchemy\orm\context.py:306: in orm_execute_statement
    result = conn.execute(
C:\Users\andre\AppData\Local\Programs\Python\Python312\Lib\site-packages\sqlalchemy\engine\base.py:1419: in execute
    return meth(
C:\Users\andre\AppData\Local\Programs\Python\Python312\Lib\site-packages\sqlalchemy\sql\elements.py:527: in _execute_on_connection
    return connection._execute_clauseelement(
C:\Users\andre\AppData\Local\Programs\Python\Python312\Lib\site-packages\sqlalchemy\engine\base.py:1641: in _execute_clauseelement
    ret = self._execute_context(
C:\Users\andre\AppData\Local\Programs\Python\Python312\Lib\site-packages\sqlalchemy\engine\base.py:1846: in _execute_context
    return self._exec_single_context(
C:\Users\andre\AppData\Local\Programs\Python\Python312\Lib\site-packages\sqlalchemy\engine\base.py:1986: in _exec_single_context
    self._handle_dbapi_exception(
C:\Users\andre\AppData\Local\Programs\Python\Python312\Lib\site-packages\sqlalchemy\engine\base.py:2363: in _handle_dbapi_exception
    raise sqlalchemy_exception.with_traceback(exc_info[2]) from e
C:\Users\andre\AppData\Local\Programs\Python\Python312\Lib\site-packages\sqlalchemy\engine\base.py:1967: in _exec_single_context
    self.dialect.do_execute(
C:\Users\andre\AppData\Local\Programs\Python\Python312\Lib\site-packages\sqlalchemy\engine\default.py:952: in do_execute
    cursor.execute(statement, parameters)
E   sqlalchemy.exc.OperationalError: (sqlite3.OperationalError) no such table: users
E   [SQL: SELECT users.id AS users_id, users.username AS users_username, users.hashed_password AS users_hashed_password, users.created_at AS users_created_at 
E   FROM users 
E   WHERE users.username = ?
E    LIMIT ? OFFSET ?]
E   [parameters: ('testuser', 1, 0)]
E   (Background on this error at: https://sqlalche.me/e/20/e3q8)
____ ERROR at setup of TestGetEntries.test_entries_isolated_between_users _____
C:\Users\andre\AppData\Local\Programs\Python\Python312\Lib\site-packages\sqlalchemy\engine\base.py:1967: in _exec_single_context
    self.dialect.do_execute(
C:\Users\andre\AppData\Local\Programs\Python\Python312\Lib\site-packages\sqlalchemy\engine\default.py:952: in do_execute
    cursor.execute(statement, parameters)
E   sqlite3.OperationalError: no such table: users

The above exception was the direct cause of the following exception:
tests\conftest.py:59: in auth_headers
    client.post("/auth/register", json={"username": "testuser", "password": "testpass"})
C:\Users\andre\AppData\Local\Programs\Python\Python312\Lib\site-packages\starlette\testclient.py:546: in post
    return super().post(
C:\Users\andre\AppData\Local\Programs\Python\Python312\Lib\site-packages\httpx\_client.py:1144: in post
    return self.request(
C:\Users\andre\AppData\Local\Programs\Python\Python312\Lib\site-packages\starlette\testclient.py:445: in request
    return super().request(
C:\Users\andre\AppData\Local\Programs\Python\Python312\Lib\site-packages\httpx\_client.py:825: in request
    return self.send(request, auth=auth, follow_redirects=follow_redirects)
           ^^^^^^^^^^^^^^^^^^^^^^^^^^^^^^^^^^^^^^^^^^^^^^^^^^^^^^^^^^^^^^^^
C:\Users\andre\AppData\Local\Programs\Python\Python312\Lib\site-packages\httpx\_client.py:914: in send
    response = self._send_handling_auth(
C:\Users\andre\AppData\Local\Programs\Python\Python312\Lib\site-packages\httpx\_client.py:942: in _send_handling_auth
    response = self._send_handling_redirects(
C:\Users\andre\AppData\Local\Programs\Python\Python312\Lib\site-packages\httpx\_client.py:979: in _send_handling_redirects
    response = self._send_single_request(request)
               ^^^^^^^^^^^^^^^^^^^^^^^^^^^^^^^^^^
C:\Users\andre\AppData\Local\Programs\Python\Python312\Lib\site-packages\httpx\_client.py:1014: in _send_single_request
    response = transport.handle_request(request)
               ^^^^^^^^^^^^^^^^^^^^^^^^^^^^^^^^^
C:\Users\andre\AppData\Local\Programs\Python\Python312\Lib\site-packages\starlette\testclient.py:348: in handle_request
    raise exc
C:\Users\andre\AppData\Local\Programs\Python\Python312\Lib\site-packages\starlette\testclient.py:345: in handle_request
    portal.call(self.app, scope, receive, send)
C:\Users\andre\AppData\Local\Programs\Python\Python312\Lib\site-packages\anyio\from_thread.py:334: in call
    return cast(T_Retval, self.start_task_soon(func, *args).result())
                          ^^^^^^^^^^^^^^^^^^^^^^^^^^^^^^^^^^^^^^^^^^
C:\Users\andre\AppData\Local\Programs\Python\Python312\Lib\concurrent\futures\_base.py:456: in result
    return self.__get_result()
           ^^^^^^^^^^^^^^^^^^^
C:\Users\andre\AppData\Local\Programs\Python\Python312\Lib\concurrent\futures\_base.py:401: in __get_result
    raise self._exception
C:\Users\andre\AppData\Local\Programs\Python\Python312\Lib\site-packages\anyio\from_thread.py:259: in _call_func
    retval = await retval_or_awaitable
             ^^^^^^^^^^^^^^^^^^^^^^^^^
C:\Users\andre\AppData\Local\Programs\Python\Python312\Lib\site-packages\fastapi\applications.py:1135: in __call__
    await super().__call__(scope, receive, send)
C:\Users\andre\AppData\Local\Programs\Python\Python312\Lib\site-packages\starlette\applications.py:107: in __call__
    await self.middleware_stack(scope, receive, send)
C:\Users\andre\AppData\Local\Programs\Python\Python312\Lib\site-packages\starlette\middleware\errors.py:186: in __call__
    raise exc
C:\Users\andre\AppData\Local\Programs\Python\Python312\Lib\site-packages\starlette\middleware\errors.py:164: in __call__
    await self.app(scope, receive, _send)
C:\Users\andre\AppData\Local\Programs\Python\Python312\Lib\site-packages\starlette\middleware\cors.py:85: in __call__
    await self.app(scope, receive, send)
C:\Users\andre\AppData\Local\Programs\Python\Python312\Lib\site-packages\starlette\middleware\exceptions.py:63: in __call__
    await wrap_app_handling_exceptions(self.app, conn)(scope, receive, send)
C:\Users\andre\AppData\Local\Programs\Python\Python312\Lib\site-packages\starlette\_exception_handler.py:53: in wrapped_app
    raise exc
C:\Users\andre\AppData\Local\Programs\Python\Python312\Lib\site-packages\starlette\_exception_handler.py:42: in wrapped_app
    await app(scope, receive, sender)
C:\Users\andre\AppData\Local\Programs\Python\Python312\Lib\site-packages\fastapi\middleware\asyncexitstack.py:18: in __call__
    await self.app(scope, receive, send)
C:\Users\andre\AppData\Local\Programs\Python\Python312\Lib\site-packages\starlette\routing.py:716: in __call__
    await self.middleware_stack(scope, receive, send)
C:\Users\andre\AppData\Local\Programs\Python\Python312\Lib\site-packages\starlette\routing.py:736: in app
    await route.handle(scope, receive, send)
C:\Users\andre\AppData\Local\Programs\Python\Python312\Lib\site-packages\starlette\routing.py:290: in handle
    await self.app(scope, receive, send)
C:\Users\andre\AppData\Local\Programs\Python\Python312\Lib\site-packages\fastapi\routing.py:115: in app
    await wrap_app_handling_exceptions(app, request)(scope, receive, send)
C:\Users\andre\AppData\Local\Programs\Python\Python312\Lib\site-packages\starlette\_exception_handler.py:53: in wrapped_app
    raise exc
C:\Users\andre\AppData\Local\Programs\Python\Python312\Lib\site-packages\starlette\_exception_handler.py:42: in wrapped_app
    await app(scope, receive, sender)
C:\Users\andre\AppData\Local\Programs\Python\Python312\Lib\site-packages\fastapi\routing.py:101: in app
    response = await f(request)
               ^^^^^^^^^^^^^^^^
C:\Users\andre\AppData\Local\Programs\Python\Python312\Lib\site-packages\fastapi\routing.py:355: in app
    raw_response = await run_endpoint_function(
C:\Users\andre\AppData\Local\Programs\Python\Python312\Lib\site-packages\fastapi\routing.py:245: in run_endpoint_function
    return await run_in_threadpool(dependant.call, **values)
           ^^^^^^^^^^^^^^^^^^^^^^^^^^^^^^^^^^^^^^^^^^^^^^^^^
C:\Users\andre\AppData\Local\Programs\Python\Python312\Lib\site-packages\starlette\concurrency.py:32: in run_in_threadpool
    return await anyio.to_thread.run_sync(func)
           ^^^^^^^^^^^^^^^^^^^^^^^^^^^^^^^^^^^^
C:\Users\andre\AppData\Local\Programs\Python\Python312\Lib\site-packages\anyio\to_thread.py:63: in run_sync
    return await get_async_backend().run_sync_in_worker_thread(
C:\Users\andre\AppData\Local\Programs\Python\Python312\Lib\site-packages\anyio\_backends\_asyncio.py:2502: in run_sync_in_worker_thread
    return await future
           ^^^^^^^^^^^^
C:\Users\andre\AppData\Local\Programs\Python\Python312\Lib\site-packages\anyio\_backends\_asyncio.py:986: in run
    result = context.run(func, *args)
             ^^^^^^^^^^^^^^^^^^^^^^^^
app\routers\auth.py:22: in register_user
    db_user = db.query(User).filter(User.username == user.username).first()
              ^^^^^^^^^^^^^^^^^^^^^^^^^^^^^^^^^^^^^^^^^^^^^^^^^^^^^^^^^^^^^
C:\Users\andre\AppData\Local\Programs\Python\Python312\Lib\site-packages\sqlalchemy\orm\query.py:2759: in first
    return self.limit(1)._iter().first()  # type: ignore
           ^^^^^^^^^^^^^^^^^^^^^
C:\Users\andre\AppData\Local\Programs\Python\Python312\Lib\site-packages\sqlalchemy\orm\query.py:2857: in _iter
    result: Union[ScalarResult[_T], Result[_T]] = self.session.execute(
C:\Users\andre\AppData\Local\Programs\Python\Python312\Lib\site-packages\sqlalchemy\orm\session.py:2351: in execute
    return self._execute_internal(
C:\Users\andre\AppData\Local\Programs\Python\Python312\Lib\site-packages\sqlalchemy\orm\session.py:2249: in _execute_internal
    result: Result[Any] = compile_state_cls.orm_execute_statement(
C:\Users\andre\AppData\Local\Programs\Python\Python312\Lib\site-packages\sqlalchemy\orm\context.py:306: in orm_execute_statement
    result = conn.execute(
C:\Users\andre\AppData\Local\Programs\Python\Python312\Lib\site-packages\sqlalchemy\engine\base.py:1419: in execute
    return meth(
C:\Users\andre\AppData\Local\Programs\Python\Python312\Lib\site-packages\sqlalchemy\sql\elements.py:527: in _execute_on_connection
    return connection._execute_clauseelement(
C:\Users\andre\AppData\Local\Programs\Python\Python312\Lib\site-packages\sqlalchemy\engine\base.py:1641: in _execute_clauseelement
    ret = self._execute_context(
C:\Users\andre\AppData\Local\Programs\Python\Python312\Lib\site-packages\sqlalchemy\engine\base.py:1846: in _execute_context
    return self._exec_single_context(
C:\Users\andre\AppData\Local\Programs\Python\Python312\Lib\site-packages\sqlalchemy\engine\base.py:1986: in _exec_single_context
    self._handle_dbapi_exception(
C:\Users\andre\AppData\Local\Programs\Python\Python312\Lib\site-packages\sqlalchemy\engine\base.py:2363: in _handle_dbapi_exception
    raise sqlalchemy_exception.with_traceback(exc_info[2]) from e
C:\Users\andre\AppData\Local\Programs\Python\Python312\Lib\site-packages\sqlalchemy\engine\base.py:1967: in _exec_single_context
    self.dialect.do_execute(
C:\Users\andre\AppData\Local\Programs\Python\Python312\Lib\site-packages\sqlalchemy\engine\default.py:952: in do_execute
    cursor.execute(statement, parameters)
E   sqlalchemy.exc.OperationalError: (sqlite3.OperationalError) no such table: users
E   [SQL: SELECT users.id AS users_id, users.username AS users_username, users.hashed_password AS users_hashed_password, users.created_at AS users_created_at 
E   FROM users 
E   WHERE users.username = ?
E    LIMIT ? OFFSET ?]
E   [parameters: ('testuser', 1, 0)]
E   (Background on this error at: https://sqlalche.me/e/20/e3q8)
__________ ERROR at setup of TestGetSingleEntry.test_get_entry_by_id __________
C:\Users\andre\AppData\Local\Programs\Python\Python312\Lib\site-packages\sqlalchemy\engine\base.py:1967: in _exec_single_context
    self.dialect.do_execute(
C:\Users\andre\AppData\Local\Programs\Python\Python312\Lib\site-packages\sqlalchemy\engine\default.py:952: in do_execute
    cursor.execute(statement, parameters)
E   sqlite3.OperationalError: no such table: users

The above exception was the direct cause of the following exception:
tests\conftest.py:59: in auth_headers
    client.post("/auth/register", json={"username": "testuser", "password": "testpass"})
C:\Users\andre\AppData\Local\Programs\Python\Python312\Lib\site-packages\starlette\testclient.py:546: in post
    return super().post(
C:\Users\andre\AppData\Local\Programs\Python\Python312\Lib\site-packages\httpx\_client.py:1144: in post
    return self.request(
C:\Users\andre\AppData\Local\Programs\Python\Python312\Lib\site-packages\starlette\testclient.py:445: in request
    return super().request(
C:\Users\andre\AppData\Local\Programs\Python\Python312\Lib\site-packages\httpx\_client.py:825: in request
    return self.send(request, auth=auth, follow_redirects=follow_redirects)
           ^^^^^^^^^^^^^^^^^^^^^^^^^^^^^^^^^^^^^^^^^^^^^^^^^^^^^^^^^^^^^^^^
C:\Users\andre\AppData\Local\Programs\Python\Python312\Lib\site-packages\httpx\_client.py:914: in send
    response = self._send_handling_auth(
C:\Users\andre\AppData\Local\Programs\Python\Python312\Lib\site-packages\httpx\_client.py:942: in _send_handling_auth
    response = self._send_handling_redirects(
C:\Users\andre\AppData\Local\Programs\Python\Python312\Lib\site-packages\httpx\_client.py:979: in _send_handling_redirects
    response = self._send_single_request(request)
               ^^^^^^^^^^^^^^^^^^^^^^^^^^^^^^^^^^
C:\Users\andre\AppData\Local\Programs\Python\Python312\Lib\site-packages\httpx\_client.py:1014: in _send_single_request
    response = transport.handle_request(request)
               ^^^^^^^^^^^^^^^^^^^^^^^^^^^^^^^^^
C:\Users\andre\AppData\Local\Programs\Python\Python312\Lib\site-packages\starlette\testclient.py:348: in handle_request
    raise exc
C:\Users\andre\AppData\Local\Programs\Python\Python312\Lib\site-packages\starlette\testclient.py:345: in handle_request
    portal.call(self.app, scope, receive, send)
C:\Users\andre\AppData\Local\Programs\Python\Python312\Lib\site-packages\anyio\from_thread.py:334: in call
    return cast(T_Retval, self.start_task_soon(func, *args).result())
                          ^^^^^^^^^^^^^^^^^^^^^^^^^^^^^^^^^^^^^^^^^^
C:\Users\andre\AppData\Local\Programs\Python\Python312\Lib\concurrent\futures\_base.py:456: in result
    return self.__get_result()
           ^^^^^^^^^^^^^^^^^^^
C:\Users\andre\AppData\Local\Programs\Python\Python312\Lib\concurrent\futures\_base.py:401: in __get_result
    raise self._exception
C:\Users\andre\AppData\Local\Programs\Python\Python312\Lib\site-packages\anyio\from_thread.py:259: in _call_func
    retval = await retval_or_awaitable
             ^^^^^^^^^^^^^^^^^^^^^^^^^
C:\Users\andre\AppData\Local\Programs\Python\Python312\Lib\site-packages\fastapi\applications.py:1135: in __call__
    await super().__call__(scope, receive, send)
C:\Users\andre\AppData\Local\Programs\Python\Python312\Lib\site-packages\starlette\applications.py:107: in __call__
    await self.middleware_stack(scope, receive, send)
C:\Users\andre\AppData\Local\Programs\Python\Python312\Lib\site-packages\starlette\middleware\errors.py:186: in __call__
    raise exc
C:\Users\andre\AppData\Local\Programs\Python\Python312\Lib\site-packages\starlette\middleware\errors.py:164: in __call__
    await self.app(scope, receive, _send)
C:\Users\andre\AppData\Local\Programs\Python\Python312\Lib\site-packages\starlette\middleware\cors.py:85: in __call__
    await self.app(scope, receive, send)
C:\Users\andre\AppData\Local\Programs\Python\Python312\Lib\site-packages\starlette\middleware\exceptions.py:63: in __call__
    await wrap_app_handling_exceptions(self.app, conn)(scope, receive, send)
C:\Users\andre\AppData\Local\Programs\Python\Python312\Lib\site-packages\starlette\_exception_handler.py:53: in wrapped_app
    raise exc
C:\Users\andre\AppData\Local\Programs\Python\Python312\Lib\site-packages\starlette\_exception_handler.py:42: in wrapped_app
    await app(scope, receive, sender)
C:\Users\andre\AppData\Local\Programs\Python\Python312\Lib\site-packages\fastapi\middleware\asyncexitstack.py:18: in __call__
    await self.app(scope, receive, send)
C:\Users\andre\AppData\Local\Programs\Python\Python312\Lib\site-packages\starlette\routing.py:716: in __call__
    await self.middleware_stack(scope, receive, send)
C:\Users\andre\AppData\Local\Programs\Python\Python312\Lib\site-packages\starlette\routing.py:736: in app
    await route.handle(scope, receive, send)
C:\Users\andre\AppData\Local\Programs\Python\Python312\Lib\site-packages\starlette\routing.py:290: in handle
    await self.app(scope, receive, send)
C:\Users\andre\AppData\Local\Programs\Python\Python312\Lib\site-packages\fastapi\routing.py:115: in app
    await wrap_app_handling_exceptions(app, request)(scope, receive, send)
C:\Users\andre\AppData\Local\Programs\Python\Python312\Lib\site-packages\starlette\_exception_handler.py:53: in wrapped_app
    raise exc
C:\Users\andre\AppData\Local\Programs\Python\Python312\Lib\site-packages\starlette\_exception_handler.py:42: in wrapped_app
    await app(scope, receive, sender)
C:\Users\andre\AppData\Local\Programs\Python\Python312\Lib\site-packages\fastapi\routing.py:101: in app
    response = await f(request)
               ^^^^^^^^^^^^^^^^
C:\Users\andre\AppData\Local\Programs\Python\Python312\Lib\site-packages\fastapi\routing.py:355: in app
    raw_response = await run_endpoint_function(
C:\Users\andre\AppData\Local\Programs\Python\Python312\Lib\site-packages\fastapi\routing.py:245: in run_endpoint_function
    return await run_in_threadpool(dependant.call, **values)
           ^^^^^^^^^^^^^^^^^^^^^^^^^^^^^^^^^^^^^^^^^^^^^^^^^
C:\Users\andre\AppData\Local\Programs\Python\Python312\Lib\site-packages\starlette\concurrency.py:32: in run_in_threadpool
    return await anyio.to_thread.run_sync(func)
           ^^^^^^^^^^^^^^^^^^^^^^^^^^^^^^^^^^^^
C:\Users\andre\AppData\Local\Programs\Python\Python312\Lib\site-packages\anyio\to_thread.py:63: in run_sync
    return await get_async_backend().run_sync_in_worker_thread(
C:\Users\andre\AppData\Local\Programs\Python\Python312\Lib\site-packages\anyio\_backends\_asyncio.py:2502: in run_sync_in_worker_thread
    return await future
           ^^^^^^^^^^^^
C:\Users\andre\AppData\Local\Programs\Python\Python312\Lib\site-packages\anyio\_backends\_asyncio.py:986: in run
    result = context.run(func, *args)
             ^^^^^^^^^^^^^^^^^^^^^^^^
app\routers\auth.py:22: in register_user
    db_user = db.query(User).filter(User.username == user.username).first()
              ^^^^^^^^^^^^^^^^^^^^^^^^^^^^^^^^^^^^^^^^^^^^^^^^^^^^^^^^^^^^^
C:\Users\andre\AppData\Local\Programs\Python\Python312\Lib\site-packages\sqlalchemy\orm\query.py:2759: in first
    return self.limit(1)._iter().first()  # type: ignore
           ^^^^^^^^^^^^^^^^^^^^^
C:\Users\andre\AppData\Local\Programs\Python\Python312\Lib\site-packages\sqlalchemy\orm\query.py:2857: in _iter
    result: Union[ScalarResult[_T], Result[_T]] = self.session.execute(
C:\Users\andre\AppData\Local\Programs\Python\Python312\Lib\site-packages\sqlalchemy\orm\session.py:2351: in execute
    return self._execute_internal(
C:\Users\andre\AppData\Local\Programs\Python\Python312\Lib\site-packages\sqlalchemy\orm\session.py:2249: in _execute_internal
    result: Result[Any] = compile_state_cls.orm_execute_statement(
C:\Users\andre\AppData\Local\Programs\Python\Python312\Lib\site-packages\sqlalchemy\orm\context.py:306: in orm_execute_statement
    result = conn.execute(
C:\Users\andre\AppData\Local\Programs\Python\Python312\Lib\site-packages\sqlalchemy\engine\base.py:1419: in execute
    return meth(
C:\Users\andre\AppData\Local\Programs\Python\Python312\Lib\site-packages\sqlalchemy\sql\elements.py:527: in _execute_on_connection
    return connection._execute_clauseelement(
C:\Users\andre\AppData\Local\Programs\Python\Python312\Lib\site-packages\sqlalchemy\engine\base.py:1641: in _execute_clauseelement
    ret = self._execute_context(
C:\Users\andre\AppData\Local\Programs\Python\Python312\Lib\site-packages\sqlalchemy\engine\base.py:1846: in _execute_context
    return self._exec_single_context(
C:\Users\andre\AppData\Local\Programs\Python\Python312\Lib\site-packages\sqlalchemy\engine\base.py:1986: in _exec_single_context
    self._handle_dbapi_exception(
C:\Users\andre\AppData\Local\Programs\Python\Python312\Lib\site-packages\sqlalchemy\engine\base.py:2363: in _handle_dbapi_exception
    raise sqlalchemy_exception.with_traceback(exc_info[2]) from e
C:\Users\andre\AppData\Local\Programs\Python\Python312\Lib\site-packages\sqlalchemy\engine\base.py:1967: in _exec_single_context
    self.dialect.do_execute(
C:\Users\andre\AppData\Local\Programs\Python\Python312\Lib\site-packages\sqlalchemy\engine\default.py:952: in do_execute
    cursor.execute(statement, parameters)
E   sqlalchemy.exc.OperationalError: (sqlite3.OperationalError) no such table: users
E   [SQL: SELECT users.id AS users_id, users.username AS users_username, users.hashed_password AS users_hashed_password, users.created_at AS users_created_at 
E   FROM users 
E   WHERE users.username = ?
E    LIMIT ? OFFSET ?]
E   [parameters: ('testuser', 1, 0)]
E   (Background on this error at: https://sqlalche.me/e/20/e3q8)
________ ERROR at setup of TestGetSingleEntry.test_get_entry_not_found ________
C:\Users\andre\AppData\Local\Programs\Python\Python312\Lib\site-packages\sqlalchemy\engine\base.py:1967: in _exec_single_context
    self.dialect.do_execute(
C:\Users\andre\AppData\Local\Programs\Python\Python312\Lib\site-packages\sqlalchemy\engine\default.py:952: in do_execute
    cursor.execute(statement, parameters)
E   sqlite3.OperationalError: no such table: users

The above exception was the direct cause of the following exception:
tests\conftest.py:59: in auth_headers
    client.post("/auth/register", json={"username": "testuser", "password": "testpass"})
C:\Users\andre\AppData\Local\Programs\Python\Python312\Lib\site-packages\starlette\testclient.py:546: in post
    return super().post(
C:\Users\andre\AppData\Local\Programs\Python\Python312\Lib\site-packages\httpx\_client.py:1144: in post
    return self.request(
C:\Users\andre\AppData\Local\Programs\Python\Python312\Lib\site-packages\starlette\testclient.py:445: in request
    return super().request(
C:\Users\andre\AppData\Local\Programs\Python\Python312\Lib\site-packages\httpx\_client.py:825: in request
    return self.send(request, auth=auth, follow_redirects=follow_redirects)
           ^^^^^^^^^^^^^^^^^^^^^^^^^^^^^^^^^^^^^^^^^^^^^^^^^^^^^^^^^^^^^^^^
C:\Users\andre\AppData\Local\Programs\Python\Python312\Lib\site-packages\httpx\_client.py:914: in send
    response = self._send_handling_auth(
C:\Users\andre\AppData\Local\Programs\Python\Python312\Lib\site-packages\httpx\_client.py:942: in _send_handling_auth
    response = self._send_handling_redirects(
C:\Users\andre\AppData\Local\Programs\Python\Python312\Lib\site-packages\httpx\_client.py:979: in _send_handling_redirects
    response = self._send_single_request(request)
               ^^^^^^^^^^^^^^^^^^^^^^^^^^^^^^^^^^
C:\Users\andre\AppData\Local\Programs\Python\Python312\Lib\site-packages\httpx\_client.py:1014: in _send_single_request
    response = transport.handle_request(request)
               ^^^^^^^^^^^^^^^^^^^^^^^^^^^^^^^^^
C:\Users\andre\AppData\Local\Programs\Python\Python312\Lib\site-packages\starlette\testclient.py:348: in handle_request
    raise exc
C:\Users\andre\AppData\Local\Programs\Python\Python312\Lib\site-packages\starlette\testclient.py:345: in handle_request
    portal.call(self.app, scope, receive, send)
C:\Users\andre\AppData\Local\Programs\Python\Python312\Lib\site-packages\anyio\from_thread.py:334: in call
    return cast(T_Retval, self.start_task_soon(func, *args).result())
                          ^^^^^^^^^^^^^^^^^^^^^^^^^^^^^^^^^^^^^^^^^^
C:\Users\andre\AppData\Local\Programs\Python\Python312\Lib\concurrent\futures\_base.py:456: in result
    return self.__get_result()
           ^^^^^^^^^^^^^^^^^^^
C:\Users\andre\AppData\Local\Programs\Python\Python312\Lib\concurrent\futures\_base.py:401: in __get_result
    raise self._exception
C:\Users\andre\AppData\Local\Programs\Python\Python312\Lib\site-packages\anyio\from_thread.py:259: in _call_func
    retval = await retval_or_awaitable
             ^^^^^^^^^^^^^^^^^^^^^^^^^
C:\Users\andre\AppData\Local\Programs\Python\Python312\Lib\site-packages\fastapi\applications.py:1135: in __call__
    await super().__call__(scope, receive, send)
C:\Users\andre\AppData\Local\Programs\Python\Python312\Lib\site-packages\starlette\applications.py:107: in __call__
    await self.middleware_stack(scope, receive, send)
C:\Users\andre\AppData\Local\Programs\Python\Python312\Lib\site-packages\starlette\middleware\errors.py:186: in __call__
    raise exc
C:\Users\andre\AppData\Local\Programs\Python\Python312\Lib\site-packages\starlette\middleware\errors.py:164: in __call__
    await self.app(scope, receive, _send)
C:\Users\andre\AppData\Local\Programs\Python\Python312\Lib\site-packages\starlette\middleware\cors.py:85: in __call__
    await self.app(scope, receive, send)
C:\Users\andre\AppData\Local\Programs\Python\Python312\Lib\site-packages\starlette\middleware\exceptions.py:63: in __call__
    await wrap_app_handling_exceptions(self.app, conn)(scope, receive, send)
C:\Users\andre\AppData\Local\Programs\Python\Python312\Lib\site-packages\starlette\_exception_handler.py:53: in wrapped_app
    raise exc
C:\Users\andre\AppData\Local\Programs\Python\Python312\Lib\site-packages\starlette\_exception_handler.py:42: in wrapped_app
    await app(scope, receive, sender)
C:\Users\andre\AppData\Local\Programs\Python\Python312\Lib\site-packages\fastapi\middleware\asyncexitstack.py:18: in __call__
    await self.app(scope, receive, send)
C:\Users\andre\AppData\Local\Programs\Python\Python312\Lib\site-packages\starlette\routing.py:716: in __call__
    await self.middleware_stack(scope, receive, send)
C:\Users\andre\AppData\Local\Programs\Python\Python312\Lib\site-packages\starlette\routing.py:736: in app
    await route.handle(scope, receive, send)
C:\Users\andre\AppData\Local\Programs\Python\Python312\Lib\site-packages\starlette\routing.py:290: in handle
    await self.app(scope, receive, send)
C:\Users\andre\AppData\Local\Programs\Python\Python312\Lib\site-packages\fastapi\routing.py:115: in app
    await wrap_app_handling_exceptions(app, request)(scope, receive, send)
C:\Users\andre\AppData\Local\Programs\Python\Python312\Lib\site-packages\starlette\_exception_handler.py:53: in wrapped_app
    raise exc
C:\Users\andre\AppData\Local\Programs\Python\Python312\Lib\site-packages\starlette\_exception_handler.py:42: in wrapped_app
    await app(scope, receive, sender)
C:\Users\andre\AppData\Local\Programs\Python\Python312\Lib\site-packages\fastapi\routing.py:101: in app
    response = await f(request)
               ^^^^^^^^^^^^^^^^
C:\Users\andre\AppData\Local\Programs\Python\Python312\Lib\site-packages\fastapi\routing.py:355: in app
    raw_response = await run_endpoint_function(
C:\Users\andre\AppData\Local\Programs\Python\Python312\Lib\site-packages\fastapi\routing.py:245: in run_endpoint_function
    return await run_in_threadpool(dependant.call, **values)
           ^^^^^^^^^^^^^^^^^^^^^^^^^^^^^^^^^^^^^^^^^^^^^^^^^
C:\Users\andre\AppData\Local\Programs\Python\Python312\Lib\site-packages\starlette\concurrency.py:32: in run_in_threadpool
    return await anyio.to_thread.run_sync(func)
           ^^^^^^^^^^^^^^^^^^^^^^^^^^^^^^^^^^^^
C:\Users\andre\AppData\Local\Programs\Python\Python312\Lib\site-packages\anyio\to_thread.py:63: in run_sync
    return await get_async_backend().run_sync_in_worker_thread(
C:\Users\andre\AppData\Local\Programs\Python\Python312\Lib\site-packages\anyio\_backends\_asyncio.py:2502: in run_sync_in_worker_thread
    return await future
           ^^^^^^^^^^^^
C:\Users\andre\AppData\Local\Programs\Python\Python312\Lib\site-packages\anyio\_backends\_asyncio.py:986: in run
    result = context.run(func, *args)
             ^^^^^^^^^^^^^^^^^^^^^^^^
app\routers\auth.py:22: in register_user
    db_user = db.query(User).filter(User.username == user.username).first()
              ^^^^^^^^^^^^^^^^^^^^^^^^^^^^^^^^^^^^^^^^^^^^^^^^^^^^^^^^^^^^^
C:\Users\andre\AppData\Local\Programs\Python\Python312\Lib\site-packages\sqlalchemy\orm\query.py:2759: in first
    return self.limit(1)._iter().first()  # type: ignore
           ^^^^^^^^^^^^^^^^^^^^^
C:\Users\andre\AppData\Local\Programs\Python\Python312\Lib\site-packages\sqlalchemy\orm\query.py:2857: in _iter
    result: Union[ScalarResult[_T], Result[_T]] = self.session.execute(
C:\Users\andre\AppData\Local\Programs\Python\Python312\Lib\site-packages\sqlalchemy\orm\session.py:2351: in execute
    return self._execute_internal(
C:\Users\andre\AppData\Local\Programs\Python\Python312\Lib\site-packages\sqlalchemy\orm\session.py:2249: in _execute_internal
    result: Result[Any] = compile_state_cls.orm_execute_statement(
C:\Users\andre\AppData\Local\Programs\Python\Python312\Lib\site-packages\sqlalchemy\orm\context.py:306: in orm_execute_statement
    result = conn.execute(
C:\Users\andre\AppData\Local\Programs\Python\Python312\Lib\site-packages\sqlalchemy\engine\base.py:1419: in execute
    return meth(
C:\Users\andre\AppData\Local\Programs\Python\Python312\Lib\site-packages\sqlalchemy\sql\elements.py:527: in _execute_on_connection
    return connection._execute_clauseelement(
C:\Users\andre\AppData\Local\Programs\Python\Python312\Lib\site-packages\sqlalchemy\engine\base.py:1641: in _execute_clauseelement
    ret = self._execute_context(
C:\Users\andre\AppData\Local\Programs\Python\Python312\Lib\site-packages\sqlalchemy\engine\base.py:1846: in _execute_context
    return self._exec_single_context(
C:\Users\andre\AppData\Local\Programs\Python\Python312\Lib\site-packages\sqlalchemy\engine\base.py:1986: in _exec_single_context
    self._handle_dbapi_exception(
C:\Users\andre\AppData\Local\Programs\Python\Python312\Lib\site-packages\sqlalchemy\engine\base.py:2363: in _handle_dbapi_exception
    raise sqlalchemy_exception.with_traceback(exc_info[2]) from e
C:\Users\andre\AppData\Local\Programs\Python\Python312\Lib\site-packages\sqlalchemy\engine\base.py:1967: in _exec_single_context
    self.dialect.do_execute(
C:\Users\andre\AppData\Local\Programs\Python\Python312\Lib\site-packages\sqlalchemy\engine\default.py:952: in do_execute
    cursor.execute(statement, parameters)
E   sqlalchemy.exc.OperationalError: (sqlite3.OperationalError) no such table: users
E   [SQL: SELECT users.id AS users_id, users.username AS users_username, users.hashed_password AS users_hashed_password, users.created_at AS users_created_at 
E   FROM users 
E   WHERE users.username = ?
E    LIMIT ? OFFSET ?]
E   [parameters: ('testuser', 1, 0)]
E   (Background on this error at: https://sqlalche.me/e/20/e3q8)
___ ERROR at setup of TestGetSingleEntry.test_cannot_get_other_users_entry ____
C:\Users\andre\AppData\Local\Programs\Python\Python312\Lib\site-packages\sqlalchemy\engine\base.py:1967: in _exec_single_context
    self.dialect.do_execute(
C:\Users\andre\AppData\Local\Programs\Python\Python312\Lib\site-packages\sqlalchemy\engine\default.py:952: in do_execute
    cursor.execute(statement, parameters)
E   sqlite3.OperationalError: no such table: users

The above exception was the direct cause of the following exception:
tests\conftest.py:59: in auth_headers
    client.post("/auth/register", json={"username": "testuser", "password": "testpass"})
C:\Users\andre\AppData\Local\Programs\Python\Python312\Lib\site-packages\starlette\testclient.py:546: in post
    return super().post(
C:\Users\andre\AppData\Local\Programs\Python\Python312\Lib\site-packages\httpx\_client.py:1144: in post
    return self.request(
C:\Users\andre\AppData\Local\Programs\Python\Python312\Lib\site-packages\starlette\testclient.py:445: in request
    return super().request(
C:\Users\andre\AppData\Local\Programs\Python\Python312\Lib\site-packages\httpx\_client.py:825: in request
    return self.send(request, auth=auth, follow_redirects=follow_redirects)
           ^^^^^^^^^^^^^^^^^^^^^^^^^^^^^^^^^^^^^^^^^^^^^^^^^^^^^^^^^^^^^^^^
C:\Users\andre\AppData\Local\Programs\Python\Python312\Lib\site-packages\httpx\_client.py:914: in send
    response = self._send_handling_auth(
C:\Users\andre\AppData\Local\Programs\Python\Python312\Lib\site-packages\httpx\_client.py:942: in _send_handling_auth
    response = self._send_handling_redirects(
C:\Users\andre\AppData\Local\Programs\Python\Python312\Lib\site-packages\httpx\_client.py:979: in _send_handling_redirects
    response = self._send_single_request(request)
               ^^^^^^^^^^^^^^^^^^^^^^^^^^^^^^^^^^
C:\Users\andre\AppData\Local\Programs\Python\Python312\Lib\site-packages\httpx\_client.py:1014: in _send_single_request
    response = transport.handle_request(request)
               ^^^^^^^^^^^^^^^^^^^^^^^^^^^^^^^^^
C:\Users\andre\AppData\Local\Programs\Python\Python312\Lib\site-packages\starlette\testclient.py:348: in handle_request
    raise exc
C:\Users\andre\AppData\Local\Programs\Python\Python312\Lib\site-packages\starlette\testclient.py:345: in handle_request
    portal.call(self.app, scope, receive, send)
C:\Users\andre\AppData\Local\Programs\Python\Python312\Lib\site-packages\anyio\from_thread.py:334: in call
    return cast(T_Retval, self.start_task_soon(func, *args).result())
                          ^^^^^^^^^^^^^^^^^^^^^^^^^^^^^^^^^^^^^^^^^^
C:\Users\andre\AppData\Local\Programs\Python\Python312\Lib\concurrent\futures\_base.py:456: in result
    return self.__get_result()
           ^^^^^^^^^^^^^^^^^^^
C:\Users\andre\AppData\Local\Programs\Python\Python312\Lib\concurrent\futures\_base.py:401: in __get_result
    raise self._exception
C:\Users\andre\AppData\Local\Programs\Python\Python312\Lib\site-packages\anyio\from_thread.py:259: in _call_func
    retval = await retval_or_awaitable
             ^^^^^^^^^^^^^^^^^^^^^^^^^
C:\Users\andre\AppData\Local\Programs\Python\Python312\Lib\site-packages\fastapi\applications.py:1135: in __call__
    await super().__call__(scope, receive, send)
C:\Users\andre\AppData\Local\Programs\Python\Python312\Lib\site-packages\starlette\applications.py:107: in __call__
    await self.middleware_stack(scope, receive, send)
C:\Users\andre\AppData\Local\Programs\Python\Python312\Lib\site-packages\starlette\middleware\errors.py:186: in __call__
    raise exc
C:\Users\andre\AppData\Local\Programs\Python\Python312\Lib\site-packages\starlette\middleware\errors.py:164: in __call__
    await self.app(scope, receive, _send)
C:\Users\andre\AppData\Local\Programs\Python\Python312\Lib\site-packages\starlette\middleware\cors.py:85: in __call__
    await self.app(scope, receive, send)
C:\Users\andre\AppData\Local\Programs\Python\Python312\Lib\site-packages\starlette\middleware\exceptions.py:63: in __call__
    await wrap_app_handling_exceptions(self.app, conn)(scope, receive, send)
C:\Users\andre\AppData\Local\Programs\Python\Python312\Lib\site-packages\starlette\_exception_handler.py:53: in wrapped_app
    raise exc
C:\Users\andre\AppData\Local\Programs\Python\Python312\Lib\site-packages\starlette\_exception_handler.py:42: in wrapped_app
    await app(scope, receive, sender)
C:\Users\andre\AppData\Local\Programs\Python\Python312\Lib\site-packages\fastapi\middleware\asyncexitstack.py:18: in __call__
    await self.app(scope, receive, send)
C:\Users\andre\AppData\Local\Programs\Python\Python312\Lib\site-packages\starlette\routing.py:716: in __call__
    await self.middleware_stack(scope, receive, send)
C:\Users\andre\AppData\Local\Programs\Python\Python312\Lib\site-packages\starlette\routing.py:736: in app
    await route.handle(scope, receive, send)
C:\Users\andre\AppData\Local\Programs\Python\Python312\Lib\site-packages\starlette\routing.py:290: in handle
    await self.app(scope, receive, send)
C:\Users\andre\AppData\Local\Programs\Python\Python312\Lib\site-packages\fastapi\routing.py:115: in app
    await wrap_app_handling_exceptions(app, request)(scope, receive, send)
C:\Users\andre\AppData\Local\Programs\Python\Python312\Lib\site-packages\starlette\_exception_handler.py:53: in wrapped_app
    raise exc
C:\Users\andre\AppData\Local\Programs\Python\Python312\Lib\site-packages\starlette\_exception_handler.py:42: in wrapped_app
    await app(scope, receive, sender)
C:\Users\andre\AppData\Local\Programs\Python\Python312\Lib\site-packages\fastapi\routing.py:101: in app
    response = await f(request)
               ^^^^^^^^^^^^^^^^
C:\Users\andre\AppData\Local\Programs\Python\Python312\Lib\site-packages\fastapi\routing.py:355: in app
    raw_response = await run_endpoint_function(
C:\Users\andre\AppData\Local\Programs\Python\Python312\Lib\site-packages\fastapi\routing.py:245: in run_endpoint_function
    return await run_in_threadpool(dependant.call, **values)
           ^^^^^^^^^^^^^^^^^^^^^^^^^^^^^^^^^^^^^^^^^^^^^^^^^
C:\Users\andre\AppData\Local\Programs\Python\Python312\Lib\site-packages\starlette\concurrency.py:32: in run_in_threadpool
    return await anyio.to_thread.run_sync(func)
           ^^^^^^^^^^^^^^^^^^^^^^^^^^^^^^^^^^^^
C:\Users\andre\AppData\Local\Programs\Python\Python312\Lib\site-packages\anyio\to_thread.py:63: in run_sync
    return await get_async_backend().run_sync_in_worker_thread(
C:\Users\andre\AppData\Local\Programs\Python\Python312\Lib\site-packages\anyio\_backends\_asyncio.py:2502: in run_sync_in_worker_thread
    return await future
           ^^^^^^^^^^^^
C:\Users\andre\AppData\Local\Programs\Python\Python312\Lib\site-packages\anyio\_backends\_asyncio.py:986: in run
    result = context.run(func, *args)
             ^^^^^^^^^^^^^^^^^^^^^^^^
app\routers\auth.py:22: in register_user
    db_user = db.query(User).filter(User.username == user.username).first()
              ^^^^^^^^^^^^^^^^^^^^^^^^^^^^^^^^^^^^^^^^^^^^^^^^^^^^^^^^^^^^^
C:\Users\andre\AppData\Local\Programs\Python\Python312\Lib\site-packages\sqlalchemy\orm\query.py:2759: in first
    return self.limit(1)._iter().first()  # type: ignore
           ^^^^^^^^^^^^^^^^^^^^^
C:\Users\andre\AppData\Local\Programs\Python\Python312\Lib\site-packages\sqlalchemy\orm\query.py:2857: in _iter
    result: Union[ScalarResult[_T], Result[_T]] = self.session.execute(
C:\Users\andre\AppData\Local\Programs\Python\Python312\Lib\site-packages\sqlalchemy\orm\session.py:2351: in execute
    return self._execute_internal(
C:\Users\andre\AppData\Local\Programs\Python\Python312\Lib\site-packages\sqlalchemy\orm\session.py:2249: in _execute_internal
    result: Result[Any] = compile_state_cls.orm_execute_statement(
C:\Users\andre\AppData\Local\Programs\Python\Python312\Lib\site-packages\sqlalchemy\orm\context.py:306: in orm_execute_statement
    result = conn.execute(
C:\Users\andre\AppData\Local\Programs\Python\Python312\Lib\site-packages\sqlalchemy\engine\base.py:1419: in execute
    return meth(
C:\Users\andre\AppData\Local\Programs\Python\Python312\Lib\site-packages\sqlalchemy\sql\elements.py:527: in _execute_on_connection
    return connection._execute_clauseelement(
C:\Users\andre\AppData\Local\Programs\Python\Python312\Lib\site-packages\sqlalchemy\engine\base.py:1641: in _execute_clauseelement
    ret = self._execute_context(
C:\Users\andre\AppData\Local\Programs\Python\Python312\Lib\site-packages\sqlalchemy\engine\base.py:1846: in _execute_context
    return self._exec_single_context(
C:\Users\andre\AppData\Local\Programs\Python\Python312\Lib\site-packages\sqlalchemy\engine\base.py:1986: in _exec_single_context
    self._handle_dbapi_exception(
C:\Users\andre\AppData\Local\Programs\Python\Python312\Lib\site-packages\sqlalchemy\engine\base.py:2363: in _handle_dbapi_exception
    raise sqlalchemy_exception.with_traceback(exc_info[2]) from e
C:\Users\andre\AppData\Local\Programs\Python\Python312\Lib\site-packages\sqlalchemy\engine\base.py:1967: in _exec_single_context
    self.dialect.do_execute(
C:\Users\andre\AppData\Local\Programs\Python\Python312\Lib\site-packages\sqlalchemy\engine\default.py:952: in do_execute
    cursor.execute(statement, parameters)
E   sqlalchemy.exc.OperationalError: (sqlite3.OperationalError) no such table: users
E   [SQL: SELECT users.id AS users_id, users.username AS users_username, users.hashed_password AS users_hashed_password, users.created_at AS users_created_at 
E   FROM users 
E   WHERE users.username = ?
E    LIMIT ? OFFSET ?]
E   [parameters: ('testuser', 1, 0)]
E   (Background on this error at: https://sqlalche.me/e/20/e3q8)
_____________ ERROR at setup of TestUpdateEntry.test_update_entry _____________
C:\Users\andre\AppData\Local\Programs\Python\Python312\Lib\site-packages\sqlalchemy\engine\base.py:1967: in _exec_single_context
    self.dialect.do_execute(
C:\Users\andre\AppData\Local\Programs\Python\Python312\Lib\site-packages\sqlalchemy\engine\default.py:952: in do_execute
    cursor.execute(statement, parameters)
E   sqlite3.OperationalError: no such table: users

The above exception was the direct cause of the following exception:
tests\conftest.py:59: in auth_headers
    client.post("/auth/register", json={"username": "testuser", "password": "testpass"})
C:\Users\andre\AppData\Local\Programs\Python\Python312\Lib\site-packages\starlette\testclient.py:546: in post
    return super().post(
C:\Users\andre\AppData\Local\Programs\Python\Python312\Lib\site-packages\httpx\_client.py:1144: in post
    return self.request(
C:\Users\andre\AppData\Local\Programs\Python\Python312\Lib\site-packages\starlette\testclient.py:445: in request
    return super().request(
C:\Users\andre\AppData\Local\Programs\Python\Python312\Lib\site-packages\httpx\_client.py:825: in request
    return self.send(request, auth=auth, follow_redirects=follow_redirects)
           ^^^^^^^^^^^^^^^^^^^^^^^^^^^^^^^^^^^^^^^^^^^^^^^^^^^^^^^^^^^^^^^^
C:\Users\andre\AppData\Local\Programs\Python\Python312\Lib\site-packages\httpx\_client.py:914: in send
    response = self._send_handling_auth(
C:\Users\andre\AppData\Local\Programs\Python\Python312\Lib\site-packages\httpx\_client.py:942: in _send_handling_auth
    response = self._send_handling_redirects(
C:\Users\andre\AppData\Local\Programs\Python\Python312\Lib\site-packages\httpx\_client.py:979: in _send_handling_redirects
    response = self._send_single_request(request)
               ^^^^^^^^^^^^^^^^^^^^^^^^^^^^^^^^^^
C:\Users\andre\AppData\Local\Programs\Python\Python312\Lib\site-packages\httpx\_client.py:1014: in _send_single_request
    response = transport.handle_request(request)
               ^^^^^^^^^^^^^^^^^^^^^^^^^^^^^^^^^
C:\Users\andre\AppData\Local\Programs\Python\Python312\Lib\site-packages\starlette\testclient.py:348: in handle_request
    raise exc
C:\Users\andre\AppData\Local\Programs\Python\Python312\Lib\site-packages\starlette\testclient.py:345: in handle_request
    portal.call(self.app, scope, receive, send)
C:\Users\andre\AppData\Local\Programs\Python\Python312\Lib\site-packages\anyio\from_thread.py:334: in call
    return cast(T_Retval, self.start_task_soon(func, *args).result())
                          ^^^^^^^^^^^^^^^^^^^^^^^^^^^^^^^^^^^^^^^^^^
C:\Users\andre\AppData\Local\Programs\Python\Python312\Lib\concurrent\futures\_base.py:456: in result
    return self.__get_result()
           ^^^^^^^^^^^^^^^^^^^
C:\Users\andre\AppData\Local\Programs\Python\Python312\Lib\concurrent\futures\_base.py:401: in __get_result
    raise self._exception
C:\Users\andre\AppData\Local\Programs\Python\Python312\Lib\site-packages\anyio\from_thread.py:259: in _call_func
    retval = await retval_or_awaitable
             ^^^^^^^^^^^^^^^^^^^^^^^^^
C:\Users\andre\AppData\Local\Programs\Python\Python312\Lib\site-packages\fastapi\applications.py:1135: in __call__
    await super().__call__(scope, receive, send)
C:\Users\andre\AppData\Local\Programs\Python\Python312\Lib\site-packages\starlette\applications.py:107: in __call__
    await self.middleware_stack(scope, receive, send)
C:\Users\andre\AppData\Local\Programs\Python\Python312\Lib\site-packages\starlette\middleware\errors.py:186: in __call__
    raise exc
C:\Users\andre\AppData\Local\Programs\Python\Python312\Lib\site-packages\starlette\middleware\errors.py:164: in __call__
    await self.app(scope, receive, _send)
C:\Users\andre\AppData\Local\Programs\Python\Python312\Lib\site-packages\starlette\middleware\cors.py:85: in __call__
    await self.app(scope, receive, send)
C:\Users\andre\AppData\Local\Programs\Python\Python312\Lib\site-packages\starlette\middleware\exceptions.py:63: in __call__
    await wrap_app_handling_exceptions(self.app, conn)(scope, receive, send)
C:\Users\andre\AppData\Local\Programs\Python\Python312\Lib\site-packages\starlette\_exception_handler.py:53: in wrapped_app
    raise exc
C:\Users\andre\AppData\Local\Programs\Python\Python312\Lib\site-packages\starlette\_exception_handler.py:42: in wrapped_app
    await app(scope, receive, sender)
C:\Users\andre\AppData\Local\Programs\Python\Python312\Lib\site-packages\fastapi\middleware\asyncexitstack.py:18: in __call__
    await self.app(scope, receive, send)
C:\Users\andre\AppData\Local\Programs\Python\Python312\Lib\site-packages\starlette\routing.py:716: in __call__
    await self.middleware_stack(scope, receive, send)
C:\Users\andre\AppData\Local\Programs\Python\Python312\Lib\site-packages\starlette\routing.py:736: in app
    await route.handle(scope, receive, send)
C:\Users\andre\AppData\Local\Programs\Python\Python312\Lib\site-packages\starlette\routing.py:290: in handle
    await self.app(scope, receive, send)
C:\Users\andre\AppData\Local\Programs\Python\Python312\Lib\site-packages\fastapi\routing.py:115: in app
    await wrap_app_handling_exceptions(app, request)(scope, receive, send)
C:\Users\andre\AppData\Local\Programs\Python\Python312\Lib\site-packages\starlette\_exception_handler.py:53: in wrapped_app
    raise exc
C:\Users\andre\AppData\Local\Programs\Python\Python312\Lib\site-packages\starlette\_exception_handler.py:42: in wrapped_app
    await app(scope, receive, sender)
C:\Users\andre\AppData\Local\Programs\Python\Python312\Lib\site-packages\fastapi\routing.py:101: in app
    response = await f(request)
               ^^^^^^^^^^^^^^^^
C:\Users\andre\AppData\Local\Programs\Python\Python312\Lib\site-packages\fastapi\routing.py:355: in app
    raw_response = await run_endpoint_function(
C:\Users\andre\AppData\Local\Programs\Python\Python312\Lib\site-packages\fastapi\routing.py:245: in run_endpoint_function
    return await run_in_threadpool(dependant.call, **values)
           ^^^^^^^^^^^^^^^^^^^^^^^^^^^^^^^^^^^^^^^^^^^^^^^^^
C:\Users\andre\AppData\Local\Programs\Python\Python312\Lib\site-packages\starlette\concurrency.py:32: in run_in_threadpool
    return await anyio.to_thread.run_sync(func)
           ^^^^^^^^^^^^^^^^^^^^^^^^^^^^^^^^^^^^
C:\Users\andre\AppData\Local\Programs\Python\Python312\Lib\site-packages\anyio\to_thread.py:63: in run_sync
    return await get_async_backend().run_sync_in_worker_thread(
C:\Users\andre\AppData\Local\Programs\Python\Python312\Lib\site-packages\anyio\_backends\_asyncio.py:2502: in run_sync_in_worker_thread
    return await future
           ^^^^^^^^^^^^
C:\Users\andre\AppData\Local\Programs\Python\Python312\Lib\site-packages\anyio\_backends\_asyncio.py:986: in run
    result = context.run(func, *args)
             ^^^^^^^^^^^^^^^^^^^^^^^^
app\routers\auth.py:22: in register_user
    db_user = db.query(User).filter(User.username == user.username).first()
              ^^^^^^^^^^^^^^^^^^^^^^^^^^^^^^^^^^^^^^^^^^^^^^^^^^^^^^^^^^^^^
C:\Users\andre\AppData\Local\Programs\Python\Python312\Lib\site-packages\sqlalchemy\orm\query.py:2759: in first
    return self.limit(1)._iter().first()  # type: ignore
           ^^^^^^^^^^^^^^^^^^^^^
C:\Users\andre\AppData\Local\Programs\Python\Python312\Lib\site-packages\sqlalchemy\orm\query.py:2857: in _iter
    result: Union[ScalarResult[_T], Result[_T]] = self.session.execute(
C:\Users\andre\AppData\Local\Programs\Python\Python312\Lib\site-packages\sqlalchemy\orm\session.py:2351: in execute
    return self._execute_internal(
C:\Users\andre\AppData\Local\Programs\Python\Python312\Lib\site-packages\sqlalchemy\orm\session.py:2249: in _execute_internal
    result: Result[Any] = compile_state_cls.orm_execute_statement(
C:\Users\andre\AppData\Local\Programs\Python\Python312\Lib\site-packages\sqlalchemy\orm\context.py:306: in orm_execute_statement
    result = conn.execute(
C:\Users\andre\AppData\Local\Programs\Python\Python312\Lib\site-packages\sqlalchemy\engine\base.py:1419: in execute
    return meth(
C:\Users\andre\AppData\Local\Programs\Python\Python312\Lib\site-packages\sqlalchemy\sql\elements.py:527: in _execute_on_connection
    return connection._execute_clauseelement(
C:\Users\andre\AppData\Local\Programs\Python\Python312\Lib\site-packages\sqlalchemy\engine\base.py:1641: in _execute_clauseelement
    ret = self._execute_context(
C:\Users\andre\AppData\Local\Programs\Python\Python312\Lib\site-packages\sqlalchemy\engine\base.py:1846: in _execute_context
    return self._exec_single_context(
C:\Users\andre\AppData\Local\Programs\Python\Python312\Lib\site-packages\sqlalchemy\engine\base.py:1986: in _exec_single_context
    self._handle_dbapi_exception(
C:\Users\andre\AppData\Local\Programs\Python\Python312\Lib\site-packages\sqlalchemy\engine\base.py:2363: in _handle_dbapi_exception
    raise sqlalchemy_exception.with_traceback(exc_info[2]) from e
C:\Users\andre\AppData\Local\Programs\Python\Python312\Lib\site-packages\sqlalchemy\engine\base.py:1967: in _exec_single_context
    self.dialect.do_execute(
C:\Users\andre\AppData\Local\Programs\Python\Python312\Lib\site-packages\sqlalchemy\engine\default.py:952: in do_execute
    cursor.execute(statement, parameters)
E   sqlalchemy.exc.OperationalError: (sqlite3.OperationalError) no such table: users
E   [SQL: SELECT users.id AS users_id, users.username AS users_username, users.hashed_password AS users_hashed_password, users.created_at AS users_created_at 
E   FROM users 
E   WHERE users.username = ?
E    LIMIT ? OFFSET ?]
E   [parameters: ('testuser', 1, 0)]
E   (Background on this error at: https://sqlalche.me/e/20/e3q8)
_______ ERROR at setup of TestUpdateEntry.test_update_nonexistent_entry _______
C:\Users\andre\AppData\Local\Programs\Python\Python312\Lib\site-packages\sqlalchemy\engine\base.py:1967: in _exec_single_context
    self.dialect.do_execute(
C:\Users\andre\AppData\Local\Programs\Python\Python312\Lib\site-packages\sqlalchemy\engine\default.py:952: in do_execute
    cursor.execute(statement, parameters)
E   sqlite3.OperationalError: no such table: users

The above exception was the direct cause of the following exception:
tests\conftest.py:59: in auth_headers
    client.post("/auth/register", json={"username": "testuser", "password": "testpass"})
C:\Users\andre\AppData\Local\Programs\Python\Python312\Lib\site-packages\starlette\testclient.py:546: in post
    return super().post(
C:\Users\andre\AppData\Local\Programs\Python\Python312\Lib\site-packages\httpx\_client.py:1144: in post
    return self.request(
C:\Users\andre\AppData\Local\Programs\Python\Python312\Lib\site-packages\starlette\testclient.py:445: in request
    return super().request(
C:\Users\andre\AppData\Local\Programs\Python\Python312\Lib\site-packages\httpx\_client.py:825: in request
    return self.send(request, auth=auth, follow_redirects=follow_redirects)
           ^^^^^^^^^^^^^^^^^^^^^^^^^^^^^^^^^^^^^^^^^^^^^^^^^^^^^^^^^^^^^^^^
C:\Users\andre\AppData\Local\Programs\Python\Python312\Lib\site-packages\httpx\_client.py:914: in send
    response = self._send_handling_auth(
C:\Users\andre\AppData\Local\Programs\Python\Python312\Lib\site-packages\httpx\_client.py:942: in _send_handling_auth
    response = self._send_handling_redirects(
C:\Users\andre\AppData\Local\Programs\Python\Python312\Lib\site-packages\httpx\_client.py:979: in _send_handling_redirects
    response = self._send_single_request(request)
               ^^^^^^^^^^^^^^^^^^^^^^^^^^^^^^^^^^
C:\Users\andre\AppData\Local\Programs\Python\Python312\Lib\site-packages\httpx\_client.py:1014: in _send_single_request
    response = transport.handle_request(request)
               ^^^^^^^^^^^^^^^^^^^^^^^^^^^^^^^^^
C:\Users\andre\AppData\Local\Programs\Python\Python312\Lib\site-packages\starlette\testclient.py:348: in handle_request
    raise exc
C:\Users\andre\AppData\Local\Programs\Python\Python312\Lib\site-packages\starlette\testclient.py:345: in handle_request
    portal.call(self.app, scope, receive, send)
C:\Users\andre\AppData\Local\Programs\Python\Python312\Lib\site-packages\anyio\from_thread.py:334: in call
    return cast(T_Retval, self.start_task_soon(func, *args).result())
                          ^^^^^^^^^^^^^^^^^^^^^^^^^^^^^^^^^^^^^^^^^^
C:\Users\andre\AppData\Local\Programs\Python\Python312\Lib\concurrent\futures\_base.py:456: in result
    return self.__get_result()
           ^^^^^^^^^^^^^^^^^^^
C:\Users\andre\AppData\Local\Programs\Python\Python312\Lib\concurrent\futures\_base.py:401: in __get_result
    raise self._exception
C:\Users\andre\AppData\Local\Programs\Python\Python312\Lib\site-packages\anyio\from_thread.py:259: in _call_func
    retval = await retval_or_awaitable
             ^^^^^^^^^^^^^^^^^^^^^^^^^
C:\Users\andre\AppData\Local\Programs\Python\Python312\Lib\site-packages\fastapi\applications.py:1135: in __call__
    await super().__call__(scope, receive, send)
C:\Users\andre\AppData\Local\Programs\Python\Python312\Lib\site-packages\starlette\applications.py:107: in __call__
    await self.middleware_stack(scope, receive, send)
C:\Users\andre\AppData\Local\Programs\Python\Python312\Lib\site-packages\starlette\middleware\errors.py:186: in __call__
    raise exc
C:\Users\andre\AppData\Local\Programs\Python\Python312\Lib\site-packages\starlette\middleware\errors.py:164: in __call__
    await self.app(scope, receive, _send)
C:\Users\andre\AppData\Local\Programs\Python\Python312\Lib\site-packages\starlette\middleware\cors.py:85: in __call__
    await self.app(scope, receive, send)
C:\Users\andre\AppData\Local\Programs\Python\Python312\Lib\site-packages\starlette\middleware\exceptions.py:63: in __call__
    await wrap_app_handling_exceptions(self.app, conn)(scope, receive, send)
C:\Users\andre\AppData\Local\Programs\Python\Python312\Lib\site-packages\starlette\_exception_handler.py:53: in wrapped_app
    raise exc
C:\Users\andre\AppData\Local\Programs\Python\Python312\Lib\site-packages\starlette\_exception_handler.py:42: in wrapped_app
    await app(scope, receive, sender)
C:\Users\andre\AppData\Local\Programs\Python\Python312\Lib\site-packages\fastapi\middleware\asyncexitstack.py:18: in __call__
    await self.app(scope, receive, send)
C:\Users\andre\AppData\Local\Programs\Python\Python312\Lib\site-packages\starlette\routing.py:716: in __call__
    await self.middleware_stack(scope, receive, send)
C:\Users\andre\AppData\Local\Programs\Python\Python312\Lib\site-packages\starlette\routing.py:736: in app
    await route.handle(scope, receive, send)
C:\Users\andre\AppData\Local\Programs\Python\Python312\Lib\site-packages\starlette\routing.py:290: in handle
    await self.app(scope, receive, send)
C:\Users\andre\AppData\Local\Programs\Python\Python312\Lib\site-packages\fastapi\routing.py:115: in app
    await wrap_app_handling_exceptions(app, request)(scope, receive, send)
C:\Users\andre\AppData\Local\Programs\Python\Python312\Lib\site-packages\starlette\_exception_handler.py:53: in wrapped_app
    raise exc
C:\Users\andre\AppData\Local\Programs\Python\Python312\Lib\site-packages\starlette\_exception_handler.py:42: in wrapped_app
    await app(scope, receive, sender)
C:\Users\andre\AppData\Local\Programs\Python\Python312\Lib\site-packages\fastapi\routing.py:101: in app
    response = await f(request)
               ^^^^^^^^^^^^^^^^
C:\Users\andre\AppData\Local\Programs\Python\Python312\Lib\site-packages\fastapi\routing.py:355: in app
    raw_response = await run_endpoint_function(
C:\Users\andre\AppData\Local\Programs\Python\Python312\Lib\site-packages\fastapi\routing.py:245: in run_endpoint_function
    return await run_in_threadpool(dependant.call, **values)
           ^^^^^^^^^^^^^^^^^^^^^^^^^^^^^^^^^^^^^^^^^^^^^^^^^
C:\Users\andre\AppData\Local\Programs\Python\Python312\Lib\site-packages\starlette\concurrency.py:32: in run_in_threadpool
    return await anyio.to_thread.run_sync(func)
           ^^^^^^^^^^^^^^^^^^^^^^^^^^^^^^^^^^^^
C:\Users\andre\AppData\Local\Programs\Python\Python312\Lib\site-packages\anyio\to_thread.py:63: in run_sync
    return await get_async_backend().run_sync_in_worker_thread(
C:\Users\andre\AppData\Local\Programs\Python\Python312\Lib\site-packages\anyio\_backends\_asyncio.py:2502: in run_sync_in_worker_thread
    return await future
           ^^^^^^^^^^^^
C:\Users\andre\AppData\Local\Programs\Python\Python312\Lib\site-packages\anyio\_backends\_asyncio.py:986: in run
    result = context.run(func, *args)
             ^^^^^^^^^^^^^^^^^^^^^^^^
app\routers\auth.py:22: in register_user
    db_user = db.query(User).filter(User.username == user.username).first()
              ^^^^^^^^^^^^^^^^^^^^^^^^^^^^^^^^^^^^^^^^^^^^^^^^^^^^^^^^^^^^^
C:\Users\andre\AppData\Local\Programs\Python\Python312\Lib\site-packages\sqlalchemy\orm\query.py:2759: in first
    return self.limit(1)._iter().first()  # type: ignore
           ^^^^^^^^^^^^^^^^^^^^^
C:\Users\andre\AppData\Local\Programs\Python\Python312\Lib\site-packages\sqlalchemy\orm\query.py:2857: in _iter
    result: Union[ScalarResult[_T], Result[_T]] = self.session.execute(
C:\Users\andre\AppData\Local\Programs\Python\Python312\Lib\site-packages\sqlalchemy\orm\session.py:2351: in execute
    return self._execute_internal(
C:\Users\andre\AppData\Local\Programs\Python\Python312\Lib\site-packages\sqlalchemy\orm\session.py:2249: in _execute_internal
    result: Result[Any] = compile_state_cls.orm_execute_statement(
C:\Users\andre\AppData\Local\Programs\Python\Python312\Lib\site-packages\sqlalchemy\orm\context.py:306: in orm_execute_statement
    result = conn.execute(
C:\Users\andre\AppData\Local\Programs\Python\Python312\Lib\site-packages\sqlalchemy\engine\base.py:1419: in execute
    return meth(
C:\Users\andre\AppData\Local\Programs\Python\Python312\Lib\site-packages\sqlalchemy\sql\elements.py:527: in _execute_on_connection
    return connection._execute_clauseelement(
C:\Users\andre\AppData\Local\Programs\Python\Python312\Lib\site-packages\sqlalchemy\engine\base.py:1641: in _execute_clauseelement
    ret = self._execute_context(
C:\Users\andre\AppData\Local\Programs\Python\Python312\Lib\site-packages\sqlalchemy\engine\base.py:1846: in _execute_context
    return self._exec_single_context(
C:\Users\andre\AppData\Local\Programs\Python\Python312\Lib\site-packages\sqlalchemy\engine\base.py:1986: in _exec_single_context
    self._handle_dbapi_exception(
C:\Users\andre\AppData\Local\Programs\Python\Python312\Lib\site-packages\sqlalchemy\engine\base.py:2363: in _handle_dbapi_exception
    raise sqlalchemy_exception.with_traceback(exc_info[2]) from e
C:\Users\andre\AppData\Local\Programs\Python\Python312\Lib\site-packages\sqlalchemy\engine\base.py:1967: in _exec_single_context
    self.dialect.do_execute(
C:\Users\andre\AppData\Local\Programs\Python\Python312\Lib\site-packages\sqlalchemy\engine\default.py:952: in do_execute
    cursor.execute(statement, parameters)
E   sqlalchemy.exc.OperationalError: (sqlite3.OperationalError) no such table: users
E   [SQL: SELECT users.id AS users_id, users.username AS users_username, users.hashed_password AS users_hashed_password, users.created_at AS users_created_at 
E   FROM users 
E   WHERE users.username = ?
E    LIMIT ? OFFSET ?]
E   [parameters: ('testuser', 1, 0)]
E   (Background on this error at: https://sqlalche.me/e/20/e3q8)
_____________ ERROR at setup of TestDeleteEntry.test_delete_entry _____________
C:\Users\andre\AppData\Local\Programs\Python\Python312\Lib\site-packages\sqlalchemy\engine\base.py:1967: in _exec_single_context
    self.dialect.do_execute(
C:\Users\andre\AppData\Local\Programs\Python\Python312\Lib\site-packages\sqlalchemy\engine\default.py:952: in do_execute
    cursor.execute(statement, parameters)
E   sqlite3.OperationalError: no such table: users

The above exception was the direct cause of the following exception:
tests\conftest.py:59: in auth_headers
    client.post("/auth/register", json={"username": "testuser", "password": "testpass"})
C:\Users\andre\AppData\Local\Programs\Python\Python312\Lib\site-packages\starlette\testclient.py:546: in post
    return super().post(
C:\Users\andre\AppData\Local\Programs\Python\Python312\Lib\site-packages\httpx\_client.py:1144: in post
    return self.request(
C:\Users\andre\AppData\Local\Programs\Python\Python312\Lib\site-packages\starlette\testclient.py:445: in request
    return super().request(
C:\Users\andre\AppData\Local\Programs\Python\Python312\Lib\site-packages\httpx\_client.py:825: in request
    return self.send(request, auth=auth, follow_redirects=follow_redirects)
           ^^^^^^^^^^^^^^^^^^^^^^^^^^^^^^^^^^^^^^^^^^^^^^^^^^^^^^^^^^^^^^^^
C:\Users\andre\AppData\Local\Programs\Python\Python312\Lib\site-packages\httpx\_client.py:914: in send
    response = self._send_handling_auth(
C:\Users\andre\AppData\Local\Programs\Python\Python312\Lib\site-packages\httpx\_client.py:942: in _send_handling_auth
    response = self._send_handling_redirects(
C:\Users\andre\AppData\Local\Programs\Python\Python312\Lib\site-packages\httpx\_client.py:979: in _send_handling_redirects
    response = self._send_single_request(request)
               ^^^^^^^^^^^^^^^^^^^^^^^^^^^^^^^^^^
C:\Users\andre\AppData\Local\Programs\Python\Python312\Lib\site-packages\httpx\_client.py:1014: in _send_single_request
    response = transport.handle_request(request)
               ^^^^^^^^^^^^^^^^^^^^^^^^^^^^^^^^^
C:\Users\andre\AppData\Local\Programs\Python\Python312\Lib\site-packages\starlette\testclient.py:348: in handle_request
    raise exc
C:\Users\andre\AppData\Local\Programs\Python\Python312\Lib\site-packages\starlette\testclient.py:345: in handle_request
    portal.call(self.app, scope, receive, send)
C:\Users\andre\AppData\Local\Programs\Python\Python312\Lib\site-packages\anyio\from_thread.py:334: in call
    return cast(T_Retval, self.start_task_soon(func, *args).result())
                          ^^^^^^^^^^^^^^^^^^^^^^^^^^^^^^^^^^^^^^^^^^
C:\Users\andre\AppData\Local\Programs\Python\Python312\Lib\concurrent\futures\_base.py:456: in result
    return self.__get_result()
           ^^^^^^^^^^^^^^^^^^^
C:\Users\andre\AppData\Local\Programs\Python\Python312\Lib\concurrent\futures\_base.py:401: in __get_result
    raise self._exception
C:\Users\andre\AppData\Local\Programs\Python\Python312\Lib\site-packages\anyio\from_thread.py:259: in _call_func
    retval = await retval_or_awaitable
             ^^^^^^^^^^^^^^^^^^^^^^^^^
C:\Users\andre\AppData\Local\Programs\Python\Python312\Lib\site-packages\fastapi\applications.py:1135: in __call__
    await super().__call__(scope, receive, send)
C:\Users\andre\AppData\Local\Programs\Python\Python312\Lib\site-packages\starlette\applications.py:107: in __call__
    await self.middleware_stack(scope, receive, send)
C:\Users\andre\AppData\Local\Programs\Python\Python312\Lib\site-packages\starlette\middleware\errors.py:186: in __call__
    raise exc
C:\Users\andre\AppData\Local\Programs\Python\Python312\Lib\site-packages\starlette\middleware\errors.py:164: in __call__
    await self.app(scope, receive, _send)
C:\Users\andre\AppData\Local\Programs\Python\Python312\Lib\site-packages\starlette\middleware\cors.py:85: in __call__
    await self.app(scope, receive, send)
C:\Users\andre\AppData\Local\Programs\Python\Python312\Lib\site-packages\starlette\middleware\exceptions.py:63: in __call__
    await wrap_app_handling_exceptions(self.app, conn)(scope, receive, send)
C:\Users\andre\AppData\Local\Programs\Python\Python312\Lib\site-packages\starlette\_exception_handler.py:53: in wrapped_app
    raise exc
C:\Users\andre\AppData\Local\Programs\Python\Python312\Lib\site-packages\starlette\_exception_handler.py:42: in wrapped_app
    await app(scope, receive, sender)
C:\Users\andre\AppData\Local\Programs\Python\Python312\Lib\site-packages\fastapi\middleware\asyncexitstack.py:18: in __call__
    await self.app(scope, receive, send)
C:\Users\andre\AppData\Local\Programs\Python\Python312\Lib\site-packages\starlette\routing.py:716: in __call__
    await self.middleware_stack(scope, receive, send)
C:\Users\andre\AppData\Local\Programs\Python\Python312\Lib\site-packages\starlette\routing.py:736: in app
    await route.handle(scope, receive, send)
C:\Users\andre\AppData\Local\Programs\Python\Python312\Lib\site-packages\starlette\routing.py:290: in handle
    await self.app(scope, receive, send)
C:\Users\andre\AppData\Local\Programs\Python\Python312\Lib\site-packages\fastapi\routing.py:115: in app
    await wrap_app_handling_exceptions(app, request)(scope, receive, send)
C:\Users\andre\AppData\Local\Programs\Python\Python312\Lib\site-packages\starlette\_exception_handler.py:53: in wrapped_app
    raise exc
C:\Users\andre\AppData\Local\Programs\Python\Python312\Lib\site-packages\starlette\_exception_handler.py:42: in wrapped_app
    await app(scope, receive, sender)
C:\Users\andre\AppData\Local\Programs\Python\Python312\Lib\site-packages\fastapi\routing.py:101: in app
    response = await f(request)
               ^^^^^^^^^^^^^^^^
C:\Users\andre\AppData\Local\Programs\Python\Python312\Lib\site-packages\fastapi\routing.py:355: in app
    raw_response = await run_endpoint_function(
C:\Users\andre\AppData\Local\Programs\Python\Python312\Lib\site-packages\fastapi\routing.py:245: in run_endpoint_function
    return await run_in_threadpool(dependant.call, **values)
           ^^^^^^^^^^^^^^^^^^^^^^^^^^^^^^^^^^^^^^^^^^^^^^^^^
C:\Users\andre\AppData\Local\Programs\Python\Python312\Lib\site-packages\starlette\concurrency.py:32: in run_in_threadpool
    return await anyio.to_thread.run_sync(func)
           ^^^^^^^^^^^^^^^^^^^^^^^^^^^^^^^^^^^^
C:\Users\andre\AppData\Local\Programs\Python\Python312\Lib\site-packages\anyio\to_thread.py:63: in run_sync
    return await get_async_backend().run_sync_in_worker_thread(
C:\Users\andre\AppData\Local\Programs\Python\Python312\Lib\site-packages\anyio\_backends\_asyncio.py:2502: in run_sync_in_worker_thread
    return await future
           ^^^^^^^^^^^^
C:\Users\andre\AppData\Local\Programs\Python\Python312\Lib\site-packages\anyio\_backends\_asyncio.py:986: in run
    result = context.run(func, *args)
             ^^^^^^^^^^^^^^^^^^^^^^^^
app\routers\auth.py:22: in register_user
    db_user = db.query(User).filter(User.username == user.username).first()
              ^^^^^^^^^^^^^^^^^^^^^^^^^^^^^^^^^^^^^^^^^^^^^^^^^^^^^^^^^^^^^
C:\Users\andre\AppData\Local\Programs\Python\Python312\Lib\site-packages\sqlalchemy\orm\query.py:2759: in first
    return self.limit(1)._iter().first()  # type: ignore
           ^^^^^^^^^^^^^^^^^^^^^
C:\Users\andre\AppData\Local\Programs\Python\Python312\Lib\site-packages\sqlalchemy\orm\query.py:2857: in _iter
    result: Union[ScalarResult[_T], Result[_T]] = self.session.execute(
C:\Users\andre\AppData\Local\Programs\Python\Python312\Lib\site-packages\sqlalchemy\orm\session.py:2351: in execute
    return self._execute_internal(
C:\Users\andre\AppData\Local\Programs\Python\Python312\Lib\site-packages\sqlalchemy\orm\session.py:2249: in _execute_internal
    result: Result[Any] = compile_state_cls.orm_execute_statement(
C:\Users\andre\AppData\Local\Programs\Python\Python312\Lib\site-packages\sqlalchemy\orm\context.py:306: in orm_execute_statement
    result = conn.execute(
C:\Users\andre\AppData\Local\Programs\Python\Python312\Lib\site-packages\sqlalchemy\engine\base.py:1419: in execute
    return meth(
C:\Users\andre\AppData\Local\Programs\Python\Python312\Lib\site-packages\sqlalchemy\sql\elements.py:527: in _execute_on_connection
    return connection._execute_clauseelement(
C:\Users\andre\AppData\Local\Programs\Python\Python312\Lib\site-packages\sqlalchemy\engine\base.py:1641: in _execute_clauseelement
    ret = self._execute_context(
C:\Users\andre\AppData\Local\Programs\Python\Python312\Lib\site-packages\sqlalchemy\engine\base.py:1846: in _execute_context
    return self._exec_single_context(
C:\Users\andre\AppData\Local\Programs\Python\Python312\Lib\site-packages\sqlalchemy\engine\base.py:1986: in _exec_single_context
    self._handle_dbapi_exception(
C:\Users\andre\AppData\Local\Programs\Python\Python312\Lib\site-packages\sqlalchemy\engine\base.py:2363: in _handle_dbapi_exception
    raise sqlalchemy_exception.with_traceback(exc_info[2]) from e
C:\Users\andre\AppData\Local\Programs\Python\Python312\Lib\site-packages\sqlalchemy\engine\base.py:1967: in _exec_single_context
    self.dialect.do_execute(
C:\Users\andre\AppData\Local\Programs\Python\Python312\Lib\site-packages\sqlalchemy\engine\default.py:952: in do_execute
    cursor.execute(statement, parameters)
E   sqlalchemy.exc.OperationalError: (sqlite3.OperationalError) no such table: users
E   [SQL: SELECT users.id AS users_id, users.username AS users_username, users.hashed_password AS users_hashed_password, users.created_at AS users_created_at 
E   FROM users 
E   WHERE users.username = ?
E    LIMIT ? OFFSET ?]
E   [parameters: ('testuser', 1, 0)]
E   (Background on this error at: https://sqlalche.me/e/20/e3q8)
_______ ERROR at setup of TestDeleteEntry.test_delete_nonexistent_entry _______
C:\Users\andre\AppData\Local\Programs\Python\Python312\Lib\site-packages\sqlalchemy\engine\base.py:1967: in _exec_single_context
    self.dialect.do_execute(
C:\Users\andre\AppData\Local\Programs\Python\Python312\Lib\site-packages\sqlalchemy\engine\default.py:952: in do_execute
    cursor.execute(statement, parameters)
E   sqlite3.OperationalError: no such table: users

The above exception was the direct cause of the following exception:
tests\conftest.py:59: in auth_headers
    client.post("/auth/register", json={"username": "testuser", "password": "testpass"})
C:\Users\andre\AppData\Local\Programs\Python\Python312\Lib\site-packages\starlette\testclient.py:546: in post
    return super().post(
C:\Users\andre\AppData\Local\Programs\Python\Python312\Lib\site-packages\httpx\_client.py:1144: in post
    return self.request(
C:\Users\andre\AppData\Local\Programs\Python\Python312\Lib\site-packages\starlette\testclient.py:445: in request
    return super().request(
C:\Users\andre\AppData\Local\Programs\Python\Python312\Lib\site-packages\httpx\_client.py:825: in request
    return self.send(request, auth=auth, follow_redirects=follow_redirects)
           ^^^^^^^^^^^^^^^^^^^^^^^^^^^^^^^^^^^^^^^^^^^^^^^^^^^^^^^^^^^^^^^^
C:\Users\andre\AppData\Local\Programs\Python\Python312\Lib\site-packages\httpx\_client.py:914: in send
    response = self._send_handling_auth(
C:\Users\andre\AppData\Local\Programs\Python\Python312\Lib\site-packages\httpx\_client.py:942: in _send_handling_auth
    response = self._send_handling_redirects(
C:\Users\andre\AppData\Local\Programs\Python\Python312\Lib\site-packages\httpx\_client.py:979: in _send_handling_redirects
    response = self._send_single_request(request)
               ^^^^^^^^^^^^^^^^^^^^^^^^^^^^^^^^^^
C:\Users\andre\AppData\Local\Programs\Python\Python312\Lib\site-packages\httpx\_client.py:1014: in _send_single_request
    response = transport.handle_request(request)
               ^^^^^^^^^^^^^^^^^^^^^^^^^^^^^^^^^
C:\Users\andre\AppData\Local\Programs\Python\Python312\Lib\site-packages\starlette\testclient.py:348: in handle_request
    raise exc
C:\Users\andre\AppData\Local\Programs\Python\Python312\Lib\site-packages\starlette\testclient.py:345: in handle_request
    portal.call(self.app, scope, receive, send)
C:\Users\andre\AppData\Local\Programs\Python\Python312\Lib\site-packages\anyio\from_thread.py:334: in call
    return cast(T_Retval, self.start_task_soon(func, *args).result())
                          ^^^^^^^^^^^^^^^^^^^^^^^^^^^^^^^^^^^^^^^^^^
C:\Users\andre\AppData\Local\Programs\Python\Python312\Lib\concurrent\futures\_base.py:456: in result
    return self.__get_result()
           ^^^^^^^^^^^^^^^^^^^
C:\Users\andre\AppData\Local\Programs\Python\Python312\Lib\concurrent\futures\_base.py:401: in __get_result
    raise self._exception
C:\Users\andre\AppData\Local\Programs\Python\Python312\Lib\site-packages\anyio\from_thread.py:259: in _call_func
    retval = await retval_or_awaitable
             ^^^^^^^^^^^^^^^^^^^^^^^^^
C:\Users\andre\AppData\Local\Programs\Python\Python312\Lib\site-packages\fastapi\applications.py:1135: in __call__
    await super().__call__(scope, receive, send)
C:\Users\andre\AppData\Local\Programs\Python\Python312\Lib\site-packages\starlette\applications.py:107: in __call__
    await self.middleware_stack(scope, receive, send)
C:\Users\andre\AppData\Local\Programs\Python\Python312\Lib\site-packages\starlette\middleware\errors.py:186: in __call__
    raise exc
C:\Users\andre\AppData\Local\Programs\Python\Python312\Lib\site-packages\starlette\middleware\errors.py:164: in __call__
    await self.app(scope, receive, _send)
C:\Users\andre\AppData\Local\Programs\Python\Python312\Lib\site-packages\starlette\middleware\cors.py:85: in __call__
    await self.app(scope, receive, send)
C:\Users\andre\AppData\Local\Programs\Python\Python312\Lib\site-packages\starlette\middleware\exceptions.py:63: in __call__
    await wrap_app_handling_exceptions(self.app, conn)(scope, receive, send)
C:\Users\andre\AppData\Local\Programs\Python\Python312\Lib\site-packages\starlette\_exception_handler.py:53: in wrapped_app
    raise exc
C:\Users\andre\AppData\Local\Programs\Python\Python312\Lib\site-packages\starlette\_exception_handler.py:42: in wrapped_app
    await app(scope, receive, sender)
C:\Users\andre\AppData\Local\Programs\Python\Python312\Lib\site-packages\fastapi\middleware\asyncexitstack.py:18: in __call__
    await self.app(scope, receive, send)
C:\Users\andre\AppData\Local\Programs\Python\Python312\Lib\site-packages\starlette\routing.py:716: in __call__
    await self.middleware_stack(scope, receive, send)
C:\Users\andre\AppData\Local\Programs\Python\Python312\Lib\site-packages\starlette\routing.py:736: in app
    await route.handle(scope, receive, send)
C:\Users\andre\AppData\Local\Programs\Python\Python312\Lib\site-packages\starlette\routing.py:290: in handle
    await self.app(scope, receive, send)
C:\Users\andre\AppData\Local\Programs\Python\Python312\Lib\site-packages\fastapi\routing.py:115: in app
    await wrap_app_handling_exceptions(app, request)(scope, receive, send)
C:\Users\andre\AppData\Local\Programs\Python\Python312\Lib\site-packages\starlette\_exception_handler.py:53: in wrapped_app
    raise exc
C:\Users\andre\AppData\Local\Programs\Python\Python312\Lib\site-packages\starlette\_exception_handler.py:42: in wrapped_app
    await app(scope, receive, sender)
C:\Users\andre\AppData\Local\Programs\Python\Python312\Lib\site-packages\fastapi\routing.py:101: in app
    response = await f(request)
               ^^^^^^^^^^^^^^^^
C:\Users\andre\AppData\Local\Programs\Python\Python312\Lib\site-packages\fastapi\routing.py:355: in app
    raw_response = await run_endpoint_function(
C:\Users\andre\AppData\Local\Programs\Python\Python312\Lib\site-packages\fastapi\routing.py:245: in run_endpoint_function
    return await run_in_threadpool(dependant.call, **values)
           ^^^^^^^^^^^^^^^^^^^^^^^^^^^^^^^^^^^^^^^^^^^^^^^^^
C:\Users\andre\AppData\Local\Programs\Python\Python312\Lib\site-packages\starlette\concurrency.py:32: in run_in_threadpool
    return await anyio.to_thread.run_sync(func)
           ^^^^^^^^^^^^^^^^^^^^^^^^^^^^^^^^^^^^
C:\Users\andre\AppData\Local\Programs\Python\Python312\Lib\site-packages\anyio\to_thread.py:63: in run_sync
    return await get_async_backend().run_sync_in_worker_thread(
C:\Users\andre\AppData\Local\Programs\Python\Python312\Lib\site-packages\anyio\_backends\_asyncio.py:2502: in run_sync_in_worker_thread
    return await future
           ^^^^^^^^^^^^
C:\Users\andre\AppData\Local\Programs\Python\Python312\Lib\site-packages\anyio\_backends\_asyncio.py:986: in run
    result = context.run(func, *args)
             ^^^^^^^^^^^^^^^^^^^^^^^^
app\routers\auth.py:22: in register_user
    db_user = db.query(User).filter(User.username == user.username).first()
              ^^^^^^^^^^^^^^^^^^^^^^^^^^^^^^^^^^^^^^^^^^^^^^^^^^^^^^^^^^^^^
C:\Users\andre\AppData\Local\Programs\Python\Python312\Lib\site-packages\sqlalchemy\orm\query.py:2759: in first
    return self.limit(1)._iter().first()  # type: ignore
           ^^^^^^^^^^^^^^^^^^^^^
C:\Users\andre\AppData\Local\Programs\Python\Python312\Lib\site-packages\sqlalchemy\orm\query.py:2857: in _iter
    result: Union[ScalarResult[_T], Result[_T]] = self.session.execute(
C:\Users\andre\AppData\Local\Programs\Python\Python312\Lib\site-packages\sqlalchemy\orm\session.py:2351: in execute
    return self._execute_internal(
C:\Users\andre\AppData\Local\Programs\Python\Python312\Lib\site-packages\sqlalchemy\orm\session.py:2249: in _execute_internal
    result: Result[Any] = compile_state_cls.orm_execute_statement(
C:\Users\andre\AppData\Local\Programs\Python\Python312\Lib\site-packages\sqlalchemy\orm\context.py:306: in orm_execute_statement
    result = conn.execute(
C:\Users\andre\AppData\Local\Programs\Python\Python312\Lib\site-packages\sqlalchemy\engine\base.py:1419: in execute
    return meth(
C:\Users\andre\AppData\Local\Programs\Python\Python312\Lib\site-packages\sqlalchemy\sql\elements.py:527: in _execute_on_connection
    return connection._execute_clauseelement(
C:\Users\andre\AppData\Local\Programs\Python\Python312\Lib\site-packages\sqlalchemy\engine\base.py:1641: in _execute_clauseelement
    ret = self._execute_context(
C:\Users\andre\AppData\Local\Programs\Python\Python312\Lib\site-packages\sqlalchemy\engine\base.py:1846: in _execute_context
    return self._exec_single_context(
C:\Users\andre\AppData\Local\Programs\Python\Python312\Lib\site-packages\sqlalchemy\engine\base.py:1986: in _exec_single_context
    self._handle_dbapi_exception(
C:\Users\andre\AppData\Local\Programs\Python\Python312\Lib\site-packages\sqlalchemy\engine\base.py:2363: in _handle_dbapi_exception
    raise sqlalchemy_exception.with_traceback(exc_info[2]) from e
C:\Users\andre\AppData\Local\Programs\Python\Python312\Lib\site-packages\sqlalchemy\engine\base.py:1967: in _exec_single_context
    self.dialect.do_execute(
C:\Users\andre\AppData\Local\Programs\Python\Python312\Lib\site-packages\sqlalchemy\engine\default.py:952: in do_execute
    cursor.execute(statement, parameters)
E   sqlalchemy.exc.OperationalError: (sqlite3.OperationalError) no such table: users
E   [SQL: SELECT users.id AS users_id, users.username AS users_username, users.hashed_password AS users_hashed_password, users.created_at AS users_created_at 
E   FROM users 
E   WHERE users.username = ?
E    LIMIT ? OFFSET ?]
E   [parameters: ('testuser', 1, 0)]
E   (Background on this error at: https://sqlalche.me/e/20/e3q8)
___ ERROR at setup of TestDeleteEntry.test_cannot_delete_other_users_entry ____
C:\Users\andre\AppData\Local\Programs\Python\Python312\Lib\site-packages\sqlalchemy\engine\base.py:1967: in _exec_single_context
    self.dialect.do_execute(
C:\Users\andre\AppData\Local\Programs\Python\Python312\Lib\site-packages\sqlalchemy\engine\default.py:952: in do_execute
    cursor.execute(statement, parameters)
E   sqlite3.OperationalError: no such table: users

The above exception was the direct cause of the following exception:
tests\conftest.py:59: in auth_headers
    client.post("/auth/register", json={"username": "testuser", "password": "testpass"})
C:\Users\andre\AppData\Local\Programs\Python\Python312\Lib\site-packages\starlette\testclient.py:546: in post
    return super().post(
C:\Users\andre\AppData\Local\Programs\Python\Python312\Lib\site-packages\httpx\_client.py:1144: in post
    return self.request(
C:\Users\andre\AppData\Local\Programs\Python\Python312\Lib\site-packages\starlette\testclient.py:445: in request
    return super().request(
C:\Users\andre\AppData\Local\Programs\Python\Python312\Lib\site-packages\httpx\_client.py:825: in request
    return self.send(request, auth=auth, follow_redirects=follow_redirects)
           ^^^^^^^^^^^^^^^^^^^^^^^^^^^^^^^^^^^^^^^^^^^^^^^^^^^^^^^^^^^^^^^^
C:\Users\andre\AppData\Local\Programs\Python\Python312\Lib\site-packages\httpx\_client.py:914: in send
    response = self._send_handling_auth(
C:\Users\andre\AppData\Local\Programs\Python\Python312\Lib\site-packages\httpx\_client.py:942: in _send_handling_auth
    response = self._send_handling_redirects(
C:\Users\andre\AppData\Local\Programs\Python\Python312\Lib\site-packages\httpx\_client.py:979: in _send_handling_redirects
    response = self._send_single_request(request)
               ^^^^^^^^^^^^^^^^^^^^^^^^^^^^^^^^^^
C:\Users\andre\AppData\Local\Programs\Python\Python312\Lib\site-packages\httpx\_client.py:1014: in _send_single_request
    response = transport.handle_request(request)
               ^^^^^^^^^^^^^^^^^^^^^^^^^^^^^^^^^
C:\Users\andre\AppData\Local\Programs\Python\Python312\Lib\site-packages\starlette\testclient.py:348: in handle_request
    raise exc
C:\Users\andre\AppData\Local\Programs\Python\Python312\Lib\site-packages\starlette\testclient.py:345: in handle_request
    portal.call(self.app, scope, receive, send)
C:\Users\andre\AppData\Local\Programs\Python\Python312\Lib\site-packages\anyio\from_thread.py:334: in call
    return cast(T_Retval, self.start_task_soon(func, *args).result())
                          ^^^^^^^^^^^^^^^^^^^^^^^^^^^^^^^^^^^^^^^^^^
C:\Users\andre\AppData\Local\Programs\Python\Python312\Lib\concurrent\futures\_base.py:456: in result
    return self.__get_result()
           ^^^^^^^^^^^^^^^^^^^
C:\Users\andre\AppData\Local\Programs\Python\Python312\Lib\concurrent\futures\_base.py:401: in __get_result
    raise self._exception
C:\Users\andre\AppData\Local\Programs\Python\Python312\Lib\site-packages\anyio\from_thread.py:259: in _call_func
    retval = await retval_or_awaitable
             ^^^^^^^^^^^^^^^^^^^^^^^^^
C:\Users\andre\AppData\Local\Programs\Python\Python312\Lib\site-packages\fastapi\applications.py:1135: in __call__
    await super().__call__(scope, receive, send)
C:\Users\andre\AppData\Local\Programs\Python\Python312\Lib\site-packages\starlette\applications.py:107: in __call__
    await self.middleware_stack(scope, receive, send)
C:\Users\andre\AppData\Local\Programs\Python\Python312\Lib\site-packages\starlette\middleware\errors.py:186: in __call__
    raise exc
C:\Users\andre\AppData\Local\Programs\Python\Python312\Lib\site-packages\starlette\middleware\errors.py:164: in __call__
    await self.app(scope, receive, _send)
C:\Users\andre\AppData\Local\Programs\Python\Python312\Lib\site-packages\starlette\middleware\cors.py:85: in __call__
    await self.app(scope, receive, send)
C:\Users\andre\AppData\Local\Programs\Python\Python312\Lib\site-packages\starlette\middleware\exceptions.py:63: in __call__
    await wrap_app_handling_exceptions(self.app, conn)(scope, receive, send)
C:\Users\andre\AppData\Local\Programs\Python\Python312\Lib\site-packages\starlette\_exception_handler.py:53: in wrapped_app
    raise exc
C:\Users\andre\AppData\Local\Programs\Python\Python312\Lib\site-packages\starlette\_exception_handler.py:42: in wrapped_app
    await app(scope, receive, sender)
C:\Users\andre\AppData\Local\Programs\Python\Python312\Lib\site-packages\fastapi\middleware\asyncexitstack.py:18: in __call__
    await self.app(scope, receive, send)
C:\Users\andre\AppData\Local\Programs\Python\Python312\Lib\site-packages\starlette\routing.py:716: in __call__
    await self.middleware_stack(scope, receive, send)
C:\Users\andre\AppData\Local\Programs\Python\Python312\Lib\site-packages\starlette\routing.py:736: in app
    await route.handle(scope, receive, send)
C:\Users\andre\AppData\Local\Programs\Python\Python312\Lib\site-packages\starlette\routing.py:290: in handle
    await self.app(scope, receive, send)
C:\Users\andre\AppData\Local\Programs\Python\Python312\Lib\site-packages\fastapi\routing.py:115: in app
    await wrap_app_handling_exceptions(app, request)(scope, receive, send)
C:\Users\andre\AppData\Local\Programs\Python\Python312\Lib\site-packages\starlette\_exception_handler.py:53: in wrapped_app
    raise exc
C:\Users\andre\AppData\Local\Programs\Python\Python312\Lib\site-packages\starlette\_exception_handler.py:42: in wrapped_app
    await app(scope, receive, sender)
C:\Users\andre\AppData\Local\Programs\Python\Python312\Lib\site-packages\fastapi\routing.py:101: in app
    response = await f(request)
               ^^^^^^^^^^^^^^^^
C:\Users\andre\AppData\Local\Programs\Python\Python312\Lib\site-packages\fastapi\routing.py:355: in app
    raw_response = await run_endpoint_function(
C:\Users\andre\AppData\Local\Programs\Python\Python312\Lib\site-packages\fastapi\routing.py:245: in run_endpoint_function
    return await run_in_threadpool(dependant.call, **values)
           ^^^^^^^^^^^^^^^^^^^^^^^^^^^^^^^^^^^^^^^^^^^^^^^^^
C:\Users\andre\AppData\Local\Programs\Python\Python312\Lib\site-packages\starlette\concurrency.py:32: in run_in_threadpool
    return await anyio.to_thread.run_sync(func)
           ^^^^^^^^^^^^^^^^^^^^^^^^^^^^^^^^^^^^
C:\Users\andre\AppData\Local\Programs\Python\Python312\Lib\site-packages\anyio\to_thread.py:63: in run_sync
    return await get_async_backend().run_sync_in_worker_thread(
C:\Users\andre\AppData\Local\Programs\Python\Python312\Lib\site-packages\anyio\_backends\_asyncio.py:2502: in run_sync_in_worker_thread
    return await future
           ^^^^^^^^^^^^
C:\Users\andre\AppData\Local\Programs\Python\Python312\Lib\site-packages\anyio\_backends\_asyncio.py:986: in run
    result = context.run(func, *args)
             ^^^^^^^^^^^^^^^^^^^^^^^^
app\routers\auth.py:22: in register_user
    db_user = db.query(User).filter(User.username == user.username).first()
              ^^^^^^^^^^^^^^^^^^^^^^^^^^^^^^^^^^^^^^^^^^^^^^^^^^^^^^^^^^^^^
C:\Users\andre\AppData\Local\Programs\Python\Python312\Lib\site-packages\sqlalchemy\orm\query.py:2759: in first
    return self.limit(1)._iter().first()  # type: ignore
           ^^^^^^^^^^^^^^^^^^^^^
C:\Users\andre\AppData\Local\Programs\Python\Python312\Lib\site-packages\sqlalchemy\orm\query.py:2857: in _iter
    result: Union[ScalarResult[_T], Result[_T]] = self.session.execute(
C:\Users\andre\AppData\Local\Programs\Python\Python312\Lib\site-packages\sqlalchemy\orm\session.py:2351: in execute
    return self._execute_internal(
C:\Users\andre\AppData\Local\Programs\Python\Python312\Lib\site-packages\sqlalchemy\orm\session.py:2249: in _execute_internal
    result: Result[Any] = compile_state_cls.orm_execute_statement(
C:\Users\andre\AppData\Local\Programs\Python\Python312\Lib\site-packages\sqlalchemy\orm\context.py:306: in orm_execute_statement
    result = conn.execute(
C:\Users\andre\AppData\Local\Programs\Python\Python312\Lib\site-packages\sqlalchemy\engine\base.py:1419: in execute
    return meth(
C:\Users\andre\AppData\Local\Programs\Python\Python312\Lib\site-packages\sqlalchemy\sql\elements.py:527: in _execute_on_connection
    return connection._execute_clauseelement(
C:\Users\andre\AppData\Local\Programs\Python\Python312\Lib\site-packages\sqlalchemy\engine\base.py:1641: in _execute_clauseelement
    ret = self._execute_context(
C:\Users\andre\AppData\Local\Programs\Python\Python312\Lib\site-packages\sqlalchemy\engine\base.py:1846: in _execute_context
    return self._exec_single_context(
C:\Users\andre\AppData\Local\Programs\Python\Python312\Lib\site-packages\sqlalchemy\engine\base.py:1986: in _exec_single_context
    self._handle_dbapi_exception(
C:\Users\andre\AppData\Local\Programs\Python\Python312\Lib\site-packages\sqlalchemy\engine\base.py:2363: in _handle_dbapi_exception
    raise sqlalchemy_exception.with_traceback(exc_info[2]) from e
C:\Users\andre\AppData\Local\Programs\Python\Python312\Lib\site-packages\sqlalchemy\engine\base.py:1967: in _exec_single_context
    self.dialect.do_execute(
C:\Users\andre\AppData\Local\Programs\Python\Python312\Lib\site-packages\sqlalchemy\engine\default.py:952: in do_execute
    cursor.execute(statement, parameters)
E   sqlalchemy.exc.OperationalError: (sqlite3.OperationalError) no such table: users
E   [SQL: SELECT users.id AS users_id, users.username AS users_username, users.hashed_password AS users_hashed_password, users.created_at AS users_created_at 
E   FROM users 
E   WHERE users.username = ?
E    LIMIT ? OFFSET ?]
E   [parameters: ('testuser', 1, 0)]
E   (Background on this error at: https://sqlalche.me/e/20/e3q8)
______________ ERROR at setup of TestCreateGoal.test_create_goal ______________
C:\Users\andre\AppData\Local\Programs\Python\Python312\Lib\site-packages\sqlalchemy\engine\base.py:1967: in _exec_single_context
    self.dialect.do_execute(
C:\Users\andre\AppData\Local\Programs\Python\Python312\Lib\site-packages\sqlalchemy\engine\default.py:952: in do_execute
    cursor.execute(statement, parameters)
E   sqlite3.OperationalError: no such table: users

The above exception was the direct cause of the following exception:
tests\conftest.py:59: in auth_headers
    client.post("/auth/register", json={"username": "testuser", "password": "testpass"})
C:\Users\andre\AppData\Local\Programs\Python\Python312\Lib\site-packages\starlette\testclient.py:546: in post
    return super().post(
C:\Users\andre\AppData\Local\Programs\Python\Python312\Lib\site-packages\httpx\_client.py:1144: in post
    return self.request(
C:\Users\andre\AppData\Local\Programs\Python\Python312\Lib\site-packages\starlette\testclient.py:445: in request
    return super().request(
C:\Users\andre\AppData\Local\Programs\Python\Python312\Lib\site-packages\httpx\_client.py:825: in request
    return self.send(request, auth=auth, follow_redirects=follow_redirects)
           ^^^^^^^^^^^^^^^^^^^^^^^^^^^^^^^^^^^^^^^^^^^^^^^^^^^^^^^^^^^^^^^^
C:\Users\andre\AppData\Local\Programs\Python\Python312\Lib\site-packages\httpx\_client.py:914: in send
    response = self._send_handling_auth(
C:\Users\andre\AppData\Local\Programs\Python\Python312\Lib\site-packages\httpx\_client.py:942: in _send_handling_auth
    response = self._send_handling_redirects(
C:\Users\andre\AppData\Local\Programs\Python\Python312\Lib\site-packages\httpx\_client.py:979: in _send_handling_redirects
    response = self._send_single_request(request)
               ^^^^^^^^^^^^^^^^^^^^^^^^^^^^^^^^^^
C:\Users\andre\AppData\Local\Programs\Python\Python312\Lib\site-packages\httpx\_client.py:1014: in _send_single_request
    response = transport.handle_request(request)
               ^^^^^^^^^^^^^^^^^^^^^^^^^^^^^^^^^
C:\Users\andre\AppData\Local\Programs\Python\Python312\Lib\site-packages\starlette\testclient.py:348: in handle_request
    raise exc
C:\Users\andre\AppData\Local\Programs\Python\Python312\Lib\site-packages\starlette\testclient.py:345: in handle_request
    portal.call(self.app, scope, receive, send)
C:\Users\andre\AppData\Local\Programs\Python\Python312\Lib\site-packages\anyio\from_thread.py:334: in call
    return cast(T_Retval, self.start_task_soon(func, *args).result())
                          ^^^^^^^^^^^^^^^^^^^^^^^^^^^^^^^^^^^^^^^^^^
C:\Users\andre\AppData\Local\Programs\Python\Python312\Lib\concurrent\futures\_base.py:456: in result
    return self.__get_result()
           ^^^^^^^^^^^^^^^^^^^
C:\Users\andre\AppData\Local\Programs\Python\Python312\Lib\concurrent\futures\_base.py:401: in __get_result
    raise self._exception
C:\Users\andre\AppData\Local\Programs\Python\Python312\Lib\site-packages\anyio\from_thread.py:259: in _call_func
    retval = await retval_or_awaitable
             ^^^^^^^^^^^^^^^^^^^^^^^^^
C:\Users\andre\AppData\Local\Programs\Python\Python312\Lib\site-packages\fastapi\applications.py:1135: in __call__
    await super().__call__(scope, receive, send)
C:\Users\andre\AppData\Local\Programs\Python\Python312\Lib\site-packages\starlette\applications.py:107: in __call__
    await self.middleware_stack(scope, receive, send)
C:\Users\andre\AppData\Local\Programs\Python\Python312\Lib\site-packages\starlette\middleware\errors.py:186: in __call__
    raise exc
C:\Users\andre\AppData\Local\Programs\Python\Python312\Lib\site-packages\starlette\middleware\errors.py:164: in __call__
    await self.app(scope, receive, _send)
C:\Users\andre\AppData\Local\Programs\Python\Python312\Lib\site-packages\starlette\middleware\cors.py:85: in __call__
    await self.app(scope, receive, send)
C:\Users\andre\AppData\Local\Programs\Python\Python312\Lib\site-packages\starlette\middleware\exceptions.py:63: in __call__
    await wrap_app_handling_exceptions(self.app, conn)(scope, receive, send)
C:\Users\andre\AppData\Local\Programs\Python\Python312\Lib\site-packages\starlette\_exception_handler.py:53: in wrapped_app
    raise exc
C:\Users\andre\AppData\Local\Programs\Python\Python312\Lib\site-packages\starlette\_exception_handler.py:42: in wrapped_app
    await app(scope, receive, sender)
C:\Users\andre\AppData\Local\Programs\Python\Python312\Lib\site-packages\fastapi\middleware\asyncexitstack.py:18: in __call__
    await self.app(scope, receive, send)
C:\Users\andre\AppData\Local\Programs\Python\Python312\Lib\site-packages\starlette\routing.py:716: in __call__
    await self.middleware_stack(scope, receive, send)
C:\Users\andre\AppData\Local\Programs\Python\Python312\Lib\site-packages\starlette\routing.py:736: in app
    await route.handle(scope, receive, send)
C:\Users\andre\AppData\Local\Programs\Python\Python312\Lib\site-packages\starlette\routing.py:290: in handle
    await self.app(scope, receive, send)
C:\Users\andre\AppData\Local\Programs\Python\Python312\Lib\site-packages\fastapi\routing.py:115: in app
    await wrap_app_handling_exceptions(app, request)(scope, receive, send)
C:\Users\andre\AppData\Local\Programs\Python\Python312\Lib\site-packages\starlette\_exception_handler.py:53: in wrapped_app
    raise exc
C:\Users\andre\AppData\Local\Programs\Python\Python312\Lib\site-packages\starlette\_exception_handler.py:42: in wrapped_app
    await app(scope, receive, sender)
C:\Users\andre\AppData\Local\Programs\Python\Python312\Lib\site-packages\fastapi\routing.py:101: in app
    response = await f(request)
               ^^^^^^^^^^^^^^^^
C:\Users\andre\AppData\Local\Programs\Python\Python312\Lib\site-packages\fastapi\routing.py:355: in app
    raw_response = await run_endpoint_function(
C:\Users\andre\AppData\Local\Programs\Python\Python312\Lib\site-packages\fastapi\routing.py:245: in run_endpoint_function
    return await run_in_threadpool(dependant.call, **values)
           ^^^^^^^^^^^^^^^^^^^^^^^^^^^^^^^^^^^^^^^^^^^^^^^^^
C:\Users\andre\AppData\Local\Programs\Python\Python312\Lib\site-packages\starlette\concurrency.py:32: in run_in_threadpool
    return await anyio.to_thread.run_sync(func)
           ^^^^^^^^^^^^^^^^^^^^^^^^^^^^^^^^^^^^
C:\Users\andre\AppData\Local\Programs\Python\Python312\Lib\site-packages\anyio\to_thread.py:63: in run_sync
    return await get_async_backend().run_sync_in_worker_thread(
C:\Users\andre\AppData\Local\Programs\Python\Python312\Lib\site-packages\anyio\_backends\_asyncio.py:2502: in run_sync_in_worker_thread
    return await future
           ^^^^^^^^^^^^
C:\Users\andre\AppData\Local\Programs\Python\Python312\Lib\site-packages\anyio\_backends\_asyncio.py:986: in run
    result = context.run(func, *args)
             ^^^^^^^^^^^^^^^^^^^^^^^^
app\routers\auth.py:22: in register_user
    db_user = db.query(User).filter(User.username == user.username).first()
              ^^^^^^^^^^^^^^^^^^^^^^^^^^^^^^^^^^^^^^^^^^^^^^^^^^^^^^^^^^^^^
C:\Users\andre\AppData\Local\Programs\Python\Python312\Lib\site-packages\sqlalchemy\orm\query.py:2759: in first
    return self.limit(1)._iter().first()  # type: ignore
           ^^^^^^^^^^^^^^^^^^^^^
C:\Users\andre\AppData\Local\Programs\Python\Python312\Lib\site-packages\sqlalchemy\orm\query.py:2857: in _iter
    result: Union[ScalarResult[_T], Result[_T]] = self.session.execute(
C:\Users\andre\AppData\Local\Programs\Python\Python312\Lib\site-packages\sqlalchemy\orm\session.py:2351: in execute
    return self._execute_internal(
C:\Users\andre\AppData\Local\Programs\Python\Python312\Lib\site-packages\sqlalchemy\orm\session.py:2249: in _execute_internal
    result: Result[Any] = compile_state_cls.orm_execute_statement(
C:\Users\andre\AppData\Local\Programs\Python\Python312\Lib\site-packages\sqlalchemy\orm\context.py:306: in orm_execute_statement
    result = conn.execute(
C:\Users\andre\AppData\Local\Programs\Python\Python312\Lib\site-packages\sqlalchemy\engine\base.py:1419: in execute
    return meth(
C:\Users\andre\AppData\Local\Programs\Python\Python312\Lib\site-packages\sqlalchemy\sql\elements.py:527: in _execute_on_connection
    return connection._execute_clauseelement(
C:\Users\andre\AppData\Local\Programs\Python\Python312\Lib\site-packages\sqlalchemy\engine\base.py:1641: in _execute_clauseelement
    ret = self._execute_context(
C:\Users\andre\AppData\Local\Programs\Python\Python312\Lib\site-packages\sqlalchemy\engine\base.py:1846: in _execute_context
    return self._exec_single_context(
C:\Users\andre\AppData\Local\Programs\Python\Python312\Lib\site-packages\sqlalchemy\engine\base.py:1986: in _exec_single_context
    self._handle_dbapi_exception(
C:\Users\andre\AppData\Local\Programs\Python\Python312\Lib\site-packages\sqlalchemy\engine\base.py:2363: in _handle_dbapi_exception
    raise sqlalchemy_exception.with_traceback(exc_info[2]) from e
C:\Users\andre\AppData\Local\Programs\Python\Python312\Lib\site-packages\sqlalchemy\engine\base.py:1967: in _exec_single_context
    self.dialect.do_execute(
C:\Users\andre\AppData\Local\Programs\Python\Python312\Lib\site-packages\sqlalchemy\engine\default.py:952: in do_execute
    cursor.execute(statement, parameters)
E   sqlalchemy.exc.OperationalError: (sqlite3.OperationalError) no such table: users
E   [SQL: SELECT users.id AS users_id, users.username AS users_username, users.hashed_password AS users_hashed_password, users.created_at AS users_created_at 
E   FROM users 
E   WHERE users.username = ?
E    LIMIT ? OFFSET ?]
E   [parameters: ('testuser', 1, 0)]
E   (Background on this error at: https://sqlalche.me/e/20/e3q8)
___ ERROR at setup of TestCreateGoal.test_create_goal_deactivates_previous ____
C:\Users\andre\AppData\Local\Programs\Python\Python312\Lib\site-packages\sqlalchemy\engine\base.py:1967: in _exec_single_context
    self.dialect.do_execute(
C:\Users\andre\AppData\Local\Programs\Python\Python312\Lib\site-packages\sqlalchemy\engine\default.py:952: in do_execute
    cursor.execute(statement, parameters)
E   sqlite3.OperationalError: no such table: users

The above exception was the direct cause of the following exception:
tests\conftest.py:59: in auth_headers
    client.post("/auth/register", json={"username": "testuser", "password": "testpass"})
C:\Users\andre\AppData\Local\Programs\Python\Python312\Lib\site-packages\starlette\testclient.py:546: in post
    return super().post(
C:\Users\andre\AppData\Local\Programs\Python\Python312\Lib\site-packages\httpx\_client.py:1144: in post
    return self.request(
C:\Users\andre\AppData\Local\Programs\Python\Python312\Lib\site-packages\starlette\testclient.py:445: in request
    return super().request(
C:\Users\andre\AppData\Local\Programs\Python\Python312\Lib\site-packages\httpx\_client.py:825: in request
    return self.send(request, auth=auth, follow_redirects=follow_redirects)
           ^^^^^^^^^^^^^^^^^^^^^^^^^^^^^^^^^^^^^^^^^^^^^^^^^^^^^^^^^^^^^^^^
C:\Users\andre\AppData\Local\Programs\Python\Python312\Lib\site-packages\httpx\_client.py:914: in send
    response = self._send_handling_auth(
C:\Users\andre\AppData\Local\Programs\Python\Python312\Lib\site-packages\httpx\_client.py:942: in _send_handling_auth
    response = self._send_handling_redirects(
C:\Users\andre\AppData\Local\Programs\Python\Python312\Lib\site-packages\httpx\_client.py:979: in _send_handling_redirects
    response = self._send_single_request(request)
               ^^^^^^^^^^^^^^^^^^^^^^^^^^^^^^^^^^
C:\Users\andre\AppData\Local\Programs\Python\Python312\Lib\site-packages\httpx\_client.py:1014: in _send_single_request
    response = transport.handle_request(request)
               ^^^^^^^^^^^^^^^^^^^^^^^^^^^^^^^^^
C:\Users\andre\AppData\Local\Programs\Python\Python312\Lib\site-packages\starlette\testclient.py:348: in handle_request
    raise exc
C:\Users\andre\AppData\Local\Programs\Python\Python312\Lib\site-packages\starlette\testclient.py:345: in handle_request
    portal.call(self.app, scope, receive, send)
C:\Users\andre\AppData\Local\Programs\Python\Python312\Lib\site-packages\anyio\from_thread.py:334: in call
    return cast(T_Retval, self.start_task_soon(func, *args).result())
                          ^^^^^^^^^^^^^^^^^^^^^^^^^^^^^^^^^^^^^^^^^^
C:\Users\andre\AppData\Local\Programs\Python\Python312\Lib\concurrent\futures\_base.py:456: in result
    return self.__get_result()
           ^^^^^^^^^^^^^^^^^^^
C:\Users\andre\AppData\Local\Programs\Python\Python312\Lib\concurrent\futures\_base.py:401: in __get_result
    raise self._exception
C:\Users\andre\AppData\Local\Programs\Python\Python312\Lib\site-packages\anyio\from_thread.py:259: in _call_func
    retval = await retval_or_awaitable
             ^^^^^^^^^^^^^^^^^^^^^^^^^
C:\Users\andre\AppData\Local\Programs\Python\Python312\Lib\site-packages\fastapi\applications.py:1135: in __call__
    await super().__call__(scope, receive, send)
C:\Users\andre\AppData\Local\Programs\Python\Python312\Lib\site-packages\starlette\applications.py:107: in __call__
    await self.middleware_stack(scope, receive, send)
C:\Users\andre\AppData\Local\Programs\Python\Python312\Lib\site-packages\starlette\middleware\errors.py:186: in __call__
    raise exc
C:\Users\andre\AppData\Local\Programs\Python\Python312\Lib\site-packages\starlette\middleware\errors.py:164: in __call__
    await self.app(scope, receive, _send)
C:\Users\andre\AppData\Local\Programs\Python\Python312\Lib\site-packages\starlette\middleware\cors.py:85: in __call__
    await self.app(scope, receive, send)
C:\Users\andre\AppData\Local\Programs\Python\Python312\Lib\site-packages\starlette\middleware\exceptions.py:63: in __call__
    await wrap_app_handling_exceptions(self.app, conn)(scope, receive, send)
C:\Users\andre\AppData\Local\Programs\Python\Python312\Lib\site-packages\starlette\_exception_handler.py:53: in wrapped_app
    raise exc
C:\Users\andre\AppData\Local\Programs\Python\Python312\Lib\site-packages\starlette\_exception_handler.py:42: in wrapped_app
    await app(scope, receive, sender)
C:\Users\andre\AppData\Local\Programs\Python\Python312\Lib\site-packages\fastapi\middleware\asyncexitstack.py:18: in __call__
    await self.app(scope, receive, send)
C:\Users\andre\AppData\Local\Programs\Python\Python312\Lib\site-packages\starlette\routing.py:716: in __call__
    await self.middleware_stack(scope, receive, send)
C:\Users\andre\AppData\Local\Programs\Python\Python312\Lib\site-packages\starlette\routing.py:736: in app
    await route.handle(scope, receive, send)
C:\Users\andre\AppData\Local\Programs\Python\Python312\Lib\site-packages\starlette\routing.py:290: in handle
    await self.app(scope, receive, send)
C:\Users\andre\AppData\Local\Programs\Python\Python312\Lib\site-packages\fastapi\routing.py:115: in app
    await wrap_app_handling_exceptions(app, request)(scope, receive, send)
C:\Users\andre\AppData\Local\Programs\Python\Python312\Lib\site-packages\starlette\_exception_handler.py:53: in wrapped_app
    raise exc
C:\Users\andre\AppData\Local\Programs\Python\Python312\Lib\site-packages\starlette\_exception_handler.py:42: in wrapped_app
    await app(scope, receive, sender)
C:\Users\andre\AppData\Local\Programs\Python\Python312\Lib\site-packages\fastapi\routing.py:101: in app
    response = await f(request)
               ^^^^^^^^^^^^^^^^
C:\Users\andre\AppData\Local\Programs\Python\Python312\Lib\site-packages\fastapi\routing.py:355: in app
    raw_response = await run_endpoint_function(
C:\Users\andre\AppData\Local\Programs\Python\Python312\Lib\site-packages\fastapi\routing.py:245: in run_endpoint_function
    return await run_in_threadpool(dependant.call, **values)
           ^^^^^^^^^^^^^^^^^^^^^^^^^^^^^^^^^^^^^^^^^^^^^^^^^
C:\Users\andre\AppData\Local\Programs\Python\Python312\Lib\site-packages\starlette\concurrency.py:32: in run_in_threadpool
    return await anyio.to_thread.run_sync(func)
           ^^^^^^^^^^^^^^^^^^^^^^^^^^^^^^^^^^^^
C:\Users\andre\AppData\Local\Programs\Python\Python312\Lib\site-packages\anyio\to_thread.py:63: in run_sync
    return await get_async_backend().run_sync_in_worker_thread(
C:\Users\andre\AppData\Local\Programs\Python\Python312\Lib\site-packages\anyio\_backends\_asyncio.py:2502: in run_sync_in_worker_thread
    return await future
           ^^^^^^^^^^^^
C:\Users\andre\AppData\Local\Programs\Python\Python312\Lib\site-packages\anyio\_backends\_asyncio.py:986: in run
    result = context.run(func, *args)
             ^^^^^^^^^^^^^^^^^^^^^^^^
app\routers\auth.py:22: in register_user
    db_user = db.query(User).filter(User.username == user.username).first()
              ^^^^^^^^^^^^^^^^^^^^^^^^^^^^^^^^^^^^^^^^^^^^^^^^^^^^^^^^^^^^^
C:\Users\andre\AppData\Local\Programs\Python\Python312\Lib\site-packages\sqlalchemy\orm\query.py:2759: in first
    return self.limit(1)._iter().first()  # type: ignore
           ^^^^^^^^^^^^^^^^^^^^^
C:\Users\andre\AppData\Local\Programs\Python\Python312\Lib\site-packages\sqlalchemy\orm\query.py:2857: in _iter
    result: Union[ScalarResult[_T], Result[_T]] = self.session.execute(
C:\Users\andre\AppData\Local\Programs\Python\Python312\Lib\site-packages\sqlalchemy\orm\session.py:2351: in execute
    return self._execute_internal(
C:\Users\andre\AppData\Local\Programs\Python\Python312\Lib\site-packages\sqlalchemy\orm\session.py:2249: in _execute_internal
    result: Result[Any] = compile_state_cls.orm_execute_statement(
C:\Users\andre\AppData\Local\Programs\Python\Python312\Lib\site-packages\sqlalchemy\orm\context.py:306: in orm_execute_statement
    result = conn.execute(
C:\Users\andre\AppData\Local\Programs\Python\Python312\Lib\site-packages\sqlalchemy\engine\base.py:1419: in execute
    return meth(
C:\Users\andre\AppData\Local\Programs\Python\Python312\Lib\site-packages\sqlalchemy\sql\elements.py:527: in _execute_on_connection
    return connection._execute_clauseelement(
C:\Users\andre\AppData\Local\Programs\Python\Python312\Lib\site-packages\sqlalchemy\engine\base.py:1641: in _execute_clauseelement
    ret = self._execute_context(
C:\Users\andre\AppData\Local\Programs\Python\Python312\Lib\site-packages\sqlalchemy\engine\base.py:1846: in _execute_context
    return self._exec_single_context(
C:\Users\andre\AppData\Local\Programs\Python\Python312\Lib\site-packages\sqlalchemy\engine\base.py:1986: in _exec_single_context
    self._handle_dbapi_exception(
C:\Users\andre\AppData\Local\Programs\Python\Python312\Lib\site-packages\sqlalchemy\engine\base.py:2363: in _handle_dbapi_exception
    raise sqlalchemy_exception.with_traceback(exc_info[2]) from e
C:\Users\andre\AppData\Local\Programs\Python\Python312\Lib\site-packages\sqlalchemy\engine\base.py:1967: in _exec_single_context
    self.dialect.do_execute(
C:\Users\andre\AppData\Local\Programs\Python\Python312\Lib\site-packages\sqlalchemy\engine\default.py:952: in do_execute
    cursor.execute(statement, parameters)
E   sqlalchemy.exc.OperationalError: (sqlite3.OperationalError) no such table: users
E   [SQL: SELECT users.id AS users_id, users.username AS users_username, users.hashed_password AS users_hashed_password, users.created_at AS users_created_at 
E   FROM users 
E   WHERE users.username = ?
E    LIMIT ? OFFSET ?]
E   [parameters: ('testuser', 1, 0)]
E   (Background on this error at: https://sqlalche.me/e/20/e3q8)
_____________ ERROR at setup of TestGetGoal.test_get_current_goal _____________
C:\Users\andre\AppData\Local\Programs\Python\Python312\Lib\site-packages\sqlalchemy\engine\base.py:1967: in _exec_single_context
    self.dialect.do_execute(
C:\Users\andre\AppData\Local\Programs\Python\Python312\Lib\site-packages\sqlalchemy\engine\default.py:952: in do_execute
    cursor.execute(statement, parameters)
E   sqlite3.OperationalError: no such table: users

The above exception was the direct cause of the following exception:
tests\conftest.py:59: in auth_headers
    client.post("/auth/register", json={"username": "testuser", "password": "testpass"})
C:\Users\andre\AppData\Local\Programs\Python\Python312\Lib\site-packages\starlette\testclient.py:546: in post
    return super().post(
C:\Users\andre\AppData\Local\Programs\Python\Python312\Lib\site-packages\httpx\_client.py:1144: in post
    return self.request(
C:\Users\andre\AppData\Local\Programs\Python\Python312\Lib\site-packages\starlette\testclient.py:445: in request
    return super().request(
C:\Users\andre\AppData\Local\Programs\Python\Python312\Lib\site-packages\httpx\_client.py:825: in request
    return self.send(request, auth=auth, follow_redirects=follow_redirects)
           ^^^^^^^^^^^^^^^^^^^^^^^^^^^^^^^^^^^^^^^^^^^^^^^^^^^^^^^^^^^^^^^^
C:\Users\andre\AppData\Local\Programs\Python\Python312\Lib\site-packages\httpx\_client.py:914: in send
    response = self._send_handling_auth(
C:\Users\andre\AppData\Local\Programs\Python\Python312\Lib\site-packages\httpx\_client.py:942: in _send_handling_auth
    response = self._send_handling_redirects(
C:\Users\andre\AppData\Local\Programs\Python\Python312\Lib\site-packages\httpx\_client.py:979: in _send_handling_redirects
    response = self._send_single_request(request)
               ^^^^^^^^^^^^^^^^^^^^^^^^^^^^^^^^^^
C:\Users\andre\AppData\Local\Programs\Python\Python312\Lib\site-packages\httpx\_client.py:1014: in _send_single_request
    response = transport.handle_request(request)
               ^^^^^^^^^^^^^^^^^^^^^^^^^^^^^^^^^
C:\Users\andre\AppData\Local\Programs\Python\Python312\Lib\site-packages\starlette\testclient.py:348: in handle_request
    raise exc
C:\Users\andre\AppData\Local\Programs\Python\Python312\Lib\site-packages\starlette\testclient.py:345: in handle_request
    portal.call(self.app, scope, receive, send)
C:\Users\andre\AppData\Local\Programs\Python\Python312\Lib\site-packages\anyio\from_thread.py:334: in call
    return cast(T_Retval, self.start_task_soon(func, *args).result())
                          ^^^^^^^^^^^^^^^^^^^^^^^^^^^^^^^^^^^^^^^^^^
C:\Users\andre\AppData\Local\Programs\Python\Python312\Lib\concurrent\futures\_base.py:456: in result
    return self.__get_result()
           ^^^^^^^^^^^^^^^^^^^
C:\Users\andre\AppData\Local\Programs\Python\Python312\Lib\concurrent\futures\_base.py:401: in __get_result
    raise self._exception
C:\Users\andre\AppData\Local\Programs\Python\Python312\Lib\site-packages\anyio\from_thread.py:259: in _call_func
    retval = await retval_or_awaitable
             ^^^^^^^^^^^^^^^^^^^^^^^^^
C:\Users\andre\AppData\Local\Programs\Python\Python312\Lib\site-packages\fastapi\applications.py:1135: in __call__
    await super().__call__(scope, receive, send)
C:\Users\andre\AppData\Local\Programs\Python\Python312\Lib\site-packages\starlette\applications.py:107: in __call__
    await self.middleware_stack(scope, receive, send)
C:\Users\andre\AppData\Local\Programs\Python\Python312\Lib\site-packages\starlette\middleware\errors.py:186: in __call__
    raise exc
C:\Users\andre\AppData\Local\Programs\Python\Python312\Lib\site-packages\starlette\middleware\errors.py:164: in __call__
    await self.app(scope, receive, _send)
C:\Users\andre\AppData\Local\Programs\Python\Python312\Lib\site-packages\starlette\middleware\cors.py:85: in __call__
    await self.app(scope, receive, send)
C:\Users\andre\AppData\Local\Programs\Python\Python312\Lib\site-packages\starlette\middleware\exceptions.py:63: in __call__
    await wrap_app_handling_exceptions(self.app, conn)(scope, receive, send)
C:\Users\andre\AppData\Local\Programs\Python\Python312\Lib\site-packages\starlette\_exception_handler.py:53: in wrapped_app
    raise exc
C:\Users\andre\AppData\Local\Programs\Python\Python312\Lib\site-packages\starlette\_exception_handler.py:42: in wrapped_app
    await app(scope, receive, sender)
C:\Users\andre\AppData\Local\Programs\Python\Python312\Lib\site-packages\fastapi\middleware\asyncexitstack.py:18: in __call__
    await self.app(scope, receive, send)
C:\Users\andre\AppData\Local\Programs\Python\Python312\Lib\site-packages\starlette\routing.py:716: in __call__
    await self.middleware_stack(scope, receive, send)
C:\Users\andre\AppData\Local\Programs\Python\Python312\Lib\site-packages\starlette\routing.py:736: in app
    await route.handle(scope, receive, send)
C:\Users\andre\AppData\Local\Programs\Python\Python312\Lib\site-packages\starlette\routing.py:290: in handle
    await self.app(scope, receive, send)
C:\Users\andre\AppData\Local\Programs\Python\Python312\Lib\site-packages\fastapi\routing.py:115: in app
    await wrap_app_handling_exceptions(app, request)(scope, receive, send)
C:\Users\andre\AppData\Local\Programs\Python\Python312\Lib\site-packages\starlette\_exception_handler.py:53: in wrapped_app
    raise exc
C:\Users\andre\AppData\Local\Programs\Python\Python312\Lib\site-packages\starlette\_exception_handler.py:42: in wrapped_app
    await app(scope, receive, sender)
C:\Users\andre\AppData\Local\Programs\Python\Python312\Lib\site-packages\fastapi\routing.py:101: in app
    response = await f(request)
               ^^^^^^^^^^^^^^^^
C:\Users\andre\AppData\Local\Programs\Python\Python312\Lib\site-packages\fastapi\routing.py:355: in app
    raw_response = await run_endpoint_function(
C:\Users\andre\AppData\Local\Programs\Python\Python312\Lib\site-packages\fastapi\routing.py:245: in run_endpoint_function
    return await run_in_threadpool(dependant.call, **values)
           ^^^^^^^^^^^^^^^^^^^^^^^^^^^^^^^^^^^^^^^^^^^^^^^^^
C:\Users\andre\AppData\Local\Programs\Python\Python312\Lib\site-packages\starlette\concurrency.py:32: in run_in_threadpool
    return await anyio.to_thread.run_sync(func)
           ^^^^^^^^^^^^^^^^^^^^^^^^^^^^^^^^^^^^
C:\Users\andre\AppData\Local\Programs\Python\Python312\Lib\site-packages\anyio\to_thread.py:63: in run_sync
    return await get_async_backend().run_sync_in_worker_thread(
C:\Users\andre\AppData\Local\Programs\Python\Python312\Lib\site-packages\anyio\_backends\_asyncio.py:2502: in run_sync_in_worker_thread
    return await future
           ^^^^^^^^^^^^
C:\Users\andre\AppData\Local\Programs\Python\Python312\Lib\site-packages\anyio\_backends\_asyncio.py:986: in run
    result = context.run(func, *args)
             ^^^^^^^^^^^^^^^^^^^^^^^^
app\routers\auth.py:22: in register_user
    db_user = db.query(User).filter(User.username == user.username).first()
              ^^^^^^^^^^^^^^^^^^^^^^^^^^^^^^^^^^^^^^^^^^^^^^^^^^^^^^^^^^^^^
C:\Users\andre\AppData\Local\Programs\Python\Python312\Lib\site-packages\sqlalchemy\orm\query.py:2759: in first
    return self.limit(1)._iter().first()  # type: ignore
           ^^^^^^^^^^^^^^^^^^^^^
C:\Users\andre\AppData\Local\Programs\Python\Python312\Lib\site-packages\sqlalchemy\orm\query.py:2857: in _iter
    result: Union[ScalarResult[_T], Result[_T]] = self.session.execute(
C:\Users\andre\AppData\Local\Programs\Python\Python312\Lib\site-packages\sqlalchemy\orm\session.py:2351: in execute
    return self._execute_internal(
C:\Users\andre\AppData\Local\Programs\Python\Python312\Lib\site-packages\sqlalchemy\orm\session.py:2249: in _execute_internal
    result: Result[Any] = compile_state_cls.orm_execute_statement(
C:\Users\andre\AppData\Local\Programs\Python\Python312\Lib\site-packages\sqlalchemy\orm\context.py:306: in orm_execute_statement
    result = conn.execute(
C:\Users\andre\AppData\Local\Programs\Python\Python312\Lib\site-packages\sqlalchemy\engine\base.py:1419: in execute
    return meth(
C:\Users\andre\AppData\Local\Programs\Python\Python312\Lib\site-packages\sqlalchemy\sql\elements.py:527: in _execute_on_connection
    return connection._execute_clauseelement(
C:\Users\andre\AppData\Local\Programs\Python\Python312\Lib\site-packages\sqlalchemy\engine\base.py:1641: in _execute_clauseelement
    ret = self._execute_context(
C:\Users\andre\AppData\Local\Programs\Python\Python312\Lib\site-packages\sqlalchemy\engine\base.py:1846: in _execute_context
    return self._exec_single_context(
C:\Users\andre\AppData\Local\Programs\Python\Python312\Lib\site-packages\sqlalchemy\engine\base.py:1986: in _exec_single_context
    self._handle_dbapi_exception(
C:\Users\andre\AppData\Local\Programs\Python\Python312\Lib\site-packages\sqlalchemy\engine\base.py:2363: in _handle_dbapi_exception
    raise sqlalchemy_exception.with_traceback(exc_info[2]) from e
C:\Users\andre\AppData\Local\Programs\Python\Python312\Lib\site-packages\sqlalchemy\engine\base.py:1967: in _exec_single_context
    self.dialect.do_execute(
C:\Users\andre\AppData\Local\Programs\Python\Python312\Lib\site-packages\sqlalchemy\engine\default.py:952: in do_execute
    cursor.execute(statement, parameters)
E   sqlalchemy.exc.OperationalError: (sqlite3.OperationalError) no such table: users
E   [SQL: SELECT users.id AS users_id, users.username AS users_username, users.hashed_password AS users_hashed_password, users.created_at AS users_created_at 
E   FROM users 
E   WHERE users.username = ?
E    LIMIT ? OFFSET ?]
E   [parameters: ('testuser', 1, 0)]
E   (Background on this error at: https://sqlalche.me/e/20/e3q8)
__________ ERROR at setup of TestGetGoal.test_get_current_goal_none ___________
C:\Users\andre\AppData\Local\Programs\Python\Python312\Lib\site-packages\sqlalchemy\engine\base.py:1967: in _exec_single_context
    self.dialect.do_execute(
C:\Users\andre\AppData\Local\Programs\Python\Python312\Lib\site-packages\sqlalchemy\engine\default.py:952: in do_execute
    cursor.execute(statement, parameters)
E   sqlite3.OperationalError: no such table: users

The above exception was the direct cause of the following exception:
tests\conftest.py:59: in auth_headers
    client.post("/auth/register", json={"username": "testuser", "password": "testpass"})
C:\Users\andre\AppData\Local\Programs\Python\Python312\Lib\site-packages\starlette\testclient.py:546: in post
    return super().post(
C:\Users\andre\AppData\Local\Programs\Python\Python312\Lib\site-packages\httpx\_client.py:1144: in post
    return self.request(
C:\Users\andre\AppData\Local\Programs\Python\Python312\Lib\site-packages\starlette\testclient.py:445: in request
    return super().request(
C:\Users\andre\AppData\Local\Programs\Python\Python312\Lib\site-packages\httpx\_client.py:825: in request
    return self.send(request, auth=auth, follow_redirects=follow_redirects)
           ^^^^^^^^^^^^^^^^^^^^^^^^^^^^^^^^^^^^^^^^^^^^^^^^^^^^^^^^^^^^^^^^
C:\Users\andre\AppData\Local\Programs\Python\Python312\Lib\site-packages\httpx\_client.py:914: in send
    response = self._send_handling_auth(
C:\Users\andre\AppData\Local\Programs\Python\Python312\Lib\site-packages\httpx\_client.py:942: in _send_handling_auth
    response = self._send_handling_redirects(
C:\Users\andre\AppData\Local\Programs\Python\Python312\Lib\site-packages\httpx\_client.py:979: in _send_handling_redirects
    response = self._send_single_request(request)
               ^^^^^^^^^^^^^^^^^^^^^^^^^^^^^^^^^^
C:\Users\andre\AppData\Local\Programs\Python\Python312\Lib\site-packages\httpx\_client.py:1014: in _send_single_request
    response = transport.handle_request(request)
               ^^^^^^^^^^^^^^^^^^^^^^^^^^^^^^^^^
C:\Users\andre\AppData\Local\Programs\Python\Python312\Lib\site-packages\starlette\testclient.py:348: in handle_request
    raise exc
C:\Users\andre\AppData\Local\Programs\Python\Python312\Lib\site-packages\starlette\testclient.py:345: in handle_request
    portal.call(self.app, scope, receive, send)
C:\Users\andre\AppData\Local\Programs\Python\Python312\Lib\site-packages\anyio\from_thread.py:334: in call
    return cast(T_Retval, self.start_task_soon(func, *args).result())
                          ^^^^^^^^^^^^^^^^^^^^^^^^^^^^^^^^^^^^^^^^^^
C:\Users\andre\AppData\Local\Programs\Python\Python312\Lib\concurrent\futures\_base.py:456: in result
    return self.__get_result()
           ^^^^^^^^^^^^^^^^^^^
C:\Users\andre\AppData\Local\Programs\Python\Python312\Lib\concurrent\futures\_base.py:401: in __get_result
    raise self._exception
C:\Users\andre\AppData\Local\Programs\Python\Python312\Lib\site-packages\anyio\from_thread.py:259: in _call_func
    retval = await retval_or_awaitable
             ^^^^^^^^^^^^^^^^^^^^^^^^^
C:\Users\andre\AppData\Local\Programs\Python\Python312\Lib\site-packages\fastapi\applications.py:1135: in __call__
    await super().__call__(scope, receive, send)
C:\Users\andre\AppData\Local\Programs\Python\Python312\Lib\site-packages\starlette\applications.py:107: in __call__
    await self.middleware_stack(scope, receive, send)
C:\Users\andre\AppData\Local\Programs\Python\Python312\Lib\site-packages\starlette\middleware\errors.py:186: in __call__
    raise exc
C:\Users\andre\AppData\Local\Programs\Python\Python312\Lib\site-packages\starlette\middleware\errors.py:164: in __call__
    await self.app(scope, receive, _send)
C:\Users\andre\AppData\Local\Programs\Python\Python312\Lib\site-packages\starlette\middleware\cors.py:85: in __call__
    await self.app(scope, receive, send)
C:\Users\andre\AppData\Local\Programs\Python\Python312\Lib\site-packages\starlette\middleware\exceptions.py:63: in __call__
    await wrap_app_handling_exceptions(self.app, conn)(scope, receive, send)
C:\Users\andre\AppData\Local\Programs\Python\Python312\Lib\site-packages\starlette\_exception_handler.py:53: in wrapped_app
    raise exc
C:\Users\andre\AppData\Local\Programs\Python\Python312\Lib\site-packages\starlette\_exception_handler.py:42: in wrapped_app
    await app(scope, receive, sender)
C:\Users\andre\AppData\Local\Programs\Python\Python312\Lib\site-packages\fastapi\middleware\asyncexitstack.py:18: in __call__
    await self.app(scope, receive, send)
C:\Users\andre\AppData\Local\Programs\Python\Python312\Lib\site-packages\starlette\routing.py:716: in __call__
    await self.middleware_stack(scope, receive, send)
C:\Users\andre\AppData\Local\Programs\Python\Python312\Lib\site-packages\starlette\routing.py:736: in app
    await route.handle(scope, receive, send)
C:\Users\andre\AppData\Local\Programs\Python\Python312\Lib\site-packages\starlette\routing.py:290: in handle
    await self.app(scope, receive, send)
C:\Users\andre\AppData\Local\Programs\Python\Python312\Lib\site-packages\fastapi\routing.py:115: in app
    await wrap_app_handling_exceptions(app, request)(scope, receive, send)
C:\Users\andre\AppData\Local\Programs\Python\Python312\Lib\site-packages\starlette\_exception_handler.py:53: in wrapped_app
    raise exc
C:\Users\andre\AppData\Local\Programs\Python\Python312\Lib\site-packages\starlette\_exception_handler.py:42: in wrapped_app
    await app(scope, receive, sender)
C:\Users\andre\AppData\Local\Programs\Python\Python312\Lib\site-packages\fastapi\routing.py:101: in app
    response = await f(request)
               ^^^^^^^^^^^^^^^^
C:\Users\andre\AppData\Local\Programs\Python\Python312\Lib\site-packages\fastapi\routing.py:355: in app
    raw_response = await run_endpoint_function(
C:\Users\andre\AppData\Local\Programs\Python\Python312\Lib\site-packages\fastapi\routing.py:245: in run_endpoint_function
    return await run_in_threadpool(dependant.call, **values)
           ^^^^^^^^^^^^^^^^^^^^^^^^^^^^^^^^^^^^^^^^^^^^^^^^^
C:\Users\andre\AppData\Local\Programs\Python\Python312\Lib\site-packages\starlette\concurrency.py:32: in run_in_threadpool
    return await anyio.to_thread.run_sync(func)
           ^^^^^^^^^^^^^^^^^^^^^^^^^^^^^^^^^^^^
C:\Users\andre\AppData\Local\Programs\Python\Python312\Lib\site-packages\anyio\to_thread.py:63: in run_sync
    return await get_async_backend().run_sync_in_worker_thread(
C:\Users\andre\AppData\Local\Programs\Python\Python312\Lib\site-packages\anyio\_backends\_asyncio.py:2502: in run_sync_in_worker_thread
    return await future
           ^^^^^^^^^^^^
C:\Users\andre\AppData\Local\Programs\Python\Python312\Lib\site-packages\anyio\_backends\_asyncio.py:986: in run
    result = context.run(func, *args)
             ^^^^^^^^^^^^^^^^^^^^^^^^
app\routers\auth.py:22: in register_user
    db_user = db.query(User).filter(User.username == user.username).first()
              ^^^^^^^^^^^^^^^^^^^^^^^^^^^^^^^^^^^^^^^^^^^^^^^^^^^^^^^^^^^^^
C:\Users\andre\AppData\Local\Programs\Python\Python312\Lib\site-packages\sqlalchemy\orm\query.py:2759: in first
    return self.limit(1)._iter().first()  # type: ignore
           ^^^^^^^^^^^^^^^^^^^^^
C:\Users\andre\AppData\Local\Programs\Python\Python312\Lib\site-packages\sqlalchemy\orm\query.py:2857: in _iter
    result: Union[ScalarResult[_T], Result[_T]] = self.session.execute(
C:\Users\andre\AppData\Local\Programs\Python\Python312\Lib\site-packages\sqlalchemy\orm\session.py:2351: in execute
    return self._execute_internal(
C:\Users\andre\AppData\Local\Programs\Python\Python312\Lib\site-packages\sqlalchemy\orm\session.py:2249: in _execute_internal
    result: Result[Any] = compile_state_cls.orm_execute_statement(
C:\Users\andre\AppData\Local\Programs\Python\Python312\Lib\site-packages\sqlalchemy\orm\context.py:306: in orm_execute_statement
    result = conn.execute(
C:\Users\andre\AppData\Local\Programs\Python\Python312\Lib\site-packages\sqlalchemy\engine\base.py:1419: in execute
    return meth(
C:\Users\andre\AppData\Local\Programs\Python\Python312\Lib\site-packages\sqlalchemy\sql\elements.py:527: in _execute_on_connection
    return connection._execute_clauseelement(
C:\Users\andre\AppData\Local\Programs\Python\Python312\Lib\site-packages\sqlalchemy\engine\base.py:1641: in _execute_clauseelement
    ret = self._execute_context(
C:\Users\andre\AppData\Local\Programs\Python\Python312\Lib\site-packages\sqlalchemy\engine\base.py:1846: in _execute_context
    return self._exec_single_context(
C:\Users\andre\AppData\Local\Programs\Python\Python312\Lib\site-packages\sqlalchemy\engine\base.py:1986: in _exec_single_context
    self._handle_dbapi_exception(
C:\Users\andre\AppData\Local\Programs\Python\Python312\Lib\site-packages\sqlalchemy\engine\base.py:2363: in _handle_dbapi_exception
    raise sqlalchemy_exception.with_traceback(exc_info[2]) from e
C:\Users\andre\AppData\Local\Programs\Python\Python312\Lib\site-packages\sqlalchemy\engine\base.py:1967: in _exec_single_context
    self.dialect.do_execute(
C:\Users\andre\AppData\Local\Programs\Python\Python312\Lib\site-packages\sqlalchemy\engine\default.py:952: in do_execute
    cursor.execute(statement, parameters)
E   sqlalchemy.exc.OperationalError: (sqlite3.OperationalError) no such table: users
E   [SQL: SELECT users.id AS users_id, users.username AS users_username, users.hashed_password AS users_hashed_password, users.created_at AS users_created_at 
E   FROM users 
E   WHERE users.username = ?
E    LIMIT ? OFFSET ?]
E   [parameters: ('testuser', 1, 0)]
E   (Background on this error at: https://sqlalche.me/e/20/e3q8)
_____________ ERROR at setup of TestGetGoal.test_get_goal_history _____________
C:\Users\andre\AppData\Local\Programs\Python\Python312\Lib\site-packages\sqlalchemy\engine\base.py:1967: in _exec_single_context
    self.dialect.do_execute(
C:\Users\andre\AppData\Local\Programs\Python\Python312\Lib\site-packages\sqlalchemy\engine\default.py:952: in do_execute
    cursor.execute(statement, parameters)
E   sqlite3.OperationalError: no such table: users

The above exception was the direct cause of the following exception:
tests\conftest.py:59: in auth_headers
    client.post("/auth/register", json={"username": "testuser", "password": "testpass"})
C:\Users\andre\AppData\Local\Programs\Python\Python312\Lib\site-packages\starlette\testclient.py:546: in post
    return super().post(
C:\Users\andre\AppData\Local\Programs\Python\Python312\Lib\site-packages\httpx\_client.py:1144: in post
    return self.request(
C:\Users\andre\AppData\Local\Programs\Python\Python312\Lib\site-packages\starlette\testclient.py:445: in request
    return super().request(
C:\Users\andre\AppData\Local\Programs\Python\Python312\Lib\site-packages\httpx\_client.py:825: in request
    return self.send(request, auth=auth, follow_redirects=follow_redirects)
           ^^^^^^^^^^^^^^^^^^^^^^^^^^^^^^^^^^^^^^^^^^^^^^^^^^^^^^^^^^^^^^^^
C:\Users\andre\AppData\Local\Programs\Python\Python312\Lib\site-packages\httpx\_client.py:914: in send
    response = self._send_handling_auth(
C:\Users\andre\AppData\Local\Programs\Python\Python312\Lib\site-packages\httpx\_client.py:942: in _send_handling_auth
    response = self._send_handling_redirects(
C:\Users\andre\AppData\Local\Programs\Python\Python312\Lib\site-packages\httpx\_client.py:979: in _send_handling_redirects
    response = self._send_single_request(request)
               ^^^^^^^^^^^^^^^^^^^^^^^^^^^^^^^^^^
C:\Users\andre\AppData\Local\Programs\Python\Python312\Lib\site-packages\httpx\_client.py:1014: in _send_single_request
    response = transport.handle_request(request)
               ^^^^^^^^^^^^^^^^^^^^^^^^^^^^^^^^^
C:\Users\andre\AppData\Local\Programs\Python\Python312\Lib\site-packages\starlette\testclient.py:348: in handle_request
    raise exc
C:\Users\andre\AppData\Local\Programs\Python\Python312\Lib\site-packages\starlette\testclient.py:345: in handle_request
    portal.call(self.app, scope, receive, send)
C:\Users\andre\AppData\Local\Programs\Python\Python312\Lib\site-packages\anyio\from_thread.py:334: in call
    return cast(T_Retval, self.start_task_soon(func, *args).result())
                          ^^^^^^^^^^^^^^^^^^^^^^^^^^^^^^^^^^^^^^^^^^
C:\Users\andre\AppData\Local\Programs\Python\Python312\Lib\concurrent\futures\_base.py:456: in result
    return self.__get_result()
           ^^^^^^^^^^^^^^^^^^^
C:\Users\andre\AppData\Local\Programs\Python\Python312\Lib\concurrent\futures\_base.py:401: in __get_result
    raise self._exception
C:\Users\andre\AppData\Local\Programs\Python\Python312\Lib\site-packages\anyio\from_thread.py:259: in _call_func
    retval = await retval_or_awaitable
             ^^^^^^^^^^^^^^^^^^^^^^^^^
C:\Users\andre\AppData\Local\Programs\Python\Python312\Lib\site-packages\fastapi\applications.py:1135: in __call__
    await super().__call__(scope, receive, send)
C:\Users\andre\AppData\Local\Programs\Python\Python312\Lib\site-packages\starlette\applications.py:107: in __call__
    await self.middleware_stack(scope, receive, send)
C:\Users\andre\AppData\Local\Programs\Python\Python312\Lib\site-packages\starlette\middleware\errors.py:186: in __call__
    raise exc
C:\Users\andre\AppData\Local\Programs\Python\Python312\Lib\site-packages\starlette\middleware\errors.py:164: in __call__
    await self.app(scope, receive, _send)
C:\Users\andre\AppData\Local\Programs\Python\Python312\Lib\site-packages\starlette\middleware\cors.py:85: in __call__
    await self.app(scope, receive, send)
C:\Users\andre\AppData\Local\Programs\Python\Python312\Lib\site-packages\starlette\middleware\exceptions.py:63: in __call__
    await wrap_app_handling_exceptions(self.app, conn)(scope, receive, send)
C:\Users\andre\AppData\Local\Programs\Python\Python312\Lib\site-packages\starlette\_exception_handler.py:53: in wrapped_app
    raise exc
C:\Users\andre\AppData\Local\Programs\Python\Python312\Lib\site-packages\starlette\_exception_handler.py:42: in wrapped_app
    await app(scope, receive, sender)
C:\Users\andre\AppData\Local\Programs\Python\Python312\Lib\site-packages\fastapi\middleware\asyncexitstack.py:18: in __call__
    await self.app(scope, receive, send)
C:\Users\andre\AppData\Local\Programs\Python\Python312\Lib\site-packages\starlette\routing.py:716: in __call__
    await self.middleware_stack(scope, receive, send)
C:\Users\andre\AppData\Local\Programs\Python\Python312\Lib\site-packages\starlette\routing.py:736: in app
    await route.handle(scope, receive, send)
C:\Users\andre\AppData\Local\Programs\Python\Python312\Lib\site-packages\starlette\routing.py:290: in handle
    await self.app(scope, receive, send)
C:\Users\andre\AppData\Local\Programs\Python\Python312\Lib\site-packages\fastapi\routing.py:115: in app
    await wrap_app_handling_exceptions(app, request)(scope, receive, send)
C:\Users\andre\AppData\Local\Programs\Python\Python312\Lib\site-packages\starlette\_exception_handler.py:53: in wrapped_app
    raise exc
C:\Users\andre\AppData\Local\Programs\Python\Python312\Lib\site-packages\starlette\_exception_handler.py:42: in wrapped_app
    await app(scope, receive, sender)
C:\Users\andre\AppData\Local\Programs\Python\Python312\Lib\site-packages\fastapi\routing.py:101: in app
    response = await f(request)
               ^^^^^^^^^^^^^^^^
C:\Users\andre\AppData\Local\Programs\Python\Python312\Lib\site-packages\fastapi\routing.py:355: in app
    raw_response = await run_endpoint_function(
C:\Users\andre\AppData\Local\Programs\Python\Python312\Lib\site-packages\fastapi\routing.py:245: in run_endpoint_function
    return await run_in_threadpool(dependant.call, **values)
           ^^^^^^^^^^^^^^^^^^^^^^^^^^^^^^^^^^^^^^^^^^^^^^^^^
C:\Users\andre\AppData\Local\Programs\Python\Python312\Lib\site-packages\starlette\concurrency.py:32: in run_in_threadpool
    return await anyio.to_thread.run_sync(func)
           ^^^^^^^^^^^^^^^^^^^^^^^^^^^^^^^^^^^^
C:\Users\andre\AppData\Local\Programs\Python\Python312\Lib\site-packages\anyio\to_thread.py:63: in run_sync
    return await get_async_backend().run_sync_in_worker_thread(
C:\Users\andre\AppData\Local\Programs\Python\Python312\Lib\site-packages\anyio\_backends\_asyncio.py:2502: in run_sync_in_worker_thread
    return await future
           ^^^^^^^^^^^^
C:\Users\andre\AppData\Local\Programs\Python\Python312\Lib\site-packages\anyio\_backends\_asyncio.py:986: in run
    result = context.run(func, *args)
             ^^^^^^^^^^^^^^^^^^^^^^^^
app\routers\auth.py:22: in register_user
    db_user = db.query(User).filter(User.username == user.username).first()
              ^^^^^^^^^^^^^^^^^^^^^^^^^^^^^^^^^^^^^^^^^^^^^^^^^^^^^^^^^^^^^
C:\Users\andre\AppData\Local\Programs\Python\Python312\Lib\site-packages\sqlalchemy\orm\query.py:2759: in first
    return self.limit(1)._iter().first()  # type: ignore
           ^^^^^^^^^^^^^^^^^^^^^
C:\Users\andre\AppData\Local\Programs\Python\Python312\Lib\site-packages\sqlalchemy\orm\query.py:2857: in _iter
    result: Union[ScalarResult[_T], Result[_T]] = self.session.execute(
C:\Users\andre\AppData\Local\Programs\Python\Python312\Lib\site-packages\sqlalchemy\orm\session.py:2351: in execute
    return self._execute_internal(
C:\Users\andre\AppData\Local\Programs\Python\Python312\Lib\site-packages\sqlalchemy\orm\session.py:2249: in _execute_internal
    result: Result[Any] = compile_state_cls.orm_execute_statement(
C:\Users\andre\AppData\Local\Programs\Python\Python312\Lib\site-packages\sqlalchemy\orm\context.py:306: in orm_execute_statement
    result = conn.execute(
C:\Users\andre\AppData\Local\Programs\Python\Python312\Lib\site-packages\sqlalchemy\engine\base.py:1419: in execute
    return meth(
C:\Users\andre\AppData\Local\Programs\Python\Python312\Lib\site-packages\sqlalchemy\sql\elements.py:527: in _execute_on_connection
    return connection._execute_clauseelement(
C:\Users\andre\AppData\Local\Programs\Python\Python312\Lib\site-packages\sqlalchemy\engine\base.py:1641: in _execute_clauseelement
    ret = self._execute_context(
C:\Users\andre\AppData\Local\Programs\Python\Python312\Lib\site-packages\sqlalchemy\engine\base.py:1846: in _execute_context
    return self._exec_single_context(
C:\Users\andre\AppData\Local\Programs\Python\Python312\Lib\site-packages\sqlalchemy\engine\base.py:1986: in _exec_single_context
    self._handle_dbapi_exception(
C:\Users\andre\AppData\Local\Programs\Python\Python312\Lib\site-packages\sqlalchemy\engine\base.py:2363: in _handle_dbapi_exception
    raise sqlalchemy_exception.with_traceback(exc_info[2]) from e
C:\Users\andre\AppData\Local\Programs\Python\Python312\Lib\site-packages\sqlalchemy\engine\base.py:1967: in _exec_single_context
    self.dialect.do_execute(
C:\Users\andre\AppData\Local\Programs\Python\Python312\Lib\site-packages\sqlalchemy\engine\default.py:952: in do_execute
    cursor.execute(statement, parameters)
E   sqlalchemy.exc.OperationalError: (sqlite3.OperationalError) no such table: users
E   [SQL: SELECT users.id AS users_id, users.username AS users_username, users.hashed_password AS users_hashed_password, users.created_at AS users_created_at 
E   FROM users 
E   WHERE users.username = ?
E    LIMIT ? OFFSET ?]
E   [parameters: ('testuser', 1, 0)]
E   (Background on this error at: https://sqlalche.me/e/20/e3q8)
____________ ERROR at setup of TestStreaks.test_get_streak_no_goal ____________
C:\Users\andre\AppData\Local\Programs\Python\Python312\Lib\site-packages\sqlalchemy\engine\base.py:1967: in _exec_single_context
    self.dialect.do_execute(
C:\Users\andre\AppData\Local\Programs\Python\Python312\Lib\site-packages\sqlalchemy\engine\default.py:952: in do_execute
    cursor.execute(statement, parameters)
E   sqlite3.OperationalError: no such table: users

The above exception was the direct cause of the following exception:
tests\conftest.py:59: in auth_headers
    client.post("/auth/register", json={"username": "testuser", "password": "testpass"})
C:\Users\andre\AppData\Local\Programs\Python\Python312\Lib\site-packages\starlette\testclient.py:546: in post
    return super().post(
C:\Users\andre\AppData\Local\Programs\Python\Python312\Lib\site-packages\httpx\_client.py:1144: in post
    return self.request(
C:\Users\andre\AppData\Local\Programs\Python\Python312\Lib\site-packages\starlette\testclient.py:445: in request
    return super().request(
C:\Users\andre\AppData\Local\Programs\Python\Python312\Lib\site-packages\httpx\_client.py:825: in request
    return self.send(request, auth=auth, follow_redirects=follow_redirects)
           ^^^^^^^^^^^^^^^^^^^^^^^^^^^^^^^^^^^^^^^^^^^^^^^^^^^^^^^^^^^^^^^^
C:\Users\andre\AppData\Local\Programs\Python\Python312\Lib\site-packages\httpx\_client.py:914: in send
    response = self._send_handling_auth(
C:\Users\andre\AppData\Local\Programs\Python\Python312\Lib\site-packages\httpx\_client.py:942: in _send_handling_auth
    response = self._send_handling_redirects(
C:\Users\andre\AppData\Local\Programs\Python\Python312\Lib\site-packages\httpx\_client.py:979: in _send_handling_redirects
    response = self._send_single_request(request)
               ^^^^^^^^^^^^^^^^^^^^^^^^^^^^^^^^^^
C:\Users\andre\AppData\Local\Programs\Python\Python312\Lib\site-packages\httpx\_client.py:1014: in _send_single_request
    response = transport.handle_request(request)
               ^^^^^^^^^^^^^^^^^^^^^^^^^^^^^^^^^
C:\Users\andre\AppData\Local\Programs\Python\Python312\Lib\site-packages\starlette\testclient.py:348: in handle_request
    raise exc
C:\Users\andre\AppData\Local\Programs\Python\Python312\Lib\site-packages\starlette\testclient.py:345: in handle_request
    portal.call(self.app, scope, receive, send)
C:\Users\andre\AppData\Local\Programs\Python\Python312\Lib\site-packages\anyio\from_thread.py:334: in call
    return cast(T_Retval, self.start_task_soon(func, *args).result())
                          ^^^^^^^^^^^^^^^^^^^^^^^^^^^^^^^^^^^^^^^^^^
C:\Users\andre\AppData\Local\Programs\Python\Python312\Lib\concurrent\futures\_base.py:456: in result
    return self.__get_result()
           ^^^^^^^^^^^^^^^^^^^
C:\Users\andre\AppData\Local\Programs\Python\Python312\Lib\concurrent\futures\_base.py:401: in __get_result
    raise self._exception
C:\Users\andre\AppData\Local\Programs\Python\Python312\Lib\site-packages\anyio\from_thread.py:259: in _call_func
    retval = await retval_or_awaitable
             ^^^^^^^^^^^^^^^^^^^^^^^^^
C:\Users\andre\AppData\Local\Programs\Python\Python312\Lib\site-packages\fastapi\applications.py:1135: in __call__
    await super().__call__(scope, receive, send)
C:\Users\andre\AppData\Local\Programs\Python\Python312\Lib\site-packages\starlette\applications.py:107: in __call__
    await self.middleware_stack(scope, receive, send)
C:\Users\andre\AppData\Local\Programs\Python\Python312\Lib\site-packages\starlette\middleware\errors.py:186: in __call__
    raise exc
C:\Users\andre\AppData\Local\Programs\Python\Python312\Lib\site-packages\starlette\middleware\errors.py:164: in __call__
    await self.app(scope, receive, _send)
C:\Users\andre\AppData\Local\Programs\Python\Python312\Lib\site-packages\starlette\middleware\cors.py:85: in __call__
    await self.app(scope, receive, send)
C:\Users\andre\AppData\Local\Programs\Python\Python312\Lib\site-packages\starlette\middleware\exceptions.py:63: in __call__
    await wrap_app_handling_exceptions(self.app, conn)(scope, receive, send)
C:\Users\andre\AppData\Local\Programs\Python\Python312\Lib\site-packages\starlette\_exception_handler.py:53: in wrapped_app
    raise exc
C:\Users\andre\AppData\Local\Programs\Python\Python312\Lib\site-packages\starlette\_exception_handler.py:42: in wrapped_app
    await app(scope, receive, sender)
C:\Users\andre\AppData\Local\Programs\Python\Python312\Lib\site-packages\fastapi\middleware\asyncexitstack.py:18: in __call__
    await self.app(scope, receive, send)
C:\Users\andre\AppData\Local\Programs\Python\Python312\Lib\site-packages\starlette\routing.py:716: in __call__
    await self.middleware_stack(scope, receive, send)
C:\Users\andre\AppData\Local\Programs\Python\Python312\Lib\site-packages\starlette\routing.py:736: in app
    await route.handle(scope, receive, send)
C:\Users\andre\AppData\Local\Programs\Python\Python312\Lib\site-packages\starlette\routing.py:290: in handle
    await self.app(scope, receive, send)
C:\Users\andre\AppData\Local\Programs\Python\Python312\Lib\site-packages\fastapi\routing.py:115: in app
    await wrap_app_handling_exceptions(app, request)(scope, receive, send)
C:\Users\andre\AppData\Local\Programs\Python\Python312\Lib\site-packages\starlette\_exception_handler.py:53: in wrapped_app
    raise exc
C:\Users\andre\AppData\Local\Programs\Python\Python312\Lib\site-packages\starlette\_exception_handler.py:42: in wrapped_app
    await app(scope, receive, sender)
C:\Users\andre\AppData\Local\Programs\Python\Python312\Lib\site-packages\fastapi\routing.py:101: in app
    response = await f(request)
               ^^^^^^^^^^^^^^^^
C:\Users\andre\AppData\Local\Programs\Python\Python312\Lib\site-packages\fastapi\routing.py:355: in app
    raw_response = await run_endpoint_function(
C:\Users\andre\AppData\Local\Programs\Python\Python312\Lib\site-packages\fastapi\routing.py:245: in run_endpoint_function
    return await run_in_threadpool(dependant.call, **values)
           ^^^^^^^^^^^^^^^^^^^^^^^^^^^^^^^^^^^^^^^^^^^^^^^^^
C:\Users\andre\AppData\Local\Programs\Python\Python312\Lib\site-packages\starlette\concurrency.py:32: in run_in_threadpool
    return await anyio.to_thread.run_sync(func)
           ^^^^^^^^^^^^^^^^^^^^^^^^^^^^^^^^^^^^
C:\Users\andre\AppData\Local\Programs\Python\Python312\Lib\site-packages\anyio\to_thread.py:63: in run_sync
    return await get_async_backend().run_sync_in_worker_thread(
C:\Users\andre\AppData\Local\Programs\Python\Python312\Lib\site-packages\anyio\_backends\_asyncio.py:2502: in run_sync_in_worker_thread
    return await future
           ^^^^^^^^^^^^
C:\Users\andre\AppData\Local\Programs\Python\Python312\Lib\site-packages\anyio\_backends\_asyncio.py:986: in run
    result = context.run(func, *args)
             ^^^^^^^^^^^^^^^^^^^^^^^^
app\routers\auth.py:22: in register_user
    db_user = db.query(User).filter(User.username == user.username).first()
              ^^^^^^^^^^^^^^^^^^^^^^^^^^^^^^^^^^^^^^^^^^^^^^^^^^^^^^^^^^^^^
C:\Users\andre\AppData\Local\Programs\Python\Python312\Lib\site-packages\sqlalchemy\orm\query.py:2759: in first
    return self.limit(1)._iter().first()  # type: ignore
           ^^^^^^^^^^^^^^^^^^^^^
C:\Users\andre\AppData\Local\Programs\Python\Python312\Lib\site-packages\sqlalchemy\orm\query.py:2857: in _iter
    result: Union[ScalarResult[_T], Result[_T]] = self.session.execute(
C:\Users\andre\AppData\Local\Programs\Python\Python312\Lib\site-packages\sqlalchemy\orm\session.py:2351: in execute
    return self._execute_internal(
C:\Users\andre\AppData\Local\Programs\Python\Python312\Lib\site-packages\sqlalchemy\orm\session.py:2249: in _execute_internal
    result: Result[Any] = compile_state_cls.orm_execute_statement(
C:\Users\andre\AppData\Local\Programs\Python\Python312\Lib\site-packages\sqlalchemy\orm\context.py:306: in orm_execute_statement
    result = conn.execute(
C:\Users\andre\AppData\Local\Programs\Python\Python312\Lib\site-packages\sqlalchemy\engine\base.py:1419: in execute
    return meth(
C:\Users\andre\AppData\Local\Programs\Python\Python312\Lib\site-packages\sqlalchemy\sql\elements.py:527: in _execute_on_connection
    return connection._execute_clauseelement(
C:\Users\andre\AppData\Local\Programs\Python\Python312\Lib\site-packages\sqlalchemy\engine\base.py:1641: in _execute_clauseelement
    ret = self._execute_context(
C:\Users\andre\AppData\Local\Programs\Python\Python312\Lib\site-packages\sqlalchemy\engine\base.py:1846: in _execute_context
    return self._exec_single_context(
C:\Users\andre\AppData\Local\Programs\Python\Python312\Lib\site-packages\sqlalchemy\engine\base.py:1986: in _exec_single_context
    self._handle_dbapi_exception(
C:\Users\andre\AppData\Local\Programs\Python\Python312\Lib\site-packages\sqlalchemy\engine\base.py:2363: in _handle_dbapi_exception
    raise sqlalchemy_exception.with_traceback(exc_info[2]) from e
C:\Users\andre\AppData\Local\Programs\Python\Python312\Lib\site-packages\sqlalchemy\engine\base.py:1967: in _exec_single_context
    self.dialect.do_execute(
C:\Users\andre\AppData\Local\Programs\Python\Python312\Lib\site-packages\sqlalchemy\engine\default.py:952: in do_execute
    cursor.execute(statement, parameters)
E   sqlalchemy.exc.OperationalError: (sqlite3.OperationalError) no such table: users
E   [SQL: SELECT users.id AS users_id, users.username AS users_username, users.hashed_password AS users_hashed_password, users.created_at AS users_created_at 
E   FROM users 
E   WHERE users.username = ?
E    LIMIT ? OFFSET ?]
E   [parameters: ('testuser', 1, 0)]
E   (Background on this error at: https://sqlalche.me/e/20/e3q8)
___________ ERROR at setup of TestStreaks.test_get_streak_with_goal ___________
C:\Users\andre\AppData\Local\Programs\Python\Python312\Lib\site-packages\sqlalchemy\engine\base.py:1967: in _exec_single_context
    self.dialect.do_execute(
C:\Users\andre\AppData\Local\Programs\Python\Python312\Lib\site-packages\sqlalchemy\engine\default.py:952: in do_execute
    cursor.execute(statement, parameters)
E   sqlite3.OperationalError: no such table: users

The above exception was the direct cause of the following exception:
tests\conftest.py:59: in auth_headers
    client.post("/auth/register", json={"username": "testuser", "password": "testpass"})
C:\Users\andre\AppData\Local\Programs\Python\Python312\Lib\site-packages\starlette\testclient.py:546: in post
    return super().post(
C:\Users\andre\AppData\Local\Programs\Python\Python312\Lib\site-packages\httpx\_client.py:1144: in post
    return self.request(
C:\Users\andre\AppData\Local\Programs\Python\Python312\Lib\site-packages\starlette\testclient.py:445: in request
    return super().request(
C:\Users\andre\AppData\Local\Programs\Python\Python312\Lib\site-packages\httpx\_client.py:825: in request
    return self.send(request, auth=auth, follow_redirects=follow_redirects)
           ^^^^^^^^^^^^^^^^^^^^^^^^^^^^^^^^^^^^^^^^^^^^^^^^^^^^^^^^^^^^^^^^
C:\Users\andre\AppData\Local\Programs\Python\Python312\Lib\site-packages\httpx\_client.py:914: in send
    response = self._send_handling_auth(
C:\Users\andre\AppData\Local\Programs\Python\Python312\Lib\site-packages\httpx\_client.py:942: in _send_handling_auth
    response = self._send_handling_redirects(
C:\Users\andre\AppData\Local\Programs\Python\Python312\Lib\site-packages\httpx\_client.py:979: in _send_handling_redirects
    response = self._send_single_request(request)
               ^^^^^^^^^^^^^^^^^^^^^^^^^^^^^^^^^^
C:\Users\andre\AppData\Local\Programs\Python\Python312\Lib\site-packages\httpx\_client.py:1014: in _send_single_request
    response = transport.handle_request(request)
               ^^^^^^^^^^^^^^^^^^^^^^^^^^^^^^^^^
C:\Users\andre\AppData\Local\Programs\Python\Python312\Lib\site-packages\starlette\testclient.py:348: in handle_request
    raise exc
C:\Users\andre\AppData\Local\Programs\Python\Python312\Lib\site-packages\starlette\testclient.py:345: in handle_request
    portal.call(self.app, scope, receive, send)
C:\Users\andre\AppData\Local\Programs\Python\Python312\Lib\site-packages\anyio\from_thread.py:334: in call
    return cast(T_Retval, self.start_task_soon(func, *args).result())
                          ^^^^^^^^^^^^^^^^^^^^^^^^^^^^^^^^^^^^^^^^^^
C:\Users\andre\AppData\Local\Programs\Python\Python312\Lib\concurrent\futures\_base.py:456: in result
    return self.__get_result()
           ^^^^^^^^^^^^^^^^^^^
C:\Users\andre\AppData\Local\Programs\Python\Python312\Lib\concurrent\futures\_base.py:401: in __get_result
    raise self._exception
C:\Users\andre\AppData\Local\Programs\Python\Python312\Lib\site-packages\anyio\from_thread.py:259: in _call_func
    retval = await retval_or_awaitable
             ^^^^^^^^^^^^^^^^^^^^^^^^^
C:\Users\andre\AppData\Local\Programs\Python\Python312\Lib\site-packages\fastapi\applications.py:1135: in __call__
    await super().__call__(scope, receive, send)
C:\Users\andre\AppData\Local\Programs\Python\Python312\Lib\site-packages\starlette\applications.py:107: in __call__
    await self.middleware_stack(scope, receive, send)
C:\Users\andre\AppData\Local\Programs\Python\Python312\Lib\site-packages\starlette\middleware\errors.py:186: in __call__
    raise exc
C:\Users\andre\AppData\Local\Programs\Python\Python312\Lib\site-packages\starlette\middleware\errors.py:164: in __call__
    await self.app(scope, receive, _send)
C:\Users\andre\AppData\Local\Programs\Python\Python312\Lib\site-packages\starlette\middleware\cors.py:85: in __call__
    await self.app(scope, receive, send)
C:\Users\andre\AppData\Local\Programs\Python\Python312\Lib\site-packages\starlette\middleware\exceptions.py:63: in __call__
    await wrap_app_handling_exceptions(self.app, conn)(scope, receive, send)
C:\Users\andre\AppData\Local\Programs\Python\Python312\Lib\site-packages\starlette\_exception_handler.py:53: in wrapped_app
    raise exc
C:\Users\andre\AppData\Local\Programs\Python\Python312\Lib\site-packages\starlette\_exception_handler.py:42: in wrapped_app
    await app(scope, receive, sender)
C:\Users\andre\AppData\Local\Programs\Python\Python312\Lib\site-packages\fastapi\middleware\asyncexitstack.py:18: in __call__
    await self.app(scope, receive, send)
C:\Users\andre\AppData\Local\Programs\Python\Python312\Lib\site-packages\starlette\routing.py:716: in __call__
    await self.middleware_stack(scope, receive, send)
C:\Users\andre\AppData\Local\Programs\Python\Python312\Lib\site-packages\starlette\routing.py:736: in app
    await route.handle(scope, receive, send)
C:\Users\andre\AppData\Local\Programs\Python\Python312\Lib\site-packages\starlette\routing.py:290: in handle
    await self.app(scope, receive, send)
C:\Users\andre\AppData\Local\Programs\Python\Python312\Lib\site-packages\fastapi\routing.py:115: in app
    await wrap_app_handling_exceptions(app, request)(scope, receive, send)
C:\Users\andre\AppData\Local\Programs\Python\Python312\Lib\site-packages\starlette\_exception_handler.py:53: in wrapped_app
    raise exc
C:\Users\andre\AppData\Local\Programs\Python\Python312\Lib\site-packages\starlette\_exception_handler.py:42: in wrapped_app
    await app(scope, receive, sender)
C:\Users\andre\AppData\Local\Programs\Python\Python312\Lib\site-packages\fastapi\routing.py:101: in app
    response = await f(request)
               ^^^^^^^^^^^^^^^^
C:\Users\andre\AppData\Local\Programs\Python\Python312\Lib\site-packages\fastapi\routing.py:355: in app
    raw_response = await run_endpoint_function(
C:\Users\andre\AppData\Local\Programs\Python\Python312\Lib\site-packages\fastapi\routing.py:245: in run_endpoint_function
    return await run_in_threadpool(dependant.call, **values)
           ^^^^^^^^^^^^^^^^^^^^^^^^^^^^^^^^^^^^^^^^^^^^^^^^^
C:\Users\andre\AppData\Local\Programs\Python\Python312\Lib\site-packages\starlette\concurrency.py:32: in run_in_threadpool
    return await anyio.to_thread.run_sync(func)
           ^^^^^^^^^^^^^^^^^^^^^^^^^^^^^^^^^^^^
C:\Users\andre\AppData\Local\Programs\Python\Python312\Lib\site-packages\anyio\to_thread.py:63: in run_sync
    return await get_async_backend().run_sync_in_worker_thread(
C:\Users\andre\AppData\Local\Programs\Python\Python312\Lib\site-packages\anyio\_backends\_asyncio.py:2502: in run_sync_in_worker_thread
    return await future
           ^^^^^^^^^^^^
C:\Users\andre\AppData\Local\Programs\Python\Python312\Lib\site-packages\anyio\_backends\_asyncio.py:986: in run
    result = context.run(func, *args)
             ^^^^^^^^^^^^^^^^^^^^^^^^
app\routers\auth.py:22: in register_user
    db_user = db.query(User).filter(User.username == user.username).first()
              ^^^^^^^^^^^^^^^^^^^^^^^^^^^^^^^^^^^^^^^^^^^^^^^^^^^^^^^^^^^^^
C:\Users\andre\AppData\Local\Programs\Python\Python312\Lib\site-packages\sqlalchemy\orm\query.py:2759: in first
    return self.limit(1)._iter().first()  # type: ignore
           ^^^^^^^^^^^^^^^^^^^^^
C:\Users\andre\AppData\Local\Programs\Python\Python312\Lib\site-packages\sqlalchemy\orm\query.py:2857: in _iter
    result: Union[ScalarResult[_T], Result[_T]] = self.session.execute(
C:\Users\andre\AppData\Local\Programs\Python\Python312\Lib\site-packages\sqlalchemy\orm\session.py:2351: in execute
    return self._execute_internal(
C:\Users\andre\AppData\Local\Programs\Python\Python312\Lib\site-packages\sqlalchemy\orm\session.py:2249: in _execute_internal
    result: Result[Any] = compile_state_cls.orm_execute_statement(
C:\Users\andre\AppData\Local\Programs\Python\Python312\Lib\site-packages\sqlalchemy\orm\context.py:306: in orm_execute_statement
    result = conn.execute(
C:\Users\andre\AppData\Local\Programs\Python\Python312\Lib\site-packages\sqlalchemy\engine\base.py:1419: in execute
    return meth(
C:\Users\andre\AppData\Local\Programs\Python\Python312\Lib\site-packages\sqlalchemy\sql\elements.py:527: in _execute_on_connection
    return connection._execute_clauseelement(
C:\Users\andre\AppData\Local\Programs\Python\Python312\Lib\site-packages\sqlalchemy\engine\base.py:1641: in _execute_clauseelement
    ret = self._execute_context(
C:\Users\andre\AppData\Local\Programs\Python\Python312\Lib\site-packages\sqlalchemy\engine\base.py:1846: in _execute_context
    return self._exec_single_context(
C:\Users\andre\AppData\Local\Programs\Python\Python312\Lib\site-packages\sqlalchemy\engine\base.py:1986: in _exec_single_context
    self._handle_dbapi_exception(
C:\Users\andre\AppData\Local\Programs\Python\Python312\Lib\site-packages\sqlalchemy\engine\base.py:2363: in _handle_dbapi_exception
    raise sqlalchemy_exception.with_traceback(exc_info[2]) from e
C:\Users\andre\AppData\Local\Programs\Python\Python312\Lib\site-packages\sqlalchemy\engine\base.py:1967: in _exec_single_context
    self.dialect.do_execute(
C:\Users\andre\AppData\Local\Programs\Python\Python312\Lib\site-packages\sqlalchemy\engine\default.py:952: in do_execute
    cursor.execute(statement, parameters)
E   sqlalchemy.exc.OperationalError: (sqlite3.OperationalError) no such table: users
E   [SQL: SELECT users.id AS users_id, users.username AS users_username, users.hashed_password AS users_hashed_password, users.created_at AS users_created_at 
E   FROM users 
E   WHERE users.username = ?
E    LIMIT ? OFFSET ?]
E   [parameters: ('testuser', 1, 0)]
E   (Background on this error at: https://sqlalche.me/e/20/e3q8)
__________ ERROR at setup of TestStreaks.test_streak_tracks_sessions __________
C:\Users\andre\AppData\Local\Programs\Python\Python312\Lib\site-packages\sqlalchemy\engine\base.py:1967: in _exec_single_context
    self.dialect.do_execute(
C:\Users\andre\AppData\Local\Programs\Python\Python312\Lib\site-packages\sqlalchemy\engine\default.py:952: in do_execute
    cursor.execute(statement, parameters)
E   sqlite3.OperationalError: no such table: users

The above exception was the direct cause of the following exception:
tests\conftest.py:59: in auth_headers
    client.post("/auth/register", json={"username": "testuser", "password": "testpass"})
C:\Users\andre\AppData\Local\Programs\Python\Python312\Lib\site-packages\starlette\testclient.py:546: in post
    return super().post(
C:\Users\andre\AppData\Local\Programs\Python\Python312\Lib\site-packages\httpx\_client.py:1144: in post
    return self.request(
C:\Users\andre\AppData\Local\Programs\Python\Python312\Lib\site-packages\starlette\testclient.py:445: in request
    return super().request(
C:\Users\andre\AppData\Local\Programs\Python\Python312\Lib\site-packages\httpx\_client.py:825: in request
    return self.send(request, auth=auth, follow_redirects=follow_redirects)
           ^^^^^^^^^^^^^^^^^^^^^^^^^^^^^^^^^^^^^^^^^^^^^^^^^^^^^^^^^^^^^^^^
C:\Users\andre\AppData\Local\Programs\Python\Python312\Lib\site-packages\httpx\_client.py:914: in send
    response = self._send_handling_auth(
C:\Users\andre\AppData\Local\Programs\Python\Python312\Lib\site-packages\httpx\_client.py:942: in _send_handling_auth
    response = self._send_handling_redirects(
C:\Users\andre\AppData\Local\Programs\Python\Python312\Lib\site-packages\httpx\_client.py:979: in _send_handling_redirects
    response = self._send_single_request(request)
               ^^^^^^^^^^^^^^^^^^^^^^^^^^^^^^^^^^
C:\Users\andre\AppData\Local\Programs\Python\Python312\Lib\site-packages\httpx\_client.py:1014: in _send_single_request
    response = transport.handle_request(request)
               ^^^^^^^^^^^^^^^^^^^^^^^^^^^^^^^^^
C:\Users\andre\AppData\Local\Programs\Python\Python312\Lib\site-packages\starlette\testclient.py:348: in handle_request
    raise exc
C:\Users\andre\AppData\Local\Programs\Python\Python312\Lib\site-packages\starlette\testclient.py:345: in handle_request
    portal.call(self.app, scope, receive, send)
C:\Users\andre\AppData\Local\Programs\Python\Python312\Lib\site-packages\anyio\from_thread.py:334: in call
    return cast(T_Retval, self.start_task_soon(func, *args).result())
                          ^^^^^^^^^^^^^^^^^^^^^^^^^^^^^^^^^^^^^^^^^^
C:\Users\andre\AppData\Local\Programs\Python\Python312\Lib\concurrent\futures\_base.py:456: in result
    return self.__get_result()
           ^^^^^^^^^^^^^^^^^^^
C:\Users\andre\AppData\Local\Programs\Python\Python312\Lib\concurrent\futures\_base.py:401: in __get_result
    raise self._exception
C:\Users\andre\AppData\Local\Programs\Python\Python312\Lib\site-packages\anyio\from_thread.py:259: in _call_func
    retval = await retval_or_awaitable
             ^^^^^^^^^^^^^^^^^^^^^^^^^
C:\Users\andre\AppData\Local\Programs\Python\Python312\Lib\site-packages\fastapi\applications.py:1135: in __call__
    await super().__call__(scope, receive, send)
C:\Users\andre\AppData\Local\Programs\Python\Python312\Lib\site-packages\starlette\applications.py:107: in __call__
    await self.middleware_stack(scope, receive, send)
C:\Users\andre\AppData\Local\Programs\Python\Python312\Lib\site-packages\starlette\middleware\errors.py:186: in __call__
    raise exc
C:\Users\andre\AppData\Local\Programs\Python\Python312\Lib\site-packages\starlette\middleware\errors.py:164: in __call__
    await self.app(scope, receive, _send)
C:\Users\andre\AppData\Local\Programs\Python\Python312\Lib\site-packages\starlette\middleware\cors.py:85: in __call__
    await self.app(scope, receive, send)
C:\Users\andre\AppData\Local\Programs\Python\Python312\Lib\site-packages\starlette\middleware\exceptions.py:63: in __call__
    await wrap_app_handling_exceptions(self.app, conn)(scope, receive, send)
C:\Users\andre\AppData\Local\Programs\Python\Python312\Lib\site-packages\starlette\_exception_handler.py:53: in wrapped_app
    raise exc
C:\Users\andre\AppData\Local\Programs\Python\Python312\Lib\site-packages\starlette\_exception_handler.py:42: in wrapped_app
    await app(scope, receive, sender)
C:\Users\andre\AppData\Local\Programs\Python\Python312\Lib\site-packages\fastapi\middleware\asyncexitstack.py:18: in __call__
    await self.app(scope, receive, send)
C:\Users\andre\AppData\Local\Programs\Python\Python312\Lib\site-packages\starlette\routing.py:716: in __call__
    await self.middleware_stack(scope, receive, send)
C:\Users\andre\AppData\Local\Programs\Python\Python312\Lib\site-packages\starlette\routing.py:736: in app
    await route.handle(scope, receive, send)
C:\Users\andre\AppData\Local\Programs\Python\Python312\Lib\site-packages\starlette\routing.py:290: in handle
    await self.app(scope, receive, send)
C:\Users\andre\AppData\Local\Programs\Python\Python312\Lib\site-packages\fastapi\routing.py:115: in app
    await wrap_app_handling_exceptions(app, request)(scope, receive, send)
C:\Users\andre\AppData\Local\Programs\Python\Python312\Lib\site-packages\starlette\_exception_handler.py:53: in wrapped_app
    raise exc
C:\Users\andre\AppData\Local\Programs\Python\Python312\Lib\site-packages\starlette\_exception_handler.py:42: in wrapped_app
    await app(scope, receive, sender)
C:\Users\andre\AppData\Local\Programs\Python\Python312\Lib\site-packages\fastapi\routing.py:101: in app
    response = await f(request)
               ^^^^^^^^^^^^^^^^
C:\Users\andre\AppData\Local\Programs\Python\Python312\Lib\site-packages\fastapi\routing.py:355: in app
    raw_response = await run_endpoint_function(
C:\Users\andre\AppData\Local\Programs\Python\Python312\Lib\site-packages\fastapi\routing.py:245: in run_endpoint_function
    return await run_in_threadpool(dependant.call, **values)
           ^^^^^^^^^^^^^^^^^^^^^^^^^^^^^^^^^^^^^^^^^^^^^^^^^
C:\Users\andre\AppData\Local\Programs\Python\Python312\Lib\site-packages\starlette\concurrency.py:32: in run_in_threadpool
    return await anyio.to_thread.run_sync(func)
           ^^^^^^^^^^^^^^^^^^^^^^^^^^^^^^^^^^^^
C:\Users\andre\AppData\Local\Programs\Python\Python312\Lib\site-packages\anyio\to_thread.py:63: in run_sync
    return await get_async_backend().run_sync_in_worker_thread(
C:\Users\andre\AppData\Local\Programs\Python\Python312\Lib\site-packages\anyio\_backends\_asyncio.py:2502: in run_sync_in_worker_thread
    return await future
           ^^^^^^^^^^^^
C:\Users\andre\AppData\Local\Programs\Python\Python312\Lib\site-packages\anyio\_backends\_asyncio.py:986: in run
    result = context.run(func, *args)
             ^^^^^^^^^^^^^^^^^^^^^^^^
app\routers\auth.py:22: in register_user
    db_user = db.query(User).filter(User.username == user.username).first()
              ^^^^^^^^^^^^^^^^^^^^^^^^^^^^^^^^^^^^^^^^^^^^^^^^^^^^^^^^^^^^^
C:\Users\andre\AppData\Local\Programs\Python\Python312\Lib\site-packages\sqlalchemy\orm\query.py:2759: in first
    return self.limit(1)._iter().first()  # type: ignore
           ^^^^^^^^^^^^^^^^^^^^^
C:\Users\andre\AppData\Local\Programs\Python\Python312\Lib\site-packages\sqlalchemy\orm\query.py:2857: in _iter
    result: Union[ScalarResult[_T], Result[_T]] = self.session.execute(
C:\Users\andre\AppData\Local\Programs\Python\Python312\Lib\site-packages\sqlalchemy\orm\session.py:2351: in execute
    return self._execute_internal(
C:\Users\andre\AppData\Local\Programs\Python\Python312\Lib\site-packages\sqlalchemy\orm\session.py:2249: in _execute_internal
    result: Result[Any] = compile_state_cls.orm_execute_statement(
C:\Users\andre\AppData\Local\Programs\Python\Python312\Lib\site-packages\sqlalchemy\orm\context.py:306: in orm_execute_statement
    result = conn.execute(
C:\Users\andre\AppData\Local\Programs\Python\Python312\Lib\site-packages\sqlalchemy\engine\base.py:1419: in execute
    return meth(
C:\Users\andre\AppData\Local\Programs\Python\Python312\Lib\site-packages\sqlalchemy\sql\elements.py:527: in _execute_on_connection
    return connection._execute_clauseelement(
C:\Users\andre\AppData\Local\Programs\Python\Python312\Lib\site-packages\sqlalchemy\engine\base.py:1641: in _execute_clauseelement
    ret = self._execute_context(
C:\Users\andre\AppData\Local\Programs\Python\Python312\Lib\site-packages\sqlalchemy\engine\base.py:1846: in _execute_context
    return self._exec_single_context(
C:\Users\andre\AppData\Local\Programs\Python\Python312\Lib\site-packages\sqlalchemy\engine\base.py:1986: in _exec_single_context
    self._handle_dbapi_exception(
C:\Users\andre\AppData\Local\Programs\Python\Python312\Lib\site-packages\sqlalchemy\engine\base.py:2363: in _handle_dbapi_exception
    raise sqlalchemy_exception.with_traceback(exc_info[2]) from e
C:\Users\andre\AppData\Local\Programs\Python\Python312\Lib\site-packages\sqlalchemy\engine\base.py:1967: in _exec_single_context
    self.dialect.do_execute(
C:\Users\andre\AppData\Local\Programs\Python\Python312\Lib\site-packages\sqlalchemy\engine\default.py:952: in do_execute
    cursor.execute(statement, parameters)
E   sqlalchemy.exc.OperationalError: (sqlite3.OperationalError) no such table: users
E   [SQL: SELECT users.id AS users_id, users.username AS users_username, users.hashed_password AS users_hashed_password, users.created_at AS users_created_at 
E   FROM users 
E   WHERE users.username = ?
E    LIMIT ? OFFSET ?]
E   [parameters: ('testuser', 1, 0)]
E   (Background on this error at: https://sqlalche.me/e/20/e3q8)
____________ ERROR at setup of TestCreateInjury.test_create_injury ____________
C:\Users\andre\AppData\Local\Programs\Python\Python312\Lib\site-packages\sqlalchemy\engine\base.py:1967: in _exec_single_context
    self.dialect.do_execute(
C:\Users\andre\AppData\Local\Programs\Python\Python312\Lib\site-packages\sqlalchemy\engine\default.py:952: in do_execute
    cursor.execute(statement, parameters)
E   sqlite3.OperationalError: no such table: users

The above exception was the direct cause of the following exception:
tests\conftest.py:59: in auth_headers
    client.post("/auth/register", json={"username": "testuser", "password": "testpass"})
C:\Users\andre\AppData\Local\Programs\Python\Python312\Lib\site-packages\starlette\testclient.py:546: in post
    return super().post(
C:\Users\andre\AppData\Local\Programs\Python\Python312\Lib\site-packages\httpx\_client.py:1144: in post
    return self.request(
C:\Users\andre\AppData\Local\Programs\Python\Python312\Lib\site-packages\starlette\testclient.py:445: in request
    return super().request(
C:\Users\andre\AppData\Local\Programs\Python\Python312\Lib\site-packages\httpx\_client.py:825: in request
    return self.send(request, auth=auth, follow_redirects=follow_redirects)
           ^^^^^^^^^^^^^^^^^^^^^^^^^^^^^^^^^^^^^^^^^^^^^^^^^^^^^^^^^^^^^^^^
C:\Users\andre\AppData\Local\Programs\Python\Python312\Lib\site-packages\httpx\_client.py:914: in send
    response = self._send_handling_auth(
C:\Users\andre\AppData\Local\Programs\Python\Python312\Lib\site-packages\httpx\_client.py:942: in _send_handling_auth
    response = self._send_handling_redirects(
C:\Users\andre\AppData\Local\Programs\Python\Python312\Lib\site-packages\httpx\_client.py:979: in _send_handling_redirects
    response = self._send_single_request(request)
               ^^^^^^^^^^^^^^^^^^^^^^^^^^^^^^^^^^
C:\Users\andre\AppData\Local\Programs\Python\Python312\Lib\site-packages\httpx\_client.py:1014: in _send_single_request
    response = transport.handle_request(request)
               ^^^^^^^^^^^^^^^^^^^^^^^^^^^^^^^^^
C:\Users\andre\AppData\Local\Programs\Python\Python312\Lib\site-packages\starlette\testclient.py:348: in handle_request
    raise exc
C:\Users\andre\AppData\Local\Programs\Python\Python312\Lib\site-packages\starlette\testclient.py:345: in handle_request
    portal.call(self.app, scope, receive, send)
C:\Users\andre\AppData\Local\Programs\Python\Python312\Lib\site-packages\anyio\from_thread.py:334: in call
    return cast(T_Retval, self.start_task_soon(func, *args).result())
                          ^^^^^^^^^^^^^^^^^^^^^^^^^^^^^^^^^^^^^^^^^^
C:\Users\andre\AppData\Local\Programs\Python\Python312\Lib\concurrent\futures\_base.py:456: in result
    return self.__get_result()
           ^^^^^^^^^^^^^^^^^^^
C:\Users\andre\AppData\Local\Programs\Python\Python312\Lib\concurrent\futures\_base.py:401: in __get_result
    raise self._exception
C:\Users\andre\AppData\Local\Programs\Python\Python312\Lib\site-packages\anyio\from_thread.py:259: in _call_func
    retval = await retval_or_awaitable
             ^^^^^^^^^^^^^^^^^^^^^^^^^
C:\Users\andre\AppData\Local\Programs\Python\Python312\Lib\site-packages\fastapi\applications.py:1135: in __call__
    await super().__call__(scope, receive, send)
C:\Users\andre\AppData\Local\Programs\Python\Python312\Lib\site-packages\starlette\applications.py:107: in __call__
    await self.middleware_stack(scope, receive, send)
C:\Users\andre\AppData\Local\Programs\Python\Python312\Lib\site-packages\starlette\middleware\errors.py:186: in __call__
    raise exc
C:\Users\andre\AppData\Local\Programs\Python\Python312\Lib\site-packages\starlette\middleware\errors.py:164: in __call__
    await self.app(scope, receive, _send)
C:\Users\andre\AppData\Local\Programs\Python\Python312\Lib\site-packages\starlette\middleware\cors.py:85: in __call__
    await self.app(scope, receive, send)
C:\Users\andre\AppData\Local\Programs\Python\Python312\Lib\site-packages\starlette\middleware\exceptions.py:63: in __call__
    await wrap_app_handling_exceptions(self.app, conn)(scope, receive, send)
C:\Users\andre\AppData\Local\Programs\Python\Python312\Lib\site-packages\starlette\_exception_handler.py:53: in wrapped_app
    raise exc
C:\Users\andre\AppData\Local\Programs\Python\Python312\Lib\site-packages\starlette\_exception_handler.py:42: in wrapped_app
    await app(scope, receive, sender)
C:\Users\andre\AppData\Local\Programs\Python\Python312\Lib\site-packages\fastapi\middleware\asyncexitstack.py:18: in __call__
    await self.app(scope, receive, send)
C:\Users\andre\AppData\Local\Programs\Python\Python312\Lib\site-packages\starlette\routing.py:716: in __call__
    await self.middleware_stack(scope, receive, send)
C:\Users\andre\AppData\Local\Programs\Python\Python312\Lib\site-packages\starlette\routing.py:736: in app
    await route.handle(scope, receive, send)
C:\Users\andre\AppData\Local\Programs\Python\Python312\Lib\site-packages\starlette\routing.py:290: in handle
    await self.app(scope, receive, send)
C:\Users\andre\AppData\Local\Programs\Python\Python312\Lib\site-packages\fastapi\routing.py:115: in app
    await wrap_app_handling_exceptions(app, request)(scope, receive, send)
C:\Users\andre\AppData\Local\Programs\Python\Python312\Lib\site-packages\starlette\_exception_handler.py:53: in wrapped_app
    raise exc
C:\Users\andre\AppData\Local\Programs\Python\Python312\Lib\site-packages\starlette\_exception_handler.py:42: in wrapped_app
    await app(scope, receive, sender)
C:\Users\andre\AppData\Local\Programs\Python\Python312\Lib\site-packages\fastapi\routing.py:101: in app
    response = await f(request)
               ^^^^^^^^^^^^^^^^
C:\Users\andre\AppData\Local\Programs\Python\Python312\Lib\site-packages\fastapi\routing.py:355: in app
    raw_response = await run_endpoint_function(
C:\Users\andre\AppData\Local\Programs\Python\Python312\Lib\site-packages\fastapi\routing.py:245: in run_endpoint_function
    return await run_in_threadpool(dependant.call, **values)
           ^^^^^^^^^^^^^^^^^^^^^^^^^^^^^^^^^^^^^^^^^^^^^^^^^
C:\Users\andre\AppData\Local\Programs\Python\Python312\Lib\site-packages\starlette\concurrency.py:32: in run_in_threadpool
    return await anyio.to_thread.run_sync(func)
           ^^^^^^^^^^^^^^^^^^^^^^^^^^^^^^^^^^^^
C:\Users\andre\AppData\Local\Programs\Python\Python312\Lib\site-packages\anyio\to_thread.py:63: in run_sync
    return await get_async_backend().run_sync_in_worker_thread(
C:\Users\andre\AppData\Local\Programs\Python\Python312\Lib\site-packages\anyio\_backends\_asyncio.py:2502: in run_sync_in_worker_thread
    return await future
           ^^^^^^^^^^^^
C:\Users\andre\AppData\Local\Programs\Python\Python312\Lib\site-packages\anyio\_backends\_asyncio.py:986: in run
    result = context.run(func, *args)
             ^^^^^^^^^^^^^^^^^^^^^^^^
app\routers\auth.py:22: in register_user
    db_user = db.query(User).filter(User.username == user.username).first()
              ^^^^^^^^^^^^^^^^^^^^^^^^^^^^^^^^^^^^^^^^^^^^^^^^^^^^^^^^^^^^^
C:\Users\andre\AppData\Local\Programs\Python\Python312\Lib\site-packages\sqlalchemy\orm\query.py:2759: in first
    return self.limit(1)._iter().first()  # type: ignore
           ^^^^^^^^^^^^^^^^^^^^^
C:\Users\andre\AppData\Local\Programs\Python\Python312\Lib\site-packages\sqlalchemy\orm\query.py:2857: in _iter
    result: Union[ScalarResult[_T], Result[_T]] = self.session.execute(
C:\Users\andre\AppData\Local\Programs\Python\Python312\Lib\site-packages\sqlalchemy\orm\session.py:2351: in execute
    return self._execute_internal(
C:\Users\andre\AppData\Local\Programs\Python\Python312\Lib\site-packages\sqlalchemy\orm\session.py:2249: in _execute_internal
    result: Result[Any] = compile_state_cls.orm_execute_statement(
C:\Users\andre\AppData\Local\Programs\Python\Python312\Lib\site-packages\sqlalchemy\orm\context.py:306: in orm_execute_statement
    result = conn.execute(
C:\Users\andre\AppData\Local\Programs\Python\Python312\Lib\site-packages\sqlalchemy\engine\base.py:1419: in execute
    return meth(
C:\Users\andre\AppData\Local\Programs\Python\Python312\Lib\site-packages\sqlalchemy\sql\elements.py:527: in _execute_on_connection
    return connection._execute_clauseelement(
C:\Users\andre\AppData\Local\Programs\Python\Python312\Lib\site-packages\sqlalchemy\engine\base.py:1641: in _execute_clauseelement
    ret = self._execute_context(
C:\Users\andre\AppData\Local\Programs\Python\Python312\Lib\site-packages\sqlalchemy\engine\base.py:1846: in _execute_context
    return self._exec_single_context(
C:\Users\andre\AppData\Local\Programs\Python\Python312\Lib\site-packages\sqlalchemy\engine\base.py:1986: in _exec_single_context
    self._handle_dbapi_exception(
C:\Users\andre\AppData\Local\Programs\Python\Python312\Lib\site-packages\sqlalchemy\engine\base.py:2363: in _handle_dbapi_exception
    raise sqlalchemy_exception.with_traceback(exc_info[2]) from e
C:\Users\andre\AppData\Local\Programs\Python\Python312\Lib\site-packages\sqlalchemy\engine\base.py:1967: in _exec_single_context
    self.dialect.do_execute(
C:\Users\andre\AppData\Local\Programs\Python\Python312\Lib\site-packages\sqlalchemy\engine\default.py:952: in do_execute
    cursor.execute(statement, parameters)
E   sqlalchemy.exc.OperationalError: (sqlite3.OperationalError) no such table: users
E   [SQL: SELECT users.id AS users_id, users.username AS users_username, users.hashed_password AS users_hashed_password, users.created_at AS users_created_at 
E   FROM users 
E   WHERE users.username = ?
E    LIMIT ? OFFSET ?]
E   [parameters: ('testuser', 1, 0)]
E   (Background on this error at: https://sqlalche.me/e/20/e3q8)
___________ ERROR at setup of TestGetInjuries.test_get_all_injuries ___________
C:\Users\andre\AppData\Local\Programs\Python\Python312\Lib\site-packages\sqlalchemy\engine\base.py:1967: in _exec_single_context
    self.dialect.do_execute(
C:\Users\andre\AppData\Local\Programs\Python\Python312\Lib\site-packages\sqlalchemy\engine\default.py:952: in do_execute
    cursor.execute(statement, parameters)
E   sqlite3.OperationalError: no such table: users

The above exception was the direct cause of the following exception:
tests\conftest.py:59: in auth_headers
    client.post("/auth/register", json={"username": "testuser", "password": "testpass"})
C:\Users\andre\AppData\Local\Programs\Python\Python312\Lib\site-packages\starlette\testclient.py:546: in post
    return super().post(
C:\Users\andre\AppData\Local\Programs\Python\Python312\Lib\site-packages\httpx\_client.py:1144: in post
    return self.request(
C:\Users\andre\AppData\Local\Programs\Python\Python312\Lib\site-packages\starlette\testclient.py:445: in request
    return super().request(
C:\Users\andre\AppData\Local\Programs\Python\Python312\Lib\site-packages\httpx\_client.py:825: in request
    return self.send(request, auth=auth, follow_redirects=follow_redirects)
           ^^^^^^^^^^^^^^^^^^^^^^^^^^^^^^^^^^^^^^^^^^^^^^^^^^^^^^^^^^^^^^^^
C:\Users\andre\AppData\Local\Programs\Python\Python312\Lib\site-packages\httpx\_client.py:914: in send
    response = self._send_handling_auth(
C:\Users\andre\AppData\Local\Programs\Python\Python312\Lib\site-packages\httpx\_client.py:942: in _send_handling_auth
    response = self._send_handling_redirects(
C:\Users\andre\AppData\Local\Programs\Python\Python312\Lib\site-packages\httpx\_client.py:979: in _send_handling_redirects
    response = self._send_single_request(request)
               ^^^^^^^^^^^^^^^^^^^^^^^^^^^^^^^^^^
C:\Users\andre\AppData\Local\Programs\Python\Python312\Lib\site-packages\httpx\_client.py:1014: in _send_single_request
    response = transport.handle_request(request)
               ^^^^^^^^^^^^^^^^^^^^^^^^^^^^^^^^^
C:\Users\andre\AppData\Local\Programs\Python\Python312\Lib\site-packages\starlette\testclient.py:348: in handle_request
    raise exc
C:\Users\andre\AppData\Local\Programs\Python\Python312\Lib\site-packages\starlette\testclient.py:345: in handle_request
    portal.call(self.app, scope, receive, send)
C:\Users\andre\AppData\Local\Programs\Python\Python312\Lib\site-packages\anyio\from_thread.py:334: in call
    return cast(T_Retval, self.start_task_soon(func, *args).result())
                          ^^^^^^^^^^^^^^^^^^^^^^^^^^^^^^^^^^^^^^^^^^
C:\Users\andre\AppData\Local\Programs\Python\Python312\Lib\concurrent\futures\_base.py:456: in result
    return self.__get_result()
           ^^^^^^^^^^^^^^^^^^^
C:\Users\andre\AppData\Local\Programs\Python\Python312\Lib\concurrent\futures\_base.py:401: in __get_result
    raise self._exception
C:\Users\andre\AppData\Local\Programs\Python\Python312\Lib\site-packages\anyio\from_thread.py:259: in _call_func
    retval = await retval_or_awaitable
             ^^^^^^^^^^^^^^^^^^^^^^^^^
C:\Users\andre\AppData\Local\Programs\Python\Python312\Lib\site-packages\fastapi\applications.py:1135: in __call__
    await super().__call__(scope, receive, send)
C:\Users\andre\AppData\Local\Programs\Python\Python312\Lib\site-packages\starlette\applications.py:107: in __call__
    await self.middleware_stack(scope, receive, send)
C:\Users\andre\AppData\Local\Programs\Python\Python312\Lib\site-packages\starlette\middleware\errors.py:186: in __call__
    raise exc
C:\Users\andre\AppData\Local\Programs\Python\Python312\Lib\site-packages\starlette\middleware\errors.py:164: in __call__
    await self.app(scope, receive, _send)
C:\Users\andre\AppData\Local\Programs\Python\Python312\Lib\site-packages\starlette\middleware\cors.py:85: in __call__
    await self.app(scope, receive, send)
C:\Users\andre\AppData\Local\Programs\Python\Python312\Lib\site-packages\starlette\middleware\exceptions.py:63: in __call__
    await wrap_app_handling_exceptions(self.app, conn)(scope, receive, send)
C:\Users\andre\AppData\Local\Programs\Python\Python312\Lib\site-packages\starlette\_exception_handler.py:53: in wrapped_app
    raise exc
C:\Users\andre\AppData\Local\Programs\Python\Python312\Lib\site-packages\starlette\_exception_handler.py:42: in wrapped_app
    await app(scope, receive, sender)
C:\Users\andre\AppData\Local\Programs\Python\Python312\Lib\site-packages\fastapi\middleware\asyncexitstack.py:18: in __call__
    await self.app(scope, receive, send)
C:\Users\andre\AppData\Local\Programs\Python\Python312\Lib\site-packages\starlette\routing.py:716: in __call__
    await self.middleware_stack(scope, receive, send)
C:\Users\andre\AppData\Local\Programs\Python\Python312\Lib\site-packages\starlette\routing.py:736: in app
    await route.handle(scope, receive, send)
C:\Users\andre\AppData\Local\Programs\Python\Python312\Lib\site-packages\starlette\routing.py:290: in handle
    await self.app(scope, receive, send)
C:\Users\andre\AppData\Local\Programs\Python\Python312\Lib\site-packages\fastapi\routing.py:115: in app
    await wrap_app_handling_exceptions(app, request)(scope, receive, send)
C:\Users\andre\AppData\Local\Programs\Python\Python312\Lib\site-packages\starlette\_exception_handler.py:53: in wrapped_app
    raise exc
C:\Users\andre\AppData\Local\Programs\Python\Python312\Lib\site-packages\starlette\_exception_handler.py:42: in wrapped_app
    await app(scope, receive, sender)
C:\Users\andre\AppData\Local\Programs\Python\Python312\Lib\site-packages\fastapi\routing.py:101: in app
    response = await f(request)
               ^^^^^^^^^^^^^^^^
C:\Users\andre\AppData\Local\Programs\Python\Python312\Lib\site-packages\fastapi\routing.py:355: in app
    raw_response = await run_endpoint_function(
C:\Users\andre\AppData\Local\Programs\Python\Python312\Lib\site-packages\fastapi\routing.py:245: in run_endpoint_function
    return await run_in_threadpool(dependant.call, **values)
           ^^^^^^^^^^^^^^^^^^^^^^^^^^^^^^^^^^^^^^^^^^^^^^^^^
C:\Users\andre\AppData\Local\Programs\Python\Python312\Lib\site-packages\starlette\concurrency.py:32: in run_in_threadpool
    return await anyio.to_thread.run_sync(func)
           ^^^^^^^^^^^^^^^^^^^^^^^^^^^^^^^^^^^^
C:\Users\andre\AppData\Local\Programs\Python\Python312\Lib\site-packages\anyio\to_thread.py:63: in run_sync
    return await get_async_backend().run_sync_in_worker_thread(
C:\Users\andre\AppData\Local\Programs\Python\Python312\Lib\site-packages\anyio\_backends\_asyncio.py:2502: in run_sync_in_worker_thread
    return await future
           ^^^^^^^^^^^^
C:\Users\andre\AppData\Local\Programs\Python\Python312\Lib\site-packages\anyio\_backends\_asyncio.py:986: in run
    result = context.run(func, *args)
             ^^^^^^^^^^^^^^^^^^^^^^^^
app\routers\auth.py:22: in register_user
    db_user = db.query(User).filter(User.username == user.username).first()
              ^^^^^^^^^^^^^^^^^^^^^^^^^^^^^^^^^^^^^^^^^^^^^^^^^^^^^^^^^^^^^
C:\Users\andre\AppData\Local\Programs\Python\Python312\Lib\site-packages\sqlalchemy\orm\query.py:2759: in first
    return self.limit(1)._iter().first()  # type: ignore
           ^^^^^^^^^^^^^^^^^^^^^
C:\Users\andre\AppData\Local\Programs\Python\Python312\Lib\site-packages\sqlalchemy\orm\query.py:2857: in _iter
    result: Union[ScalarResult[_T], Result[_T]] = self.session.execute(
C:\Users\andre\AppData\Local\Programs\Python\Python312\Lib\site-packages\sqlalchemy\orm\session.py:2351: in execute
    return self._execute_internal(
C:\Users\andre\AppData\Local\Programs\Python\Python312\Lib\site-packages\sqlalchemy\orm\session.py:2249: in _execute_internal
    result: Result[Any] = compile_state_cls.orm_execute_statement(
C:\Users\andre\AppData\Local\Programs\Python\Python312\Lib\site-packages\sqlalchemy\orm\context.py:306: in orm_execute_statement
    result = conn.execute(
C:\Users\andre\AppData\Local\Programs\Python\Python312\Lib\site-packages\sqlalchemy\engine\base.py:1419: in execute
    return meth(
C:\Users\andre\AppData\Local\Programs\Python\Python312\Lib\site-packages\sqlalchemy\sql\elements.py:527: in _execute_on_connection
    return connection._execute_clauseelement(
C:\Users\andre\AppData\Local\Programs\Python\Python312\Lib\site-packages\sqlalchemy\engine\base.py:1641: in _execute_clauseelement
    ret = self._execute_context(
C:\Users\andre\AppData\Local\Programs\Python\Python312\Lib\site-packages\sqlalchemy\engine\base.py:1846: in _execute_context
    return self._exec_single_context(
C:\Users\andre\AppData\Local\Programs\Python\Python312\Lib\site-packages\sqlalchemy\engine\base.py:1986: in _exec_single_context
    self._handle_dbapi_exception(
C:\Users\andre\AppData\Local\Programs\Python\Python312\Lib\site-packages\sqlalchemy\engine\base.py:2363: in _handle_dbapi_exception
    raise sqlalchemy_exception.with_traceback(exc_info[2]) from e
C:\Users\andre\AppData\Local\Programs\Python\Python312\Lib\site-packages\sqlalchemy\engine\base.py:1967: in _exec_single_context
    self.dialect.do_execute(
C:\Users\andre\AppData\Local\Programs\Python\Python312\Lib\site-packages\sqlalchemy\engine\default.py:952: in do_execute
    cursor.execute(statement, parameters)
E   sqlalchemy.exc.OperationalError: (sqlite3.OperationalError) no such table: users
E   [SQL: SELECT users.id AS users_id, users.username AS users_username, users.hashed_password AS users_hashed_password, users.created_at AS users_created_at 
E   FROM users 
E   WHERE users.username = ?
E    LIMIT ? OFFSET ?]
E   [parameters: ('testuser', 1, 0)]
E   (Background on this error at: https://sqlalche.me/e/20/e3q8)
_________ ERROR at setup of TestGetInjuries.test_get_active_injuries __________
C:\Users\andre\AppData\Local\Programs\Python\Python312\Lib\site-packages\sqlalchemy\engine\base.py:1967: in _exec_single_context
    self.dialect.do_execute(
C:\Users\andre\AppData\Local\Programs\Python\Python312\Lib\site-packages\sqlalchemy\engine\default.py:952: in do_execute
    cursor.execute(statement, parameters)
E   sqlite3.OperationalError: no such table: users

The above exception was the direct cause of the following exception:
tests\conftest.py:59: in auth_headers
    client.post("/auth/register", json={"username": "testuser", "password": "testpass"})
C:\Users\andre\AppData\Local\Programs\Python\Python312\Lib\site-packages\starlette\testclient.py:546: in post
    return super().post(
C:\Users\andre\AppData\Local\Programs\Python\Python312\Lib\site-packages\httpx\_client.py:1144: in post
    return self.request(
C:\Users\andre\AppData\Local\Programs\Python\Python312\Lib\site-packages\starlette\testclient.py:445: in request
    return super().request(
C:\Users\andre\AppData\Local\Programs\Python\Python312\Lib\site-packages\httpx\_client.py:825: in request
    return self.send(request, auth=auth, follow_redirects=follow_redirects)
           ^^^^^^^^^^^^^^^^^^^^^^^^^^^^^^^^^^^^^^^^^^^^^^^^^^^^^^^^^^^^^^^^
C:\Users\andre\AppData\Local\Programs\Python\Python312\Lib\site-packages\httpx\_client.py:914: in send
    response = self._send_handling_auth(
C:\Users\andre\AppData\Local\Programs\Python\Python312\Lib\site-packages\httpx\_client.py:942: in _send_handling_auth
    response = self._send_handling_redirects(
C:\Users\andre\AppData\Local\Programs\Python\Python312\Lib\site-packages\httpx\_client.py:979: in _send_handling_redirects
    response = self._send_single_request(request)
               ^^^^^^^^^^^^^^^^^^^^^^^^^^^^^^^^^^
C:\Users\andre\AppData\Local\Programs\Python\Python312\Lib\site-packages\httpx\_client.py:1014: in _send_single_request
    response = transport.handle_request(request)
               ^^^^^^^^^^^^^^^^^^^^^^^^^^^^^^^^^
C:\Users\andre\AppData\Local\Programs\Python\Python312\Lib\site-packages\starlette\testclient.py:348: in handle_request
    raise exc
C:\Users\andre\AppData\Local\Programs\Python\Python312\Lib\site-packages\starlette\testclient.py:345: in handle_request
    portal.call(self.app, scope, receive, send)
C:\Users\andre\AppData\Local\Programs\Python\Python312\Lib\site-packages\anyio\from_thread.py:334: in call
    return cast(T_Retval, self.start_task_soon(func, *args).result())
                          ^^^^^^^^^^^^^^^^^^^^^^^^^^^^^^^^^^^^^^^^^^
C:\Users\andre\AppData\Local\Programs\Python\Python312\Lib\concurrent\futures\_base.py:456: in result
    return self.__get_result()
           ^^^^^^^^^^^^^^^^^^^
C:\Users\andre\AppData\Local\Programs\Python\Python312\Lib\concurrent\futures\_base.py:401: in __get_result
    raise self._exception
C:\Users\andre\AppData\Local\Programs\Python\Python312\Lib\site-packages\anyio\from_thread.py:259: in _call_func
    retval = await retval_or_awaitable
             ^^^^^^^^^^^^^^^^^^^^^^^^^
C:\Users\andre\AppData\Local\Programs\Python\Python312\Lib\site-packages\fastapi\applications.py:1135: in __call__
    await super().__call__(scope, receive, send)
C:\Users\andre\AppData\Local\Programs\Python\Python312\Lib\site-packages\starlette\applications.py:107: in __call__
    await self.middleware_stack(scope, receive, send)
C:\Users\andre\AppData\Local\Programs\Python\Python312\Lib\site-packages\starlette\middleware\errors.py:186: in __call__
    raise exc
C:\Users\andre\AppData\Local\Programs\Python\Python312\Lib\site-packages\starlette\middleware\errors.py:164: in __call__
    await self.app(scope, receive, _send)
C:\Users\andre\AppData\Local\Programs\Python\Python312\Lib\site-packages\starlette\middleware\cors.py:85: in __call__
    await self.app(scope, receive, send)
C:\Users\andre\AppData\Local\Programs\Python\Python312\Lib\site-packages\starlette\middleware\exceptions.py:63: in __call__
    await wrap_app_handling_exceptions(self.app, conn)(scope, receive, send)
C:\Users\andre\AppData\Local\Programs\Python\Python312\Lib\site-packages\starlette\_exception_handler.py:53: in wrapped_app
    raise exc
C:\Users\andre\AppData\Local\Programs\Python\Python312\Lib\site-packages\starlette\_exception_handler.py:42: in wrapped_app
    await app(scope, receive, sender)
C:\Users\andre\AppData\Local\Programs\Python\Python312\Lib\site-packages\fastapi\middleware\asyncexitstack.py:18: in __call__
    await self.app(scope, receive, send)
C:\Users\andre\AppData\Local\Programs\Python\Python312\Lib\site-packages\starlette\routing.py:716: in __call__
    await self.middleware_stack(scope, receive, send)
C:\Users\andre\AppData\Local\Programs\Python\Python312\Lib\site-packages\starlette\routing.py:736: in app
    await route.handle(scope, receive, send)
C:\Users\andre\AppData\Local\Programs\Python\Python312\Lib\site-packages\starlette\routing.py:290: in handle
    await self.app(scope, receive, send)
C:\Users\andre\AppData\Local\Programs\Python\Python312\Lib\site-packages\fastapi\routing.py:115: in app
    await wrap_app_handling_exceptions(app, request)(scope, receive, send)
C:\Users\andre\AppData\Local\Programs\Python\Python312\Lib\site-packages\starlette\_exception_handler.py:53: in wrapped_app
    raise exc
C:\Users\andre\AppData\Local\Programs\Python\Python312\Lib\site-packages\starlette\_exception_handler.py:42: in wrapped_app
    await app(scope, receive, sender)
C:\Users\andre\AppData\Local\Programs\Python\Python312\Lib\site-packages\fastapi\routing.py:101: in app
    response = await f(request)
               ^^^^^^^^^^^^^^^^
C:\Users\andre\AppData\Local\Programs\Python\Python312\Lib\site-packages\fastapi\routing.py:355: in app
    raw_response = await run_endpoint_function(
C:\Users\andre\AppData\Local\Programs\Python\Python312\Lib\site-packages\fastapi\routing.py:245: in run_endpoint_function
    return await run_in_threadpool(dependant.call, **values)
           ^^^^^^^^^^^^^^^^^^^^^^^^^^^^^^^^^^^^^^^^^^^^^^^^^
C:\Users\andre\AppData\Local\Programs\Python\Python312\Lib\site-packages\starlette\concurrency.py:32: in run_in_threadpool
    return await anyio.to_thread.run_sync(func)
           ^^^^^^^^^^^^^^^^^^^^^^^^^^^^^^^^^^^^
C:\Users\andre\AppData\Local\Programs\Python\Python312\Lib\site-packages\anyio\to_thread.py:63: in run_sync
    return await get_async_backend().run_sync_in_worker_thread(
C:\Users\andre\AppData\Local\Programs\Python\Python312\Lib\site-packages\anyio\_backends\_asyncio.py:2502: in run_sync_in_worker_thread
    return await future
           ^^^^^^^^^^^^
C:\Users\andre\AppData\Local\Programs\Python\Python312\Lib\site-packages\anyio\_backends\_asyncio.py:986: in run
    result = context.run(func, *args)
             ^^^^^^^^^^^^^^^^^^^^^^^^
app\routers\auth.py:22: in register_user
    db_user = db.query(User).filter(User.username == user.username).first()
              ^^^^^^^^^^^^^^^^^^^^^^^^^^^^^^^^^^^^^^^^^^^^^^^^^^^^^^^^^^^^^
C:\Users\andre\AppData\Local\Programs\Python\Python312\Lib\site-packages\sqlalchemy\orm\query.py:2759: in first
    return self.limit(1)._iter().first()  # type: ignore
           ^^^^^^^^^^^^^^^^^^^^^
C:\Users\andre\AppData\Local\Programs\Python\Python312\Lib\site-packages\sqlalchemy\orm\query.py:2857: in _iter
    result: Union[ScalarResult[_T], Result[_T]] = self.session.execute(
C:\Users\andre\AppData\Local\Programs\Python\Python312\Lib\site-packages\sqlalchemy\orm\session.py:2351: in execute
    return self._execute_internal(
C:\Users\andre\AppData\Local\Programs\Python\Python312\Lib\site-packages\sqlalchemy\orm\session.py:2249: in _execute_internal
    result: Result[Any] = compile_state_cls.orm_execute_statement(
C:\Users\andre\AppData\Local\Programs\Python\Python312\Lib\site-packages\sqlalchemy\orm\context.py:306: in orm_execute_statement
    result = conn.execute(
C:\Users\andre\AppData\Local\Programs\Python\Python312\Lib\site-packages\sqlalchemy\engine\base.py:1419: in execute
    return meth(
C:\Users\andre\AppData\Local\Programs\Python\Python312\Lib\site-packages\sqlalchemy\sql\elements.py:527: in _execute_on_connection
    return connection._execute_clauseelement(
C:\Users\andre\AppData\Local\Programs\Python\Python312\Lib\site-packages\sqlalchemy\engine\base.py:1641: in _execute_clauseelement
    ret = self._execute_context(
C:\Users\andre\AppData\Local\Programs\Python\Python312\Lib\site-packages\sqlalchemy\engine\base.py:1846: in _execute_context
    return self._exec_single_context(
C:\Users\andre\AppData\Local\Programs\Python\Python312\Lib\site-packages\sqlalchemy\engine\base.py:1986: in _exec_single_context
    self._handle_dbapi_exception(
C:\Users\andre\AppData\Local\Programs\Python\Python312\Lib\site-packages\sqlalchemy\engine\base.py:2363: in _handle_dbapi_exception
    raise sqlalchemy_exception.with_traceback(exc_info[2]) from e
C:\Users\andre\AppData\Local\Programs\Python\Python312\Lib\site-packages\sqlalchemy\engine\base.py:1967: in _exec_single_context
    self.dialect.do_execute(
C:\Users\andre\AppData\Local\Programs\Python\Python312\Lib\site-packages\sqlalchemy\engine\default.py:952: in do_execute
    cursor.execute(statement, parameters)
E   sqlalchemy.exc.OperationalError: (sqlite3.OperationalError) no such table: users
E   [SQL: SELECT users.id AS users_id, users.username AS users_username, users.hashed_password AS users_hashed_password, users.created_at AS users_created_at 
E   FROM users 
E   WHERE users.username = ?
E    LIMIT ? OFFSET ?]
E   [parameters: ('testuser', 1, 0)]
E   (Background on this error at: https://sqlalche.me/e/20/e3q8)
___ ERROR at setup of TestGetInjuries.test_injuries_isolated_between_users ____
C:\Users\andre\AppData\Local\Programs\Python\Python312\Lib\site-packages\sqlalchemy\engine\base.py:1967: in _exec_single_context
    self.dialect.do_execute(
C:\Users\andre\AppData\Local\Programs\Python\Python312\Lib\site-packages\sqlalchemy\engine\default.py:952: in do_execute
    cursor.execute(statement, parameters)
E   sqlite3.OperationalError: no such table: users

The above exception was the direct cause of the following exception:
tests\conftest.py:59: in auth_headers
    client.post("/auth/register", json={"username": "testuser", "password": "testpass"})
C:\Users\andre\AppData\Local\Programs\Python\Python312\Lib\site-packages\starlette\testclient.py:546: in post
    return super().post(
C:\Users\andre\AppData\Local\Programs\Python\Python312\Lib\site-packages\httpx\_client.py:1144: in post
    return self.request(
C:\Users\andre\AppData\Local\Programs\Python\Python312\Lib\site-packages\starlette\testclient.py:445: in request
    return super().request(
C:\Users\andre\AppData\Local\Programs\Python\Python312\Lib\site-packages\httpx\_client.py:825: in request
    return self.send(request, auth=auth, follow_redirects=follow_redirects)
           ^^^^^^^^^^^^^^^^^^^^^^^^^^^^^^^^^^^^^^^^^^^^^^^^^^^^^^^^^^^^^^^^
C:\Users\andre\AppData\Local\Programs\Python\Python312\Lib\site-packages\httpx\_client.py:914: in send
    response = self._send_handling_auth(
C:\Users\andre\AppData\Local\Programs\Python\Python312\Lib\site-packages\httpx\_client.py:942: in _send_handling_auth
    response = self._send_handling_redirects(
C:\Users\andre\AppData\Local\Programs\Python\Python312\Lib\site-packages\httpx\_client.py:979: in _send_handling_redirects
    response = self._send_single_request(request)
               ^^^^^^^^^^^^^^^^^^^^^^^^^^^^^^^^^^
C:\Users\andre\AppData\Local\Programs\Python\Python312\Lib\site-packages\httpx\_client.py:1014: in _send_single_request
    response = transport.handle_request(request)
               ^^^^^^^^^^^^^^^^^^^^^^^^^^^^^^^^^
C:\Users\andre\AppData\Local\Programs\Python\Python312\Lib\site-packages\starlette\testclient.py:348: in handle_request
    raise exc
C:\Users\andre\AppData\Local\Programs\Python\Python312\Lib\site-packages\starlette\testclient.py:345: in handle_request
    portal.call(self.app, scope, receive, send)
C:\Users\andre\AppData\Local\Programs\Python\Python312\Lib\site-packages\anyio\from_thread.py:334: in call
    return cast(T_Retval, self.start_task_soon(func, *args).result())
                          ^^^^^^^^^^^^^^^^^^^^^^^^^^^^^^^^^^^^^^^^^^
C:\Users\andre\AppData\Local\Programs\Python\Python312\Lib\concurrent\futures\_base.py:456: in result
    return self.__get_result()
           ^^^^^^^^^^^^^^^^^^^
C:\Users\andre\AppData\Local\Programs\Python\Python312\Lib\concurrent\futures\_base.py:401: in __get_result
    raise self._exception
C:\Users\andre\AppData\Local\Programs\Python\Python312\Lib\site-packages\anyio\from_thread.py:259: in _call_func
    retval = await retval_or_awaitable
             ^^^^^^^^^^^^^^^^^^^^^^^^^
C:\Users\andre\AppData\Local\Programs\Python\Python312\Lib\site-packages\fastapi\applications.py:1135: in __call__
    await super().__call__(scope, receive, send)
C:\Users\andre\AppData\Local\Programs\Python\Python312\Lib\site-packages\starlette\applications.py:107: in __call__
    await self.middleware_stack(scope, receive, send)
C:\Users\andre\AppData\Local\Programs\Python\Python312\Lib\site-packages\starlette\middleware\errors.py:186: in __call__
    raise exc
C:\Users\andre\AppData\Local\Programs\Python\Python312\Lib\site-packages\starlette\middleware\errors.py:164: in __call__
    await self.app(scope, receive, _send)
C:\Users\andre\AppData\Local\Programs\Python\Python312\Lib\site-packages\starlette\middleware\cors.py:85: in __call__
    await self.app(scope, receive, send)
C:\Users\andre\AppData\Local\Programs\Python\Python312\Lib\site-packages\starlette\middleware\exceptions.py:63: in __call__
    await wrap_app_handling_exceptions(self.app, conn)(scope, receive, send)
C:\Users\andre\AppData\Local\Programs\Python\Python312\Lib\site-packages\starlette\_exception_handler.py:53: in wrapped_app
    raise exc
C:\Users\andre\AppData\Local\Programs\Python\Python312\Lib\site-packages\starlette\_exception_handler.py:42: in wrapped_app
    await app(scope, receive, sender)
C:\Users\andre\AppData\Local\Programs\Python\Python312\Lib\site-packages\fastapi\middleware\asyncexitstack.py:18: in __call__
    await self.app(scope, receive, send)
C:\Users\andre\AppData\Local\Programs\Python\Python312\Lib\site-packages\starlette\routing.py:716: in __call__
    await self.middleware_stack(scope, receive, send)
C:\Users\andre\AppData\Local\Programs\Python\Python312\Lib\site-packages\starlette\routing.py:736: in app
    await route.handle(scope, receive, send)
C:\Users\andre\AppData\Local\Programs\Python\Python312\Lib\site-packages\starlette\routing.py:290: in handle
    await self.app(scope, receive, send)
C:\Users\andre\AppData\Local\Programs\Python\Python312\Lib\site-packages\fastapi\routing.py:115: in app
    await wrap_app_handling_exceptions(app, request)(scope, receive, send)
C:\Users\andre\AppData\Local\Programs\Python\Python312\Lib\site-packages\starlette\_exception_handler.py:53: in wrapped_app
    raise exc
C:\Users\andre\AppData\Local\Programs\Python\Python312\Lib\site-packages\starlette\_exception_handler.py:42: in wrapped_app
    await app(scope, receive, sender)
C:\Users\andre\AppData\Local\Programs\Python\Python312\Lib\site-packages\fastapi\routing.py:101: in app
    response = await f(request)
               ^^^^^^^^^^^^^^^^
C:\Users\andre\AppData\Local\Programs\Python\Python312\Lib\site-packages\fastapi\routing.py:355: in app
    raw_response = await run_endpoint_function(
C:\Users\andre\AppData\Local\Programs\Python\Python312\Lib\site-packages\fastapi\routing.py:245: in run_endpoint_function
    return await run_in_threadpool(dependant.call, **values)
           ^^^^^^^^^^^^^^^^^^^^^^^^^^^^^^^^^^^^^^^^^^^^^^^^^
C:\Users\andre\AppData\Local\Programs\Python\Python312\Lib\site-packages\starlette\concurrency.py:32: in run_in_threadpool
    return await anyio.to_thread.run_sync(func)
           ^^^^^^^^^^^^^^^^^^^^^^^^^^^^^^^^^^^^
C:\Users\andre\AppData\Local\Programs\Python\Python312\Lib\site-packages\anyio\to_thread.py:63: in run_sync
    return await get_async_backend().run_sync_in_worker_thread(
C:\Users\andre\AppData\Local\Programs\Python\Python312\Lib\site-packages\anyio\_backends\_asyncio.py:2502: in run_sync_in_worker_thread
    return await future
           ^^^^^^^^^^^^
C:\Users\andre\AppData\Local\Programs\Python\Python312\Lib\site-packages\anyio\_backends\_asyncio.py:986: in run
    result = context.run(func, *args)
             ^^^^^^^^^^^^^^^^^^^^^^^^
app\routers\auth.py:22: in register_user
    db_user = db.query(User).filter(User.username == user.username).first()
              ^^^^^^^^^^^^^^^^^^^^^^^^^^^^^^^^^^^^^^^^^^^^^^^^^^^^^^^^^^^^^
C:\Users\andre\AppData\Local\Programs\Python\Python312\Lib\site-packages\sqlalchemy\orm\query.py:2759: in first
    return self.limit(1)._iter().first()  # type: ignore
           ^^^^^^^^^^^^^^^^^^^^^
C:\Users\andre\AppData\Local\Programs\Python\Python312\Lib\site-packages\sqlalchemy\orm\query.py:2857: in _iter
    result: Union[ScalarResult[_T], Result[_T]] = self.session.execute(
C:\Users\andre\AppData\Local\Programs\Python\Python312\Lib\site-packages\sqlalchemy\orm\session.py:2351: in execute
    return self._execute_internal(
C:\Users\andre\AppData\Local\Programs\Python\Python312\Lib\site-packages\sqlalchemy\orm\session.py:2249: in _execute_internal
    result: Result[Any] = compile_state_cls.orm_execute_statement(
C:\Users\andre\AppData\Local\Programs\Python\Python312\Lib\site-packages\sqlalchemy\orm\context.py:306: in orm_execute_statement
    result = conn.execute(
C:\Users\andre\AppData\Local\Programs\Python\Python312\Lib\site-packages\sqlalchemy\engine\base.py:1419: in execute
    return meth(
C:\Users\andre\AppData\Local\Programs\Python\Python312\Lib\site-packages\sqlalchemy\sql\elements.py:527: in _execute_on_connection
    return connection._execute_clauseelement(
C:\Users\andre\AppData\Local\Programs\Python\Python312\Lib\site-packages\sqlalchemy\engine\base.py:1641: in _execute_clauseelement
    ret = self._execute_context(
C:\Users\andre\AppData\Local\Programs\Python\Python312\Lib\site-packages\sqlalchemy\engine\base.py:1846: in _execute_context
    return self._exec_single_context(
C:\Users\andre\AppData\Local\Programs\Python\Python312\Lib\site-packages\sqlalchemy\engine\base.py:1986: in _exec_single_context
    self._handle_dbapi_exception(
C:\Users\andre\AppData\Local\Programs\Python\Python312\Lib\site-packages\sqlalchemy\engine\base.py:2363: in _handle_dbapi_exception
    raise sqlalchemy_exception.with_traceback(exc_info[2]) from e
C:\Users\andre\AppData\Local\Programs\Python\Python312\Lib\site-packages\sqlalchemy\engine\base.py:1967: in _exec_single_context
    self.dialect.do_execute(
C:\Users\andre\AppData\Local\Programs\Python\Python312\Lib\site-packages\sqlalchemy\engine\default.py:952: in do_execute
    cursor.execute(statement, parameters)
E   sqlalchemy.exc.OperationalError: (sqlite3.OperationalError) no such table: users
E   [SQL: SELECT users.id AS users_id, users.username AS users_username, users.hashed_password AS users_hashed_password, users.created_at AS users_created_at 
E   FROM users 
E   WHERE users.username = ?
E    LIMIT ? OFFSET ?]
E   [parameters: ('testuser', 1, 0)]
E   (Background on this error at: https://sqlalche.me/e/20/e3q8)
_________ ERROR at setup of TestGetSingleInjury.test_get_injury_by_id _________
C:\Users\andre\AppData\Local\Programs\Python\Python312\Lib\site-packages\sqlalchemy\engine\base.py:1967: in _exec_single_context
    self.dialect.do_execute(
C:\Users\andre\AppData\Local\Programs\Python\Python312\Lib\site-packages\sqlalchemy\engine\default.py:952: in do_execute
    cursor.execute(statement, parameters)
E   sqlite3.OperationalError: no such table: users

The above exception was the direct cause of the following exception:
tests\conftest.py:59: in auth_headers
    client.post("/auth/register", json={"username": "testuser", "password": "testpass"})
C:\Users\andre\AppData\Local\Programs\Python\Python312\Lib\site-packages\starlette\testclient.py:546: in post
    return super().post(
C:\Users\andre\AppData\Local\Programs\Python\Python312\Lib\site-packages\httpx\_client.py:1144: in post
    return self.request(
C:\Users\andre\AppData\Local\Programs\Python\Python312\Lib\site-packages\starlette\testclient.py:445: in request
    return super().request(
C:\Users\andre\AppData\Local\Programs\Python\Python312\Lib\site-packages\httpx\_client.py:825: in request
    return self.send(request, auth=auth, follow_redirects=follow_redirects)
           ^^^^^^^^^^^^^^^^^^^^^^^^^^^^^^^^^^^^^^^^^^^^^^^^^^^^^^^^^^^^^^^^
C:\Users\andre\AppData\Local\Programs\Python\Python312\Lib\site-packages\httpx\_client.py:914: in send
    response = self._send_handling_auth(
C:\Users\andre\AppData\Local\Programs\Python\Python312\Lib\site-packages\httpx\_client.py:942: in _send_handling_auth
    response = self._send_handling_redirects(
C:\Users\andre\AppData\Local\Programs\Python\Python312\Lib\site-packages\httpx\_client.py:979: in _send_handling_redirects
    response = self._send_single_request(request)
               ^^^^^^^^^^^^^^^^^^^^^^^^^^^^^^^^^^
C:\Users\andre\AppData\Local\Programs\Python\Python312\Lib\site-packages\httpx\_client.py:1014: in _send_single_request
    response = transport.handle_request(request)
               ^^^^^^^^^^^^^^^^^^^^^^^^^^^^^^^^^
C:\Users\andre\AppData\Local\Programs\Python\Python312\Lib\site-packages\starlette\testclient.py:348: in handle_request
    raise exc
C:\Users\andre\AppData\Local\Programs\Python\Python312\Lib\site-packages\starlette\testclient.py:345: in handle_request
    portal.call(self.app, scope, receive, send)
C:\Users\andre\AppData\Local\Programs\Python\Python312\Lib\site-packages\anyio\from_thread.py:334: in call
    return cast(T_Retval, self.start_task_soon(func, *args).result())
                          ^^^^^^^^^^^^^^^^^^^^^^^^^^^^^^^^^^^^^^^^^^
C:\Users\andre\AppData\Local\Programs\Python\Python312\Lib\concurrent\futures\_base.py:456: in result
    return self.__get_result()
           ^^^^^^^^^^^^^^^^^^^
C:\Users\andre\AppData\Local\Programs\Python\Python312\Lib\concurrent\futures\_base.py:401: in __get_result
    raise self._exception
C:\Users\andre\AppData\Local\Programs\Python\Python312\Lib\site-packages\anyio\from_thread.py:259: in _call_func
    retval = await retval_or_awaitable
             ^^^^^^^^^^^^^^^^^^^^^^^^^
C:\Users\andre\AppData\Local\Programs\Python\Python312\Lib\site-packages\fastapi\applications.py:1135: in __call__
    await super().__call__(scope, receive, send)
C:\Users\andre\AppData\Local\Programs\Python\Python312\Lib\site-packages\starlette\applications.py:107: in __call__
    await self.middleware_stack(scope, receive, send)
C:\Users\andre\AppData\Local\Programs\Python\Python312\Lib\site-packages\starlette\middleware\errors.py:186: in __call__
    raise exc
C:\Users\andre\AppData\Local\Programs\Python\Python312\Lib\site-packages\starlette\middleware\errors.py:164: in __call__
    await self.app(scope, receive, _send)
C:\Users\andre\AppData\Local\Programs\Python\Python312\Lib\site-packages\starlette\middleware\cors.py:85: in __call__
    await self.app(scope, receive, send)
C:\Users\andre\AppData\Local\Programs\Python\Python312\Lib\site-packages\starlette\middleware\exceptions.py:63: in __call__
    await wrap_app_handling_exceptions(self.app, conn)(scope, receive, send)
C:\Users\andre\AppData\Local\Programs\Python\Python312\Lib\site-packages\starlette\_exception_handler.py:53: in wrapped_app
    raise exc
C:\Users\andre\AppData\Local\Programs\Python\Python312\Lib\site-packages\starlette\_exception_handler.py:42: in wrapped_app
    await app(scope, receive, sender)
C:\Users\andre\AppData\Local\Programs\Python\Python312\Lib\site-packages\fastapi\middleware\asyncexitstack.py:18: in __call__
    await self.app(scope, receive, send)
C:\Users\andre\AppData\Local\Programs\Python\Python312\Lib\site-packages\starlette\routing.py:716: in __call__
    await self.middleware_stack(scope, receive, send)
C:\Users\andre\AppData\Local\Programs\Python\Python312\Lib\site-packages\starlette\routing.py:736: in app
    await route.handle(scope, receive, send)
C:\Users\andre\AppData\Local\Programs\Python\Python312\Lib\site-packages\starlette\routing.py:290: in handle
    await self.app(scope, receive, send)
C:\Users\andre\AppData\Local\Programs\Python\Python312\Lib\site-packages\fastapi\routing.py:115: in app
    await wrap_app_handling_exceptions(app, request)(scope, receive, send)
C:\Users\andre\AppData\Local\Programs\Python\Python312\Lib\site-packages\starlette\_exception_handler.py:53: in wrapped_app
    raise exc
C:\Users\andre\AppData\Local\Programs\Python\Python312\Lib\site-packages\starlette\_exception_handler.py:42: in wrapped_app
    await app(scope, receive, sender)
C:\Users\andre\AppData\Local\Programs\Python\Python312\Lib\site-packages\fastapi\routing.py:101: in app
    response = await f(request)
               ^^^^^^^^^^^^^^^^
C:\Users\andre\AppData\Local\Programs\Python\Python312\Lib\site-packages\fastapi\routing.py:355: in app
    raw_response = await run_endpoint_function(
C:\Users\andre\AppData\Local\Programs\Python\Python312\Lib\site-packages\fastapi\routing.py:245: in run_endpoint_function
    return await run_in_threadpool(dependant.call, **values)
           ^^^^^^^^^^^^^^^^^^^^^^^^^^^^^^^^^^^^^^^^^^^^^^^^^
C:\Users\andre\AppData\Local\Programs\Python\Python312\Lib\site-packages\starlette\concurrency.py:32: in run_in_threadpool
    return await anyio.to_thread.run_sync(func)
           ^^^^^^^^^^^^^^^^^^^^^^^^^^^^^^^^^^^^
C:\Users\andre\AppData\Local\Programs\Python\Python312\Lib\site-packages\anyio\to_thread.py:63: in run_sync
    return await get_async_backend().run_sync_in_worker_thread(
C:\Users\andre\AppData\Local\Programs\Python\Python312\Lib\site-packages\anyio\_backends\_asyncio.py:2502: in run_sync_in_worker_thread
    return await future
           ^^^^^^^^^^^^
C:\Users\andre\AppData\Local\Programs\Python\Python312\Lib\site-packages\anyio\_backends\_asyncio.py:986: in run
    result = context.run(func, *args)
             ^^^^^^^^^^^^^^^^^^^^^^^^
app\routers\auth.py:22: in register_user
    db_user = db.query(User).filter(User.username == user.username).first()
              ^^^^^^^^^^^^^^^^^^^^^^^^^^^^^^^^^^^^^^^^^^^^^^^^^^^^^^^^^^^^^
C:\Users\andre\AppData\Local\Programs\Python\Python312\Lib\site-packages\sqlalchemy\orm\query.py:2759: in first
    return self.limit(1)._iter().first()  # type: ignore
           ^^^^^^^^^^^^^^^^^^^^^
C:\Users\andre\AppData\Local\Programs\Python\Python312\Lib\site-packages\sqlalchemy\orm\query.py:2857: in _iter
    result: Union[ScalarResult[_T], Result[_T]] = self.session.execute(
C:\Users\andre\AppData\Local\Programs\Python\Python312\Lib\site-packages\sqlalchemy\orm\session.py:2351: in execute
    return self._execute_internal(
C:\Users\andre\AppData\Local\Programs\Python\Python312\Lib\site-packages\sqlalchemy\orm\session.py:2249: in _execute_internal
    result: Result[Any] = compile_state_cls.orm_execute_statement(
C:\Users\andre\AppData\Local\Programs\Python\Python312\Lib\site-packages\sqlalchemy\orm\context.py:306: in orm_execute_statement
    result = conn.execute(
C:\Users\andre\AppData\Local\Programs\Python\Python312\Lib\site-packages\sqlalchemy\engine\base.py:1419: in execute
    return meth(
C:\Users\andre\AppData\Local\Programs\Python\Python312\Lib\site-packages\sqlalchemy\sql\elements.py:527: in _execute_on_connection
    return connection._execute_clauseelement(
C:\Users\andre\AppData\Local\Programs\Python\Python312\Lib\site-packages\sqlalchemy\engine\base.py:1641: in _execute_clauseelement
    ret = self._execute_context(
C:\Users\andre\AppData\Local\Programs\Python\Python312\Lib\site-packages\sqlalchemy\engine\base.py:1846: in _execute_context
    return self._exec_single_context(
C:\Users\andre\AppData\Local\Programs\Python\Python312\Lib\site-packages\sqlalchemy\engine\base.py:1986: in _exec_single_context
    self._handle_dbapi_exception(
C:\Users\andre\AppData\Local\Programs\Python\Python312\Lib\site-packages\sqlalchemy\engine\base.py:2363: in _handle_dbapi_exception
    raise sqlalchemy_exception.with_traceback(exc_info[2]) from e
C:\Users\andre\AppData\Local\Programs\Python\Python312\Lib\site-packages\sqlalchemy\engine\base.py:1967: in _exec_single_context
    self.dialect.do_execute(
C:\Users\andre\AppData\Local\Programs\Python\Python312\Lib\site-packages\sqlalchemy\engine\default.py:952: in do_execute
    cursor.execute(statement, parameters)
E   sqlalchemy.exc.OperationalError: (sqlite3.OperationalError) no such table: users
E   [SQL: SELECT users.id AS users_id, users.username AS users_username, users.hashed_password AS users_hashed_password, users.created_at AS users_created_at 
E   FROM users 
E   WHERE users.username = ?
E    LIMIT ? OFFSET ?]
E   [parameters: ('testuser', 1, 0)]
E   (Background on this error at: https://sqlalche.me/e/20/e3q8)
_______ ERROR at setup of TestGetSingleInjury.test_get_injury_not_found _______
C:\Users\andre\AppData\Local\Programs\Python\Python312\Lib\site-packages\sqlalchemy\engine\base.py:1967: in _exec_single_context
    self.dialect.do_execute(
C:\Users\andre\AppData\Local\Programs\Python\Python312\Lib\site-packages\sqlalchemy\engine\default.py:952: in do_execute
    cursor.execute(statement, parameters)
E   sqlite3.OperationalError: no such table: users

The above exception was the direct cause of the following exception:
tests\conftest.py:59: in auth_headers
    client.post("/auth/register", json={"username": "testuser", "password": "testpass"})
C:\Users\andre\AppData\Local\Programs\Python\Python312\Lib\site-packages\starlette\testclient.py:546: in post
    return super().post(
C:\Users\andre\AppData\Local\Programs\Python\Python312\Lib\site-packages\httpx\_client.py:1144: in post
    return self.request(
C:\Users\andre\AppData\Local\Programs\Python\Python312\Lib\site-packages\starlette\testclient.py:445: in request
    return super().request(
C:\Users\andre\AppData\Local\Programs\Python\Python312\Lib\site-packages\httpx\_client.py:825: in request
    return self.send(request, auth=auth, follow_redirects=follow_redirects)
           ^^^^^^^^^^^^^^^^^^^^^^^^^^^^^^^^^^^^^^^^^^^^^^^^^^^^^^^^^^^^^^^^
C:\Users\andre\AppData\Local\Programs\Python\Python312\Lib\site-packages\httpx\_client.py:914: in send
    response = self._send_handling_auth(
C:\Users\andre\AppData\Local\Programs\Python\Python312\Lib\site-packages\httpx\_client.py:942: in _send_handling_auth
    response = self._send_handling_redirects(
C:\Users\andre\AppData\Local\Programs\Python\Python312\Lib\site-packages\httpx\_client.py:979: in _send_handling_redirects
    response = self._send_single_request(request)
               ^^^^^^^^^^^^^^^^^^^^^^^^^^^^^^^^^^
C:\Users\andre\AppData\Local\Programs\Python\Python312\Lib\site-packages\httpx\_client.py:1014: in _send_single_request
    response = transport.handle_request(request)
               ^^^^^^^^^^^^^^^^^^^^^^^^^^^^^^^^^
C:\Users\andre\AppData\Local\Programs\Python\Python312\Lib\site-packages\starlette\testclient.py:348: in handle_request
    raise exc
C:\Users\andre\AppData\Local\Programs\Python\Python312\Lib\site-packages\starlette\testclient.py:345: in handle_request
    portal.call(self.app, scope, receive, send)
C:\Users\andre\AppData\Local\Programs\Python\Python312\Lib\site-packages\anyio\from_thread.py:334: in call
    return cast(T_Retval, self.start_task_soon(func, *args).result())
                          ^^^^^^^^^^^^^^^^^^^^^^^^^^^^^^^^^^^^^^^^^^
C:\Users\andre\AppData\Local\Programs\Python\Python312\Lib\concurrent\futures\_base.py:456: in result
    return self.__get_result()
           ^^^^^^^^^^^^^^^^^^^
C:\Users\andre\AppData\Local\Programs\Python\Python312\Lib\concurrent\futures\_base.py:401: in __get_result
    raise self._exception
C:\Users\andre\AppData\Local\Programs\Python\Python312\Lib\site-packages\anyio\from_thread.py:259: in _call_func
    retval = await retval_or_awaitable
             ^^^^^^^^^^^^^^^^^^^^^^^^^
C:\Users\andre\AppData\Local\Programs\Python\Python312\Lib\site-packages\fastapi\applications.py:1135: in __call__
    await super().__call__(scope, receive, send)
C:\Users\andre\AppData\Local\Programs\Python\Python312\Lib\site-packages\starlette\applications.py:107: in __call__
    await self.middleware_stack(scope, receive, send)
C:\Users\andre\AppData\Local\Programs\Python\Python312\Lib\site-packages\starlette\middleware\errors.py:186: in __call__
    raise exc
C:\Users\andre\AppData\Local\Programs\Python\Python312\Lib\site-packages\starlette\middleware\errors.py:164: in __call__
    await self.app(scope, receive, _send)
C:\Users\andre\AppData\Local\Programs\Python\Python312\Lib\site-packages\starlette\middleware\cors.py:85: in __call__
    await self.app(scope, receive, send)
C:\Users\andre\AppData\Local\Programs\Python\Python312\Lib\site-packages\starlette\middleware\exceptions.py:63: in __call__
    await wrap_app_handling_exceptions(self.app, conn)(scope, receive, send)
C:\Users\andre\AppData\Local\Programs\Python\Python312\Lib\site-packages\starlette\_exception_handler.py:53: in wrapped_app
    raise exc
C:\Users\andre\AppData\Local\Programs\Python\Python312\Lib\site-packages\starlette\_exception_handler.py:42: in wrapped_app
    await app(scope, receive, sender)
C:\Users\andre\AppData\Local\Programs\Python\Python312\Lib\site-packages\fastapi\middleware\asyncexitstack.py:18: in __call__
    await self.app(scope, receive, send)
C:\Users\andre\AppData\Local\Programs\Python\Python312\Lib\site-packages\starlette\routing.py:716: in __call__
    await self.middleware_stack(scope, receive, send)
C:\Users\andre\AppData\Local\Programs\Python\Python312\Lib\site-packages\starlette\routing.py:736: in app
    await route.handle(scope, receive, send)
C:\Users\andre\AppData\Local\Programs\Python\Python312\Lib\site-packages\starlette\routing.py:290: in handle
    await self.app(scope, receive, send)
C:\Users\andre\AppData\Local\Programs\Python\Python312\Lib\site-packages\fastapi\routing.py:115: in app
    await wrap_app_handling_exceptions(app, request)(scope, receive, send)
C:\Users\andre\AppData\Local\Programs\Python\Python312\Lib\site-packages\starlette\_exception_handler.py:53: in wrapped_app
    raise exc
C:\Users\andre\AppData\Local\Programs\Python\Python312\Lib\site-packages\starlette\_exception_handler.py:42: in wrapped_app
    await app(scope, receive, sender)
C:\Users\andre\AppData\Local\Programs\Python\Python312\Lib\site-packages\fastapi\routing.py:101: in app
    response = await f(request)
               ^^^^^^^^^^^^^^^^
C:\Users\andre\AppData\Local\Programs\Python\Python312\Lib\site-packages\fastapi\routing.py:355: in app
    raw_response = await run_endpoint_function(
C:\Users\andre\AppData\Local\Programs\Python\Python312\Lib\site-packages\fastapi\routing.py:245: in run_endpoint_function
    return await run_in_threadpool(dependant.call, **values)
           ^^^^^^^^^^^^^^^^^^^^^^^^^^^^^^^^^^^^^^^^^^^^^^^^^
C:\Users\andre\AppData\Local\Programs\Python\Python312\Lib\site-packages\starlette\concurrency.py:32: in run_in_threadpool
    return await anyio.to_thread.run_sync(func)
           ^^^^^^^^^^^^^^^^^^^^^^^^^^^^^^^^^^^^
C:\Users\andre\AppData\Local\Programs\Python\Python312\Lib\site-packages\anyio\to_thread.py:63: in run_sync
    return await get_async_backend().run_sync_in_worker_thread(
C:\Users\andre\AppData\Local\Programs\Python\Python312\Lib\site-packages\anyio\_backends\_asyncio.py:2502: in run_sync_in_worker_thread
    return await future
           ^^^^^^^^^^^^
C:\Users\andre\AppData\Local\Programs\Python\Python312\Lib\site-packages\anyio\_backends\_asyncio.py:986: in run
    result = context.run(func, *args)
             ^^^^^^^^^^^^^^^^^^^^^^^^
app\routers\auth.py:22: in register_user
    db_user = db.query(User).filter(User.username == user.username).first()
              ^^^^^^^^^^^^^^^^^^^^^^^^^^^^^^^^^^^^^^^^^^^^^^^^^^^^^^^^^^^^^
C:\Users\andre\AppData\Local\Programs\Python\Python312\Lib\site-packages\sqlalchemy\orm\query.py:2759: in first
    return self.limit(1)._iter().first()  # type: ignore
           ^^^^^^^^^^^^^^^^^^^^^
C:\Users\andre\AppData\Local\Programs\Python\Python312\Lib\site-packages\sqlalchemy\orm\query.py:2857: in _iter
    result: Union[ScalarResult[_T], Result[_T]] = self.session.execute(
C:\Users\andre\AppData\Local\Programs\Python\Python312\Lib\site-packages\sqlalchemy\orm\session.py:2351: in execute
    return self._execute_internal(
C:\Users\andre\AppData\Local\Programs\Python\Python312\Lib\site-packages\sqlalchemy\orm\session.py:2249: in _execute_internal
    result: Result[Any] = compile_state_cls.orm_execute_statement(
C:\Users\andre\AppData\Local\Programs\Python\Python312\Lib\site-packages\sqlalchemy\orm\context.py:306: in orm_execute_statement
    result = conn.execute(
C:\Users\andre\AppData\Local\Programs\Python\Python312\Lib\site-packages\sqlalchemy\engine\base.py:1419: in execute
    return meth(
C:\Users\andre\AppData\Local\Programs\Python\Python312\Lib\site-packages\sqlalchemy\sql\elements.py:527: in _execute_on_connection
    return connection._execute_clauseelement(
C:\Users\andre\AppData\Local\Programs\Python\Python312\Lib\site-packages\sqlalchemy\engine\base.py:1641: in _execute_clauseelement
    ret = self._execute_context(
C:\Users\andre\AppData\Local\Programs\Python\Python312\Lib\site-packages\sqlalchemy\engine\base.py:1846: in _execute_context
    return self._exec_single_context(
C:\Users\andre\AppData\Local\Programs\Python\Python312\Lib\site-packages\sqlalchemy\engine\base.py:1986: in _exec_single_context
    self._handle_dbapi_exception(
C:\Users\andre\AppData\Local\Programs\Python\Python312\Lib\site-packages\sqlalchemy\engine\base.py:2363: in _handle_dbapi_exception
    raise sqlalchemy_exception.with_traceback(exc_info[2]) from e
C:\Users\andre\AppData\Local\Programs\Python\Python312\Lib\site-packages\sqlalchemy\engine\base.py:1967: in _exec_single_context
    self.dialect.do_execute(
C:\Users\andre\AppData\Local\Programs\Python\Python312\Lib\site-packages\sqlalchemy\engine\default.py:952: in do_execute
    cursor.execute(statement, parameters)
E   sqlalchemy.exc.OperationalError: (sqlite3.OperationalError) no such table: users
E   [SQL: SELECT users.id AS users_id, users.username AS users_username, users.hashed_password AS users_hashed_password, users.created_at AS users_created_at 
E   FROM users 
E   WHERE users.username = ?
E    LIMIT ? OFFSET ?]
E   [parameters: ('testuser', 1, 0)]
E   (Background on this error at: https://sqlalche.me/e/20/e3q8)
____________ ERROR at setup of TestUpdateInjury.test_update_injury ____________
C:\Users\andre\AppData\Local\Programs\Python\Python312\Lib\site-packages\sqlalchemy\engine\base.py:1967: in _exec_single_context
    self.dialect.do_execute(
C:\Users\andre\AppData\Local\Programs\Python\Python312\Lib\site-packages\sqlalchemy\engine\default.py:952: in do_execute
    cursor.execute(statement, parameters)
E   sqlite3.OperationalError: no such table: users

The above exception was the direct cause of the following exception:
tests\conftest.py:59: in auth_headers
    client.post("/auth/register", json={"username": "testuser", "password": "testpass"})
C:\Users\andre\AppData\Local\Programs\Python\Python312\Lib\site-packages\starlette\testclient.py:546: in post
    return super().post(
C:\Users\andre\AppData\Local\Programs\Python\Python312\Lib\site-packages\httpx\_client.py:1144: in post
    return self.request(
C:\Users\andre\AppData\Local\Programs\Python\Python312\Lib\site-packages\starlette\testclient.py:445: in request
    return super().request(
C:\Users\andre\AppData\Local\Programs\Python\Python312\Lib\site-packages\httpx\_client.py:825: in request
    return self.send(request, auth=auth, follow_redirects=follow_redirects)
           ^^^^^^^^^^^^^^^^^^^^^^^^^^^^^^^^^^^^^^^^^^^^^^^^^^^^^^^^^^^^^^^^
C:\Users\andre\AppData\Local\Programs\Python\Python312\Lib\site-packages\httpx\_client.py:914: in send
    response = self._send_handling_auth(
C:\Users\andre\AppData\Local\Programs\Python\Python312\Lib\site-packages\httpx\_client.py:942: in _send_handling_auth
    response = self._send_handling_redirects(
C:\Users\andre\AppData\Local\Programs\Python\Python312\Lib\site-packages\httpx\_client.py:979: in _send_handling_redirects
    response = self._send_single_request(request)
               ^^^^^^^^^^^^^^^^^^^^^^^^^^^^^^^^^^
C:\Users\andre\AppData\Local\Programs\Python\Python312\Lib\site-packages\httpx\_client.py:1014: in _send_single_request
    response = transport.handle_request(request)
               ^^^^^^^^^^^^^^^^^^^^^^^^^^^^^^^^^
C:\Users\andre\AppData\Local\Programs\Python\Python312\Lib\site-packages\starlette\testclient.py:348: in handle_request
    raise exc
C:\Users\andre\AppData\Local\Programs\Python\Python312\Lib\site-packages\starlette\testclient.py:345: in handle_request
    portal.call(self.app, scope, receive, send)
C:\Users\andre\AppData\Local\Programs\Python\Python312\Lib\site-packages\anyio\from_thread.py:334: in call
    return cast(T_Retval, self.start_task_soon(func, *args).result())
                          ^^^^^^^^^^^^^^^^^^^^^^^^^^^^^^^^^^^^^^^^^^
C:\Users\andre\AppData\Local\Programs\Python\Python312\Lib\concurrent\futures\_base.py:456: in result
    return self.__get_result()
           ^^^^^^^^^^^^^^^^^^^
C:\Users\andre\AppData\Local\Programs\Python\Python312\Lib\concurrent\futures\_base.py:401: in __get_result
    raise self._exception
C:\Users\andre\AppData\Local\Programs\Python\Python312\Lib\site-packages\anyio\from_thread.py:259: in _call_func
    retval = await retval_or_awaitable
             ^^^^^^^^^^^^^^^^^^^^^^^^^
C:\Users\andre\AppData\Local\Programs\Python\Python312\Lib\site-packages\fastapi\applications.py:1135: in __call__
    await super().__call__(scope, receive, send)
C:\Users\andre\AppData\Local\Programs\Python\Python312\Lib\site-packages\starlette\applications.py:107: in __call__
    await self.middleware_stack(scope, receive, send)
C:\Users\andre\AppData\Local\Programs\Python\Python312\Lib\site-packages\starlette\middleware\errors.py:186: in __call__
    raise exc
C:\Users\andre\AppData\Local\Programs\Python\Python312\Lib\site-packages\starlette\middleware\errors.py:164: in __call__
    await self.app(scope, receive, _send)
C:\Users\andre\AppData\Local\Programs\Python\Python312\Lib\site-packages\starlette\middleware\cors.py:85: in __call__
    await self.app(scope, receive, send)
C:\Users\andre\AppData\Local\Programs\Python\Python312\Lib\site-packages\starlette\middleware\exceptions.py:63: in __call__
    await wrap_app_handling_exceptions(self.app, conn)(scope, receive, send)
C:\Users\andre\AppData\Local\Programs\Python\Python312\Lib\site-packages\starlette\_exception_handler.py:53: in wrapped_app
    raise exc
C:\Users\andre\AppData\Local\Programs\Python\Python312\Lib\site-packages\starlette\_exception_handler.py:42: in wrapped_app
    await app(scope, receive, sender)
C:\Users\andre\AppData\Local\Programs\Python\Python312\Lib\site-packages\fastapi\middleware\asyncexitstack.py:18: in __call__
    await self.app(scope, receive, send)
C:\Users\andre\AppData\Local\Programs\Python\Python312\Lib\site-packages\starlette\routing.py:716: in __call__
    await self.middleware_stack(scope, receive, send)
C:\Users\andre\AppData\Local\Programs\Python\Python312\Lib\site-packages\starlette\routing.py:736: in app
    await route.handle(scope, receive, send)
C:\Users\andre\AppData\Local\Programs\Python\Python312\Lib\site-packages\starlette\routing.py:290: in handle
    await self.app(scope, receive, send)
C:\Users\andre\AppData\Local\Programs\Python\Python312\Lib\site-packages\fastapi\routing.py:115: in app
    await wrap_app_handling_exceptions(app, request)(scope, receive, send)
C:\Users\andre\AppData\Local\Programs\Python\Python312\Lib\site-packages\starlette\_exception_handler.py:53: in wrapped_app
    raise exc
C:\Users\andre\AppData\Local\Programs\Python\Python312\Lib\site-packages\starlette\_exception_handler.py:42: in wrapped_app
    await app(scope, receive, sender)
C:\Users\andre\AppData\Local\Programs\Python\Python312\Lib\site-packages\fastapi\routing.py:101: in app
    response = await f(request)
               ^^^^^^^^^^^^^^^^
C:\Users\andre\AppData\Local\Programs\Python\Python312\Lib\site-packages\fastapi\routing.py:355: in app
    raw_response = await run_endpoint_function(
C:\Users\andre\AppData\Local\Programs\Python\Python312\Lib\site-packages\fastapi\routing.py:245: in run_endpoint_function
    return await run_in_threadpool(dependant.call, **values)
           ^^^^^^^^^^^^^^^^^^^^^^^^^^^^^^^^^^^^^^^^^^^^^^^^^
C:\Users\andre\AppData\Local\Programs\Python\Python312\Lib\site-packages\starlette\concurrency.py:32: in run_in_threadpool
    return await anyio.to_thread.run_sync(func)
           ^^^^^^^^^^^^^^^^^^^^^^^^^^^^^^^^^^^^
C:\Users\andre\AppData\Local\Programs\Python\Python312\Lib\site-packages\anyio\to_thread.py:63: in run_sync
    return await get_async_backend().run_sync_in_worker_thread(
C:\Users\andre\AppData\Local\Programs\Python\Python312\Lib\site-packages\anyio\_backends\_asyncio.py:2502: in run_sync_in_worker_thread
    return await future
           ^^^^^^^^^^^^
C:\Users\andre\AppData\Local\Programs\Python\Python312\Lib\site-packages\anyio\_backends\_asyncio.py:986: in run
    result = context.run(func, *args)
             ^^^^^^^^^^^^^^^^^^^^^^^^
app\routers\auth.py:22: in register_user
    db_user = db.query(User).filter(User.username == user.username).first()
              ^^^^^^^^^^^^^^^^^^^^^^^^^^^^^^^^^^^^^^^^^^^^^^^^^^^^^^^^^^^^^
C:\Users\andre\AppData\Local\Programs\Python\Python312\Lib\site-packages\sqlalchemy\orm\query.py:2759: in first
    return self.limit(1)._iter().first()  # type: ignore
           ^^^^^^^^^^^^^^^^^^^^^
C:\Users\andre\AppData\Local\Programs\Python\Python312\Lib\site-packages\sqlalchemy\orm\query.py:2857: in _iter
    result: Union[ScalarResult[_T], Result[_T]] = self.session.execute(
C:\Users\andre\AppData\Local\Programs\Python\Python312\Lib\site-packages\sqlalchemy\orm\session.py:2351: in execute
    return self._execute_internal(
C:\Users\andre\AppData\Local\Programs\Python\Python312\Lib\site-packages\sqlalchemy\orm\session.py:2249: in _execute_internal
    result: Result[Any] = compile_state_cls.orm_execute_statement(
C:\Users\andre\AppData\Local\Programs\Python\Python312\Lib\site-packages\sqlalchemy\orm\context.py:306: in orm_execute_statement
    result = conn.execute(
C:\Users\andre\AppData\Local\Programs\Python\Python312\Lib\site-packages\sqlalchemy\engine\base.py:1419: in execute
    return meth(
C:\Users\andre\AppData\Local\Programs\Python\Python312\Lib\site-packages\sqlalchemy\sql\elements.py:527: in _execute_on_connection
    return connection._execute_clauseelement(
C:\Users\andre\AppData\Local\Programs\Python\Python312\Lib\site-packages\sqlalchemy\engine\base.py:1641: in _execute_clauseelement
    ret = self._execute_context(
C:\Users\andre\AppData\Local\Programs\Python\Python312\Lib\site-packages\sqlalchemy\engine\base.py:1846: in _execute_context
    return self._exec_single_context(
C:\Users\andre\AppData\Local\Programs\Python\Python312\Lib\site-packages\sqlalchemy\engine\base.py:1986: in _exec_single_context
    self._handle_dbapi_exception(
C:\Users\andre\AppData\Local\Programs\Python\Python312\Lib\site-packages\sqlalchemy\engine\base.py:2363: in _handle_dbapi_exception
    raise sqlalchemy_exception.with_traceback(exc_info[2]) from e
C:\Users\andre\AppData\Local\Programs\Python\Python312\Lib\site-packages\sqlalchemy\engine\base.py:1967: in _exec_single_context
    self.dialect.do_execute(
C:\Users\andre\AppData\Local\Programs\Python\Python312\Lib\site-packages\sqlalchemy\engine\default.py:952: in do_execute
    cursor.execute(statement, parameters)
E   sqlalchemy.exc.OperationalError: (sqlite3.OperationalError) no such table: users
E   [SQL: SELECT users.id AS users_id, users.username AS users_username, users.hashed_password AS users_hashed_password, users.created_at AS users_created_at 
E   FROM users 
E   WHERE users.username = ?
E    LIMIT ? OFFSET ?]
E   [parameters: ('testuser', 1, 0)]
E   (Background on this error at: https://sqlalche.me/e/20/e3q8)
_________ ERROR at setup of TestUpdateInjury.test_update_nonexistent __________
C:\Users\andre\AppData\Local\Programs\Python\Python312\Lib\site-packages\sqlalchemy\engine\base.py:1967: in _exec_single_context
    self.dialect.do_execute(
C:\Users\andre\AppData\Local\Programs\Python\Python312\Lib\site-packages\sqlalchemy\engine\default.py:952: in do_execute
    cursor.execute(statement, parameters)
E   sqlite3.OperationalError: no such table: users

The above exception was the direct cause of the following exception:
tests\conftest.py:59: in auth_headers
    client.post("/auth/register", json={"username": "testuser", "password": "testpass"})
C:\Users\andre\AppData\Local\Programs\Python\Python312\Lib\site-packages\starlette\testclient.py:546: in post
    return super().post(
C:\Users\andre\AppData\Local\Programs\Python\Python312\Lib\site-packages\httpx\_client.py:1144: in post
    return self.request(
C:\Users\andre\AppData\Local\Programs\Python\Python312\Lib\site-packages\starlette\testclient.py:445: in request
    return super().request(
C:\Users\andre\AppData\Local\Programs\Python\Python312\Lib\site-packages\httpx\_client.py:825: in request
    return self.send(request, auth=auth, follow_redirects=follow_redirects)
           ^^^^^^^^^^^^^^^^^^^^^^^^^^^^^^^^^^^^^^^^^^^^^^^^^^^^^^^^^^^^^^^^
C:\Users\andre\AppData\Local\Programs\Python\Python312\Lib\site-packages\httpx\_client.py:914: in send
    response = self._send_handling_auth(
C:\Users\andre\AppData\Local\Programs\Python\Python312\Lib\site-packages\httpx\_client.py:942: in _send_handling_auth
    response = self._send_handling_redirects(
C:\Users\andre\AppData\Local\Programs\Python\Python312\Lib\site-packages\httpx\_client.py:979: in _send_handling_redirects
    response = self._send_single_request(request)
               ^^^^^^^^^^^^^^^^^^^^^^^^^^^^^^^^^^
C:\Users\andre\AppData\Local\Programs\Python\Python312\Lib\site-packages\httpx\_client.py:1014: in _send_single_request
    response = transport.handle_request(request)
               ^^^^^^^^^^^^^^^^^^^^^^^^^^^^^^^^^
C:\Users\andre\AppData\Local\Programs\Python\Python312\Lib\site-packages\starlette\testclient.py:348: in handle_request
    raise exc
C:\Users\andre\AppData\Local\Programs\Python\Python312\Lib\site-packages\starlette\testclient.py:345: in handle_request
    portal.call(self.app, scope, receive, send)
C:\Users\andre\AppData\Local\Programs\Python\Python312\Lib\site-packages\anyio\from_thread.py:334: in call
    return cast(T_Retval, self.start_task_soon(func, *args).result())
                          ^^^^^^^^^^^^^^^^^^^^^^^^^^^^^^^^^^^^^^^^^^
C:\Users\andre\AppData\Local\Programs\Python\Python312\Lib\concurrent\futures\_base.py:456: in result
    return self.__get_result()
           ^^^^^^^^^^^^^^^^^^^
C:\Users\andre\AppData\Local\Programs\Python\Python312\Lib\concurrent\futures\_base.py:401: in __get_result
    raise self._exception
C:\Users\andre\AppData\Local\Programs\Python\Python312\Lib\site-packages\anyio\from_thread.py:259: in _call_func
    retval = await retval_or_awaitable
             ^^^^^^^^^^^^^^^^^^^^^^^^^
C:\Users\andre\AppData\Local\Programs\Python\Python312\Lib\site-packages\fastapi\applications.py:1135: in __call__
    await super().__call__(scope, receive, send)
C:\Users\andre\AppData\Local\Programs\Python\Python312\Lib\site-packages\starlette\applications.py:107: in __call__
    await self.middleware_stack(scope, receive, send)
C:\Users\andre\AppData\Local\Programs\Python\Python312\Lib\site-packages\starlette\middleware\errors.py:186: in __call__
    raise exc
C:\Users\andre\AppData\Local\Programs\Python\Python312\Lib\site-packages\starlette\middleware\errors.py:164: in __call__
    await self.app(scope, receive, _send)
C:\Users\andre\AppData\Local\Programs\Python\Python312\Lib\site-packages\starlette\middleware\cors.py:85: in __call__
    await self.app(scope, receive, send)
C:\Users\andre\AppData\Local\Programs\Python\Python312\Lib\site-packages\starlette\middleware\exceptions.py:63: in __call__
    await wrap_app_handling_exceptions(self.app, conn)(scope, receive, send)
C:\Users\andre\AppData\Local\Programs\Python\Python312\Lib\site-packages\starlette\_exception_handler.py:53: in wrapped_app
    raise exc
C:\Users\andre\AppData\Local\Programs\Python\Python312\Lib\site-packages\starlette\_exception_handler.py:42: in wrapped_app
    await app(scope, receive, sender)
C:\Users\andre\AppData\Local\Programs\Python\Python312\Lib\site-packages\fastapi\middleware\asyncexitstack.py:18: in __call__
    await self.app(scope, receive, send)
C:\Users\andre\AppData\Local\Programs\Python\Python312\Lib\site-packages\starlette\routing.py:716: in __call__
    await self.middleware_stack(scope, receive, send)
C:\Users\andre\AppData\Local\Programs\Python\Python312\Lib\site-packages\starlette\routing.py:736: in app
    await route.handle(scope, receive, send)
C:\Users\andre\AppData\Local\Programs\Python\Python312\Lib\site-packages\starlette\routing.py:290: in handle
    await self.app(scope, receive, send)
C:\Users\andre\AppData\Local\Programs\Python\Python312\Lib\site-packages\fastapi\routing.py:115: in app
    await wrap_app_handling_exceptions(app, request)(scope, receive, send)
C:\Users\andre\AppData\Local\Programs\Python\Python312\Lib\site-packages\starlette\_exception_handler.py:53: in wrapped_app
    raise exc
C:\Users\andre\AppData\Local\Programs\Python\Python312\Lib\site-packages\starlette\_exception_handler.py:42: in wrapped_app
    await app(scope, receive, sender)
C:\Users\andre\AppData\Local\Programs\Python\Python312\Lib\site-packages\fastapi\routing.py:101: in app
    response = await f(request)
               ^^^^^^^^^^^^^^^^
C:\Users\andre\AppData\Local\Programs\Python\Python312\Lib\site-packages\fastapi\routing.py:355: in app
    raw_response = await run_endpoint_function(
C:\Users\andre\AppData\Local\Programs\Python\Python312\Lib\site-packages\fastapi\routing.py:245: in run_endpoint_function
    return await run_in_threadpool(dependant.call, **values)
           ^^^^^^^^^^^^^^^^^^^^^^^^^^^^^^^^^^^^^^^^^^^^^^^^^
C:\Users\andre\AppData\Local\Programs\Python\Python312\Lib\site-packages\starlette\concurrency.py:32: in run_in_threadpool
    return await anyio.to_thread.run_sync(func)
           ^^^^^^^^^^^^^^^^^^^^^^^^^^^^^^^^^^^^
C:\Users\andre\AppData\Local\Programs\Python\Python312\Lib\site-packages\anyio\to_thread.py:63: in run_sync
    return await get_async_backend().run_sync_in_worker_thread(
C:\Users\andre\AppData\Local\Programs\Python\Python312\Lib\site-packages\anyio\_backends\_asyncio.py:2502: in run_sync_in_worker_thread
    return await future
           ^^^^^^^^^^^^
C:\Users\andre\AppData\Local\Programs\Python\Python312\Lib\site-packages\anyio\_backends\_asyncio.py:986: in run
    result = context.run(func, *args)
             ^^^^^^^^^^^^^^^^^^^^^^^^
app\routers\auth.py:22: in register_user
    db_user = db.query(User).filter(User.username == user.username).first()
              ^^^^^^^^^^^^^^^^^^^^^^^^^^^^^^^^^^^^^^^^^^^^^^^^^^^^^^^^^^^^^
C:\Users\andre\AppData\Local\Programs\Python\Python312\Lib\site-packages\sqlalchemy\orm\query.py:2759: in first
    return self.limit(1)._iter().first()  # type: ignore
           ^^^^^^^^^^^^^^^^^^^^^
C:\Users\andre\AppData\Local\Programs\Python\Python312\Lib\site-packages\sqlalchemy\orm\query.py:2857: in _iter
    result: Union[ScalarResult[_T], Result[_T]] = self.session.execute(
C:\Users\andre\AppData\Local\Programs\Python\Python312\Lib\site-packages\sqlalchemy\orm\session.py:2351: in execute
    return self._execute_internal(
C:\Users\andre\AppData\Local\Programs\Python\Python312\Lib\site-packages\sqlalchemy\orm\session.py:2249: in _execute_internal
    result: Result[Any] = compile_state_cls.orm_execute_statement(
C:\Users\andre\AppData\Local\Programs\Python\Python312\Lib\site-packages\sqlalchemy\orm\context.py:306: in orm_execute_statement
    result = conn.execute(
C:\Users\andre\AppData\Local\Programs\Python\Python312\Lib\site-packages\sqlalchemy\engine\base.py:1419: in execute
    return meth(
C:\Users\andre\AppData\Local\Programs\Python\Python312\Lib\site-packages\sqlalchemy\sql\elements.py:527: in _execute_on_connection
    return connection._execute_clauseelement(
C:\Users\andre\AppData\Local\Programs\Python\Python312\Lib\site-packages\sqlalchemy\engine\base.py:1641: in _execute_clauseelement
    ret = self._execute_context(
C:\Users\andre\AppData\Local\Programs\Python\Python312\Lib\site-packages\sqlalchemy\engine\base.py:1846: in _execute_context
    return self._exec_single_context(
C:\Users\andre\AppData\Local\Programs\Python\Python312\Lib\site-packages\sqlalchemy\engine\base.py:1986: in _exec_single_context
    self._handle_dbapi_exception(
C:\Users\andre\AppData\Local\Programs\Python\Python312\Lib\site-packages\sqlalchemy\engine\base.py:2363: in _handle_dbapi_exception
    raise sqlalchemy_exception.with_traceback(exc_info[2]) from e
C:\Users\andre\AppData\Local\Programs\Python\Python312\Lib\site-packages\sqlalchemy\engine\base.py:1967: in _exec_single_context
    self.dialect.do_execute(
C:\Users\andre\AppData\Local\Programs\Python\Python312\Lib\site-packages\sqlalchemy\engine\default.py:952: in do_execute
    cursor.execute(statement, parameters)
E   sqlalchemy.exc.OperationalError: (sqlite3.OperationalError) no such table: users
E   [SQL: SELECT users.id AS users_id, users.username AS users_username, users.hashed_password AS users_hashed_password, users.created_at AS users_created_at 
E   FROM users 
E   WHERE users.username = ?
E    LIMIT ? OFFSET ?]
E   [parameters: ('testuser', 1, 0)]
E   (Background on this error at: https://sqlalche.me/e/20/e3q8)
____________ ERROR at setup of TestDeleteInjury.test_delete_injury ____________
C:\Users\andre\AppData\Local\Programs\Python\Python312\Lib\site-packages\sqlalchemy\engine\base.py:1967: in _exec_single_context
    self.dialect.do_execute(
C:\Users\andre\AppData\Local\Programs\Python\Python312\Lib\site-packages\sqlalchemy\engine\default.py:952: in do_execute
    cursor.execute(statement, parameters)
E   sqlite3.OperationalError: no such table: users

The above exception was the direct cause of the following exception:
tests\conftest.py:59: in auth_headers
    client.post("/auth/register", json={"username": "testuser", "password": "testpass"})
C:\Users\andre\AppData\Local\Programs\Python\Python312\Lib\site-packages\starlette\testclient.py:546: in post
    return super().post(
C:\Users\andre\AppData\Local\Programs\Python\Python312\Lib\site-packages\httpx\_client.py:1144: in post
    return self.request(
C:\Users\andre\AppData\Local\Programs\Python\Python312\Lib\site-packages\starlette\testclient.py:445: in request
    return super().request(
C:\Users\andre\AppData\Local\Programs\Python\Python312\Lib\site-packages\httpx\_client.py:825: in request
    return self.send(request, auth=auth, follow_redirects=follow_redirects)
           ^^^^^^^^^^^^^^^^^^^^^^^^^^^^^^^^^^^^^^^^^^^^^^^^^^^^^^^^^^^^^^^^
C:\Users\andre\AppData\Local\Programs\Python\Python312\Lib\site-packages\httpx\_client.py:914: in send
    response = self._send_handling_auth(
C:\Users\andre\AppData\Local\Programs\Python\Python312\Lib\site-packages\httpx\_client.py:942: in _send_handling_auth
    response = self._send_handling_redirects(
C:\Users\andre\AppData\Local\Programs\Python\Python312\Lib\site-packages\httpx\_client.py:979: in _send_handling_redirects
    response = self._send_single_request(request)
               ^^^^^^^^^^^^^^^^^^^^^^^^^^^^^^^^^^
C:\Users\andre\AppData\Local\Programs\Python\Python312\Lib\site-packages\httpx\_client.py:1014: in _send_single_request
    response = transport.handle_request(request)
               ^^^^^^^^^^^^^^^^^^^^^^^^^^^^^^^^^
C:\Users\andre\AppData\Local\Programs\Python\Python312\Lib\site-packages\starlette\testclient.py:348: in handle_request
    raise exc
C:\Users\andre\AppData\Local\Programs\Python\Python312\Lib\site-packages\starlette\testclient.py:345: in handle_request
    portal.call(self.app, scope, receive, send)
C:\Users\andre\AppData\Local\Programs\Python\Python312\Lib\site-packages\anyio\from_thread.py:334: in call
    return cast(T_Retval, self.start_task_soon(func, *args).result())
                          ^^^^^^^^^^^^^^^^^^^^^^^^^^^^^^^^^^^^^^^^^^
C:\Users\andre\AppData\Local\Programs\Python\Python312\Lib\concurrent\futures\_base.py:456: in result
    return self.__get_result()
           ^^^^^^^^^^^^^^^^^^^
C:\Users\andre\AppData\Local\Programs\Python\Python312\Lib\concurrent\futures\_base.py:401: in __get_result
    raise self._exception
C:\Users\andre\AppData\Local\Programs\Python\Python312\Lib\site-packages\anyio\from_thread.py:259: in _call_func
    retval = await retval_or_awaitable
             ^^^^^^^^^^^^^^^^^^^^^^^^^
C:\Users\andre\AppData\Local\Programs\Python\Python312\Lib\site-packages\fastapi\applications.py:1135: in __call__
    await super().__call__(scope, receive, send)
C:\Users\andre\AppData\Local\Programs\Python\Python312\Lib\site-packages\starlette\applications.py:107: in __call__
    await self.middleware_stack(scope, receive, send)
C:\Users\andre\AppData\Local\Programs\Python\Python312\Lib\site-packages\starlette\middleware\errors.py:186: in __call__
    raise exc
C:\Users\andre\AppData\Local\Programs\Python\Python312\Lib\site-packages\starlette\middleware\errors.py:164: in __call__
    await self.app(scope, receive, _send)
C:\Users\andre\AppData\Local\Programs\Python\Python312\Lib\site-packages\starlette\middleware\cors.py:85: in __call__
    await self.app(scope, receive, send)
C:\Users\andre\AppData\Local\Programs\Python\Python312\Lib\site-packages\starlette\middleware\exceptions.py:63: in __call__
    await wrap_app_handling_exceptions(self.app, conn)(scope, receive, send)
C:\Users\andre\AppData\Local\Programs\Python\Python312\Lib\site-packages\starlette\_exception_handler.py:53: in wrapped_app
    raise exc
C:\Users\andre\AppData\Local\Programs\Python\Python312\Lib\site-packages\starlette\_exception_handler.py:42: in wrapped_app
    await app(scope, receive, sender)
C:\Users\andre\AppData\Local\Programs\Python\Python312\Lib\site-packages\fastapi\middleware\asyncexitstack.py:18: in __call__
    await self.app(scope, receive, send)
C:\Users\andre\AppData\Local\Programs\Python\Python312\Lib\site-packages\starlette\routing.py:716: in __call__
    await self.middleware_stack(scope, receive, send)
C:\Users\andre\AppData\Local\Programs\Python\Python312\Lib\site-packages\starlette\routing.py:736: in app
    await route.handle(scope, receive, send)
C:\Users\andre\AppData\Local\Programs\Python\Python312\Lib\site-packages\starlette\routing.py:290: in handle
    await self.app(scope, receive, send)
C:\Users\andre\AppData\Local\Programs\Python\Python312\Lib\site-packages\fastapi\routing.py:115: in app
    await wrap_app_handling_exceptions(app, request)(scope, receive, send)
C:\Users\andre\AppData\Local\Programs\Python\Python312\Lib\site-packages\starlette\_exception_handler.py:53: in wrapped_app
    raise exc
C:\Users\andre\AppData\Local\Programs\Python\Python312\Lib\site-packages\starlette\_exception_handler.py:42: in wrapped_app
    await app(scope, receive, sender)
C:\Users\andre\AppData\Local\Programs\Python\Python312\Lib\site-packages\fastapi\routing.py:101: in app
    response = await f(request)
               ^^^^^^^^^^^^^^^^
C:\Users\andre\AppData\Local\Programs\Python\Python312\Lib\site-packages\fastapi\routing.py:355: in app
    raw_response = await run_endpoint_function(
C:\Users\andre\AppData\Local\Programs\Python\Python312\Lib\site-packages\fastapi\routing.py:245: in run_endpoint_function
    return await run_in_threadpool(dependant.call, **values)
           ^^^^^^^^^^^^^^^^^^^^^^^^^^^^^^^^^^^^^^^^^^^^^^^^^
C:\Users\andre\AppData\Local\Programs\Python\Python312\Lib\site-packages\starlette\concurrency.py:32: in run_in_threadpool
    return await anyio.to_thread.run_sync(func)
           ^^^^^^^^^^^^^^^^^^^^^^^^^^^^^^^^^^^^
C:\Users\andre\AppData\Local\Programs\Python\Python312\Lib\site-packages\anyio\to_thread.py:63: in run_sync
    return await get_async_backend().run_sync_in_worker_thread(
C:\Users\andre\AppData\Local\Programs\Python\Python312\Lib\site-packages\anyio\_backends\_asyncio.py:2502: in run_sync_in_worker_thread
    return await future
           ^^^^^^^^^^^^
C:\Users\andre\AppData\Local\Programs\Python\Python312\Lib\site-packages\anyio\_backends\_asyncio.py:986: in run
    result = context.run(func, *args)
             ^^^^^^^^^^^^^^^^^^^^^^^^
app\routers\auth.py:22: in register_user
    db_user = db.query(User).filter(User.username == user.username).first()
              ^^^^^^^^^^^^^^^^^^^^^^^^^^^^^^^^^^^^^^^^^^^^^^^^^^^^^^^^^^^^^
C:\Users\andre\AppData\Local\Programs\Python\Python312\Lib\site-packages\sqlalchemy\orm\query.py:2759: in first
    return self.limit(1)._iter().first()  # type: ignore
           ^^^^^^^^^^^^^^^^^^^^^
C:\Users\andre\AppData\Local\Programs\Python\Python312\Lib\site-packages\sqlalchemy\orm\query.py:2857: in _iter
    result: Union[ScalarResult[_T], Result[_T]] = self.session.execute(
C:\Users\andre\AppData\Local\Programs\Python\Python312\Lib\site-packages\sqlalchemy\orm\session.py:2351: in execute
    return self._execute_internal(
C:\Users\andre\AppData\Local\Programs\Python\Python312\Lib\site-packages\sqlalchemy\orm\session.py:2249: in _execute_internal
    result: Result[Any] = compile_state_cls.orm_execute_statement(
C:\Users\andre\AppData\Local\Programs\Python\Python312\Lib\site-packages\sqlalchemy\orm\context.py:306: in orm_execute_statement
    result = conn.execute(
C:\Users\andre\AppData\Local\Programs\Python\Python312\Lib\site-packages\sqlalchemy\engine\base.py:1419: in execute
    return meth(
C:\Users\andre\AppData\Local\Programs\Python\Python312\Lib\site-packages\sqlalchemy\sql\elements.py:527: in _execute_on_connection
    return connection._execute_clauseelement(
C:\Users\andre\AppData\Local\Programs\Python\Python312\Lib\site-packages\sqlalchemy\engine\base.py:1641: in _execute_clauseelement
    ret = self._execute_context(
C:\Users\andre\AppData\Local\Programs\Python\Python312\Lib\site-packages\sqlalchemy\engine\base.py:1846: in _execute_context
    return self._exec_single_context(
C:\Users\andre\AppData\Local\Programs\Python\Python312\Lib\site-packages\sqlalchemy\engine\base.py:1986: in _exec_single_context
    self._handle_dbapi_exception(
C:\Users\andre\AppData\Local\Programs\Python\Python312\Lib\site-packages\sqlalchemy\engine\base.py:2363: in _handle_dbapi_exception
    raise sqlalchemy_exception.with_traceback(exc_info[2]) from e
C:\Users\andre\AppData\Local\Programs\Python\Python312\Lib\site-packages\sqlalchemy\engine\base.py:1967: in _exec_single_context
    self.dialect.do_execute(
C:\Users\andre\AppData\Local\Programs\Python\Python312\Lib\site-packages\sqlalchemy\engine\default.py:952: in do_execute
    cursor.execute(statement, parameters)
E   sqlalchemy.exc.OperationalError: (sqlite3.OperationalError) no such table: users
E   [SQL: SELECT users.id AS users_id, users.username AS users_username, users.hashed_password AS users_hashed_password, users.created_at AS users_created_at 
E   FROM users 
E   WHERE users.username = ?
E    LIMIT ? OFFSET ?]
E   [parameters: ('testuser', 1, 0)]
E   (Background on this error at: https://sqlalche.me/e/20/e3q8)
_________ ERROR at setup of TestDeleteInjury.test_delete_nonexistent __________
C:\Users\andre\AppData\Local\Programs\Python\Python312\Lib\site-packages\sqlalchemy\engine\base.py:1967: in _exec_single_context
    self.dialect.do_execute(
C:\Users\andre\AppData\Local\Programs\Python\Python312\Lib\site-packages\sqlalchemy\engine\default.py:952: in do_execute
    cursor.execute(statement, parameters)
E   sqlite3.OperationalError: no such table: users

The above exception was the direct cause of the following exception:
tests\conftest.py:59: in auth_headers
    client.post("/auth/register", json={"username": "testuser", "password": "testpass"})
C:\Users\andre\AppData\Local\Programs\Python\Python312\Lib\site-packages\starlette\testclient.py:546: in post
    return super().post(
C:\Users\andre\AppData\Local\Programs\Python\Python312\Lib\site-packages\httpx\_client.py:1144: in post
    return self.request(
C:\Users\andre\AppData\Local\Programs\Python\Python312\Lib\site-packages\starlette\testclient.py:445: in request
    return super().request(
C:\Users\andre\AppData\Local\Programs\Python\Python312\Lib\site-packages\httpx\_client.py:825: in request
    return self.send(request, auth=auth, follow_redirects=follow_redirects)
           ^^^^^^^^^^^^^^^^^^^^^^^^^^^^^^^^^^^^^^^^^^^^^^^^^^^^^^^^^^^^^^^^
C:\Users\andre\AppData\Local\Programs\Python\Python312\Lib\site-packages\httpx\_client.py:914: in send
    response = self._send_handling_auth(
C:\Users\andre\AppData\Local\Programs\Python\Python312\Lib\site-packages\httpx\_client.py:942: in _send_handling_auth
    response = self._send_handling_redirects(
C:\Users\andre\AppData\Local\Programs\Python\Python312\Lib\site-packages\httpx\_client.py:979: in _send_handling_redirects
    response = self._send_single_request(request)
               ^^^^^^^^^^^^^^^^^^^^^^^^^^^^^^^^^^
C:\Users\andre\AppData\Local\Programs\Python\Python312\Lib\site-packages\httpx\_client.py:1014: in _send_single_request
    response = transport.handle_request(request)
               ^^^^^^^^^^^^^^^^^^^^^^^^^^^^^^^^^
C:\Users\andre\AppData\Local\Programs\Python\Python312\Lib\site-packages\starlette\testclient.py:348: in handle_request
    raise exc
C:\Users\andre\AppData\Local\Programs\Python\Python312\Lib\site-packages\starlette\testclient.py:345: in handle_request
    portal.call(self.app, scope, receive, send)
C:\Users\andre\AppData\Local\Programs\Python\Python312\Lib\site-packages\anyio\from_thread.py:334: in call
    return cast(T_Retval, self.start_task_soon(func, *args).result())
                          ^^^^^^^^^^^^^^^^^^^^^^^^^^^^^^^^^^^^^^^^^^
C:\Users\andre\AppData\Local\Programs\Python\Python312\Lib\concurrent\futures\_base.py:456: in result
    return self.__get_result()
           ^^^^^^^^^^^^^^^^^^^
C:\Users\andre\AppData\Local\Programs\Python\Python312\Lib\concurrent\futures\_base.py:401: in __get_result
    raise self._exception
C:\Users\andre\AppData\Local\Programs\Python\Python312\Lib\site-packages\anyio\from_thread.py:259: in _call_func
    retval = await retval_or_awaitable
             ^^^^^^^^^^^^^^^^^^^^^^^^^
C:\Users\andre\AppData\Local\Programs\Python\Python312\Lib\site-packages\fastapi\applications.py:1135: in __call__
    await super().__call__(scope, receive, send)
C:\Users\andre\AppData\Local\Programs\Python\Python312\Lib\site-packages\starlette\applications.py:107: in __call__
    await self.middleware_stack(scope, receive, send)
C:\Users\andre\AppData\Local\Programs\Python\Python312\Lib\site-packages\starlette\middleware\errors.py:186: in __call__
    raise exc
C:\Users\andre\AppData\Local\Programs\Python\Python312\Lib\site-packages\starlette\middleware\errors.py:164: in __call__
    await self.app(scope, receive, _send)
C:\Users\andre\AppData\Local\Programs\Python\Python312\Lib\site-packages\starlette\middleware\cors.py:85: in __call__
    await self.app(scope, receive, send)
C:\Users\andre\AppData\Local\Programs\Python\Python312\Lib\site-packages\starlette\middleware\exceptions.py:63: in __call__
    await wrap_app_handling_exceptions(self.app, conn)(scope, receive, send)
C:\Users\andre\AppData\Local\Programs\Python\Python312\Lib\site-packages\starlette\_exception_handler.py:53: in wrapped_app
    raise exc
C:\Users\andre\AppData\Local\Programs\Python\Python312\Lib\site-packages\starlette\_exception_handler.py:42: in wrapped_app
    await app(scope, receive, sender)
C:\Users\andre\AppData\Local\Programs\Python\Python312\Lib\site-packages\fastapi\middleware\asyncexitstack.py:18: in __call__
    await self.app(scope, receive, send)
C:\Users\andre\AppData\Local\Programs\Python\Python312\Lib\site-packages\starlette\routing.py:716: in __call__
    await self.middleware_stack(scope, receive, send)
C:\Users\andre\AppData\Local\Programs\Python\Python312\Lib\site-packages\starlette\routing.py:736: in app
    await route.handle(scope, receive, send)
C:\Users\andre\AppData\Local\Programs\Python\Python312\Lib\site-packages\starlette\routing.py:290: in handle
    await self.app(scope, receive, send)
C:\Users\andre\AppData\Local\Programs\Python\Python312\Lib\site-packages\fastapi\routing.py:115: in app
    await wrap_app_handling_exceptions(app, request)(scope, receive, send)
C:\Users\andre\AppData\Local\Programs\Python\Python312\Lib\site-packages\starlette\_exception_handler.py:53: in wrapped_app
    raise exc
C:\Users\andre\AppData\Local\Programs\Python\Python312\Lib\site-packages\starlette\_exception_handler.py:42: in wrapped_app
    await app(scope, receive, sender)
C:\Users\andre\AppData\Local\Programs\Python\Python312\Lib\site-packages\fastapi\routing.py:101: in app
    response = await f(request)
               ^^^^^^^^^^^^^^^^
C:\Users\andre\AppData\Local\Programs\Python\Python312\Lib\site-packages\fastapi\routing.py:355: in app
    raw_response = await run_endpoint_function(
C:\Users\andre\AppData\Local\Programs\Python\Python312\Lib\site-packages\fastapi\routing.py:245: in run_endpoint_function
    return await run_in_threadpool(dependant.call, **values)
           ^^^^^^^^^^^^^^^^^^^^^^^^^^^^^^^^^^^^^^^^^^^^^^^^^
C:\Users\andre\AppData\Local\Programs\Python\Python312\Lib\site-packages\starlette\concurrency.py:32: in run_in_threadpool
    return await anyio.to_thread.run_sync(func)
           ^^^^^^^^^^^^^^^^^^^^^^^^^^^^^^^^^^^^
C:\Users\andre\AppData\Local\Programs\Python\Python312\Lib\site-packages\anyio\to_thread.py:63: in run_sync
    return await get_async_backend().run_sync_in_worker_thread(
C:\Users\andre\AppData\Local\Programs\Python\Python312\Lib\site-packages\anyio\_backends\_asyncio.py:2502: in run_sync_in_worker_thread
    return await future
           ^^^^^^^^^^^^
C:\Users\andre\AppData\Local\Programs\Python\Python312\Lib\site-packages\anyio\_backends\_asyncio.py:986: in run
    result = context.run(func, *args)
             ^^^^^^^^^^^^^^^^^^^^^^^^
app\routers\auth.py:22: in register_user
    db_user = db.query(User).filter(User.username == user.username).first()
              ^^^^^^^^^^^^^^^^^^^^^^^^^^^^^^^^^^^^^^^^^^^^^^^^^^^^^^^^^^^^^
C:\Users\andre\AppData\Local\Programs\Python\Python312\Lib\site-packages\sqlalchemy\orm\query.py:2759: in first
    return self.limit(1)._iter().first()  # type: ignore
           ^^^^^^^^^^^^^^^^^^^^^
C:\Users\andre\AppData\Local\Programs\Python\Python312\Lib\site-packages\sqlalchemy\orm\query.py:2857: in _iter
    result: Union[ScalarResult[_T], Result[_T]] = self.session.execute(
C:\Users\andre\AppData\Local\Programs\Python\Python312\Lib\site-packages\sqlalchemy\orm\session.py:2351: in execute
    return self._execute_internal(
C:\Users\andre\AppData\Local\Programs\Python\Python312\Lib\site-packages\sqlalchemy\orm\session.py:2249: in _execute_internal
    result: Result[Any] = compile_state_cls.orm_execute_statement(
C:\Users\andre\AppData\Local\Programs\Python\Python312\Lib\site-packages\sqlalchemy\orm\context.py:306: in orm_execute_statement
    result = conn.execute(
C:\Users\andre\AppData\Local\Programs\Python\Python312\Lib\site-packages\sqlalchemy\engine\base.py:1419: in execute
    return meth(
C:\Users\andre\AppData\Local\Programs\Python\Python312\Lib\site-packages\sqlalchemy\sql\elements.py:527: in _execute_on_connection
    return connection._execute_clauseelement(
C:\Users\andre\AppData\Local\Programs\Python\Python312\Lib\site-packages\sqlalchemy\engine\base.py:1641: in _execute_clauseelement
    ret = self._execute_context(
C:\Users\andre\AppData\Local\Programs\Python\Python312\Lib\site-packages\sqlalchemy\engine\base.py:1846: in _execute_context
    return self._exec_single_context(
C:\Users\andre\AppData\Local\Programs\Python\Python312\Lib\site-packages\sqlalchemy\engine\base.py:1986: in _exec_single_context
    self._handle_dbapi_exception(
C:\Users\andre\AppData\Local\Programs\Python\Python312\Lib\site-packages\sqlalchemy\engine\base.py:2363: in _handle_dbapi_exception
    raise sqlalchemy_exception.with_traceback(exc_info[2]) from e
C:\Users\andre\AppData\Local\Programs\Python\Python312\Lib\site-packages\sqlalchemy\engine\base.py:1967: in _exec_single_context
    self.dialect.do_execute(
C:\Users\andre\AppData\Local\Programs\Python\Python312\Lib\site-packages\sqlalchemy\engine\default.py:952: in do_execute
    cursor.execute(statement, parameters)
E   sqlalchemy.exc.OperationalError: (sqlite3.OperationalError) no such table: users
E   [SQL: SELECT users.id AS users_id, users.username AS users_username, users.hashed_password AS users_hashed_password, users.created_at AS users_created_at 
E   FROM users 
E   WHERE users.username = ?
E    LIMIT ? OFFSET ?]
E   [parameters: ('testuser', 1, 0)]
E   (Background on this error at: https://sqlalche.me/e/20/e3q8)
__________ ERROR at setup of TestProfile.test_get_profile_not_found ___________
C:\Users\andre\AppData\Local\Programs\Python\Python312\Lib\site-packages\sqlalchemy\engine\base.py:1967: in _exec_single_context
    self.dialect.do_execute(
C:\Users\andre\AppData\Local\Programs\Python\Python312\Lib\site-packages\sqlalchemy\engine\default.py:952: in do_execute
    cursor.execute(statement, parameters)
E   sqlite3.OperationalError: no such table: users

The above exception was the direct cause of the following exception:
tests\conftest.py:59: in auth_headers
    client.post("/auth/register", json={"username": "testuser", "password": "testpass"})
C:\Users\andre\AppData\Local\Programs\Python\Python312\Lib\site-packages\starlette\testclient.py:546: in post
    return super().post(
C:\Users\andre\AppData\Local\Programs\Python\Python312\Lib\site-packages\httpx\_client.py:1144: in post
    return self.request(
C:\Users\andre\AppData\Local\Programs\Python\Python312\Lib\site-packages\starlette\testclient.py:445: in request
    return super().request(
C:\Users\andre\AppData\Local\Programs\Python\Python312\Lib\site-packages\httpx\_client.py:825: in request
    return self.send(request, auth=auth, follow_redirects=follow_redirects)
           ^^^^^^^^^^^^^^^^^^^^^^^^^^^^^^^^^^^^^^^^^^^^^^^^^^^^^^^^^^^^^^^^
C:\Users\andre\AppData\Local\Programs\Python\Python312\Lib\site-packages\httpx\_client.py:914: in send
    response = self._send_handling_auth(
C:\Users\andre\AppData\Local\Programs\Python\Python312\Lib\site-packages\httpx\_client.py:942: in _send_handling_auth
    response = self._send_handling_redirects(
C:\Users\andre\AppData\Local\Programs\Python\Python312\Lib\site-packages\httpx\_client.py:979: in _send_handling_redirects
    response = self._send_single_request(request)
               ^^^^^^^^^^^^^^^^^^^^^^^^^^^^^^^^^^
C:\Users\andre\AppData\Local\Programs\Python\Python312\Lib\site-packages\httpx\_client.py:1014: in _send_single_request
    response = transport.handle_request(request)
               ^^^^^^^^^^^^^^^^^^^^^^^^^^^^^^^^^
C:\Users\andre\AppData\Local\Programs\Python\Python312\Lib\site-packages\starlette\testclient.py:348: in handle_request
    raise exc
C:\Users\andre\AppData\Local\Programs\Python\Python312\Lib\site-packages\starlette\testclient.py:345: in handle_request
    portal.call(self.app, scope, receive, send)
C:\Users\andre\AppData\Local\Programs\Python\Python312\Lib\site-packages\anyio\from_thread.py:334: in call
    return cast(T_Retval, self.start_task_soon(func, *args).result())
                          ^^^^^^^^^^^^^^^^^^^^^^^^^^^^^^^^^^^^^^^^^^
C:\Users\andre\AppData\Local\Programs\Python\Python312\Lib\concurrent\futures\_base.py:456: in result
    return self.__get_result()
           ^^^^^^^^^^^^^^^^^^^
C:\Users\andre\AppData\Local\Programs\Python\Python312\Lib\concurrent\futures\_base.py:401: in __get_result
    raise self._exception
C:\Users\andre\AppData\Local\Programs\Python\Python312\Lib\site-packages\anyio\from_thread.py:259: in _call_func
    retval = await retval_or_awaitable
             ^^^^^^^^^^^^^^^^^^^^^^^^^
C:\Users\andre\AppData\Local\Programs\Python\Python312\Lib\site-packages\fastapi\applications.py:1135: in __call__
    await super().__call__(scope, receive, send)
C:\Users\andre\AppData\Local\Programs\Python\Python312\Lib\site-packages\starlette\applications.py:107: in __call__
    await self.middleware_stack(scope, receive, send)
C:\Users\andre\AppData\Local\Programs\Python\Python312\Lib\site-packages\starlette\middleware\errors.py:186: in __call__
    raise exc
C:\Users\andre\AppData\Local\Programs\Python\Python312\Lib\site-packages\starlette\middleware\errors.py:164: in __call__
    await self.app(scope, receive, _send)
C:\Users\andre\AppData\Local\Programs\Python\Python312\Lib\site-packages\starlette\middleware\cors.py:85: in __call__
    await self.app(scope, receive, send)
C:\Users\andre\AppData\Local\Programs\Python\Python312\Lib\site-packages\starlette\middleware\exceptions.py:63: in __call__
    await wrap_app_handling_exceptions(self.app, conn)(scope, receive, send)
C:\Users\andre\AppData\Local\Programs\Python\Python312\Lib\site-packages\starlette\_exception_handler.py:53: in wrapped_app
    raise exc
C:\Users\andre\AppData\Local\Programs\Python\Python312\Lib\site-packages\starlette\_exception_handler.py:42: in wrapped_app
    await app(scope, receive, sender)
C:\Users\andre\AppData\Local\Programs\Python\Python312\Lib\site-packages\fastapi\middleware\asyncexitstack.py:18: in __call__
    await self.app(scope, receive, send)
C:\Users\andre\AppData\Local\Programs\Python\Python312\Lib\site-packages\starlette\routing.py:716: in __call__
    await self.middleware_stack(scope, receive, send)
C:\Users\andre\AppData\Local\Programs\Python\Python312\Lib\site-packages\starlette\routing.py:736: in app
    await route.handle(scope, receive, send)
C:\Users\andre\AppData\Local\Programs\Python\Python312\Lib\site-packages\starlette\routing.py:290: in handle
    await self.app(scope, receive, send)
C:\Users\andre\AppData\Local\Programs\Python\Python312\Lib\site-packages\fastapi\routing.py:115: in app
    await wrap_app_handling_exceptions(app, request)(scope, receive, send)
C:\Users\andre\AppData\Local\Programs\Python\Python312\Lib\site-packages\starlette\_exception_handler.py:53: in wrapped_app
    raise exc
C:\Users\andre\AppData\Local\Programs\Python\Python312\Lib\site-packages\starlette\_exception_handler.py:42: in wrapped_app
    await app(scope, receive, sender)
C:\Users\andre\AppData\Local\Programs\Python\Python312\Lib\site-packages\fastapi\routing.py:101: in app
    response = await f(request)
               ^^^^^^^^^^^^^^^^
C:\Users\andre\AppData\Local\Programs\Python\Python312\Lib\site-packages\fastapi\routing.py:355: in app
    raw_response = await run_endpoint_function(
C:\Users\andre\AppData\Local\Programs\Python\Python312\Lib\site-packages\fastapi\routing.py:245: in run_endpoint_function
    return await run_in_threadpool(dependant.call, **values)
           ^^^^^^^^^^^^^^^^^^^^^^^^^^^^^^^^^^^^^^^^^^^^^^^^^
C:\Users\andre\AppData\Local\Programs\Python\Python312\Lib\site-packages\starlette\concurrency.py:32: in run_in_threadpool
    return await anyio.to_thread.run_sync(func)
           ^^^^^^^^^^^^^^^^^^^^^^^^^^^^^^^^^^^^
C:\Users\andre\AppData\Local\Programs\Python\Python312\Lib\site-packages\anyio\to_thread.py:63: in run_sync
    return await get_async_backend().run_sync_in_worker_thread(
C:\Users\andre\AppData\Local\Programs\Python\Python312\Lib\site-packages\anyio\_backends\_asyncio.py:2502: in run_sync_in_worker_thread
    return await future
           ^^^^^^^^^^^^
C:\Users\andre\AppData\Local\Programs\Python\Python312\Lib\site-packages\anyio\_backends\_asyncio.py:986: in run
    result = context.run(func, *args)
             ^^^^^^^^^^^^^^^^^^^^^^^^
app\routers\auth.py:22: in register_user
    db_user = db.query(User).filter(User.username == user.username).first()
              ^^^^^^^^^^^^^^^^^^^^^^^^^^^^^^^^^^^^^^^^^^^^^^^^^^^^^^^^^^^^^
C:\Users\andre\AppData\Local\Programs\Python\Python312\Lib\site-packages\sqlalchemy\orm\query.py:2759: in first
    return self.limit(1)._iter().first()  # type: ignore
           ^^^^^^^^^^^^^^^^^^^^^
C:\Users\andre\AppData\Local\Programs\Python\Python312\Lib\site-packages\sqlalchemy\orm\query.py:2857: in _iter
    result: Union[ScalarResult[_T], Result[_T]] = self.session.execute(
C:\Users\andre\AppData\Local\Programs\Python\Python312\Lib\site-packages\sqlalchemy\orm\session.py:2351: in execute
    return self._execute_internal(
C:\Users\andre\AppData\Local\Programs\Python\Python312\Lib\site-packages\sqlalchemy\orm\session.py:2249: in _execute_internal
    result: Result[Any] = compile_state_cls.orm_execute_statement(
C:\Users\andre\AppData\Local\Programs\Python\Python312\Lib\site-packages\sqlalchemy\orm\context.py:306: in orm_execute_statement
    result = conn.execute(
C:\Users\andre\AppData\Local\Programs\Python\Python312\Lib\site-packages\sqlalchemy\engine\base.py:1419: in execute
    return meth(
C:\Users\andre\AppData\Local\Programs\Python\Python312\Lib\site-packages\sqlalchemy\sql\elements.py:527: in _execute_on_connection
    return connection._execute_clauseelement(
C:\Users\andre\AppData\Local\Programs\Python\Python312\Lib\site-packages\sqlalchemy\engine\base.py:1641: in _execute_clauseelement
    ret = self._execute_context(
C:\Users\andre\AppData\Local\Programs\Python\Python312\Lib\site-packages\sqlalchemy\engine\base.py:1846: in _execute_context
    return self._exec_single_context(
C:\Users\andre\AppData\Local\Programs\Python\Python312\Lib\site-packages\sqlalchemy\engine\base.py:1986: in _exec_single_context
    self._handle_dbapi_exception(
C:\Users\andre\AppData\Local\Programs\Python\Python312\Lib\site-packages\sqlalchemy\engine\base.py:2363: in _handle_dbapi_exception
    raise sqlalchemy_exception.with_traceback(exc_info[2]) from e
C:\Users\andre\AppData\Local\Programs\Python\Python312\Lib\site-packages\sqlalchemy\engine\base.py:1967: in _exec_single_context
    self.dialect.do_execute(
C:\Users\andre\AppData\Local\Programs\Python\Python312\Lib\site-packages\sqlalchemy\engine\default.py:952: in do_execute
    cursor.execute(statement, parameters)
E   sqlalchemy.exc.OperationalError: (sqlite3.OperationalError) no such table: users
E   [SQL: SELECT users.id AS users_id, users.username AS users_username, users.hashed_password AS users_hashed_password, users.created_at AS users_created_at 
E   FROM users 
E   WHERE users.username = ?
E    LIMIT ? OFFSET ?]
E   [parameters: ('testuser', 1, 0)]
E   (Background on this error at: https://sqlalche.me/e/20/e3q8)
______________ ERROR at setup of TestProfile.test_create_profile ______________
C:\Users\andre\AppData\Local\Programs\Python\Python312\Lib\site-packages\sqlalchemy\engine\base.py:1967: in _exec_single_context
    self.dialect.do_execute(
C:\Users\andre\AppData\Local\Programs\Python\Python312\Lib\site-packages\sqlalchemy\engine\default.py:952: in do_execute
    cursor.execute(statement, parameters)
E   sqlite3.OperationalError: no such table: users

The above exception was the direct cause of the following exception:
tests\conftest.py:59: in auth_headers
    client.post("/auth/register", json={"username": "testuser", "password": "testpass"})
C:\Users\andre\AppData\Local\Programs\Python\Python312\Lib\site-packages\starlette\testclient.py:546: in post
    return super().post(
C:\Users\andre\AppData\Local\Programs\Python\Python312\Lib\site-packages\httpx\_client.py:1144: in post
    return self.request(
C:\Users\andre\AppData\Local\Programs\Python\Python312\Lib\site-packages\starlette\testclient.py:445: in request
    return super().request(
C:\Users\andre\AppData\Local\Programs\Python\Python312\Lib\site-packages\httpx\_client.py:825: in request
    return self.send(request, auth=auth, follow_redirects=follow_redirects)
           ^^^^^^^^^^^^^^^^^^^^^^^^^^^^^^^^^^^^^^^^^^^^^^^^^^^^^^^^^^^^^^^^
C:\Users\andre\AppData\Local\Programs\Python\Python312\Lib\site-packages\httpx\_client.py:914: in send
    response = self._send_handling_auth(
C:\Users\andre\AppData\Local\Programs\Python\Python312\Lib\site-packages\httpx\_client.py:942: in _send_handling_auth
    response = self._send_handling_redirects(
C:\Users\andre\AppData\Local\Programs\Python\Python312\Lib\site-packages\httpx\_client.py:979: in _send_handling_redirects
    response = self._send_single_request(request)
               ^^^^^^^^^^^^^^^^^^^^^^^^^^^^^^^^^^
C:\Users\andre\AppData\Local\Programs\Python\Python312\Lib\site-packages\httpx\_client.py:1014: in _send_single_request
    response = transport.handle_request(request)
               ^^^^^^^^^^^^^^^^^^^^^^^^^^^^^^^^^
C:\Users\andre\AppData\Local\Programs\Python\Python312\Lib\site-packages\starlette\testclient.py:348: in handle_request
    raise exc
C:\Users\andre\AppData\Local\Programs\Python\Python312\Lib\site-packages\starlette\testclient.py:345: in handle_request
    portal.call(self.app, scope, receive, send)
C:\Users\andre\AppData\Local\Programs\Python\Python312\Lib\site-packages\anyio\from_thread.py:334: in call
    return cast(T_Retval, self.start_task_soon(func, *args).result())
                          ^^^^^^^^^^^^^^^^^^^^^^^^^^^^^^^^^^^^^^^^^^
C:\Users\andre\AppData\Local\Programs\Python\Python312\Lib\concurrent\futures\_base.py:456: in result
    return self.__get_result()
           ^^^^^^^^^^^^^^^^^^^
C:\Users\andre\AppData\Local\Programs\Python\Python312\Lib\concurrent\futures\_base.py:401: in __get_result
    raise self._exception
C:\Users\andre\AppData\Local\Programs\Python\Python312\Lib\site-packages\anyio\from_thread.py:259: in _call_func
    retval = await retval_or_awaitable
             ^^^^^^^^^^^^^^^^^^^^^^^^^
C:\Users\andre\AppData\Local\Programs\Python\Python312\Lib\site-packages\fastapi\applications.py:1135: in __call__
    await super().__call__(scope, receive, send)
C:\Users\andre\AppData\Local\Programs\Python\Python312\Lib\site-packages\starlette\applications.py:107: in __call__
    await self.middleware_stack(scope, receive, send)
C:\Users\andre\AppData\Local\Programs\Python\Python312\Lib\site-packages\starlette\middleware\errors.py:186: in __call__
    raise exc
C:\Users\andre\AppData\Local\Programs\Python\Python312\Lib\site-packages\starlette\middleware\errors.py:164: in __call__
    await self.app(scope, receive, _send)
C:\Users\andre\AppData\Local\Programs\Python\Python312\Lib\site-packages\starlette\middleware\cors.py:85: in __call__
    await self.app(scope, receive, send)
C:\Users\andre\AppData\Local\Programs\Python\Python312\Lib\site-packages\starlette\middleware\exceptions.py:63: in __call__
    await wrap_app_handling_exceptions(self.app, conn)(scope, receive, send)
C:\Users\andre\AppData\Local\Programs\Python\Python312\Lib\site-packages\starlette\_exception_handler.py:53: in wrapped_app
    raise exc
C:\Users\andre\AppData\Local\Programs\Python\Python312\Lib\site-packages\starlette\_exception_handler.py:42: in wrapped_app
    await app(scope, receive, sender)
C:\Users\andre\AppData\Local\Programs\Python\Python312\Lib\site-packages\fastapi\middleware\asyncexitstack.py:18: in __call__
    await self.app(scope, receive, send)
C:\Users\andre\AppData\Local\Programs\Python\Python312\Lib\site-packages\starlette\routing.py:716: in __call__
    await self.middleware_stack(scope, receive, send)
C:\Users\andre\AppData\Local\Programs\Python\Python312\Lib\site-packages\starlette\routing.py:736: in app
    await route.handle(scope, receive, send)
C:\Users\andre\AppData\Local\Programs\Python\Python312\Lib\site-packages\starlette\routing.py:290: in handle
    await self.app(scope, receive, send)
C:\Users\andre\AppData\Local\Programs\Python\Python312\Lib\site-packages\fastapi\routing.py:115: in app
    await wrap_app_handling_exceptions(app, request)(scope, receive, send)
C:\Users\andre\AppData\Local\Programs\Python\Python312\Lib\site-packages\starlette\_exception_handler.py:53: in wrapped_app
    raise exc
C:\Users\andre\AppData\Local\Programs\Python\Python312\Lib\site-packages\starlette\_exception_handler.py:42: in wrapped_app
    await app(scope, receive, sender)
C:\Users\andre\AppData\Local\Programs\Python\Python312\Lib\site-packages\fastapi\routing.py:101: in app
    response = await f(request)
               ^^^^^^^^^^^^^^^^
C:\Users\andre\AppData\Local\Programs\Python\Python312\Lib\site-packages\fastapi\routing.py:355: in app
    raw_response = await run_endpoint_function(
C:\Users\andre\AppData\Local\Programs\Python\Python312\Lib\site-packages\fastapi\routing.py:245: in run_endpoint_function
    return await run_in_threadpool(dependant.call, **values)
           ^^^^^^^^^^^^^^^^^^^^^^^^^^^^^^^^^^^^^^^^^^^^^^^^^
C:\Users\andre\AppData\Local\Programs\Python\Python312\Lib\site-packages\starlette\concurrency.py:32: in run_in_threadpool
    return await anyio.to_thread.run_sync(func)
           ^^^^^^^^^^^^^^^^^^^^^^^^^^^^^^^^^^^^
C:\Users\andre\AppData\Local\Programs\Python\Python312\Lib\site-packages\anyio\to_thread.py:63: in run_sync
    return await get_async_backend().run_sync_in_worker_thread(
C:\Users\andre\AppData\Local\Programs\Python\Python312\Lib\site-packages\anyio\_backends\_asyncio.py:2502: in run_sync_in_worker_thread
    return await future
           ^^^^^^^^^^^^
C:\Users\andre\AppData\Local\Programs\Python\Python312\Lib\site-packages\anyio\_backends\_asyncio.py:986: in run
    result = context.run(func, *args)
             ^^^^^^^^^^^^^^^^^^^^^^^^
app\routers\auth.py:22: in register_user
    db_user = db.query(User).filter(User.username == user.username).first()
              ^^^^^^^^^^^^^^^^^^^^^^^^^^^^^^^^^^^^^^^^^^^^^^^^^^^^^^^^^^^^^
C:\Users\andre\AppData\Local\Programs\Python\Python312\Lib\site-packages\sqlalchemy\orm\query.py:2759: in first
    return self.limit(1)._iter().first()  # type: ignore
           ^^^^^^^^^^^^^^^^^^^^^
C:\Users\andre\AppData\Local\Programs\Python\Python312\Lib\site-packages\sqlalchemy\orm\query.py:2857: in _iter
    result: Union[ScalarResult[_T], Result[_T]] = self.session.execute(
C:\Users\andre\AppData\Local\Programs\Python\Python312\Lib\site-packages\sqlalchemy\orm\session.py:2351: in execute
    return self._execute_internal(
C:\Users\andre\AppData\Local\Programs\Python\Python312\Lib\site-packages\sqlalchemy\orm\session.py:2249: in _execute_internal
    result: Result[Any] = compile_state_cls.orm_execute_statement(
C:\Users\andre\AppData\Local\Programs\Python\Python312\Lib\site-packages\sqlalchemy\orm\context.py:306: in orm_execute_statement
    result = conn.execute(
C:\Users\andre\AppData\Local\Programs\Python\Python312\Lib\site-packages\sqlalchemy\engine\base.py:1419: in execute
    return meth(
C:\Users\andre\AppData\Local\Programs\Python\Python312\Lib\site-packages\sqlalchemy\sql\elements.py:527: in _execute_on_connection
    return connection._execute_clauseelement(
C:\Users\andre\AppData\Local\Programs\Python\Python312\Lib\site-packages\sqlalchemy\engine\base.py:1641: in _execute_clauseelement
    ret = self._execute_context(
C:\Users\andre\AppData\Local\Programs\Python\Python312\Lib\site-packages\sqlalchemy\engine\base.py:1846: in _execute_context
    return self._exec_single_context(
C:\Users\andre\AppData\Local\Programs\Python\Python312\Lib\site-packages\sqlalchemy\engine\base.py:1986: in _exec_single_context
    self._handle_dbapi_exception(
C:\Users\andre\AppData\Local\Programs\Python\Python312\Lib\site-packages\sqlalchemy\engine\base.py:2363: in _handle_dbapi_exception
    raise sqlalchemy_exception.with_traceback(exc_info[2]) from e
C:\Users\andre\AppData\Local\Programs\Python\Python312\Lib\site-packages\sqlalchemy\engine\base.py:1967: in _exec_single_context
    self.dialect.do_execute(
C:\Users\andre\AppData\Local\Programs\Python\Python312\Lib\site-packages\sqlalchemy\engine\default.py:952: in do_execute
    cursor.execute(statement, parameters)
E   sqlalchemy.exc.OperationalError: (sqlite3.OperationalError) no such table: users
E   [SQL: SELECT users.id AS users_id, users.username AS users_username, users.hashed_password AS users_hashed_password, users.created_at AS users_created_at 
E   FROM users 
E   WHERE users.username = ?
E    LIMIT ? OFFSET ?]
E   [parameters: ('testuser', 1, 0)]
E   (Background on this error at: https://sqlalche.me/e/20/e3q8)
_________ ERROR at setup of TestProfile.test_create_duplicate_profile _________
C:\Users\andre\AppData\Local\Programs\Python\Python312\Lib\site-packages\sqlalchemy\engine\base.py:1967: in _exec_single_context
    self.dialect.do_execute(
C:\Users\andre\AppData\Local\Programs\Python\Python312\Lib\site-packages\sqlalchemy\engine\default.py:952: in do_execute
    cursor.execute(statement, parameters)
E   sqlite3.OperationalError: no such table: users

The above exception was the direct cause of the following exception:
tests\conftest.py:59: in auth_headers
    client.post("/auth/register", json={"username": "testuser", "password": "testpass"})
C:\Users\andre\AppData\Local\Programs\Python\Python312\Lib\site-packages\starlette\testclient.py:546: in post
    return super().post(
C:\Users\andre\AppData\Local\Programs\Python\Python312\Lib\site-packages\httpx\_client.py:1144: in post
    return self.request(
C:\Users\andre\AppData\Local\Programs\Python\Python312\Lib\site-packages\starlette\testclient.py:445: in request
    return super().request(
C:\Users\andre\AppData\Local\Programs\Python\Python312\Lib\site-packages\httpx\_client.py:825: in request
    return self.send(request, auth=auth, follow_redirects=follow_redirects)
           ^^^^^^^^^^^^^^^^^^^^^^^^^^^^^^^^^^^^^^^^^^^^^^^^^^^^^^^^^^^^^^^^
C:\Users\andre\AppData\Local\Programs\Python\Python312\Lib\site-packages\httpx\_client.py:914: in send
    response = self._send_handling_auth(
C:\Users\andre\AppData\Local\Programs\Python\Python312\Lib\site-packages\httpx\_client.py:942: in _send_handling_auth
    response = self._send_handling_redirects(
C:\Users\andre\AppData\Local\Programs\Python\Python312\Lib\site-packages\httpx\_client.py:979: in _send_handling_redirects
    response = self._send_single_request(request)
               ^^^^^^^^^^^^^^^^^^^^^^^^^^^^^^^^^^
C:\Users\andre\AppData\Local\Programs\Python\Python312\Lib\site-packages\httpx\_client.py:1014: in _send_single_request
    response = transport.handle_request(request)
               ^^^^^^^^^^^^^^^^^^^^^^^^^^^^^^^^^
C:\Users\andre\AppData\Local\Programs\Python\Python312\Lib\site-packages\starlette\testclient.py:348: in handle_request
    raise exc
C:\Users\andre\AppData\Local\Programs\Python\Python312\Lib\site-packages\starlette\testclient.py:345: in handle_request
    portal.call(self.app, scope, receive, send)
C:\Users\andre\AppData\Local\Programs\Python\Python312\Lib\site-packages\anyio\from_thread.py:334: in call
    return cast(T_Retval, self.start_task_soon(func, *args).result())
                          ^^^^^^^^^^^^^^^^^^^^^^^^^^^^^^^^^^^^^^^^^^
C:\Users\andre\AppData\Local\Programs\Python\Python312\Lib\concurrent\futures\_base.py:456: in result
    return self.__get_result()
           ^^^^^^^^^^^^^^^^^^^
C:\Users\andre\AppData\Local\Programs\Python\Python312\Lib\concurrent\futures\_base.py:401: in __get_result
    raise self._exception
C:\Users\andre\AppData\Local\Programs\Python\Python312\Lib\site-packages\anyio\from_thread.py:259: in _call_func
    retval = await retval_or_awaitable
             ^^^^^^^^^^^^^^^^^^^^^^^^^
C:\Users\andre\AppData\Local\Programs\Python\Python312\Lib\site-packages\fastapi\applications.py:1135: in __call__
    await super().__call__(scope, receive, send)
C:\Users\andre\AppData\Local\Programs\Python\Python312\Lib\site-packages\starlette\applications.py:107: in __call__
    await self.middleware_stack(scope, receive, send)
C:\Users\andre\AppData\Local\Programs\Python\Python312\Lib\site-packages\starlette\middleware\errors.py:186: in __call__
    raise exc
C:\Users\andre\AppData\Local\Programs\Python\Python312\Lib\site-packages\starlette\middleware\errors.py:164: in __call__
    await self.app(scope, receive, _send)
C:\Users\andre\AppData\Local\Programs\Python\Python312\Lib\site-packages\starlette\middleware\cors.py:85: in __call__
    await self.app(scope, receive, send)
C:\Users\andre\AppData\Local\Programs\Python\Python312\Lib\site-packages\starlette\middleware\exceptions.py:63: in __call__
    await wrap_app_handling_exceptions(self.app, conn)(scope, receive, send)
C:\Users\andre\AppData\Local\Programs\Python\Python312\Lib\site-packages\starlette\_exception_handler.py:53: in wrapped_app
    raise exc
C:\Users\andre\AppData\Local\Programs\Python\Python312\Lib\site-packages\starlette\_exception_handler.py:42: in wrapped_app
    await app(scope, receive, sender)
C:\Users\andre\AppData\Local\Programs\Python\Python312\Lib\site-packages\fastapi\middleware\asyncexitstack.py:18: in __call__
    await self.app(scope, receive, send)
C:\Users\andre\AppData\Local\Programs\Python\Python312\Lib\site-packages\starlette\routing.py:716: in __call__
    await self.middleware_stack(scope, receive, send)
C:\Users\andre\AppData\Local\Programs\Python\Python312\Lib\site-packages\starlette\routing.py:736: in app
    await route.handle(scope, receive, send)
C:\Users\andre\AppData\Local\Programs\Python\Python312\Lib\site-packages\starlette\routing.py:290: in handle
    await self.app(scope, receive, send)
C:\Users\andre\AppData\Local\Programs\Python\Python312\Lib\site-packages\fastapi\routing.py:115: in app
    await wrap_app_handling_exceptions(app, request)(scope, receive, send)
C:\Users\andre\AppData\Local\Programs\Python\Python312\Lib\site-packages\starlette\_exception_handler.py:53: in wrapped_app
    raise exc
C:\Users\andre\AppData\Local\Programs\Python\Python312\Lib\site-packages\starlette\_exception_handler.py:42: in wrapped_app
    await app(scope, receive, sender)
C:\Users\andre\AppData\Local\Programs\Python\Python312\Lib\site-packages\fastapi\routing.py:101: in app
    response = await f(request)
               ^^^^^^^^^^^^^^^^
C:\Users\andre\AppData\Local\Programs\Python\Python312\Lib\site-packages\fastapi\routing.py:355: in app
    raw_response = await run_endpoint_function(
C:\Users\andre\AppData\Local\Programs\Python\Python312\Lib\site-packages\fastapi\routing.py:245: in run_endpoint_function
    return await run_in_threadpool(dependant.call, **values)
           ^^^^^^^^^^^^^^^^^^^^^^^^^^^^^^^^^^^^^^^^^^^^^^^^^
C:\Users\andre\AppData\Local\Programs\Python\Python312\Lib\site-packages\starlette\concurrency.py:32: in run_in_threadpool
    return await anyio.to_thread.run_sync(func)
           ^^^^^^^^^^^^^^^^^^^^^^^^^^^^^^^^^^^^
C:\Users\andre\AppData\Local\Programs\Python\Python312\Lib\site-packages\anyio\to_thread.py:63: in run_sync
    return await get_async_backend().run_sync_in_worker_thread(
C:\Users\andre\AppData\Local\Programs\Python\Python312\Lib\site-packages\anyio\_backends\_asyncio.py:2502: in run_sync_in_worker_thread
    return await future
           ^^^^^^^^^^^^
C:\Users\andre\AppData\Local\Programs\Python\Python312\Lib\site-packages\anyio\_backends\_asyncio.py:986: in run
    result = context.run(func, *args)
             ^^^^^^^^^^^^^^^^^^^^^^^^
app\routers\auth.py:22: in register_user
    db_user = db.query(User).filter(User.username == user.username).first()
              ^^^^^^^^^^^^^^^^^^^^^^^^^^^^^^^^^^^^^^^^^^^^^^^^^^^^^^^^^^^^^
C:\Users\andre\AppData\Local\Programs\Python\Python312\Lib\site-packages\sqlalchemy\orm\query.py:2759: in first
    return self.limit(1)._iter().first()  # type: ignore
           ^^^^^^^^^^^^^^^^^^^^^
C:\Users\andre\AppData\Local\Programs\Python\Python312\Lib\site-packages\sqlalchemy\orm\query.py:2857: in _iter
    result: Union[ScalarResult[_T], Result[_T]] = self.session.execute(
C:\Users\andre\AppData\Local\Programs\Python\Python312\Lib\site-packages\sqlalchemy\orm\session.py:2351: in execute
    return self._execute_internal(
C:\Users\andre\AppData\Local\Programs\Python\Python312\Lib\site-packages\sqlalchemy\orm\session.py:2249: in _execute_internal
    result: Result[Any] = compile_state_cls.orm_execute_statement(
C:\Users\andre\AppData\Local\Programs\Python\Python312\Lib\site-packages\sqlalchemy\orm\context.py:306: in orm_execute_statement
    result = conn.execute(
C:\Users\andre\AppData\Local\Programs\Python\Python312\Lib\site-packages\sqlalchemy\engine\base.py:1419: in execute
    return meth(
C:\Users\andre\AppData\Local\Programs\Python\Python312\Lib\site-packages\sqlalchemy\sql\elements.py:527: in _execute_on_connection
    return connection._execute_clauseelement(
C:\Users\andre\AppData\Local\Programs\Python\Python312\Lib\site-packages\sqlalchemy\engine\base.py:1641: in _execute_clauseelement
    ret = self._execute_context(
C:\Users\andre\AppData\Local\Programs\Python\Python312\Lib\site-packages\sqlalchemy\engine\base.py:1846: in _execute_context
    return self._exec_single_context(
C:\Users\andre\AppData\Local\Programs\Python\Python312\Lib\site-packages\sqlalchemy\engine\base.py:1986: in _exec_single_context
    self._handle_dbapi_exception(
C:\Users\andre\AppData\Local\Programs\Python\Python312\Lib\site-packages\sqlalchemy\engine\base.py:2363: in _handle_dbapi_exception
    raise sqlalchemy_exception.with_traceback(exc_info[2]) from e
C:\Users\andre\AppData\Local\Programs\Python\Python312\Lib\site-packages\sqlalchemy\engine\base.py:1967: in _exec_single_context
    self.dialect.do_execute(
C:\Users\andre\AppData\Local\Programs\Python\Python312\Lib\site-packages\sqlalchemy\engine\default.py:952: in do_execute
    cursor.execute(statement, parameters)
E   sqlalchemy.exc.OperationalError: (sqlite3.OperationalError) no such table: users
E   [SQL: SELECT users.id AS users_id, users.username AS users_username, users.hashed_password AS users_hashed_password, users.created_at AS users_created_at 
E   FROM users 
E   WHERE users.username = ?
E    LIMIT ? OFFSET ?]
E   [parameters: ('testuser', 1, 0)]
E   (Background on this error at: https://sqlalche.me/e/20/e3q8)
______________ ERROR at setup of TestProfile.test_update_profile ______________
C:\Users\andre\AppData\Local\Programs\Python\Python312\Lib\site-packages\sqlalchemy\engine\base.py:1967: in _exec_single_context
    self.dialect.do_execute(
C:\Users\andre\AppData\Local\Programs\Python\Python312\Lib\site-packages\sqlalchemy\engine\default.py:952: in do_execute
    cursor.execute(statement, parameters)
E   sqlite3.OperationalError: no such table: users

The above exception was the direct cause of the following exception:
tests\conftest.py:59: in auth_headers
    client.post("/auth/register", json={"username": "testuser", "password": "testpass"})
C:\Users\andre\AppData\Local\Programs\Python\Python312\Lib\site-packages\starlette\testclient.py:546: in post
    return super().post(
C:\Users\andre\AppData\Local\Programs\Python\Python312\Lib\site-packages\httpx\_client.py:1144: in post
    return self.request(
C:\Users\andre\AppData\Local\Programs\Python\Python312\Lib\site-packages\starlette\testclient.py:445: in request
    return super().request(
C:\Users\andre\AppData\Local\Programs\Python\Python312\Lib\site-packages\httpx\_client.py:825: in request
    return self.send(request, auth=auth, follow_redirects=follow_redirects)
           ^^^^^^^^^^^^^^^^^^^^^^^^^^^^^^^^^^^^^^^^^^^^^^^^^^^^^^^^^^^^^^^^
C:\Users\andre\AppData\Local\Programs\Python\Python312\Lib\site-packages\httpx\_client.py:914: in send
    response = self._send_handling_auth(
C:\Users\andre\AppData\Local\Programs\Python\Python312\Lib\site-packages\httpx\_client.py:942: in _send_handling_auth
    response = self._send_handling_redirects(
C:\Users\andre\AppData\Local\Programs\Python\Python312\Lib\site-packages\httpx\_client.py:979: in _send_handling_redirects
    response = self._send_single_request(request)
               ^^^^^^^^^^^^^^^^^^^^^^^^^^^^^^^^^^
C:\Users\andre\AppData\Local\Programs\Python\Python312\Lib\site-packages\httpx\_client.py:1014: in _send_single_request
    response = transport.handle_request(request)
               ^^^^^^^^^^^^^^^^^^^^^^^^^^^^^^^^^
C:\Users\andre\AppData\Local\Programs\Python\Python312\Lib\site-packages\starlette\testclient.py:348: in handle_request
    raise exc
C:\Users\andre\AppData\Local\Programs\Python\Python312\Lib\site-packages\starlette\testclient.py:345: in handle_request
    portal.call(self.app, scope, receive, send)
C:\Users\andre\AppData\Local\Programs\Python\Python312\Lib\site-packages\anyio\from_thread.py:334: in call
    return cast(T_Retval, self.start_task_soon(func, *args).result())
                          ^^^^^^^^^^^^^^^^^^^^^^^^^^^^^^^^^^^^^^^^^^
C:\Users\andre\AppData\Local\Programs\Python\Python312\Lib\concurrent\futures\_base.py:456: in result
    return self.__get_result()
           ^^^^^^^^^^^^^^^^^^^
C:\Users\andre\AppData\Local\Programs\Python\Python312\Lib\concurrent\futures\_base.py:401: in __get_result
    raise self._exception
C:\Users\andre\AppData\Local\Programs\Python\Python312\Lib\site-packages\anyio\from_thread.py:259: in _call_func
    retval = await retval_or_awaitable
             ^^^^^^^^^^^^^^^^^^^^^^^^^
C:\Users\andre\AppData\Local\Programs\Python\Python312\Lib\site-packages\fastapi\applications.py:1135: in __call__
    await super().__call__(scope, receive, send)
C:\Users\andre\AppData\Local\Programs\Python\Python312\Lib\site-packages\starlette\applications.py:107: in __call__
    await self.middleware_stack(scope, receive, send)
C:\Users\andre\AppData\Local\Programs\Python\Python312\Lib\site-packages\starlette\middleware\errors.py:186: in __call__
    raise exc
C:\Users\andre\AppData\Local\Programs\Python\Python312\Lib\site-packages\starlette\middleware\errors.py:164: in __call__
    await self.app(scope, receive, _send)
C:\Users\andre\AppData\Local\Programs\Python\Python312\Lib\site-packages\starlette\middleware\cors.py:85: in __call__
    await self.app(scope, receive, send)
C:\Users\andre\AppData\Local\Programs\Python\Python312\Lib\site-packages\starlette\middleware\exceptions.py:63: in __call__
    await wrap_app_handling_exceptions(self.app, conn)(scope, receive, send)
C:\Users\andre\AppData\Local\Programs\Python\Python312\Lib\site-packages\starlette\_exception_handler.py:53: in wrapped_app
    raise exc
C:\Users\andre\AppData\Local\Programs\Python\Python312\Lib\site-packages\starlette\_exception_handler.py:42: in wrapped_app
    await app(scope, receive, sender)
C:\Users\andre\AppData\Local\Programs\Python\Python312\Lib\site-packages\fastapi\middleware\asyncexitstack.py:18: in __call__
    await self.app(scope, receive, send)
C:\Users\andre\AppData\Local\Programs\Python\Python312\Lib\site-packages\starlette\routing.py:716: in __call__
    await self.middleware_stack(scope, receive, send)
C:\Users\andre\AppData\Local\Programs\Python\Python312\Lib\site-packages\starlette\routing.py:736: in app
    await route.handle(scope, receive, send)
C:\Users\andre\AppData\Local\Programs\Python\Python312\Lib\site-packages\starlette\routing.py:290: in handle
    await self.app(scope, receive, send)
C:\Users\andre\AppData\Local\Programs\Python\Python312\Lib\site-packages\fastapi\routing.py:115: in app
    await wrap_app_handling_exceptions(app, request)(scope, receive, send)
C:\Users\andre\AppData\Local\Programs\Python\Python312\Lib\site-packages\starlette\_exception_handler.py:53: in wrapped_app
    raise exc
C:\Users\andre\AppData\Local\Programs\Python\Python312\Lib\site-packages\starlette\_exception_handler.py:42: in wrapped_app
    await app(scope, receive, sender)
C:\Users\andre\AppData\Local\Programs\Python\Python312\Lib\site-packages\fastapi\routing.py:101: in app
    response = await f(request)
               ^^^^^^^^^^^^^^^^
C:\Users\andre\AppData\Local\Programs\Python\Python312\Lib\site-packages\fastapi\routing.py:355: in app
    raw_response = await run_endpoint_function(
C:\Users\andre\AppData\Local\Programs\Python\Python312\Lib\site-packages\fastapi\routing.py:245: in run_endpoint_function
    return await run_in_threadpool(dependant.call, **values)
           ^^^^^^^^^^^^^^^^^^^^^^^^^^^^^^^^^^^^^^^^^^^^^^^^^
C:\Users\andre\AppData\Local\Programs\Python\Python312\Lib\site-packages\starlette\concurrency.py:32: in run_in_threadpool
    return await anyio.to_thread.run_sync(func)
           ^^^^^^^^^^^^^^^^^^^^^^^^^^^^^^^^^^^^
C:\Users\andre\AppData\Local\Programs\Python\Python312\Lib\site-packages\anyio\to_thread.py:63: in run_sync
    return await get_async_backend().run_sync_in_worker_thread(
C:\Users\andre\AppData\Local\Programs\Python\Python312\Lib\site-packages\anyio\_backends\_asyncio.py:2502: in run_sync_in_worker_thread
    return await future
           ^^^^^^^^^^^^
C:\Users\andre\AppData\Local\Programs\Python\Python312\Lib\site-packages\anyio\_backends\_asyncio.py:986: in run
    result = context.run(func, *args)
             ^^^^^^^^^^^^^^^^^^^^^^^^
app\routers\auth.py:22: in register_user
    db_user = db.query(User).filter(User.username == user.username).first()
              ^^^^^^^^^^^^^^^^^^^^^^^^^^^^^^^^^^^^^^^^^^^^^^^^^^^^^^^^^^^^^
C:\Users\andre\AppData\Local\Programs\Python\Python312\Lib\site-packages\sqlalchemy\orm\query.py:2759: in first
    return self.limit(1)._iter().first()  # type: ignore
           ^^^^^^^^^^^^^^^^^^^^^
C:\Users\andre\AppData\Local\Programs\Python\Python312\Lib\site-packages\sqlalchemy\orm\query.py:2857: in _iter
    result: Union[ScalarResult[_T], Result[_T]] = self.session.execute(
C:\Users\andre\AppData\Local\Programs\Python\Python312\Lib\site-packages\sqlalchemy\orm\session.py:2351: in execute
    return self._execute_internal(
C:\Users\andre\AppData\Local\Programs\Python\Python312\Lib\site-packages\sqlalchemy\orm\session.py:2249: in _execute_internal
    result: Result[Any] = compile_state_cls.orm_execute_statement(
C:\Users\andre\AppData\Local\Programs\Python\Python312\Lib\site-packages\sqlalchemy\orm\context.py:306: in orm_execute_statement
    result = conn.execute(
C:\Users\andre\AppData\Local\Programs\Python\Python312\Lib\site-packages\sqlalchemy\engine\base.py:1419: in execute
    return meth(
C:\Users\andre\AppData\Local\Programs\Python\Python312\Lib\site-packages\sqlalchemy\sql\elements.py:527: in _execute_on_connection
    return connection._execute_clauseelement(
C:\Users\andre\AppData\Local\Programs\Python\Python312\Lib\site-packages\sqlalchemy\engine\base.py:1641: in _execute_clauseelement
    ret = self._execute_context(
C:\Users\andre\AppData\Local\Programs\Python\Python312\Lib\site-packages\sqlalchemy\engine\base.py:1846: in _execute_context
    return self._exec_single_context(
C:\Users\andre\AppData\Local\Programs\Python\Python312\Lib\site-packages\sqlalchemy\engine\base.py:1986: in _exec_single_context
    self._handle_dbapi_exception(
C:\Users\andre\AppData\Local\Programs\Python\Python312\Lib\site-packages\sqlalchemy\engine\base.py:2363: in _handle_dbapi_exception
    raise sqlalchemy_exception.with_traceback(exc_info[2]) from e
C:\Users\andre\AppData\Local\Programs\Python\Python312\Lib\site-packages\sqlalchemy\engine\base.py:1967: in _exec_single_context
    self.dialect.do_execute(
C:\Users\andre\AppData\Local\Programs\Python\Python312\Lib\site-packages\sqlalchemy\engine\default.py:952: in do_execute
    cursor.execute(statement, parameters)
E   sqlalchemy.exc.OperationalError: (sqlite3.OperationalError) no such table: users
E   [SQL: SELECT users.id AS users_id, users.username AS users_username, users.hashed_password AS users_hashed_password, users.created_at AS users_created_at 
E   FROM users 
E   WHERE users.username = ?
E    LIMIT ? OFFSET ?]
E   [parameters: ('testuser', 1, 0)]
E   (Background on this error at: https://sqlalche.me/e/20/e3q8)
________ ERROR at setup of TestProfile.test_update_creates_if_missing _________
C:\Users\andre\AppData\Local\Programs\Python\Python312\Lib\site-packages\sqlalchemy\engine\base.py:1967: in _exec_single_context
    self.dialect.do_execute(
C:\Users\andre\AppData\Local\Programs\Python\Python312\Lib\site-packages\sqlalchemy\engine\default.py:952: in do_execute
    cursor.execute(statement, parameters)
E   sqlite3.OperationalError: no such table: users

The above exception was the direct cause of the following exception:
tests\conftest.py:59: in auth_headers
    client.post("/auth/register", json={"username": "testuser", "password": "testpass"})
C:\Users\andre\AppData\Local\Programs\Python\Python312\Lib\site-packages\starlette\testclient.py:546: in post
    return super().post(
C:\Users\andre\AppData\Local\Programs\Python\Python312\Lib\site-packages\httpx\_client.py:1144: in post
    return self.request(
C:\Users\andre\AppData\Local\Programs\Python\Python312\Lib\site-packages\starlette\testclient.py:445: in request
    return super().request(
C:\Users\andre\AppData\Local\Programs\Python\Python312\Lib\site-packages\httpx\_client.py:825: in request
    return self.send(request, auth=auth, follow_redirects=follow_redirects)
           ^^^^^^^^^^^^^^^^^^^^^^^^^^^^^^^^^^^^^^^^^^^^^^^^^^^^^^^^^^^^^^^^
C:\Users\andre\AppData\Local\Programs\Python\Python312\Lib\site-packages\httpx\_client.py:914: in send
    response = self._send_handling_auth(
C:\Users\andre\AppData\Local\Programs\Python\Python312\Lib\site-packages\httpx\_client.py:942: in _send_handling_auth
    response = self._send_handling_redirects(
C:\Users\andre\AppData\Local\Programs\Python\Python312\Lib\site-packages\httpx\_client.py:979: in _send_handling_redirects
    response = self._send_single_request(request)
               ^^^^^^^^^^^^^^^^^^^^^^^^^^^^^^^^^^
C:\Users\andre\AppData\Local\Programs\Python\Python312\Lib\site-packages\httpx\_client.py:1014: in _send_single_request
    response = transport.handle_request(request)
               ^^^^^^^^^^^^^^^^^^^^^^^^^^^^^^^^^
C:\Users\andre\AppData\Local\Programs\Python\Python312\Lib\site-packages\starlette\testclient.py:348: in handle_request
    raise exc
C:\Users\andre\AppData\Local\Programs\Python\Python312\Lib\site-packages\starlette\testclient.py:345: in handle_request
    portal.call(self.app, scope, receive, send)
C:\Users\andre\AppData\Local\Programs\Python\Python312\Lib\site-packages\anyio\from_thread.py:334: in call
    return cast(T_Retval, self.start_task_soon(func, *args).result())
                          ^^^^^^^^^^^^^^^^^^^^^^^^^^^^^^^^^^^^^^^^^^
C:\Users\andre\AppData\Local\Programs\Python\Python312\Lib\concurrent\futures\_base.py:456: in result
    return self.__get_result()
           ^^^^^^^^^^^^^^^^^^^
C:\Users\andre\AppData\Local\Programs\Python\Python312\Lib\concurrent\futures\_base.py:401: in __get_result
    raise self._exception
C:\Users\andre\AppData\Local\Programs\Python\Python312\Lib\site-packages\anyio\from_thread.py:259: in _call_func
    retval = await retval_or_awaitable
             ^^^^^^^^^^^^^^^^^^^^^^^^^
C:\Users\andre\AppData\Local\Programs\Python\Python312\Lib\site-packages\fastapi\applications.py:1135: in __call__
    await super().__call__(scope, receive, send)
C:\Users\andre\AppData\Local\Programs\Python\Python312\Lib\site-packages\starlette\applications.py:107: in __call__
    await self.middleware_stack(scope, receive, send)
C:\Users\andre\AppData\Local\Programs\Python\Python312\Lib\site-packages\starlette\middleware\errors.py:186: in __call__
    raise exc
C:\Users\andre\AppData\Local\Programs\Python\Python312\Lib\site-packages\starlette\middleware\errors.py:164: in __call__
    await self.app(scope, receive, _send)
C:\Users\andre\AppData\Local\Programs\Python\Python312\Lib\site-packages\starlette\middleware\cors.py:85: in __call__
    await self.app(scope, receive, send)
C:\Users\andre\AppData\Local\Programs\Python\Python312\Lib\site-packages\starlette\middleware\exceptions.py:63: in __call__
    await wrap_app_handling_exceptions(self.app, conn)(scope, receive, send)
C:\Users\andre\AppData\Local\Programs\Python\Python312\Lib\site-packages\starlette\_exception_handler.py:53: in wrapped_app
    raise exc
C:\Users\andre\AppData\Local\Programs\Python\Python312\Lib\site-packages\starlette\_exception_handler.py:42: in wrapped_app
    await app(scope, receive, sender)
C:\Users\andre\AppData\Local\Programs\Python\Python312\Lib\site-packages\fastapi\middleware\asyncexitstack.py:18: in __call__
    await self.app(scope, receive, send)
C:\Users\andre\AppData\Local\Programs\Python\Python312\Lib\site-packages\starlette\routing.py:716: in __call__
    await self.middleware_stack(scope, receive, send)
C:\Users\andre\AppData\Local\Programs\Python\Python312\Lib\site-packages\starlette\routing.py:736: in app
    await route.handle(scope, receive, send)
C:\Users\andre\AppData\Local\Programs\Python\Python312\Lib\site-packages\starlette\routing.py:290: in handle
    await self.app(scope, receive, send)
C:\Users\andre\AppData\Local\Programs\Python\Python312\Lib\site-packages\fastapi\routing.py:115: in app
    await wrap_app_handling_exceptions(app, request)(scope, receive, send)
C:\Users\andre\AppData\Local\Programs\Python\Python312\Lib\site-packages\starlette\_exception_handler.py:53: in wrapped_app
    raise exc
C:\Users\andre\AppData\Local\Programs\Python\Python312\Lib\site-packages\starlette\_exception_handler.py:42: in wrapped_app
    await app(scope, receive, sender)
C:\Users\andre\AppData\Local\Programs\Python\Python312\Lib\site-packages\fastapi\routing.py:101: in app
    response = await f(request)
               ^^^^^^^^^^^^^^^^
C:\Users\andre\AppData\Local\Programs\Python\Python312\Lib\site-packages\fastapi\routing.py:355: in app
    raw_response = await run_endpoint_function(
C:\Users\andre\AppData\Local\Programs\Python\Python312\Lib\site-packages\fastapi\routing.py:245: in run_endpoint_function
    return await run_in_threadpool(dependant.call, **values)
           ^^^^^^^^^^^^^^^^^^^^^^^^^^^^^^^^^^^^^^^^^^^^^^^^^
C:\Users\andre\AppData\Local\Programs\Python\Python312\Lib\site-packages\starlette\concurrency.py:32: in run_in_threadpool
    return await anyio.to_thread.run_sync(func)
           ^^^^^^^^^^^^^^^^^^^^^^^^^^^^^^^^^^^^
C:\Users\andre\AppData\Local\Programs\Python\Python312\Lib\site-packages\anyio\to_thread.py:63: in run_sync
    return await get_async_backend().run_sync_in_worker_thread(
C:\Users\andre\AppData\Local\Programs\Python\Python312\Lib\site-packages\anyio\_backends\_asyncio.py:2502: in run_sync_in_worker_thread
    return await future
           ^^^^^^^^^^^^
C:\Users\andre\AppData\Local\Programs\Python\Python312\Lib\site-packages\anyio\_backends\_asyncio.py:986: in run
    result = context.run(func, *args)
             ^^^^^^^^^^^^^^^^^^^^^^^^
app\routers\auth.py:22: in register_user
    db_user = db.query(User).filter(User.username == user.username).first()
              ^^^^^^^^^^^^^^^^^^^^^^^^^^^^^^^^^^^^^^^^^^^^^^^^^^^^^^^^^^^^^
C:\Users\andre\AppData\Local\Programs\Python\Python312\Lib\site-packages\sqlalchemy\orm\query.py:2759: in first
    return self.limit(1)._iter().first()  # type: ignore
           ^^^^^^^^^^^^^^^^^^^^^
C:\Users\andre\AppData\Local\Programs\Python\Python312\Lib\site-packages\sqlalchemy\orm\query.py:2857: in _iter
    result: Union[ScalarResult[_T], Result[_T]] = self.session.execute(
C:\Users\andre\AppData\Local\Programs\Python\Python312\Lib\site-packages\sqlalchemy\orm\session.py:2351: in execute
    return self._execute_internal(
C:\Users\andre\AppData\Local\Programs\Python\Python312\Lib\site-packages\sqlalchemy\orm\session.py:2249: in _execute_internal
    result: Result[Any] = compile_state_cls.orm_execute_statement(
C:\Users\andre\AppData\Local\Programs\Python\Python312\Lib\site-packages\sqlalchemy\orm\context.py:306: in orm_execute_statement
    result = conn.execute(
C:\Users\andre\AppData\Local\Programs\Python\Python312\Lib\site-packages\sqlalchemy\engine\base.py:1419: in execute
    return meth(
C:\Users\andre\AppData\Local\Programs\Python\Python312\Lib\site-packages\sqlalchemy\sql\elements.py:527: in _execute_on_connection
    return connection._execute_clauseelement(
C:\Users\andre\AppData\Local\Programs\Python\Python312\Lib\site-packages\sqlalchemy\engine\base.py:1641: in _execute_clauseelement
    ret = self._execute_context(
C:\Users\andre\AppData\Local\Programs\Python\Python312\Lib\site-packages\sqlalchemy\engine\base.py:1846: in _execute_context
    return self._exec_single_context(
C:\Users\andre\AppData\Local\Programs\Python\Python312\Lib\site-packages\sqlalchemy\engine\base.py:1986: in _exec_single_context
    self._handle_dbapi_exception(
C:\Users\andre\AppData\Local\Programs\Python\Python312\Lib\site-packages\sqlalchemy\engine\base.py:2363: in _handle_dbapi_exception
    raise sqlalchemy_exception.with_traceback(exc_info[2]) from e
C:\Users\andre\AppData\Local\Programs\Python\Python312\Lib\site-packages\sqlalchemy\engine\base.py:1967: in _exec_single_context
    self.dialect.do_execute(
C:\Users\andre\AppData\Local\Programs\Python\Python312\Lib\site-packages\sqlalchemy\engine\default.py:952: in do_execute
    cursor.execute(statement, parameters)
E   sqlalchemy.exc.OperationalError: (sqlite3.OperationalError) no such table: users
E   [SQL: SELECT users.id AS users_id, users.username AS users_username, users.hashed_password AS users_hashed_password, users.created_at AS users_created_at 
E   FROM users 
E   WHERE users.username = ?
E    LIMIT ? OFFSET ?]
E   [parameters: ('testuser', 1, 0)]
E   (Background on this error at: https://sqlalche.me/e/20/e3q8)
___________ ERROR at setup of TestProfile.test_profile_exists_false ___________
C:\Users\andre\AppData\Local\Programs\Python\Python312\Lib\site-packages\sqlalchemy\engine\base.py:1967: in _exec_single_context
    self.dialect.do_execute(
C:\Users\andre\AppData\Local\Programs\Python\Python312\Lib\site-packages\sqlalchemy\engine\default.py:952: in do_execute
    cursor.execute(statement, parameters)
E   sqlite3.OperationalError: no such table: users

The above exception was the direct cause of the following exception:
tests\conftest.py:59: in auth_headers
    client.post("/auth/register", json={"username": "testuser", "password": "testpass"})
C:\Users\andre\AppData\Local\Programs\Python\Python312\Lib\site-packages\starlette\testclient.py:546: in post
    return super().post(
C:\Users\andre\AppData\Local\Programs\Python\Python312\Lib\site-packages\httpx\_client.py:1144: in post
    return self.request(
C:\Users\andre\AppData\Local\Programs\Python\Python312\Lib\site-packages\starlette\testclient.py:445: in request
    return super().request(
C:\Users\andre\AppData\Local\Programs\Python\Python312\Lib\site-packages\httpx\_client.py:825: in request
    return self.send(request, auth=auth, follow_redirects=follow_redirects)
           ^^^^^^^^^^^^^^^^^^^^^^^^^^^^^^^^^^^^^^^^^^^^^^^^^^^^^^^^^^^^^^^^
C:\Users\andre\AppData\Local\Programs\Python\Python312\Lib\site-packages\httpx\_client.py:914: in send
    response = self._send_handling_auth(
C:\Users\andre\AppData\Local\Programs\Python\Python312\Lib\site-packages\httpx\_client.py:942: in _send_handling_auth
    response = self._send_handling_redirects(
C:\Users\andre\AppData\Local\Programs\Python\Python312\Lib\site-packages\httpx\_client.py:979: in _send_handling_redirects
    response = self._send_single_request(request)
               ^^^^^^^^^^^^^^^^^^^^^^^^^^^^^^^^^^
C:\Users\andre\AppData\Local\Programs\Python\Python312\Lib\site-packages\httpx\_client.py:1014: in _send_single_request
    response = transport.handle_request(request)
               ^^^^^^^^^^^^^^^^^^^^^^^^^^^^^^^^^
C:\Users\andre\AppData\Local\Programs\Python\Python312\Lib\site-packages\starlette\testclient.py:348: in handle_request
    raise exc
C:\Users\andre\AppData\Local\Programs\Python\Python312\Lib\site-packages\starlette\testclient.py:345: in handle_request
    portal.call(self.app, scope, receive, send)
C:\Users\andre\AppData\Local\Programs\Python\Python312\Lib\site-packages\anyio\from_thread.py:334: in call
    return cast(T_Retval, self.start_task_soon(func, *args).result())
                          ^^^^^^^^^^^^^^^^^^^^^^^^^^^^^^^^^^^^^^^^^^
C:\Users\andre\AppData\Local\Programs\Python\Python312\Lib\concurrent\futures\_base.py:456: in result
    return self.__get_result()
           ^^^^^^^^^^^^^^^^^^^
C:\Users\andre\AppData\Local\Programs\Python\Python312\Lib\concurrent\futures\_base.py:401: in __get_result
    raise self._exception
C:\Users\andre\AppData\Local\Programs\Python\Python312\Lib\site-packages\anyio\from_thread.py:259: in _call_func
    retval = await retval_or_awaitable
             ^^^^^^^^^^^^^^^^^^^^^^^^^
C:\Users\andre\AppData\Local\Programs\Python\Python312\Lib\site-packages\fastapi\applications.py:1135: in __call__
    await super().__call__(scope, receive, send)
C:\Users\andre\AppData\Local\Programs\Python\Python312\Lib\site-packages\starlette\applications.py:107: in __call__
    await self.middleware_stack(scope, receive, send)
C:\Users\andre\AppData\Local\Programs\Python\Python312\Lib\site-packages\starlette\middleware\errors.py:186: in __call__
    raise exc
C:\Users\andre\AppData\Local\Programs\Python\Python312\Lib\site-packages\starlette\middleware\errors.py:164: in __call__
    await self.app(scope, receive, _send)
C:\Users\andre\AppData\Local\Programs\Python\Python312\Lib\site-packages\starlette\middleware\cors.py:85: in __call__
    await self.app(scope, receive, send)
C:\Users\andre\AppData\Local\Programs\Python\Python312\Lib\site-packages\starlette\middleware\exceptions.py:63: in __call__
    await wrap_app_handling_exceptions(self.app, conn)(scope, receive, send)
C:\Users\andre\AppData\Local\Programs\Python\Python312\Lib\site-packages\starlette\_exception_handler.py:53: in wrapped_app
    raise exc
C:\Users\andre\AppData\Local\Programs\Python\Python312\Lib\site-packages\starlette\_exception_handler.py:42: in wrapped_app
    await app(scope, receive, sender)
C:\Users\andre\AppData\Local\Programs\Python\Python312\Lib\site-packages\fastapi\middleware\asyncexitstack.py:18: in __call__
    await self.app(scope, receive, send)
C:\Users\andre\AppData\Local\Programs\Python\Python312\Lib\site-packages\starlette\routing.py:716: in __call__
    await self.middleware_stack(scope, receive, send)
C:\Users\andre\AppData\Local\Programs\Python\Python312\Lib\site-packages\starlette\routing.py:736: in app
    await route.handle(scope, receive, send)
C:\Users\andre\AppData\Local\Programs\Python\Python312\Lib\site-packages\starlette\routing.py:290: in handle
    await self.app(scope, receive, send)
C:\Users\andre\AppData\Local\Programs\Python\Python312\Lib\site-packages\fastapi\routing.py:115: in app
    await wrap_app_handling_exceptions(app, request)(scope, receive, send)
C:\Users\andre\AppData\Local\Programs\Python\Python312\Lib\site-packages\starlette\_exception_handler.py:53: in wrapped_app
    raise exc
C:\Users\andre\AppData\Local\Programs\Python\Python312\Lib\site-packages\starlette\_exception_handler.py:42: in wrapped_app
    await app(scope, receive, sender)
C:\Users\andre\AppData\Local\Programs\Python\Python312\Lib\site-packages\fastapi\routing.py:101: in app
    response = await f(request)
               ^^^^^^^^^^^^^^^^
C:\Users\andre\AppData\Local\Programs\Python\Python312\Lib\site-packages\fastapi\routing.py:355: in app
    raw_response = await run_endpoint_function(
C:\Users\andre\AppData\Local\Programs\Python\Python312\Lib\site-packages\fastapi\routing.py:245: in run_endpoint_function
    return await run_in_threadpool(dependant.call, **values)
           ^^^^^^^^^^^^^^^^^^^^^^^^^^^^^^^^^^^^^^^^^^^^^^^^^
C:\Users\andre\AppData\Local\Programs\Python\Python312\Lib\site-packages\starlette\concurrency.py:32: in run_in_threadpool
    return await anyio.to_thread.run_sync(func)
           ^^^^^^^^^^^^^^^^^^^^^^^^^^^^^^^^^^^^
C:\Users\andre\AppData\Local\Programs\Python\Python312\Lib\site-packages\anyio\to_thread.py:63: in run_sync
    return await get_async_backend().run_sync_in_worker_thread(
C:\Users\andre\AppData\Local\Programs\Python\Python312\Lib\site-packages\anyio\_backends\_asyncio.py:2502: in run_sync_in_worker_thread
    return await future
           ^^^^^^^^^^^^
C:\Users\andre\AppData\Local\Programs\Python\Python312\Lib\site-packages\anyio\_backends\_asyncio.py:986: in run
    result = context.run(func, *args)
             ^^^^^^^^^^^^^^^^^^^^^^^^
app\routers\auth.py:22: in register_user
    db_user = db.query(User).filter(User.username == user.username).first()
              ^^^^^^^^^^^^^^^^^^^^^^^^^^^^^^^^^^^^^^^^^^^^^^^^^^^^^^^^^^^^^
C:\Users\andre\AppData\Local\Programs\Python\Python312\Lib\site-packages\sqlalchemy\orm\query.py:2759: in first
    return self.limit(1)._iter().first()  # type: ignore
           ^^^^^^^^^^^^^^^^^^^^^
C:\Users\andre\AppData\Local\Programs\Python\Python312\Lib\site-packages\sqlalchemy\orm\query.py:2857: in _iter
    result: Union[ScalarResult[_T], Result[_T]] = self.session.execute(
C:\Users\andre\AppData\Local\Programs\Python\Python312\Lib\site-packages\sqlalchemy\orm\session.py:2351: in execute
    return self._execute_internal(
C:\Users\andre\AppData\Local\Programs\Python\Python312\Lib\site-packages\sqlalchemy\orm\session.py:2249: in _execute_internal
    result: Result[Any] = compile_state_cls.orm_execute_statement(
C:\Users\andre\AppData\Local\Programs\Python\Python312\Lib\site-packages\sqlalchemy\orm\context.py:306: in orm_execute_statement
    result = conn.execute(
C:\Users\andre\AppData\Local\Programs\Python\Python312\Lib\site-packages\sqlalchemy\engine\base.py:1419: in execute
    return meth(
C:\Users\andre\AppData\Local\Programs\Python\Python312\Lib\site-packages\sqlalchemy\sql\elements.py:527: in _execute_on_connection
    return connection._execute_clauseelement(
C:\Users\andre\AppData\Local\Programs\Python\Python312\Lib\site-packages\sqlalchemy\engine\base.py:1641: in _execute_clauseelement
    ret = self._execute_context(
C:\Users\andre\AppData\Local\Programs\Python\Python312\Lib\site-packages\sqlalchemy\engine\base.py:1846: in _execute_context
    return self._exec_single_context(
C:\Users\andre\AppData\Local\Programs\Python\Python312\Lib\site-packages\sqlalchemy\engine\base.py:1986: in _exec_single_context
    self._handle_dbapi_exception(
C:\Users\andre\AppData\Local\Programs\Python\Python312\Lib\site-packages\sqlalchemy\engine\base.py:2363: in _handle_dbapi_exception
    raise sqlalchemy_exception.with_traceback(exc_info[2]) from e
C:\Users\andre\AppData\Local\Programs\Python\Python312\Lib\site-packages\sqlalchemy\engine\base.py:1967: in _exec_single_context
    self.dialect.do_execute(
C:\Users\andre\AppData\Local\Programs\Python\Python312\Lib\site-packages\sqlalchemy\engine\default.py:952: in do_execute
    cursor.execute(statement, parameters)
E   sqlalchemy.exc.OperationalError: (sqlite3.OperationalError) no such table: users
E   [SQL: SELECT users.id AS users_id, users.username AS users_username, users.hashed_password AS users_hashed_password, users.created_at AS users_created_at 
E   FROM users 
E   WHERE users.username = ?
E    LIMIT ? OFFSET ?]
E   [parameters: ('testuser', 1, 0)]
E   (Background on this error at: https://sqlalche.me/e/20/e3q8)
___________ ERROR at setup of TestProfile.test_profile_exists_true ____________
C:\Users\andre\AppData\Local\Programs\Python\Python312\Lib\site-packages\sqlalchemy\engine\base.py:1967: in _exec_single_context
    self.dialect.do_execute(
C:\Users\andre\AppData\Local\Programs\Python\Python312\Lib\site-packages\sqlalchemy\engine\default.py:952: in do_execute
    cursor.execute(statement, parameters)
E   sqlite3.OperationalError: no such table: users

The above exception was the direct cause of the following exception:
tests\conftest.py:59: in auth_headers
    client.post("/auth/register", json={"username": "testuser", "password": "testpass"})
C:\Users\andre\AppData\Local\Programs\Python\Python312\Lib\site-packages\starlette\testclient.py:546: in post
    return super().post(
C:\Users\andre\AppData\Local\Programs\Python\Python312\Lib\site-packages\httpx\_client.py:1144: in post
    return self.request(
C:\Users\andre\AppData\Local\Programs\Python\Python312\Lib\site-packages\starlette\testclient.py:445: in request
    return super().request(
C:\Users\andre\AppData\Local\Programs\Python\Python312\Lib\site-packages\httpx\_client.py:825: in request
    return self.send(request, auth=auth, follow_redirects=follow_redirects)
           ^^^^^^^^^^^^^^^^^^^^^^^^^^^^^^^^^^^^^^^^^^^^^^^^^^^^^^^^^^^^^^^^
C:\Users\andre\AppData\Local\Programs\Python\Python312\Lib\site-packages\httpx\_client.py:914: in send
    response = self._send_handling_auth(
C:\Users\andre\AppData\Local\Programs\Python\Python312\Lib\site-packages\httpx\_client.py:942: in _send_handling_auth
    response = self._send_handling_redirects(
C:\Users\andre\AppData\Local\Programs\Python\Python312\Lib\site-packages\httpx\_client.py:979: in _send_handling_redirects
    response = self._send_single_request(request)
               ^^^^^^^^^^^^^^^^^^^^^^^^^^^^^^^^^^
C:\Users\andre\AppData\Local\Programs\Python\Python312\Lib\site-packages\httpx\_client.py:1014: in _send_single_request
    response = transport.handle_request(request)
               ^^^^^^^^^^^^^^^^^^^^^^^^^^^^^^^^^
C:\Users\andre\AppData\Local\Programs\Python\Python312\Lib\site-packages\starlette\testclient.py:348: in handle_request
    raise exc
C:\Users\andre\AppData\Local\Programs\Python\Python312\Lib\site-packages\starlette\testclient.py:345: in handle_request
    portal.call(self.app, scope, receive, send)
C:\Users\andre\AppData\Local\Programs\Python\Python312\Lib\site-packages\anyio\from_thread.py:334: in call
    return cast(T_Retval, self.start_task_soon(func, *args).result())
                          ^^^^^^^^^^^^^^^^^^^^^^^^^^^^^^^^^^^^^^^^^^
C:\Users\andre\AppData\Local\Programs\Python\Python312\Lib\concurrent\futures\_base.py:456: in result
    return self.__get_result()
           ^^^^^^^^^^^^^^^^^^^
C:\Users\andre\AppData\Local\Programs\Python\Python312\Lib\concurrent\futures\_base.py:401: in __get_result
    raise self._exception
C:\Users\andre\AppData\Local\Programs\Python\Python312\Lib\site-packages\anyio\from_thread.py:259: in _call_func
    retval = await retval_or_awaitable
             ^^^^^^^^^^^^^^^^^^^^^^^^^
C:\Users\andre\AppData\Local\Programs\Python\Python312\Lib\site-packages\fastapi\applications.py:1135: in __call__
    await super().__call__(scope, receive, send)
C:\Users\andre\AppData\Local\Programs\Python\Python312\Lib\site-packages\starlette\applications.py:107: in __call__
    await self.middleware_stack(scope, receive, send)
C:\Users\andre\AppData\Local\Programs\Python\Python312\Lib\site-packages\starlette\middleware\errors.py:186: in __call__
    raise exc
C:\Users\andre\AppData\Local\Programs\Python\Python312\Lib\site-packages\starlette\middleware\errors.py:164: in __call__
    await self.app(scope, receive, _send)
C:\Users\andre\AppData\Local\Programs\Python\Python312\Lib\site-packages\starlette\middleware\cors.py:85: in __call__
    await self.app(scope, receive, send)
C:\Users\andre\AppData\Local\Programs\Python\Python312\Lib\site-packages\starlette\middleware\exceptions.py:63: in __call__
    await wrap_app_handling_exceptions(self.app, conn)(scope, receive, send)
C:\Users\andre\AppData\Local\Programs\Python\Python312\Lib\site-packages\starlette\_exception_handler.py:53: in wrapped_app
    raise exc
C:\Users\andre\AppData\Local\Programs\Python\Python312\Lib\site-packages\starlette\_exception_handler.py:42: in wrapped_app
    await app(scope, receive, sender)
C:\Users\andre\AppData\Local\Programs\Python\Python312\Lib\site-packages\fastapi\middleware\asyncexitstack.py:18: in __call__
    await self.app(scope, receive, send)
C:\Users\andre\AppData\Local\Programs\Python\Python312\Lib\site-packages\starlette\routing.py:716: in __call__
    await self.middleware_stack(scope, receive, send)
C:\Users\andre\AppData\Local\Programs\Python\Python312\Lib\site-packages\starlette\routing.py:736: in app
    await route.handle(scope, receive, send)
C:\Users\andre\AppData\Local\Programs\Python\Python312\Lib\site-packages\starlette\routing.py:290: in handle
    await self.app(scope, receive, send)
C:\Users\andre\AppData\Local\Programs\Python\Python312\Lib\site-packages\fastapi\routing.py:115: in app
    await wrap_app_handling_exceptions(app, request)(scope, receive, send)
C:\Users\andre\AppData\Local\Programs\Python\Python312\Lib\site-packages\starlette\_exception_handler.py:53: in wrapped_app
    raise exc
C:\Users\andre\AppData\Local\Programs\Python\Python312\Lib\site-packages\starlette\_exception_handler.py:42: in wrapped_app
    await app(scope, receive, sender)
C:\Users\andre\AppData\Local\Programs\Python\Python312\Lib\site-packages\fastapi\routing.py:101: in app
    response = await f(request)
               ^^^^^^^^^^^^^^^^
C:\Users\andre\AppData\Local\Programs\Python\Python312\Lib\site-packages\fastapi\routing.py:355: in app
    raw_response = await run_endpoint_function(
C:\Users\andre\AppData\Local\Programs\Python\Python312\Lib\site-packages\fastapi\routing.py:245: in run_endpoint_function
    return await run_in_threadpool(dependant.call, **values)
           ^^^^^^^^^^^^^^^^^^^^^^^^^^^^^^^^^^^^^^^^^^^^^^^^^
C:\Users\andre\AppData\Local\Programs\Python\Python312\Lib\site-packages\starlette\concurrency.py:32: in run_in_threadpool
    return await anyio.to_thread.run_sync(func)
           ^^^^^^^^^^^^^^^^^^^^^^^^^^^^^^^^^^^^
C:\Users\andre\AppData\Local\Programs\Python\Python312\Lib\site-packages\anyio\to_thread.py:63: in run_sync
    return await get_async_backend().run_sync_in_worker_thread(
C:\Users\andre\AppData\Local\Programs\Python\Python312\Lib\site-packages\anyio\_backends\_asyncio.py:2502: in run_sync_in_worker_thread
    return await future
           ^^^^^^^^^^^^
C:\Users\andre\AppData\Local\Programs\Python\Python312\Lib\site-packages\anyio\_backends\_asyncio.py:986: in run
    result = context.run(func, *args)
             ^^^^^^^^^^^^^^^^^^^^^^^^
app\routers\auth.py:22: in register_user
    db_user = db.query(User).filter(User.username == user.username).first()
              ^^^^^^^^^^^^^^^^^^^^^^^^^^^^^^^^^^^^^^^^^^^^^^^^^^^^^^^^^^^^^
C:\Users\andre\AppData\Local\Programs\Python\Python312\Lib\site-packages\sqlalchemy\orm\query.py:2759: in first
    return self.limit(1)._iter().first()  # type: ignore
           ^^^^^^^^^^^^^^^^^^^^^
C:\Users\andre\AppData\Local\Programs\Python\Python312\Lib\site-packages\sqlalchemy\orm\query.py:2857: in _iter
    result: Union[ScalarResult[_T], Result[_T]] = self.session.execute(
C:\Users\andre\AppData\Local\Programs\Python\Python312\Lib\site-packages\sqlalchemy\orm\session.py:2351: in execute
    return self._execute_internal(
C:\Users\andre\AppData\Local\Programs\Python\Python312\Lib\site-packages\sqlalchemy\orm\session.py:2249: in _execute_internal
    result: Result[Any] = compile_state_cls.orm_execute_statement(
C:\Users\andre\AppData\Local\Programs\Python\Python312\Lib\site-packages\sqlalchemy\orm\context.py:306: in orm_execute_statement
    result = conn.execute(
C:\Users\andre\AppData\Local\Programs\Python\Python312\Lib\site-packages\sqlalchemy\engine\base.py:1419: in execute
    return meth(
C:\Users\andre\AppData\Local\Programs\Python\Python312\Lib\site-packages\sqlalchemy\sql\elements.py:527: in _execute_on_connection
    return connection._execute_clauseelement(
C:\Users\andre\AppData\Local\Programs\Python\Python312\Lib\site-packages\sqlalchemy\engine\base.py:1641: in _execute_clauseelement
    ret = self._execute_context(
C:\Users\andre\AppData\Local\Programs\Python\Python312\Lib\site-packages\sqlalchemy\engine\base.py:1846: in _execute_context
    return self._exec_single_context(
C:\Users\andre\AppData\Local\Programs\Python\Python312\Lib\site-packages\sqlalchemy\engine\base.py:1986: in _exec_single_context
    self._handle_dbapi_exception(
C:\Users\andre\AppData\Local\Programs\Python\Python312\Lib\site-packages\sqlalchemy\engine\base.py:2363: in _handle_dbapi_exception
    raise sqlalchemy_exception.with_traceback(exc_info[2]) from e
C:\Users\andre\AppData\Local\Programs\Python\Python312\Lib\site-packages\sqlalchemy\engine\base.py:1967: in _exec_single_context
    self.dialect.do_execute(
C:\Users\andre\AppData\Local\Programs\Python\Python312\Lib\site-packages\sqlalchemy\engine\default.py:952: in do_execute
    cursor.execute(statement, parameters)
E   sqlalchemy.exc.OperationalError: (sqlite3.OperationalError) no such table: users
E   [SQL: SELECT users.id AS users_id, users.username AS users_username, users.hashed_password AS users_hashed_password, users.created_at AS users_created_at 
E   FROM users 
E   WHERE users.username = ?
E    LIMIT ? OFFSET ?]
E   [parameters: ('testuser', 1, 0)]
E   (Background on this error at: https://sqlalche.me/e/20/e3q8)
================================== FAILURES ===================================
________________ TestDashboard.test_dashboard_unauthenticated _________________
tests\test_analytics.py:46: in test_dashboard_unauthenticated
    assert resp.status_code == 403
E   assert 401 == 403
E    +  where 401 = <Response [401 Unauthorized]>.status_code
_____________________ TestRegister.test_register_success ______________________
C:\Users\andre\AppData\Local\Programs\Python\Python312\Lib\site-packages\sqlalchemy\engine\base.py:1967: in _exec_single_context
    self.dialect.do_execute(
C:\Users\andre\AppData\Local\Programs\Python\Python312\Lib\site-packages\sqlalchemy\engine\default.py:952: in do_execute
    cursor.execute(statement, parameters)
E   sqlite3.OperationalError: no such table: users

The above exception was the direct cause of the following exception:
tests\test_auth.py:6: in test_register_success
    resp = client.post("/auth/register", json={"username": "newuser", "password": "pass123"})
           ^^^^^^^^^^^^^^^^^^^^^^^^^^^^^^^^^^^^^^^^^^^^^^^^^^^^^^^^^^^^^^^^^^^^^^^^^^^^^^^^^^
C:\Users\andre\AppData\Local\Programs\Python\Python312\Lib\site-packages\starlette\testclient.py:546: in post
    return super().post(
C:\Users\andre\AppData\Local\Programs\Python\Python312\Lib\site-packages\httpx\_client.py:1144: in post
    return self.request(
C:\Users\andre\AppData\Local\Programs\Python\Python312\Lib\site-packages\starlette\testclient.py:445: in request
    return super().request(
C:\Users\andre\AppData\Local\Programs\Python\Python312\Lib\site-packages\httpx\_client.py:825: in request
    return self.send(request, auth=auth, follow_redirects=follow_redirects)
           ^^^^^^^^^^^^^^^^^^^^^^^^^^^^^^^^^^^^^^^^^^^^^^^^^^^^^^^^^^^^^^^^
C:\Users\andre\AppData\Local\Programs\Python\Python312\Lib\site-packages\httpx\_client.py:914: in send
    response = self._send_handling_auth(
C:\Users\andre\AppData\Local\Programs\Python\Python312\Lib\site-packages\httpx\_client.py:942: in _send_handling_auth
    response = self._send_handling_redirects(
C:\Users\andre\AppData\Local\Programs\Python\Python312\Lib\site-packages\httpx\_client.py:979: in _send_handling_redirects
    response = self._send_single_request(request)
               ^^^^^^^^^^^^^^^^^^^^^^^^^^^^^^^^^^
C:\Users\andre\AppData\Local\Programs\Python\Python312\Lib\site-packages\httpx\_client.py:1014: in _send_single_request
    response = transport.handle_request(request)
               ^^^^^^^^^^^^^^^^^^^^^^^^^^^^^^^^^
C:\Users\andre\AppData\Local\Programs\Python\Python312\Lib\site-packages\starlette\testclient.py:348: in handle_request
    raise exc
C:\Users\andre\AppData\Local\Programs\Python\Python312\Lib\site-packages\starlette\testclient.py:345: in handle_request
    portal.call(self.app, scope, receive, send)
C:\Users\andre\AppData\Local\Programs\Python\Python312\Lib\site-packages\anyio\from_thread.py:334: in call
    return cast(T_Retval, self.start_task_soon(func, *args).result())
                          ^^^^^^^^^^^^^^^^^^^^^^^^^^^^^^^^^^^^^^^^^^
C:\Users\andre\AppData\Local\Programs\Python\Python312\Lib\concurrent\futures\_base.py:456: in result
    return self.__get_result()
           ^^^^^^^^^^^^^^^^^^^
C:\Users\andre\AppData\Local\Programs\Python\Python312\Lib\concurrent\futures\_base.py:401: in __get_result
    raise self._exception
C:\Users\andre\AppData\Local\Programs\Python\Python312\Lib\site-packages\anyio\from_thread.py:259: in _call_func
    retval = await retval_or_awaitable
             ^^^^^^^^^^^^^^^^^^^^^^^^^
C:\Users\andre\AppData\Local\Programs\Python\Python312\Lib\site-packages\fastapi\applications.py:1135: in __call__
    await super().__call__(scope, receive, send)
C:\Users\andre\AppData\Local\Programs\Python\Python312\Lib\site-packages\starlette\applications.py:107: in __call__
    await self.middleware_stack(scope, receive, send)
C:\Users\andre\AppData\Local\Programs\Python\Python312\Lib\site-packages\starlette\middleware\errors.py:186: in __call__
    raise exc
C:\Users\andre\AppData\Local\Programs\Python\Python312\Lib\site-packages\starlette\middleware\errors.py:164: in __call__
    await self.app(scope, receive, _send)
C:\Users\andre\AppData\Local\Programs\Python\Python312\Lib\site-packages\starlette\middleware\cors.py:85: in __call__
    await self.app(scope, receive, send)
C:\Users\andre\AppData\Local\Programs\Python\Python312\Lib\site-packages\starlette\middleware\exceptions.py:63: in __call__
    await wrap_app_handling_exceptions(self.app, conn)(scope, receive, send)
C:\Users\andre\AppData\Local\Programs\Python\Python312\Lib\site-packages\starlette\_exception_handler.py:53: in wrapped_app
    raise exc
C:\Users\andre\AppData\Local\Programs\Python\Python312\Lib\site-packages\starlette\_exception_handler.py:42: in wrapped_app
    await app(scope, receive, sender)
C:\Users\andre\AppData\Local\Programs\Python\Python312\Lib\site-packages\fastapi\middleware\asyncexitstack.py:18: in __call__
    await self.app(scope, receive, send)
C:\Users\andre\AppData\Local\Programs\Python\Python312\Lib\site-packages\starlette\routing.py:716: in __call__
    await self.middleware_stack(scope, receive, send)
C:\Users\andre\AppData\Local\Programs\Python\Python312\Lib\site-packages\starlette\routing.py:736: in app
    await route.handle(scope, receive, send)
C:\Users\andre\AppData\Local\Programs\Python\Python312\Lib\site-packages\starlette\routing.py:290: in handle
    await self.app(scope, receive, send)
C:\Users\andre\AppData\Local\Programs\Python\Python312\Lib\site-packages\fastapi\routing.py:115: in app
    await wrap_app_handling_exceptions(app, request)(scope, receive, send)
C:\Users\andre\AppData\Local\Programs\Python\Python312\Lib\site-packages\starlette\_exception_handler.py:53: in wrapped_app
    raise exc
C:\Users\andre\AppData\Local\Programs\Python\Python312\Lib\site-packages\starlette\_exception_handler.py:42: in wrapped_app
    await app(scope, receive, sender)
C:\Users\andre\AppData\Local\Programs\Python\Python312\Lib\site-packages\fastapi\routing.py:101: in app
    response = await f(request)
               ^^^^^^^^^^^^^^^^
C:\Users\andre\AppData\Local\Programs\Python\Python312\Lib\site-packages\fastapi\routing.py:355: in app
    raw_response = await run_endpoint_function(
C:\Users\andre\AppData\Local\Programs\Python\Python312\Lib\site-packages\fastapi\routing.py:245: in run_endpoint_function
    return await run_in_threadpool(dependant.call, **values)
           ^^^^^^^^^^^^^^^^^^^^^^^^^^^^^^^^^^^^^^^^^^^^^^^^^
C:\Users\andre\AppData\Local\Programs\Python\Python312\Lib\site-packages\starlette\concurrency.py:32: in run_in_threadpool
    return await anyio.to_thread.run_sync(func)
           ^^^^^^^^^^^^^^^^^^^^^^^^^^^^^^^^^^^^
C:\Users\andre\AppData\Local\Programs\Python\Python312\Lib\site-packages\anyio\to_thread.py:63: in run_sync
    return await get_async_backend().run_sync_in_worker_thread(
C:\Users\andre\AppData\Local\Programs\Python\Python312\Lib\site-packages\anyio\_backends\_asyncio.py:2502: in run_sync_in_worker_thread
    return await future
           ^^^^^^^^^^^^
C:\Users\andre\AppData\Local\Programs\Python\Python312\Lib\site-packages\anyio\_backends\_asyncio.py:986: in run
    result = context.run(func, *args)
             ^^^^^^^^^^^^^^^^^^^^^^^^
app\routers\auth.py:22: in register_user
    db_user = db.query(User).filter(User.username == user.username).first()
              ^^^^^^^^^^^^^^^^^^^^^^^^^^^^^^^^^^^^^^^^^^^^^^^^^^^^^^^^^^^^^
C:\Users\andre\AppData\Local\Programs\Python\Python312\Lib\site-packages\sqlalchemy\orm\query.py:2759: in first
    return self.limit(1)._iter().first()  # type: ignore
           ^^^^^^^^^^^^^^^^^^^^^
C:\Users\andre\AppData\Local\Programs\Python\Python312\Lib\site-packages\sqlalchemy\orm\query.py:2857: in _iter
    result: Union[ScalarResult[_T], Result[_T]] = self.session.execute(
C:\Users\andre\AppData\Local\Programs\Python\Python312\Lib\site-packages\sqlalchemy\orm\session.py:2351: in execute
    return self._execute_internal(
C:\Users\andre\AppData\Local\Programs\Python\Python312\Lib\site-packages\sqlalchemy\orm\session.py:2249: in _execute_internal
    result: Result[Any] = compile_state_cls.orm_execute_statement(
C:\Users\andre\AppData\Local\Programs\Python\Python312\Lib\site-packages\sqlalchemy\orm\context.py:306: in orm_execute_statement
    result = conn.execute(
C:\Users\andre\AppData\Local\Programs\Python\Python312\Lib\site-packages\sqlalchemy\engine\base.py:1419: in execute
    return meth(
C:\Users\andre\AppData\Local\Programs\Python\Python312\Lib\site-packages\sqlalchemy\sql\elements.py:527: in _execute_on_connection
    return connection._execute_clauseelement(
C:\Users\andre\AppData\Local\Programs\Python\Python312\Lib\site-packages\sqlalchemy\engine\base.py:1641: in _execute_clauseelement
    ret = self._execute_context(
C:\Users\andre\AppData\Local\Programs\Python\Python312\Lib\site-packages\sqlalchemy\engine\base.py:1846: in _execute_context
    return self._exec_single_context(
C:\Users\andre\AppData\Local\Programs\Python\Python312\Lib\site-packages\sqlalchemy\engine\base.py:1986: in _exec_single_context
    self._handle_dbapi_exception(
C:\Users\andre\AppData\Local\Programs\Python\Python312\Lib\site-packages\sqlalchemy\engine\base.py:2363: in _handle_dbapi_exception
    raise sqlalchemy_exception.with_traceback(exc_info[2]) from e
C:\Users\andre\AppData\Local\Programs\Python\Python312\Lib\site-packages\sqlalchemy\engine\base.py:1967: in _exec_single_context
    self.dialect.do_execute(
C:\Users\andre\AppData\Local\Programs\Python\Python312\Lib\site-packages\sqlalchemy\engine\default.py:952: in do_execute
    cursor.execute(statement, parameters)
E   sqlalchemy.exc.OperationalError: (sqlite3.OperationalError) no such table: users
E   [SQL: SELECT users.id AS users_id, users.username AS users_username, users.hashed_password AS users_hashed_password, users.created_at AS users_created_at 
E   FROM users 
E   WHERE users.username = ?
E    LIMIT ? OFFSET ?]
E   [parameters: ('newuser', 1, 0)]
E   (Background on this error at: https://sqlalche.me/e/20/e3q8)
________________ TestRegister.test_register_duplicate_username ________________
C:\Users\andre\AppData\Local\Programs\Python\Python312\Lib\site-packages\sqlalchemy\engine\base.py:1967: in _exec_single_context
    self.dialect.do_execute(
C:\Users\andre\AppData\Local\Programs\Python\Python312\Lib\site-packages\sqlalchemy\engine\default.py:952: in do_execute
    cursor.execute(statement, parameters)
E   sqlite3.OperationalError: no such table: users

The above exception was the direct cause of the following exception:
tests\test_auth.py:11: in test_register_duplicate_username
    client.post("/auth/register", json={"username": "dup", "password": "pass"})
C:\Users\andre\AppData\Local\Programs\Python\Python312\Lib\site-packages\starlette\testclient.py:546: in post
    return super().post(
C:\Users\andre\AppData\Local\Programs\Python\Python312\Lib\site-packages\httpx\_client.py:1144: in post
    return self.request(
C:\Users\andre\AppData\Local\Programs\Python\Python312\Lib\site-packages\starlette\testclient.py:445: in request
    return super().request(
C:\Users\andre\AppData\Local\Programs\Python\Python312\Lib\site-packages\httpx\_client.py:825: in request
    return self.send(request, auth=auth, follow_redirects=follow_redirects)
           ^^^^^^^^^^^^^^^^^^^^^^^^^^^^^^^^^^^^^^^^^^^^^^^^^^^^^^^^^^^^^^^^
C:\Users\andre\AppData\Local\Programs\Python\Python312\Lib\site-packages\httpx\_client.py:914: in send
    response = self._send_handling_auth(
C:\Users\andre\AppData\Local\Programs\Python\Python312\Lib\site-packages\httpx\_client.py:942: in _send_handling_auth
    response = self._send_handling_redirects(
C:\Users\andre\AppData\Local\Programs\Python\Python312\Lib\site-packages\httpx\_client.py:979: in _send_handling_redirects
    response = self._send_single_request(request)
               ^^^^^^^^^^^^^^^^^^^^^^^^^^^^^^^^^^
C:\Users\andre\AppData\Local\Programs\Python\Python312\Lib\site-packages\httpx\_client.py:1014: in _send_single_request
    response = transport.handle_request(request)
               ^^^^^^^^^^^^^^^^^^^^^^^^^^^^^^^^^
C:\Users\andre\AppData\Local\Programs\Python\Python312\Lib\site-packages\starlette\testclient.py:348: in handle_request
    raise exc
C:\Users\andre\AppData\Local\Programs\Python\Python312\Lib\site-packages\starlette\testclient.py:345: in handle_request
    portal.call(self.app, scope, receive, send)
C:\Users\andre\AppData\Local\Programs\Python\Python312\Lib\site-packages\anyio\from_thread.py:334: in call
    return cast(T_Retval, self.start_task_soon(func, *args).result())
                          ^^^^^^^^^^^^^^^^^^^^^^^^^^^^^^^^^^^^^^^^^^
C:\Users\andre\AppData\Local\Programs\Python\Python312\Lib\concurrent\futures\_base.py:456: in result
    return self.__get_result()
           ^^^^^^^^^^^^^^^^^^^
C:\Users\andre\AppData\Local\Programs\Python\Python312\Lib\concurrent\futures\_base.py:401: in __get_result
    raise self._exception
C:\Users\andre\AppData\Local\Programs\Python\Python312\Lib\site-packages\anyio\from_thread.py:259: in _call_func
    retval = await retval_or_awaitable
             ^^^^^^^^^^^^^^^^^^^^^^^^^
C:\Users\andre\AppData\Local\Programs\Python\Python312\Lib\site-packages\fastapi\applications.py:1135: in __call__
    await super().__call__(scope, receive, send)
C:\Users\andre\AppData\Local\Programs\Python\Python312\Lib\site-packages\starlette\applications.py:107: in __call__
    await self.middleware_stack(scope, receive, send)
C:\Users\andre\AppData\Local\Programs\Python\Python312\Lib\site-packages\starlette\middleware\errors.py:186: in __call__
    raise exc
C:\Users\andre\AppData\Local\Programs\Python\Python312\Lib\site-packages\starlette\middleware\errors.py:164: in __call__
    await self.app(scope, receive, _send)
C:\Users\andre\AppData\Local\Programs\Python\Python312\Lib\site-packages\starlette\middleware\cors.py:85: in __call__
    await self.app(scope, receive, send)
C:\Users\andre\AppData\Local\Programs\Python\Python312\Lib\site-packages\starlette\middleware\exceptions.py:63: in __call__
    await wrap_app_handling_exceptions(self.app, conn)(scope, receive, send)
C:\Users\andre\AppData\Local\Programs\Python\Python312\Lib\site-packages\starlette\_exception_handler.py:53: in wrapped_app
    raise exc
C:\Users\andre\AppData\Local\Programs\Python\Python312\Lib\site-packages\starlette\_exception_handler.py:42: in wrapped_app
    await app(scope, receive, sender)
C:\Users\andre\AppData\Local\Programs\Python\Python312\Lib\site-packages\fastapi\middleware\asyncexitstack.py:18: in __call__
    await self.app(scope, receive, send)
C:\Users\andre\AppData\Local\Programs\Python\Python312\Lib\site-packages\starlette\routing.py:716: in __call__
    await self.middleware_stack(scope, receive, send)
C:\Users\andre\AppData\Local\Programs\Python\Python312\Lib\site-packages\starlette\routing.py:736: in app
    await route.handle(scope, receive, send)
C:\Users\andre\AppData\Local\Programs\Python\Python312\Lib\site-packages\starlette\routing.py:290: in handle
    await self.app(scope, receive, send)
C:\Users\andre\AppData\Local\Programs\Python\Python312\Lib\site-packages\fastapi\routing.py:115: in app
    await wrap_app_handling_exceptions(app, request)(scope, receive, send)
C:\Users\andre\AppData\Local\Programs\Python\Python312\Lib\site-packages\starlette\_exception_handler.py:53: in wrapped_app
    raise exc
C:\Users\andre\AppData\Local\Programs\Python\Python312\Lib\site-packages\starlette\_exception_handler.py:42: in wrapped_app
    await app(scope, receive, sender)
C:\Users\andre\AppData\Local\Programs\Python\Python312\Lib\site-packages\fastapi\routing.py:101: in app
    response = await f(request)
               ^^^^^^^^^^^^^^^^
C:\Users\andre\AppData\Local\Programs\Python\Python312\Lib\site-packages\fastapi\routing.py:355: in app
    raw_response = await run_endpoint_function(
C:\Users\andre\AppData\Local\Programs\Python\Python312\Lib\site-packages\fastapi\routing.py:245: in run_endpoint_function
    return await run_in_threadpool(dependant.call, **values)
           ^^^^^^^^^^^^^^^^^^^^^^^^^^^^^^^^^^^^^^^^^^^^^^^^^
C:\Users\andre\AppData\Local\Programs\Python\Python312\Lib\site-packages\starlette\concurrency.py:32: in run_in_threadpool
    return await anyio.to_thread.run_sync(func)
           ^^^^^^^^^^^^^^^^^^^^^^^^^^^^^^^^^^^^
C:\Users\andre\AppData\Local\Programs\Python\Python312\Lib\site-packages\anyio\to_thread.py:63: in run_sync
    return await get_async_backend().run_sync_in_worker_thread(
C:\Users\andre\AppData\Local\Programs\Python\Python312\Lib\site-packages\anyio\_backends\_asyncio.py:2502: in run_sync_in_worker_thread
    return await future
           ^^^^^^^^^^^^
C:\Users\andre\AppData\Local\Programs\Python\Python312\Lib\site-packages\anyio\_backends\_asyncio.py:986: in run
    result = context.run(func, *args)
             ^^^^^^^^^^^^^^^^^^^^^^^^
app\routers\auth.py:22: in register_user
    db_user = db.query(User).filter(User.username == user.username).first()
              ^^^^^^^^^^^^^^^^^^^^^^^^^^^^^^^^^^^^^^^^^^^^^^^^^^^^^^^^^^^^^
C:\Users\andre\AppData\Local\Programs\Python\Python312\Lib\site-packages\sqlalchemy\orm\query.py:2759: in first
    return self.limit(1)._iter().first()  # type: ignore
           ^^^^^^^^^^^^^^^^^^^^^
C:\Users\andre\AppData\Local\Programs\Python\Python312\Lib\site-packages\sqlalchemy\orm\query.py:2857: in _iter
    result: Union[ScalarResult[_T], Result[_T]] = self.session.execute(
C:\Users\andre\AppData\Local\Programs\Python\Python312\Lib\site-packages\sqlalchemy\orm\session.py:2351: in execute
    return self._execute_internal(
C:\Users\andre\AppData\Local\Programs\Python\Python312\Lib\site-packages\sqlalchemy\orm\session.py:2249: in _execute_internal
    result: Result[Any] = compile_state_cls.orm_execute_statement(
C:\Users\andre\AppData\Local\Programs\Python\Python312\Lib\site-packages\sqlalchemy\orm\context.py:306: in orm_execute_statement
    result = conn.execute(
C:\Users\andre\AppData\Local\Programs\Python\Python312\Lib\site-packages\sqlalchemy\engine\base.py:1419: in execute
    return meth(
C:\Users\andre\AppData\Local\Programs\Python\Python312\Lib\site-packages\sqlalchemy\sql\elements.py:527: in _execute_on_connection
    return connection._execute_clauseelement(
C:\Users\andre\AppData\Local\Programs\Python\Python312\Lib\site-packages\sqlalchemy\engine\base.py:1641: in _execute_clauseelement
    ret = self._execute_context(
C:\Users\andre\AppData\Local\Programs\Python\Python312\Lib\site-packages\sqlalchemy\engine\base.py:1846: in _execute_context
    return self._exec_single_context(
C:\Users\andre\AppData\Local\Programs\Python\Python312\Lib\site-packages\sqlalchemy\engine\base.py:1986: in _exec_single_context
    self._handle_dbapi_exception(
C:\Users\andre\AppData\Local\Programs\Python\Python312\Lib\site-packages\sqlalchemy\engine\base.py:2363: in _handle_dbapi_exception
    raise sqlalchemy_exception.with_traceback(exc_info[2]) from e
C:\Users\andre\AppData\Local\Programs\Python\Python312\Lib\site-packages\sqlalchemy\engine\base.py:1967: in _exec_single_context
    self.dialect.do_execute(
C:\Users\andre\AppData\Local\Programs\Python\Python312\Lib\site-packages\sqlalchemy\engine\default.py:952: in do_execute
    cursor.execute(statement, parameters)
E   sqlalchemy.exc.OperationalError: (sqlite3.OperationalError) no such table: users
E   [SQL: SELECT users.id AS users_id, users.username AS users_username, users.hashed_password AS users_hashed_password, users.created_at AS users_created_at 
E   FROM users 
E   WHERE users.username = ?
E    LIMIT ? OFFSET ?]
E   [parameters: ('dup', 1, 0)]
E   (Background on this error at: https://sqlalche.me/e/20/e3q8)
________________________ TestLogin.test_login_success _________________________
C:\Users\andre\AppData\Local\Programs\Python\Python312\Lib\site-packages\sqlalchemy\engine\base.py:1967: in _exec_single_context
    self.dialect.do_execute(
C:\Users\andre\AppData\Local\Programs\Python\Python312\Lib\site-packages\sqlalchemy\engine\default.py:952: in do_execute
    cursor.execute(statement, parameters)
E   sqlite3.OperationalError: no such table: users

The above exception was the direct cause of the following exception:
tests\test_auth.py:19: in test_login_success
    client.post("/auth/register", json={"username": "loginuser", "password": "pass"})
C:\Users\andre\AppData\Local\Programs\Python\Python312\Lib\site-packages\starlette\testclient.py:546: in post
    return super().post(
C:\Users\andre\AppData\Local\Programs\Python\Python312\Lib\site-packages\httpx\_client.py:1144: in post
    return self.request(
C:\Users\andre\AppData\Local\Programs\Python\Python312\Lib\site-packages\starlette\testclient.py:445: in request
    return super().request(
C:\Users\andre\AppData\Local\Programs\Python\Python312\Lib\site-packages\httpx\_client.py:825: in request
    return self.send(request, auth=auth, follow_redirects=follow_redirects)
           ^^^^^^^^^^^^^^^^^^^^^^^^^^^^^^^^^^^^^^^^^^^^^^^^^^^^^^^^^^^^^^^^
C:\Users\andre\AppData\Local\Programs\Python\Python312\Lib\site-packages\httpx\_client.py:914: in send
    response = self._send_handling_auth(
C:\Users\andre\AppData\Local\Programs\Python\Python312\Lib\site-packages\httpx\_client.py:942: in _send_handling_auth
    response = self._send_handling_redirects(
C:\Users\andre\AppData\Local\Programs\Python\Python312\Lib\site-packages\httpx\_client.py:979: in _send_handling_redirects
    response = self._send_single_request(request)
               ^^^^^^^^^^^^^^^^^^^^^^^^^^^^^^^^^^
C:\Users\andre\AppData\Local\Programs\Python\Python312\Lib\site-packages\httpx\_client.py:1014: in _send_single_request
    response = transport.handle_request(request)
               ^^^^^^^^^^^^^^^^^^^^^^^^^^^^^^^^^
C:\Users\andre\AppData\Local\Programs\Python\Python312\Lib\site-packages\starlette\testclient.py:348: in handle_request
    raise exc
C:\Users\andre\AppData\Local\Programs\Python\Python312\Lib\site-packages\starlette\testclient.py:345: in handle_request
    portal.call(self.app, scope, receive, send)
C:\Users\andre\AppData\Local\Programs\Python\Python312\Lib\site-packages\anyio\from_thread.py:334: in call
    return cast(T_Retval, self.start_task_soon(func, *args).result())
                          ^^^^^^^^^^^^^^^^^^^^^^^^^^^^^^^^^^^^^^^^^^
C:\Users\andre\AppData\Local\Programs\Python\Python312\Lib\concurrent\futures\_base.py:456: in result
    return self.__get_result()
           ^^^^^^^^^^^^^^^^^^^
C:\Users\andre\AppData\Local\Programs\Python\Python312\Lib\concurrent\futures\_base.py:401: in __get_result
    raise self._exception
C:\Users\andre\AppData\Local\Programs\Python\Python312\Lib\site-packages\anyio\from_thread.py:259: in _call_func
    retval = await retval_or_awaitable
             ^^^^^^^^^^^^^^^^^^^^^^^^^
C:\Users\andre\AppData\Local\Programs\Python\Python312\Lib\site-packages\fastapi\applications.py:1135: in __call__
    await super().__call__(scope, receive, send)
C:\Users\andre\AppData\Local\Programs\Python\Python312\Lib\site-packages\starlette\applications.py:107: in __call__
    await self.middleware_stack(scope, receive, send)
C:\Users\andre\AppData\Local\Programs\Python\Python312\Lib\site-packages\starlette\middleware\errors.py:186: in __call__
    raise exc
C:\Users\andre\AppData\Local\Programs\Python\Python312\Lib\site-packages\starlette\middleware\errors.py:164: in __call__
    await self.app(scope, receive, _send)
C:\Users\andre\AppData\Local\Programs\Python\Python312\Lib\site-packages\starlette\middleware\cors.py:85: in __call__
    await self.app(scope, receive, send)
C:\Users\andre\AppData\Local\Programs\Python\Python312\Lib\site-packages\starlette\middleware\exceptions.py:63: in __call__
    await wrap_app_handling_exceptions(self.app, conn)(scope, receive, send)
C:\Users\andre\AppData\Local\Programs\Python\Python312\Lib\site-packages\starlette\_exception_handler.py:53: in wrapped_app
    raise exc
C:\Users\andre\AppData\Local\Programs\Python\Python312\Lib\site-packages\starlette\_exception_handler.py:42: in wrapped_app
    await app(scope, receive, sender)
C:\Users\andre\AppData\Local\Programs\Python\Python312\Lib\site-packages\fastapi\middleware\asyncexitstack.py:18: in __call__
    await self.app(scope, receive, send)
C:\Users\andre\AppData\Local\Programs\Python\Python312\Lib\site-packages\starlette\routing.py:716: in __call__
    await self.middleware_stack(scope, receive, send)
C:\Users\andre\AppData\Local\Programs\Python\Python312\Lib\site-packages\starlette\routing.py:736: in app
    await route.handle(scope, receive, send)
C:\Users\andre\AppData\Local\Programs\Python\Python312\Lib\site-packages\starlette\routing.py:290: in handle
    await self.app(scope, receive, send)
C:\Users\andre\AppData\Local\Programs\Python\Python312\Lib\site-packages\fastapi\routing.py:115: in app
    await wrap_app_handling_exceptions(app, request)(scope, receive, send)
C:\Users\andre\AppData\Local\Programs\Python\Python312\Lib\site-packages\starlette\_exception_handler.py:53: in wrapped_app
    raise exc
C:\Users\andre\AppData\Local\Programs\Python\Python312\Lib\site-packages\starlette\_exception_handler.py:42: in wrapped_app
    await app(scope, receive, sender)
C:\Users\andre\AppData\Local\Programs\Python\Python312\Lib\site-packages\fastapi\routing.py:101: in app
    response = await f(request)
               ^^^^^^^^^^^^^^^^
C:\Users\andre\AppData\Local\Programs\Python\Python312\Lib\site-packages\fastapi\routing.py:355: in app
    raw_response = await run_endpoint_function(
C:\Users\andre\AppData\Local\Programs\Python\Python312\Lib\site-packages\fastapi\routing.py:245: in run_endpoint_function
    return await run_in_threadpool(dependant.call, **values)
           ^^^^^^^^^^^^^^^^^^^^^^^^^^^^^^^^^^^^^^^^^^^^^^^^^
C:\Users\andre\AppData\Local\Programs\Python\Python312\Lib\site-packages\starlette\concurrency.py:32: in run_in_threadpool
    return await anyio.to_thread.run_sync(func)
           ^^^^^^^^^^^^^^^^^^^^^^^^^^^^^^^^^^^^
C:\Users\andre\AppData\Local\Programs\Python\Python312\Lib\site-packages\anyio\to_thread.py:63: in run_sync
    return await get_async_backend().run_sync_in_worker_thread(
C:\Users\andre\AppData\Local\Programs\Python\Python312\Lib\site-packages\anyio\_backends\_asyncio.py:2502: in run_sync_in_worker_thread
    return await future
           ^^^^^^^^^^^^
C:\Users\andre\AppData\Local\Programs\Python\Python312\Lib\site-packages\anyio\_backends\_asyncio.py:986: in run
    result = context.run(func, *args)
             ^^^^^^^^^^^^^^^^^^^^^^^^
app\routers\auth.py:22: in register_user
    db_user = db.query(User).filter(User.username == user.username).first()
              ^^^^^^^^^^^^^^^^^^^^^^^^^^^^^^^^^^^^^^^^^^^^^^^^^^^^^^^^^^^^^
C:\Users\andre\AppData\Local\Programs\Python\Python312\Lib\site-packages\sqlalchemy\orm\query.py:2759: in first
    return self.limit(1)._iter().first()  # type: ignore
           ^^^^^^^^^^^^^^^^^^^^^
C:\Users\andre\AppData\Local\Programs\Python\Python312\Lib\site-packages\sqlalchemy\orm\query.py:2857: in _iter
    result: Union[ScalarResult[_T], Result[_T]] = self.session.execute(
C:\Users\andre\AppData\Local\Programs\Python\Python312\Lib\site-packages\sqlalchemy\orm\session.py:2351: in execute
    return self._execute_internal(
C:\Users\andre\AppData\Local\Programs\Python\Python312\Lib\site-packages\sqlalchemy\orm\session.py:2249: in _execute_internal
    result: Result[Any] = compile_state_cls.orm_execute_statement(
C:\Users\andre\AppData\Local\Programs\Python\Python312\Lib\site-packages\sqlalchemy\orm\context.py:306: in orm_execute_statement
    result = conn.execute(
C:\Users\andre\AppData\Local\Programs\Python\Python312\Lib\site-packages\sqlalchemy\engine\base.py:1419: in execute
    return meth(
C:\Users\andre\AppData\Local\Programs\Python\Python312\Lib\site-packages\sqlalchemy\sql\elements.py:527: in _execute_on_connection
    return connection._execute_clauseelement(
C:\Users\andre\AppData\Local\Programs\Python\Python312\Lib\site-packages\sqlalchemy\engine\base.py:1641: in _execute_clauseelement
    ret = self._execute_context(
C:\Users\andre\AppData\Local\Programs\Python\Python312\Lib\site-packages\sqlalchemy\engine\base.py:1846: in _execute_context
    return self._exec_single_context(
C:\Users\andre\AppData\Local\Programs\Python\Python312\Lib\site-packages\sqlalchemy\engine\base.py:1986: in _exec_single_context
    self._handle_dbapi_exception(
C:\Users\andre\AppData\Local\Programs\Python\Python312\Lib\site-packages\sqlalchemy\engine\base.py:2363: in _handle_dbapi_exception
    raise sqlalchemy_exception.with_traceback(exc_info[2]) from e
C:\Users\andre\AppData\Local\Programs\Python\Python312\Lib\site-packages\sqlalchemy\engine\base.py:1967: in _exec_single_context
    self.dialect.do_execute(
C:\Users\andre\AppData\Local\Programs\Python\Python312\Lib\site-packages\sqlalchemy\engine\default.py:952: in do_execute
    cursor.execute(statement, parameters)
E   sqlalchemy.exc.OperationalError: (sqlite3.OperationalError) no such table: users
E   [SQL: SELECT users.id AS users_id, users.username AS users_username, users.hashed_password AS users_hashed_password, users.created_at AS users_created_at 
E   FROM users 
E   WHERE users.username = ?
E    LIMIT ? OFFSET ?]
E   [parameters: ('loginuser', 1, 0)]
E   (Background on this error at: https://sqlalche.me/e/20/e3q8)
_____________________ TestLogin.test_login_wrong_password _____________________
C:\Users\andre\AppData\Local\Programs\Python\Python312\Lib\site-packages\sqlalchemy\engine\base.py:1967: in _exec_single_context
    self.dialect.do_execute(
C:\Users\andre\AppData\Local\Programs\Python\Python312\Lib\site-packages\sqlalchemy\engine\default.py:952: in do_execute
    cursor.execute(statement, parameters)
E   sqlite3.OperationalError: no such table: users

The above exception was the direct cause of the following exception:
tests\test_auth.py:26: in test_login_wrong_password
    client.post("/auth/register", json={"username": "user1", "password": "correct"})
C:\Users\andre\AppData\Local\Programs\Python\Python312\Lib\site-packages\starlette\testclient.py:546: in post
    return super().post(
C:\Users\andre\AppData\Local\Programs\Python\Python312\Lib\site-packages\httpx\_client.py:1144: in post
    return self.request(
C:\Users\andre\AppData\Local\Programs\Python\Python312\Lib\site-packages\starlette\testclient.py:445: in request
    return super().request(
C:\Users\andre\AppData\Local\Programs\Python\Python312\Lib\site-packages\httpx\_client.py:825: in request
    return self.send(request, auth=auth, follow_redirects=follow_redirects)
           ^^^^^^^^^^^^^^^^^^^^^^^^^^^^^^^^^^^^^^^^^^^^^^^^^^^^^^^^^^^^^^^^
C:\Users\andre\AppData\Local\Programs\Python\Python312\Lib\site-packages\httpx\_client.py:914: in send
    response = self._send_handling_auth(
C:\Users\andre\AppData\Local\Programs\Python\Python312\Lib\site-packages\httpx\_client.py:942: in _send_handling_auth
    response = self._send_handling_redirects(
C:\Users\andre\AppData\Local\Programs\Python\Python312\Lib\site-packages\httpx\_client.py:979: in _send_handling_redirects
    response = self._send_single_request(request)
               ^^^^^^^^^^^^^^^^^^^^^^^^^^^^^^^^^^
C:\Users\andre\AppData\Local\Programs\Python\Python312\Lib\site-packages\httpx\_client.py:1014: in _send_single_request
    response = transport.handle_request(request)
               ^^^^^^^^^^^^^^^^^^^^^^^^^^^^^^^^^
C:\Users\andre\AppData\Local\Programs\Python\Python312\Lib\site-packages\starlette\testclient.py:348: in handle_request
    raise exc
C:\Users\andre\AppData\Local\Programs\Python\Python312\Lib\site-packages\starlette\testclient.py:345: in handle_request
    portal.call(self.app, scope, receive, send)
C:\Users\andre\AppData\Local\Programs\Python\Python312\Lib\site-packages\anyio\from_thread.py:334: in call
    return cast(T_Retval, self.start_task_soon(func, *args).result())
                          ^^^^^^^^^^^^^^^^^^^^^^^^^^^^^^^^^^^^^^^^^^
C:\Users\andre\AppData\Local\Programs\Python\Python312\Lib\concurrent\futures\_base.py:456: in result
    return self.__get_result()
           ^^^^^^^^^^^^^^^^^^^
C:\Users\andre\AppData\Local\Programs\Python\Python312\Lib\concurrent\futures\_base.py:401: in __get_result
    raise self._exception
C:\Users\andre\AppData\Local\Programs\Python\Python312\Lib\site-packages\anyio\from_thread.py:259: in _call_func
    retval = await retval_or_awaitable
             ^^^^^^^^^^^^^^^^^^^^^^^^^
C:\Users\andre\AppData\Local\Programs\Python\Python312\Lib\site-packages\fastapi\applications.py:1135: in __call__
    await super().__call__(scope, receive, send)
C:\Users\andre\AppData\Local\Programs\Python\Python312\Lib\site-packages\starlette\applications.py:107: in __call__
    await self.middleware_stack(scope, receive, send)
C:\Users\andre\AppData\Local\Programs\Python\Python312\Lib\site-packages\starlette\middleware\errors.py:186: in __call__
    raise exc
C:\Users\andre\AppData\Local\Programs\Python\Python312\Lib\site-packages\starlette\middleware\errors.py:164: in __call__
    await self.app(scope, receive, _send)
C:\Users\andre\AppData\Local\Programs\Python\Python312\Lib\site-packages\starlette\middleware\cors.py:85: in __call__
    await self.app(scope, receive, send)
C:\Users\andre\AppData\Local\Programs\Python\Python312\Lib\site-packages\starlette\middleware\exceptions.py:63: in __call__
    await wrap_app_handling_exceptions(self.app, conn)(scope, receive, send)
C:\Users\andre\AppData\Local\Programs\Python\Python312\Lib\site-packages\starlette\_exception_handler.py:53: in wrapped_app
    raise exc
C:\Users\andre\AppData\Local\Programs\Python\Python312\Lib\site-packages\starlette\_exception_handler.py:42: in wrapped_app
    await app(scope, receive, sender)
C:\Users\andre\AppData\Local\Programs\Python\Python312\Lib\site-packages\fastapi\middleware\asyncexitstack.py:18: in __call__
    await self.app(scope, receive, send)
C:\Users\andre\AppData\Local\Programs\Python\Python312\Lib\site-packages\starlette\routing.py:716: in __call__
    await self.middleware_stack(scope, receive, send)
C:\Users\andre\AppData\Local\Programs\Python\Python312\Lib\site-packages\starlette\routing.py:736: in app
    await route.handle(scope, receive, send)
C:\Users\andre\AppData\Local\Programs\Python\Python312\Lib\site-packages\starlette\routing.py:290: in handle
    await self.app(scope, receive, send)
C:\Users\andre\AppData\Local\Programs\Python\Python312\Lib\site-packages\fastapi\routing.py:115: in app
    await wrap_app_handling_exceptions(app, request)(scope, receive, send)
C:\Users\andre\AppData\Local\Programs\Python\Python312\Lib\site-packages\starlette\_exception_handler.py:53: in wrapped_app
    raise exc
C:\Users\andre\AppData\Local\Programs\Python\Python312\Lib\site-packages\starlette\_exception_handler.py:42: in wrapped_app
    await app(scope, receive, sender)
C:\Users\andre\AppData\Local\Programs\Python\Python312\Lib\site-packages\fastapi\routing.py:101: in app
    response = await f(request)
               ^^^^^^^^^^^^^^^^
C:\Users\andre\AppData\Local\Programs\Python\Python312\Lib\site-packages\fastapi\routing.py:355: in app
    raw_response = await run_endpoint_function(
C:\Users\andre\AppData\Local\Programs\Python\Python312\Lib\site-packages\fastapi\routing.py:245: in run_endpoint_function
    return await run_in_threadpool(dependant.call, **values)
           ^^^^^^^^^^^^^^^^^^^^^^^^^^^^^^^^^^^^^^^^^^^^^^^^^
C:\Users\andre\AppData\Local\Programs\Python\Python312\Lib\site-packages\starlette\concurrency.py:32: in run_in_threadpool
    return await anyio.to_thread.run_sync(func)
           ^^^^^^^^^^^^^^^^^^^^^^^^^^^^^^^^^^^^
C:\Users\andre\AppData\Local\Programs\Python\Python312\Lib\site-packages\anyio\to_thread.py:63: in run_sync
    return await get_async_backend().run_sync_in_worker_thread(
C:\Users\andre\AppData\Local\Programs\Python\Python312\Lib\site-packages\anyio\_backends\_asyncio.py:2502: in run_sync_in_worker_thread
    return await future
           ^^^^^^^^^^^^
C:\Users\andre\AppData\Local\Programs\Python\Python312\Lib\site-packages\anyio\_backends\_asyncio.py:986: in run
    result = context.run(func, *args)
             ^^^^^^^^^^^^^^^^^^^^^^^^
app\routers\auth.py:22: in register_user
    db_user = db.query(User).filter(User.username == user.username).first()
              ^^^^^^^^^^^^^^^^^^^^^^^^^^^^^^^^^^^^^^^^^^^^^^^^^^^^^^^^^^^^^
C:\Users\andre\AppData\Local\Programs\Python\Python312\Lib\site-packages\sqlalchemy\orm\query.py:2759: in first
    return self.limit(1)._iter().first()  # type: ignore
           ^^^^^^^^^^^^^^^^^^^^^
C:\Users\andre\AppData\Local\Programs\Python\Python312\Lib\site-packages\sqlalchemy\orm\query.py:2857: in _iter
    result: Union[ScalarResult[_T], Result[_T]] = self.session.execute(
C:\Users\andre\AppData\Local\Programs\Python\Python312\Lib\site-packages\sqlalchemy\orm\session.py:2351: in execute
    return self._execute_internal(
C:\Users\andre\AppData\Local\Programs\Python\Python312\Lib\site-packages\sqlalchemy\orm\session.py:2249: in _execute_internal
    result: Result[Any] = compile_state_cls.orm_execute_statement(
C:\Users\andre\AppData\Local\Programs\Python\Python312\Lib\site-packages\sqlalchemy\orm\context.py:306: in orm_execute_statement
    result = conn.execute(
C:\Users\andre\AppData\Local\Programs\Python\Python312\Lib\site-packages\sqlalchemy\engine\base.py:1419: in execute
    return meth(
C:\Users\andre\AppData\Local\Programs\Python\Python312\Lib\site-packages\sqlalchemy\sql\elements.py:527: in _execute_on_connection
    return connection._execute_clauseelement(
C:\Users\andre\AppData\Local\Programs\Python\Python312\Lib\site-packages\sqlalchemy\engine\base.py:1641: in _execute_clauseelement
    ret = self._execute_context(
C:\Users\andre\AppData\Local\Programs\Python\Python312\Lib\site-packages\sqlalchemy\engine\base.py:1846: in _execute_context
    return self._exec_single_context(
C:\Users\andre\AppData\Local\Programs\Python\Python312\Lib\site-packages\sqlalchemy\engine\base.py:1986: in _exec_single_context
    self._handle_dbapi_exception(
C:\Users\andre\AppData\Local\Programs\Python\Python312\Lib\site-packages\sqlalchemy\engine\base.py:2363: in _handle_dbapi_exception
    raise sqlalchemy_exception.with_traceback(exc_info[2]) from e
C:\Users\andre\AppData\Local\Programs\Python\Python312\Lib\site-packages\sqlalchemy\engine\base.py:1967: in _exec_single_context
    self.dialect.do_execute(
C:\Users\andre\AppData\Local\Programs\Python\Python312\Lib\site-packages\sqlalchemy\engine\default.py:952: in do_execute
    cursor.execute(statement, parameters)
E   sqlalchemy.exc.OperationalError: (sqlite3.OperationalError) no such table: users
E   [SQL: SELECT users.id AS users_id, users.username AS users_username, users.hashed_password AS users_hashed_password, users.created_at AS users_created_at 
E   FROM users 
E   WHERE users.username = ?
E    LIMIT ? OFFSET ?]
E   [parameters: ('user1', 1, 0)]
E   (Background on this error at: https://sqlalche.me/e/20/e3q8)
____________________ TestLogin.test_login_nonexistent_user ____________________
C:\Users\andre\AppData\Local\Programs\Python\Python312\Lib\site-packages\sqlalchemy\engine\base.py:1967: in _exec_single_context
    self.dialect.do_execute(
C:\Users\andre\AppData\Local\Programs\Python\Python312\Lib\site-packages\sqlalchemy\engine\default.py:952: in do_execute
    cursor.execute(statement, parameters)
E   sqlite3.OperationalError: no such table: users

The above exception was the direct cause of the following exception:
tests\test_auth.py:31: in test_login_nonexistent_user
    resp = client.post("/auth/login", json={"username": "ghost", "password": "pass"})
           ^^^^^^^^^^^^^^^^^^^^^^^^^^^^^^^^^^^^^^^^^^^^^^^^^^^^^^^^^^^^^^^^^^^^^^^^^^
C:\Users\andre\AppData\Local\Programs\Python\Python312\Lib\site-packages\starlette\testclient.py:546: in post
    return super().post(
C:\Users\andre\AppData\Local\Programs\Python\Python312\Lib\site-packages\httpx\_client.py:1144: in post
    return self.request(
C:\Users\andre\AppData\Local\Programs\Python\Python312\Lib\site-packages\starlette\testclient.py:445: in request
    return super().request(
C:\Users\andre\AppData\Local\Programs\Python\Python312\Lib\site-packages\httpx\_client.py:825: in request
    return self.send(request, auth=auth, follow_redirects=follow_redirects)
           ^^^^^^^^^^^^^^^^^^^^^^^^^^^^^^^^^^^^^^^^^^^^^^^^^^^^^^^^^^^^^^^^
C:\Users\andre\AppData\Local\Programs\Python\Python312\Lib\site-packages\httpx\_client.py:914: in send
    response = self._send_handling_auth(
C:\Users\andre\AppData\Local\Programs\Python\Python312\Lib\site-packages\httpx\_client.py:942: in _send_handling_auth
    response = self._send_handling_redirects(
C:\Users\andre\AppData\Local\Programs\Python\Python312\Lib\site-packages\httpx\_client.py:979: in _send_handling_redirects
    response = self._send_single_request(request)
               ^^^^^^^^^^^^^^^^^^^^^^^^^^^^^^^^^^
C:\Users\andre\AppData\Local\Programs\Python\Python312\Lib\site-packages\httpx\_client.py:1014: in _send_single_request
    response = transport.handle_request(request)
               ^^^^^^^^^^^^^^^^^^^^^^^^^^^^^^^^^
C:\Users\andre\AppData\Local\Programs\Python\Python312\Lib\site-packages\starlette\testclient.py:348: in handle_request
    raise exc
C:\Users\andre\AppData\Local\Programs\Python\Python312\Lib\site-packages\starlette\testclient.py:345: in handle_request
    portal.call(self.app, scope, receive, send)
C:\Users\andre\AppData\Local\Programs\Python\Python312\Lib\site-packages\anyio\from_thread.py:334: in call
    return cast(T_Retval, self.start_task_soon(func, *args).result())
                          ^^^^^^^^^^^^^^^^^^^^^^^^^^^^^^^^^^^^^^^^^^
C:\Users\andre\AppData\Local\Programs\Python\Python312\Lib\concurrent\futures\_base.py:456: in result
    return self.__get_result()
           ^^^^^^^^^^^^^^^^^^^
C:\Users\andre\AppData\Local\Programs\Python\Python312\Lib\concurrent\futures\_base.py:401: in __get_result
    raise self._exception
C:\Users\andre\AppData\Local\Programs\Python\Python312\Lib\site-packages\anyio\from_thread.py:259: in _call_func
    retval = await retval_or_awaitable
             ^^^^^^^^^^^^^^^^^^^^^^^^^
C:\Users\andre\AppData\Local\Programs\Python\Python312\Lib\site-packages\fastapi\applications.py:1135: in __call__
    await super().__call__(scope, receive, send)
C:\Users\andre\AppData\Local\Programs\Python\Python312\Lib\site-packages\starlette\applications.py:107: in __call__
    await self.middleware_stack(scope, receive, send)
C:\Users\andre\AppData\Local\Programs\Python\Python312\Lib\site-packages\starlette\middleware\errors.py:186: in __call__
    raise exc
C:\Users\andre\AppData\Local\Programs\Python\Python312\Lib\site-packages\starlette\middleware\errors.py:164: in __call__
    await self.app(scope, receive, _send)
C:\Users\andre\AppData\Local\Programs\Python\Python312\Lib\site-packages\starlette\middleware\cors.py:85: in __call__
    await self.app(scope, receive, send)
C:\Users\andre\AppData\Local\Programs\Python\Python312\Lib\site-packages\starlette\middleware\exceptions.py:63: in __call__
    await wrap_app_handling_exceptions(self.app, conn)(scope, receive, send)
C:\Users\andre\AppData\Local\Programs\Python\Python312\Lib\site-packages\starlette\_exception_handler.py:53: in wrapped_app
    raise exc
C:\Users\andre\AppData\Local\Programs\Python\Python312\Lib\site-packages\starlette\_exception_handler.py:42: in wrapped_app
    await app(scope, receive, sender)
C:\Users\andre\AppData\Local\Programs\Python\Python312\Lib\site-packages\fastapi\middleware\asyncexitstack.py:18: in __call__
    await self.app(scope, receive, send)
C:\Users\andre\AppData\Local\Programs\Python\Python312\Lib\site-packages\starlette\routing.py:716: in __call__
    await self.middleware_stack(scope, receive, send)
C:\Users\andre\AppData\Local\Programs\Python\Python312\Lib\site-packages\starlette\routing.py:736: in app
    await route.handle(scope, receive, send)
C:\Users\andre\AppData\Local\Programs\Python\Python312\Lib\site-packages\starlette\routing.py:290: in handle
    await self.app(scope, receive, send)
C:\Users\andre\AppData\Local\Programs\Python\Python312\Lib\site-packages\fastapi\routing.py:115: in app
    await wrap_app_handling_exceptions(app, request)(scope, receive, send)
C:\Users\andre\AppData\Local\Programs\Python\Python312\Lib\site-packages\starlette\_exception_handler.py:53: in wrapped_app
    raise exc
C:\Users\andre\AppData\Local\Programs\Python\Python312\Lib\site-packages\starlette\_exception_handler.py:42: in wrapped_app
    await app(scope, receive, sender)
C:\Users\andre\AppData\Local\Programs\Python\Python312\Lib\site-packages\fastapi\routing.py:101: in app
    response = await f(request)
               ^^^^^^^^^^^^^^^^
C:\Users\andre\AppData\Local\Programs\Python\Python312\Lib\site-packages\fastapi\routing.py:355: in app
    raw_response = await run_endpoint_function(
C:\Users\andre\AppData\Local\Programs\Python\Python312\Lib\site-packages\fastapi\routing.py:245: in run_endpoint_function
    return await run_in_threadpool(dependant.call, **values)
           ^^^^^^^^^^^^^^^^^^^^^^^^^^^^^^^^^^^^^^^^^^^^^^^^^
C:\Users\andre\AppData\Local\Programs\Python\Python312\Lib\site-packages\starlette\concurrency.py:32: in run_in_threadpool
    return await anyio.to_thread.run_sync(func)
           ^^^^^^^^^^^^^^^^^^^^^^^^^^^^^^^^^^^^
C:\Users\andre\AppData\Local\Programs\Python\Python312\Lib\site-packages\anyio\to_thread.py:63: in run_sync
    return await get_async_backend().run_sync_in_worker_thread(
C:\Users\andre\AppData\Local\Programs\Python\Python312\Lib\site-packages\anyio\_backends\_asyncio.py:2502: in run_sync_in_worker_thread
    return await future
           ^^^^^^^^^^^^
C:\Users\andre\AppData\Local\Programs\Python\Python312\Lib\site-packages\anyio\_backends\_asyncio.py:986: in run
    result = context.run(func, *args)
             ^^^^^^^^^^^^^^^^^^^^^^^^
app\routers\auth.py:40: in login_user
    authenticated_user = authenticate_user(db, user.username, user.password)
                         ^^^^^^^^^^^^^^^^^^^^^^^^^^^^^^^^^^^^^^^^^^^^^^^^^^^
app\dependencies.py:50: in authenticate_user
    user = db.query(User).filter(User.username == username).first()
           ^^^^^^^^^^^^^^^^^^^^^^^^^^^^^^^^^^^^^^^^^^^^^^^^^^^^^^^^
C:\Users\andre\AppData\Local\Programs\Python\Python312\Lib\site-packages\sqlalchemy\orm\query.py:2759: in first
    return self.limit(1)._iter().first()  # type: ignore
           ^^^^^^^^^^^^^^^^^^^^^
C:\Users\andre\AppData\Local\Programs\Python\Python312\Lib\site-packages\sqlalchemy\orm\query.py:2857: in _iter
    result: Union[ScalarResult[_T], Result[_T]] = self.session.execute(
C:\Users\andre\AppData\Local\Programs\Python\Python312\Lib\site-packages\sqlalchemy\orm\session.py:2351: in execute
    return self._execute_internal(
C:\Users\andre\AppData\Local\Programs\Python\Python312\Lib\site-packages\sqlalchemy\orm\session.py:2249: in _execute_internal
    result: Result[Any] = compile_state_cls.orm_execute_statement(
C:\Users\andre\AppData\Local\Programs\Python\Python312\Lib\site-packages\sqlalchemy\orm\context.py:306: in orm_execute_statement
    result = conn.execute(
C:\Users\andre\AppData\Local\Programs\Python\Python312\Lib\site-packages\sqlalchemy\engine\base.py:1419: in execute
    return meth(
C:\Users\andre\AppData\Local\Programs\Python\Python312\Lib\site-packages\sqlalchemy\sql\elements.py:527: in _execute_on_connection
    return connection._execute_clauseelement(
C:\Users\andre\AppData\Local\Programs\Python\Python312\Lib\site-packages\sqlalchemy\engine\base.py:1641: in _execute_clauseelement
    ret = self._execute_context(
C:\Users\andre\AppData\Local\Programs\Python\Python312\Lib\site-packages\sqlalchemy\engine\base.py:1846: in _execute_context
    return self._exec_single_context(
C:\Users\andre\AppData\Local\Programs\Python\Python312\Lib\site-packages\sqlalchemy\engine\base.py:1986: in _exec_single_context
    self._handle_dbapi_exception(
C:\Users\andre\AppData\Local\Programs\Python\Python312\Lib\site-packages\sqlalchemy\engine\base.py:2363: in _handle_dbapi_exception
    raise sqlalchemy_exception.with_traceback(exc_info[2]) from e
C:\Users\andre\AppData\Local\Programs\Python\Python312\Lib\site-packages\sqlalchemy\engine\base.py:1967: in _exec_single_context
    self.dialect.do_execute(
C:\Users\andre\AppData\Local\Programs\Python\Python312\Lib\site-packages\sqlalchemy\engine\default.py:952: in do_execute
    cursor.execute(statement, parameters)
E   sqlalchemy.exc.OperationalError: (sqlite3.OperationalError) no such table: users
E   [SQL: SELECT users.id AS users_id, users.username AS users_username, users.hashed_password AS users_hashed_password, users.created_at AS users_created_at 
E   FROM users 
E   WHERE users.username = ?
E    LIMIT ? OFFSET ?]
E   [parameters: ('ghost', 1, 0)]
E   (Background on this error at: https://sqlalche.me/e/20/e3q8)
___________ TestChangePassword.test_change_password_unauthenticated ___________
tests\test_auth.py:56: in test_change_password_unauthenticated
    assert resp.status_code == 403
E   assert 401 == 403
E    +  where 401 = <Response [401 Unauthorized]>.status_code
______________ TestCreateEntry.test_create_entry_unauthenticated ______________
tests\test_entries.py:27: in test_create_entry_unauthenticated
    assert resp.status_code == 403
E   assert 401 == 403
E    +  where 401 = <Response [401 Unauthorized]>.status_code
_______________ TestCreateGoal.test_create_goal_unauthenticated _______________
tests\test_goals.py:42: in test_create_goal_unauthenticated
    assert resp.status_code == 403
E   assert 401 == 403
E    +  where 401 = <Response [401 Unauthorized]>.status_code
______________________ TestQuestions.test_get_questions _______________________
C:\Users\andre\AppData\Local\Programs\Python\Python312\Lib\site-packages\sqlalchemy\engine\base.py:1967: in _exec_single_context
    self.dialect.do_execute(
C:\Users\andre\AppData\Local\Programs\Python\Python312\Lib\site-packages\sqlalchemy\engine\default.py:952: in do_execute
    cursor.execute(statement, parameters)
E   sqlite3.OperationalError: no such table: questions

The above exception was the direct cause of the following exception:
tests\test_goals.py:86: in test_get_questions
    resp = client.get("/questions/")
           ^^^^^^^^^^^^^^^^^^^^^^^^^
C:\Users\andre\AppData\Local\Programs\Python\Python312\Lib\site-packages\starlette\testclient.py:473: in get
    return super().get(
C:\Users\andre\AppData\Local\Programs\Python\Python312\Lib\site-packages\httpx\_client.py:1053: in get
    return self.request(
C:\Users\andre\AppData\Local\Programs\Python\Python312\Lib\site-packages\starlette\testclient.py:445: in request
    return super().request(
C:\Users\andre\AppData\Local\Programs\Python\Python312\Lib\site-packages\httpx\_client.py:825: in request
    return self.send(request, auth=auth, follow_redirects=follow_redirects)
           ^^^^^^^^^^^^^^^^^^^^^^^^^^^^^^^^^^^^^^^^^^^^^^^^^^^^^^^^^^^^^^^^
C:\Users\andre\AppData\Local\Programs\Python\Python312\Lib\site-packages\httpx\_client.py:914: in send
    response = self._send_handling_auth(
C:\Users\andre\AppData\Local\Programs\Python\Python312\Lib\site-packages\httpx\_client.py:942: in _send_handling_auth
    response = self._send_handling_redirects(
C:\Users\andre\AppData\Local\Programs\Python\Python312\Lib\site-packages\httpx\_client.py:979: in _send_handling_redirects
    response = self._send_single_request(request)
               ^^^^^^^^^^^^^^^^^^^^^^^^^^^^^^^^^^
C:\Users\andre\AppData\Local\Programs\Python\Python312\Lib\site-packages\httpx\_client.py:1014: in _send_single_request
    response = transport.handle_request(request)
               ^^^^^^^^^^^^^^^^^^^^^^^^^^^^^^^^^
C:\Users\andre\AppData\Local\Programs\Python\Python312\Lib\site-packages\starlette\testclient.py:348: in handle_request
    raise exc
C:\Users\andre\AppData\Local\Programs\Python\Python312\Lib\site-packages\starlette\testclient.py:345: in handle_request
    portal.call(self.app, scope, receive, send)
C:\Users\andre\AppData\Local\Programs\Python\Python312\Lib\site-packages\anyio\from_thread.py:334: in call
    return cast(T_Retval, self.start_task_soon(func, *args).result())
                          ^^^^^^^^^^^^^^^^^^^^^^^^^^^^^^^^^^^^^^^^^^
C:\Users\andre\AppData\Local\Programs\Python\Python312\Lib\concurrent\futures\_base.py:456: in result
    return self.__get_result()
           ^^^^^^^^^^^^^^^^^^^
C:\Users\andre\AppData\Local\Programs\Python\Python312\Lib\concurrent\futures\_base.py:401: in __get_result
    raise self._exception
C:\Users\andre\AppData\Local\Programs\Python\Python312\Lib\site-packages\anyio\from_thread.py:259: in _call_func
    retval = await retval_or_awaitable
             ^^^^^^^^^^^^^^^^^^^^^^^^^
C:\Users\andre\AppData\Local\Programs\Python\Python312\Lib\site-packages\fastapi\applications.py:1135: in __call__
    await super().__call__(scope, receive, send)
C:\Users\andre\AppData\Local\Programs\Python\Python312\Lib\site-packages\starlette\applications.py:107: in __call__
    await self.middleware_stack(scope, receive, send)
C:\Users\andre\AppData\Local\Programs\Python\Python312\Lib\site-packages\starlette\middleware\errors.py:186: in __call__
    raise exc
C:\Users\andre\AppData\Local\Programs\Python\Python312\Lib\site-packages\starlette\middleware\errors.py:164: in __call__
    await self.app(scope, receive, _send)
C:\Users\andre\AppData\Local\Programs\Python\Python312\Lib\site-packages\starlette\middleware\cors.py:85: in __call__
    await self.app(scope, receive, send)
C:\Users\andre\AppData\Local\Programs\Python\Python312\Lib\site-packages\starlette\middleware\exceptions.py:63: in __call__
    await wrap_app_handling_exceptions(self.app, conn)(scope, receive, send)
C:\Users\andre\AppData\Local\Programs\Python\Python312\Lib\site-packages\starlette\_exception_handler.py:53: in wrapped_app
    raise exc
C:\Users\andre\AppData\Local\Programs\Python\Python312\Lib\site-packages\starlette\_exception_handler.py:42: in wrapped_app
    await app(scope, receive, sender)
C:\Users\andre\AppData\Local\Programs\Python\Python312\Lib\site-packages\fastapi\middleware\asyncexitstack.py:18: in __call__
    await self.app(scope, receive, send)
C:\Users\andre\AppData\Local\Programs\Python\Python312\Lib\site-packages\starlette\routing.py:716: in __call__
    await self.middleware_stack(scope, receive, send)
C:\Users\andre\AppData\Local\Programs\Python\Python312\Lib\site-packages\starlette\routing.py:736: in app
    await route.handle(scope, receive, send)
C:\Users\andre\AppData\Local\Programs\Python\Python312\Lib\site-packages\starlette\routing.py:290: in handle
    await self.app(scope, receive, send)
C:\Users\andre\AppData\Local\Programs\Python\Python312\Lib\site-packages\fastapi\routing.py:115: in app
    await wrap_app_handling_exceptions(app, request)(scope, receive, send)
C:\Users\andre\AppData\Local\Programs\Python\Python312\Lib\site-packages\starlette\_exception_handler.py:53: in wrapped_app
    raise exc
C:\Users\andre\AppData\Local\Programs\Python\Python312\Lib\site-packages\starlette\_exception_handler.py:42: in wrapped_app
    await app(scope, receive, sender)
C:\Users\andre\AppData\Local\Programs\Python\Python312\Lib\site-packages\fastapi\routing.py:101: in app
    response = await f(request)
               ^^^^^^^^^^^^^^^^
C:\Users\andre\AppData\Local\Programs\Python\Python312\Lib\site-packages\fastapi\routing.py:355: in app
    raw_response = await run_endpoint_function(
C:\Users\andre\AppData\Local\Programs\Python\Python312\Lib\site-packages\fastapi\routing.py:245: in run_endpoint_function
    return await run_in_threadpool(dependant.call, **values)
           ^^^^^^^^^^^^^^^^^^^^^^^^^^^^^^^^^^^^^^^^^^^^^^^^^
C:\Users\andre\AppData\Local\Programs\Python\Python312\Lib\site-packages\starlette\concurrency.py:32: in run_in_threadpool
    return await anyio.to_thread.run_sync(func)
           ^^^^^^^^^^^^^^^^^^^^^^^^^^^^^^^^^^^^
C:\Users\andre\AppData\Local\Programs\Python\Python312\Lib\site-packages\anyio\to_thread.py:63: in run_sync
    return await get_async_backend().run_sync_in_worker_thread(
C:\Users\andre\AppData\Local\Programs\Python\Python312\Lib\site-packages\anyio\_backends\_asyncio.py:2502: in run_sync_in_worker_thread
    return await future
           ^^^^^^^^^^^^
C:\Users\andre\AppData\Local\Programs\Python\Python312\Lib\site-packages\anyio\_backends\_asyncio.py:986: in run
    result = context.run(func, *args)
             ^^^^^^^^^^^^^^^^^^^^^^^^
app\routers\questions.py:12: in get_questions
    questions = db.query(Question).filter(Question.is_active == True).order_by(Question.order_index).all()
                ^^^^^^^^^^^^^^^^^^^^^^^^^^^^^^^^^^^^^^^^^^^^^^^^^^^^^^^^^^^^^^^^^^^^^^^^^^^^^^^^^^^^^^^^^^
C:\Users\andre\AppData\Local\Programs\Python\Python312\Lib\site-packages\sqlalchemy\orm\query.py:2704: in all
    return self._iter().all()  # type: ignore
           ^^^^^^^^^^^^
C:\Users\andre\AppData\Local\Programs\Python\Python312\Lib\site-packages\sqlalchemy\orm\query.py:2857: in _iter
    result: Union[ScalarResult[_T], Result[_T]] = self.session.execute(
C:\Users\andre\AppData\Local\Programs\Python\Python312\Lib\site-packages\sqlalchemy\orm\session.py:2351: in execute
    return self._execute_internal(
C:\Users\andre\AppData\Local\Programs\Python\Python312\Lib\site-packages\sqlalchemy\orm\session.py:2249: in _execute_internal
    result: Result[Any] = compile_state_cls.orm_execute_statement(
C:\Users\andre\AppData\Local\Programs\Python\Python312\Lib\site-packages\sqlalchemy\orm\context.py:306: in orm_execute_statement
    result = conn.execute(
C:\Users\andre\AppData\Local\Programs\Python\Python312\Lib\site-packages\sqlalchemy\engine\base.py:1419: in execute
    return meth(
C:\Users\andre\AppData\Local\Programs\Python\Python312\Lib\site-packages\sqlalchemy\sql\elements.py:527: in _execute_on_connection
    return connection._execute_clauseelement(
C:\Users\andre\AppData\Local\Programs\Python\Python312\Lib\site-packages\sqlalchemy\engine\base.py:1641: in _execute_clauseelement
    ret = self._execute_context(
C:\Users\andre\AppData\Local\Programs\Python\Python312\Lib\site-packages\sqlalchemy\engine\base.py:1846: in _execute_context
    return self._exec_single_context(
C:\Users\andre\AppData\Local\Programs\Python\Python312\Lib\site-packages\sqlalchemy\engine\base.py:1986: in _exec_single_context
    self._handle_dbapi_exception(
C:\Users\andre\AppData\Local\Programs\Python\Python312\Lib\site-packages\sqlalchemy\engine\base.py:2363: in _handle_dbapi_exception
    raise sqlalchemy_exception.with_traceback(exc_info[2]) from e
C:\Users\andre\AppData\Local\Programs\Python\Python312\Lib\site-packages\sqlalchemy\engine\base.py:1967: in _exec_single_context
    self.dialect.do_execute(
C:\Users\andre\AppData\Local\Programs\Python\Python312\Lib\site-packages\sqlalchemy\engine\default.py:952: in do_execute
    cursor.execute(statement, parameters)
E   sqlalchemy.exc.OperationalError: (sqlite3.OperationalError) no such table: questions
E   [SQL: SELECT questions.id AS questions_id, questions.question_text AS questions_question_text, questions.question_type AS questions_question_type, questions.category AS questions_category, questions.is_active AS questions_is_active, questions.order_index AS questions_order_index 
E   FROM questions 
E   WHERE questions.is_active = 1 ORDER BY questions.order_index]
E   (Background on this error at: https://sqlalche.me/e/20/e3q8)
_____________ TestCreateInjury.test_create_injury_unauthenticated _____________
tests\test_injuries.py:25: in test_create_injury_unauthenticated
    assert resp.status_code == 403
E   assert 401 == 403
E    +  where 401 = <Response [401 Unauthorized]>.status_code
__________________ TestProfile.test_profile_unauthenticated ___________________
tests\test_profile.py:48: in test_profile_unauthenticated
    assert resp.status_code == 403
E   assert 401 == 403
E    +  where 401 = <Response [401 Unauthorized]>.status_code
============================== warnings summary ===============================
app\database.py:22
  C:\code\bjj_journal\app\database.py:22: MovedIn20Warning: The ``declarative_base()`` function is now available as sqlalchemy.orm.declarative_base(). (deprecated since: 2.0) (Background on SQLAlchemy 2.0 at: https://sqlalche.me/e/b8d9)
    Base = declarative_base()

app\schemas.py:10
  C:\code\bjj_journal\app\schemas.py:10: PydanticDeprecatedSince20: Support for class-based `config` is deprecated, use ConfigDict instead. Deprecated in Pydantic V2.0 to be removed in V3.0. See Pydantic V2 Migration Guide at https://errors.pydantic.dev/2.12/migration/
    class User(BaseModel):

app\schemas.py:19
  C:\code\bjj_journal\app\schemas.py:19: PydanticDeprecatedSince20: Support for class-based `config` is deprecated, use ConfigDict instead. Deprecated in Pydantic V2.0 to be removed in V3.0. See Pydantic V2 Migration Guide at https://errors.pydantic.dev/2.12/migration/
    class Question(BaseModel):

app\schemas.py:34
  C:\code\bjj_journal\app\schemas.py:34: PydanticDeprecatedSince20: Support for class-based `config` is deprecated, use ConfigDict instead. Deprecated in Pydantic V2.0 to be removed in V3.0. See Pydantic V2 Migration Guide at https://errors.pydantic.dev/2.12/migration/
    class Response(BaseModel):

app\schemas.py:49
  C:\code\bjj_journal\app\schemas.py:49: PydanticDeprecatedSince20: Support for class-based `config` is deprecated, use ConfigDict instead. Deprecated in Pydantic V2.0 to be removed in V3.0. See Pydantic V2 Migration Guide at https://errors.pydantic.dev/2.12/migration/
    class Entry(BaseModel):

app\schemas.py:77
  C:\code\bjj_journal\app\schemas.py:77: PydanticDeprecatedSince20: Support for class-based `config` is deprecated, use ConfigDict instead. Deprecated in Pydantic V2.0 to be removed in V3.0. See Pydantic V2 Migration Guide at https://errors.pydantic.dev/2.12/migration/
    class UserProfileResponse(BaseModel):

app\schemas.py:101
  C:\code\bjj_journal\app\schemas.py:101: PydanticDeprecatedSince20: Support for class-based `config` is deprecated, use ConfigDict instead. Deprecated in Pydantic V2.0 to be removed in V3.0. See Pydantic V2 Migration Guide at https://errors.pydantic.dev/2.12/migration/
    class UserGoal(BaseModel):

app\schemas.py:117
  C:\code\bjj_journal\app\schemas.py:117: PydanticDeprecatedSince20: Support for class-based `config` is deprecated, use ConfigDict instead. Deprecated in Pydantic V2.0 to be removed in V3.0. See Pydantic V2 Migration Guide at https://errors.pydantic.dev/2.12/migration/
    class WeeklyProgress(BaseModel):

app\schemas.py:131
  C:\code\bjj_journal\app\schemas.py:131: PydanticDeprecatedSince20: Support for class-based `config` is deprecated, use ConfigDict instead. Deprecated in Pydantic V2.0 to be removed in V3.0. See Pydantic V2 Migration Guide at https://errors.pydantic.dev/2.12/migration/
    class StreakHistory(BaseModel):

app\schemas.py:159
  C:\code\bjj_journal\app\schemas.py:159: PydanticDeprecatedSince20: Support for class-based `config` is deprecated, use ConfigDict instead. Deprecated in Pydantic V2.0 to be removed in V3.0. See Pydantic V2 Migration Guide at https://errors.pydantic.dev/2.12/migration/
    class InjuryLogResponse(BaseModel):

main.py:66
  C:\code\bjj_journal\main.py:66: DeprecationWarning: 
          on_event is deprecated, use lifespan event handlers instead.
  
          Read more about it in the
          [FastAPI docs for Lifespan Events](https://fastapi.tiangolo.com/advanced/events/).
          
    @app.on_event("startup")

..\..\Users\andre\AppData\Local\Programs\Python\Python312\Lib\site-packages\fastapi\applications.py:4576
  C:\Users\andre\AppData\Local\Programs\Python\Python312\Lib\site-packages\fastapi\applications.py:4576: DeprecationWarning: 
          on_event is deprecated, use lifespan event handlers instead.
  
          Read more about it in the
          [FastAPI docs for Lifespan Events](https://fastapi.tiangolo.com/advanced/events/).
          
    return self.router.on_event(event_type)

tests/test_entries.py::TestCreateEntry::test_create_entry_unauthenticated
  C:\code\bjj_journal\tests\test_entries.py:7: DeprecationWarning: datetime.datetime.utcnow() is deprecated and scheduled for removal in a future version. Use timezone-aware objects to represent datetimes in UTC: datetime.datetime.now(datetime.UTC).
    "date": datetime.utcnow().isoformat(),

tests/test_recommendations.py::TestDataGates::test_all_gates_fail_with_no_data
tests/test_recommendations.py::TestDataGates::test_position_gate_requires_10_sessions_and_3_positions
tests/test_recommendations.py::TestDataGates::test_position_gate_fails_with_few_positions
tests/test_recommendations.py::TestDataGates::test_position_gate_fails_with_few_sessions
tests/test_recommendations.py::TestDataGates::test_submission_gate_requires_submissions_exist
tests/test_recommendations.py::TestDataGates::test_submission_gate_fails_without_submissions
tests/test_recommendations.py::TestDataGates::test_intensity_gate_requires_5_recent_sessions
tests/test_recommendations.py::TestDataGates::test_intensity_gate_fails_with_old_sessions
  C:\code\bjj_journal\app\routers\recommendations.py:121: DeprecationWarning: datetime.datetime.utcnow() is deprecated and scheduled for removal in a future version. Use timezone-aware objects to represent datetimes in UTC: datetime.datetime.now(datetime.UTC).
    two_weeks_ago = datetime.utcnow() - timedelta(days=14)

tests/test_recommendations.py: 10 warnings
  C:\code\bjj_journal\tests\test_recommendations.py:68: DeprecationWarning: datetime.datetime.utcnow() is deprecated and scheduled for removal in a future version. Use timezone-aware objects to represent datetimes in UTC: datetime.datetime.now(datetime.UTC).
    entries = [make_entry(datetime.utcnow(), i) for i in range(10)]

tests/test_recommendations.py: 10 warnings
  C:\code\bjj_journal\tests\test_recommendations.py:74: DeprecationWarning: datetime.datetime.utcnow() is deprecated and scheduled for removal in a future version. Use timezone-aware objects to represent datetimes in UTC: datetime.datetime.now(datetime.UTC).
    entries = [make_entry(datetime.utcnow(), i) for i in range(10)]

tests/test_recommendations.py::TestDataGates::test_position_gate_fails_with_few_sessions
tests/test_recommendations.py::TestDataGates::test_position_gate_fails_with_few_sessions
tests/test_recommendations.py::TestDataGates::test_position_gate_fails_with_few_sessions
tests/test_recommendations.py::TestDataGates::test_position_gate_fails_with_few_sessions
tests/test_recommendations.py::TestDataGates::test_position_gate_fails_with_few_sessions
tests/test_recommendations.py::TestDataGates::test_position_gate_fails_with_few_sessions
tests/test_recommendations.py::TestDataGates::test_position_gate_fails_with_few_sessions
tests/test_recommendations.py::TestDataGates::test_position_gate_fails_with_few_sessions
tests/test_recommendations.py::TestDataGates::test_position_gate_fails_with_few_sessions
  C:\code\bjj_journal\tests\test_recommendations.py:80: DeprecationWarning: datetime.datetime.utcnow() is deprecated and scheduled for removal in a future version. Use timezone-aware objects to represent datetimes in UTC: datetime.datetime.now(datetime.UTC).
    entries = [make_entry(datetime.utcnow(), i) for i in range(9)]

tests/test_recommendations.py::TestDataGates::test_intensity_gate_requires_5_recent_sessions
  C:\code\bjj_journal\tests\test_recommendations.py:95: DeprecationWarning: datetime.datetime.utcnow() is deprecated and scheduled for removal in a future version. Use timezone-aware objects to represent datetimes in UTC: datetime.datetime.now(datetime.UTC).
    now = datetime.utcnow()

tests/test_recommendations.py::TestDataGates::test_intensity_gate_fails_with_old_sessions
  C:\code\bjj_journal\tests\test_recommendations.py:102: DeprecationWarning: datetime.datetime.utcnow() is deprecated and scheduled for removal in a future version. Use timezone-aware objects to represent datetimes in UTC: datetime.datetime.now(datetime.UTC).
    now = datetime.utcnow()

tests/test_recommendations.py::TestStaleWindow::test_high_frequency_gets_short_window
  C:\code\bjj_journal\tests\test_recommendations.py:115: DeprecationWarning: datetime.datetime.utcnow() is deprecated and scheduled for removal in a future version. Use timezone-aware objects to represent datetimes in UTC: datetime.datetime.now(datetime.UTC).
    now = datetime.utcnow()

tests/test_recommendations.py::TestStaleWindow::test_high_frequency_gets_short_window
tests/test_recommendations.py::TestStaleWindow::test_medium_frequency_gets_default_window
tests/test_recommendations.py::TestStaleWindow::test_low_frequency_gets_long_window
tests/test_recommendations.py::TestStaleWindow::test_no_entries_gets_long_window
  C:\code\bjj_journal\app\routers\recommendations.py:135: DeprecationWarning: datetime.datetime.utcnow() is deprecated and scheduled for removal in a future version. Use timezone-aware objects to represent datetimes in UTC: datetime.datetime.now(datetime.UTC).
    sixty_days_ago = datetime.utcnow() - timedelta(days=60)

tests/test_recommendations.py::TestStaleWindow::test_medium_frequency_gets_default_window
  C:\code\bjj_journal\tests\test_recommendations.py:121: DeprecationWarning: datetime.datetime.utcnow() is deprecated and scheduled for removal in a future version. Use timezone-aware objects to represent datetimes in UTC: datetime.datetime.now(datetime.UTC).
    now = datetime.utcnow()

tests/test_recommendations.py::TestStaleWindow::test_low_frequency_gets_long_window
  C:\code\bjj_journal\tests\test_recommendations.py:127: DeprecationWarning: datetime.datetime.utcnow() is deprecated and scheduled for removal in a future version. Use timezone-aware objects to represent datetimes in UTC: datetime.datetime.now(datetime.UTC).
    now = datetime.utcnow()

tests/test_recommendations.py::TestPositionRecommendations::test_stale_position_fires_when_trained_3_plus_times
  C:\code\bjj_journal\tests\test_recommendations.py:142: DeprecationWarning: datetime.datetime.utcnow() is deprecated and scheduled for removal in a future version. Use timezone-aware objects to represent datetimes in UTC: datetime.datetime.now(datetime.UTC).
    now = datetime.utcnow()

tests/test_recommendations.py::TestPositionRecommendations::test_stale_position_fires_when_trained_3_plus_times
tests/test_recommendations.py::TestPositionRecommendations::test_stale_position_ignored_if_trained_less_than_3_times
tests/test_recommendations.py::TestPositionRecommendations::test_stale_position_not_fired_if_recent
tests/test_recommendations.py::TestPositionRecommendations::test_limited_skill_diversity_fires_at_5_sessions
tests/test_recommendations.py::TestPositionRecommendations::test_limited_skill_diversity_does_not_fire_at_4_sessions
tests/test_recommendations.py::TestPositionRecommendations::test_no_guard_passing_fires
tests/test_recommendations.py::TestPositionRecommendations::test_guard_passing_imbalance_fires
  C:\code\bjj_journal\app\routers\recommendations.py:156: DeprecationWarning: datetime.datetime.utcnow() is deprecated and scheduled for removal in a future version. Use timezone-aware objects to represent datetimes in UTC: datetime.datetime.now(datetime.UTC).
    now = datetime.utcnow()

tests/test_recommendations.py::TestPositionRecommendations::test_stale_position_ignored_if_trained_less_than_3_times
  C:\code\bjj_journal\tests\test_recommendations.py:153: DeprecationWarning: datetime.datetime.utcnow() is deprecated and scheduled for removal in a future version. Use timezone-aware objects to represent datetimes in UTC: datetime.datetime.now(datetime.UTC).
    now = datetime.utcnow()

tests/test_recommendations.py::TestPositionRecommendations::test_stale_position_not_fired_if_recent
  C:\code\bjj_journal\tests\test_recommendations.py:164: DeprecationWarning: datetime.datetime.utcnow() is deprecated and scheduled for removal in a future version. Use timezone-aware objects to represent datetimes in UTC: datetime.datetime.now(datetime.UTC).
    now = datetime.utcnow()

tests/test_recommendations.py::TestPositionRecommendations::test_limited_skill_diversity_fires_at_5_sessions
  C:\code\bjj_journal\tests\test_recommendations.py:177: DeprecationWarning: datetime.datetime.utcnow() is deprecated and scheduled for removal in a future version. Use timezone-aware objects to represent datetimes in UTC: datetime.datetime.now(datetime.UTC).
    position_last_seen={"Mount": datetime.utcnow()},

tests/test_recommendations.py::TestPositionRecommendations::test_limited_skill_diversity_does_not_fire_at_4_sessions
  C:\code\bjj_journal\tests\test_recommendations.py:187: DeprecationWarning: datetime.datetime.utcnow() is deprecated and scheduled for removal in a future version. Use timezone-aware objects to represent datetimes in UTC: datetime.datetime.now(datetime.UTC).
    position_last_seen={"Mount": datetime.utcnow()},

tests/test_recommendations.py::TestPositionRecommendations::test_no_guard_passing_fires
tests/test_recommendations.py::TestPositionRecommendations::test_no_guard_passing_fires
  C:\code\bjj_journal\tests\test_recommendations.py:197: DeprecationWarning: datetime.datetime.utcnow() is deprecated and scheduled for removal in a future version. Use timezone-aware objects to represent datetimes in UTC: datetime.datetime.now(datetime.UTC).
    position_last_seen={"Closed Guard": datetime.utcnow(), "Half Guard": datetime.utcnow()},

tests/test_recommendations.py::TestPositionRecommendations::test_guard_passing_imbalance_fires
tests/test_recommendations.py::TestPositionRecommendations::test_guard_passing_imbalance_fires
  C:\code\bjj_journal\tests\test_recommendations.py:208: DeprecationWarning: datetime.datetime.utcnow() is deprecated and scheduled for removal in a future version. Use timezone-aware objects to represent datetimes in UTC: datetime.datetime.now(datetime.UTC).
    position_last_seen={"Closed Guard": datetime.utcnow(), "Guard Passing": datetime.utcnow()},

tests/test_recommendations.py::TestIntensityRecommendations::test_high_intensity_fires
tests/test_recommendations.py::TestIntensityRecommendations::test_high_intensity_is_high_priority_when_injured
tests/test_recommendations.py::TestIntensityRecommendations::test_high_intensity_is_medium_priority_when_healthy
tests/test_recommendations.py::TestIntensityRecommendations::test_low_intensity_fires
tests/test_recommendations.py::TestIntensityRecommendations::test_low_intensity_does_not_fire_with_few_sessions
tests/test_recommendations.py::TestIntensityRecommendations::test_rising_trend_fires
tests/test_recommendations.py::TestIntensityRecommendations::test_rising_trend_does_not_fire_if_last_below_7
  C:\code\bjj_journal\tests\test_recommendations.py:285: DeprecationWarning: datetime.datetime.utcnow() is deprecated and scheduled for removal in a future version. Use timezone-aware objects to represent datetimes in UTC: datetime.datetime.now(datetime.UTC).
    now = datetime.utcnow()

tests/test_recommendations.py::TestIntensityRecommendations::test_high_intensity_fires
tests/test_recommendations.py::TestIntensityRecommendations::test_high_intensity_is_high_priority_when_injured
tests/test_recommendations.py::TestIntensityRecommendations::test_high_intensity_is_medium_priority_when_healthy
tests/test_recommendations.py::TestIntensityRecommendations::test_low_intensity_fires
tests/test_recommendations.py::TestIntensityRecommendations::test_low_intensity_does_not_fire_with_few_sessions
tests/test_recommendations.py::TestIntensityRecommendations::test_rising_trend_fires
tests/test_recommendations.py::TestIntensityRecommendations::test_rising_trend_does_not_fire_if_last_below_7
tests/test_recommendations.py::TestIntensityRecommendations::test_high_load_while_injured_fires
  C:\code\bjj_journal\app\routers\recommendations.py:257: DeprecationWarning: datetime.datetime.utcnow() is deprecated and scheduled for removal in a future version. Use timezone-aware objects to represent datetimes in UTC: datetime.datetime.now(datetime.UTC).
    week_ago = datetime.utcnow() - timedelta(days=7)

tests/test_recommendations.py::TestIntensityRecommendations::test_high_intensity_fires
tests/test_recommendations.py::TestIntensityRecommendations::test_high_intensity_is_high_priority_when_injured
tests/test_recommendations.py::TestIntensityRecommendations::test_high_intensity_is_medium_priority_when_healthy
tests/test_recommendations.py::TestIntensityRecommendations::test_low_intensity_fires
tests/test_recommendations.py::TestIntensityRecommendations::test_low_intensity_does_not_fire_with_few_sessions
tests/test_recommendations.py::TestIntensityRecommendations::test_rising_trend_fires
tests/test_recommendations.py::TestIntensityRecommendations::test_rising_trend_does_not_fire_if_last_below_7
tests/test_recommendations.py::TestIntensityRecommendations::test_high_load_while_injured_fires
  C:\code\bjj_journal\app\routers\recommendations.py:261: DeprecationWarning: datetime.datetime.utcnow() is deprecated and scheduled for removal in a future version. Use timezone-aware objects to represent datetimes in UTC: datetime.datetime.now(datetime.UTC).
    month_ago = datetime.utcnow() - timedelta(days=30)

tests/test_recommendations.py::TestIntensityRecommendations::test_high_load_while_injured_fires
  C:\code\bjj_journal\tests\test_recommendations.py:333: DeprecationWarning: datetime.datetime.utcnow() is deprecated and scheduled for removal in a future version. Use timezone-aware objects to represent datetimes in UTC: datetime.datetime.now(datetime.UTC).
    now = datetime.utcnow()

-- Docs: https://docs.pytest.org/en/stable/how-to/capture-warnings.html
=========================== short test summary info ===========================
FAILED tests/test_analytics.py::TestDashboard::test_dashboard_unauthenticated
FAILED tests/test_auth.py::TestRegister::test_register_success - sqlalchemy.e...
FAILED tests/test_auth.py::TestRegister::test_register_duplicate_username - s...
FAILED tests/test_auth.py::TestLogin::test_login_success - sqlalchemy.exc.Ope...
FAILED tests/test_auth.py::TestLogin::test_login_wrong_password - sqlalchemy....
FAILED tests/test_auth.py::TestLogin::test_login_nonexistent_user - sqlalchem...
FAILED tests/test_auth.py::TestChangePassword::test_change_password_unauthenticated
FAILED tests/test_entries.py::TestCreateEntry::test_create_entry_unauthenticated
FAILED tests/test_goals.py::TestCreateGoal::test_create_goal_unauthenticated
FAILED tests/test_goals.py::TestQuestions::test_get_questions - sqlalchemy.ex...
FAILED tests/test_injuries.py::TestCreateInjury::test_create_injury_unauthenticated
FAILED tests/test_profile.py::TestProfile::test_profile_unauthenticated - ass...
ERROR tests/test_analytics.py::TestDashboard::test_dashboard_empty - sqlalche...
ERROR tests/test_analytics.py::TestDashboard::test_dashboard_with_entries - s...
ERROR tests/test_analytics.py::TestDashboard::test_dashboard_period_filter - ...
ERROR tests/test_analytics.py::TestDashboard::test_dashboard_session_types - ...
ERROR tests/test_analytics.py::TestDashboard::test_dashboard_isolated_between_users
ERROR tests/test_auth.py::TestChangePassword::test_change_password_success - ...
ERROR tests/test_auth.py::TestChangePassword::test_change_password_wrong_old
ERROR tests/test_entries.py::TestCreateEntry::test_create_entry - sqlalchemy....
ERROR tests/test_entries.py::TestGetEntries::test_get_entries_empty - sqlalch...
ERROR tests/test_entries.py::TestGetEntries::test_get_entries_returns_own - s...
ERROR tests/test_entries.py::TestGetEntries::test_entries_isolated_between_users
ERROR tests/test_entries.py::TestGetSingleEntry::test_get_entry_by_id - sqlal...
ERROR tests/test_entries.py::TestGetSingleEntry::test_get_entry_not_found - s...
ERROR tests/test_entries.py::TestGetSingleEntry::test_cannot_get_other_users_entry
ERROR tests/test_entries.py::TestUpdateEntry::test_update_entry - sqlalchemy....
ERROR tests/test_entries.py::TestUpdateEntry::test_update_nonexistent_entry
ERROR tests/test_entries.py::TestDeleteEntry::test_delete_entry - sqlalchemy....
ERROR tests/test_entries.py::TestDeleteEntry::test_delete_nonexistent_entry
ERROR tests/test_entries.py::TestDeleteEntry::test_cannot_delete_other_users_entry
ERROR tests/test_goals.py::TestCreateGoal::test_create_goal - sqlalchemy.exc....
ERROR tests/test_goals.py::TestCreateGoal::test_create_goal_deactivates_previous
ERROR tests/test_goals.py::TestGetGoal::test_get_current_goal - sqlalchemy.ex...
ERROR tests/test_goals.py::TestGetGoal::test_get_current_goal_none - sqlalche...
ERROR tests/test_goals.py::TestGetGoal::test_get_goal_history - sqlalchemy.ex...
ERROR tests/test_goals.py::TestStreaks::test_get_streak_no_goal - sqlalchemy....
ERROR tests/test_goals.py::TestStreaks::test_get_streak_with_goal - sqlalchem...
ERROR tests/test_goals.py::TestStreaks::test_streak_tracks_sessions - sqlalch...
ERROR tests/test_injuries.py::TestCreateInjury::test_create_injury - sqlalche...
ERROR tests/test_injuries.py::TestGetInjuries::test_get_all_injuries - sqlalc...
ERROR tests/test_injuries.py::TestGetInjuries::test_get_active_injuries - sql...
ERROR tests/test_injuries.py::TestGetInjuries::test_injuries_isolated_between_users
ERROR tests/test_injuries.py::TestGetSingleInjury::test_get_injury_by_id - sq...
ERROR tests/test_injuries.py::TestGetSingleInjury::test_get_injury_not_found
ERROR tests/test_injuries.py::TestUpdateInjury::test_update_injury - sqlalche...
ERROR tests/test_injuries.py::TestUpdateInjury::test_update_nonexistent - sql...
ERROR tests/test_injuries.py::TestDeleteInjury::test_delete_injury - sqlalche...
ERROR tests/test_injuries.py::TestDeleteInjury::test_delete_nonexistent - sql...
ERROR tests/test_profile.py::TestProfile::test_get_profile_not_found - sqlalc...
ERROR tests/test_profile.py::TestProfile::test_create_profile - sqlalchemy.ex...
ERROR tests/test_profile.py::TestProfile::test_create_duplicate_profile - sql...
ERROR tests/test_profile.py::TestProfile::test_update_profile - sqlalchemy.ex...
ERROR tests/test_profile.py::TestProfile::test_update_creates_if_missing - sq...
ERROR tests/test_profile.py::TestProfile::test_profile_exists_false - sqlalch...
ERROR tests/test_profile.py::TestProfile::test_profile_exists_true - sqlalche...
=========== 12 failed, 34 passed, 99 warnings, 44 errors in 22.75s ============
